[API] Initialized: model=mimo-v2.5, provider=mimo, base_url=https://api.xiaomimimo.com/v1, max_tokens=1536
[MAIN] Using API backend: model=mimo-v2.5
[MAIN] model_adapter_mode=small_model (requested=small_model)
[DEBUG] paper_id: ye3NrNrYOY, paper_text length: 34961
[DEBUG] paper_text snippet: \title{Temporal Causal Mechanism Transfer for Few-shot Action Recognition}  \begin{abstract} The goa...
[DEBUG] paper_id: WNxlJJIEVj, paper_text length: 48238
[DEBUG] paper_text snippet: \title{Contrastive Diffuser: Planning Towards High Return States via Contrastive Learning}  \begin{a...
[DEBUG] paper_id: uOrfve3prk, paper_text length: 44055
[DEBUG] paper_text snippet: \title{Towards Unifying Interpretability and Control: Evaluation via Intervention}  \begin{abstract}...
[DEBUG] paper_id: 7Dub7UXTXN, paper_text length: 17618
[DEBUG] paper_text snippet: \title{When Are Bias-Free ReLU Networks Effectively Linear Networks?}  \begin{abstract}  We investig...
[DEBUG] paper_id: 9zEBK3E9bX, paper_text length: 35496
[DEBUG] paper_text snippet: \title{SPOT: Scalable 3D Pre-training via Occupancy Prediction for Autonomous Driving}  \begin{abstr...
[DEBUG] paper_id: XyB4VvF01X, paper_text length: 32345
[DEBUG] paper_text snippet: \title{Graph2Tac: Learning hierarchical representations of math concepts in theorem proving}  \begin...
[DEBUG] paper_id: GE6iywJtsV, paper_text length: 30553
[DEBUG] paper_text snippet: \title{Diff-Shape: A Novel Constrained Diffusion Model for Shape-based De Novo Drug Design}  \begin{...
[DEBUG] paper_id: WpXq5n8yLb, paper_text length: 55540
[DEBUG] paper_text snippet: \title{Recurrent Drafter for Fast Speculative Decoding in Large Language Models}  \begin{abstract} W...
[DEBUG] paper_id: NnExMNiTHw, paper_text length: 37839
[DEBUG] paper_text snippet: \title{SpecDec++: Boosting Speculative Decoding via Adaptive Candidate Lengths}  \begin{abstract} Sp...
[DEBUG] paper_id: a6SntIisgg, paper_text length: 64928
[DEBUG] paper_text snippet: \title{LogoRA: Local-Global Representation Alignment for Robust Time Series Classification}  \begin{...
[DEBUG] paper_id: cklg91aPGk, paper_text length: 32511
[DEBUG] paper_text snippet: \title{Propagation Alone is Enough for Graph Contrastive Learning}  \begin{abstract} Graph contrasti...
[DEBUG] paper_id: HPuLU6q7xq, paper_text length: 38828
[DEBUG] paper_text snippet: \title{Orca: Enhancing Role-Playing Abilities of Large Language Models by Integrating Personality Tr...
[DEBUG] paper_id: fGXyvmWpw6, paper_text length: 47400
[DEBUG] paper_text snippet: \title{Federated Virtual Learning on Heterogeneous Data with Local-global Distillation}  \begin{abst...
[DEBUG] paper_id: QAgwFiIY4p, paper_text length: 49197
[DEBUG] paper_text snippet: \title{Graph as Point Set}  \begin{abstract} Graph is a fundamental data structure to model intercon...
[DEBUG] paper_id: TPAj63ax4Y, paper_text length: 49027
[DEBUG] paper_text snippet: \title{Segment, Select, Correct: A Framework for Weakly-Supervised Referring Segmentation}  \begin{a...
[DEBUG] paper_id: mHv6wcBb0z, paper_text length: 35109
[DEBUG] paper_text snippet: \title{Preventing Model Collapse in Deep Canonical Correlation Analysis by Noise Regularization}  \b...
[DEBUG] paper_id: xUe1YqEgd6, paper_text length: 34518
[DEBUG] paper_text snippet: \title{Unsupervised motion segmentation in one go: Smooth long-term model over a video}  \begin{abst...
[DEBUG] paper_id: YXn76HMetm, paper_text length: 36915
[DEBUG] paper_text snippet: \title{Hyperbolic Active Learning for Semantic Segmentation under Domain Shift}  \begin{abstract}  W...
[DEBUG] paper_id: KOUAayk5Kx, paper_text length: 32732
[DEBUG] paper_text snippet: \title{Defying Multi-model Forgetting: Orthogonal Gradient Learning to One-shot Neural Architecture ...
[DEBUG] paper_id: XH3OiIhtvf, paper_text length: 22365
[DEBUG] paper_text snippet: \title{Unsupervised Federated Learning for Privacy Preserving in Face Recognition System}  \begin{ab...
[2026-06-29 22:37:49] [API] request start agent=Review Manager Agent attempt=1/8 prompt_chars=7991[2026-06-29 22:37:49] [API] request start agent=Review Manager Agent attempt=1/8 prompt_chars=7991

[2026-06-29 22:37:53] [API] request success agent=Review Manager Agent attempt=1/8 elapsed=4.7s raw_chars=1445
[2026-06-29 22:37:53] [API] request start agent=Review Manager Agent attempt=1/8 prompt_chars=7991
[2026-06-29 22:37:55] [API] request success agent=Review Manager Agent attempt=1/8 elapsed=6.8s raw_chars=2213
[2026-06-29 22:37:55] [API] request start agent=Review Manager Agent attempt=1/8 prompt_chars=7991
[2026-06-29 22:37:59] [API] request success agent=Review Manager Agent attempt=1/8 elapsed=4.1s raw_chars=1250
[2026-06-29 22:38:00] [API] request success agent=Review Manager Agent attempt=1/8 elapsed=6.8s raw_chars=1236
[2026-06-29 22:38:01] [API] request start agent=Claim Agent attempt=1/8 prompt_chars=8712
[2026-06-29 22:38:01] [API] request start agent=Claim Agent attempt=1/8 prompt_chars=8712
[2026-06-29 22:38:07] [API] request success agent=Claim Agent attempt=1/8 elapsed=6.7s raw_chars=2454
[2026-06-29 22:38:07] [API] request start agent=Claim Agent attempt=1/8 prompt_chars=8712
[2026-06-29 22:38:07] [API] request success agent=Claim Agent attempt=1/8 elapsed=6.9s raw_chars=2409
[2026-06-29 22:38:07] [API] request start agent=Claim Agent attempt=1/8 prompt_chars=8712
[2026-06-29 22:38:13] [API] request success agent=Claim Agent attempt=1/8 elapsed=5.8s raw_chars=2431
[2026-06-29 22:38:14] [API] request success agent=Claim Agent attempt=1/8 elapsed=6.9s raw_chars=2582
[2026-06-29 22:38:18] [API] request start agent=Review Manager Agent attempt=1/8 prompt_chars=9281
[2026-06-29 22:38:18] [API] request start agent=Review Manager Agent attempt=1/8 prompt_chars=9285
[2026-06-29 22:38:25] [API] request success agent=Review Manager Agent attempt=1/8 elapsed=7.3s raw_chars=3279
[2026-06-29 22:38:25] [API] request start agent=Review Manager Agent attempt=1/8 prompt_chars=9285
[2026-06-29 22:38:26] [API] request success agent=Review Manager Agent attempt=1/8 elapsed=7.7s raw_chars=3195
[2026-06-29 22:38:26] [API] request start agent=Review Manager Agent attempt=1/8 prompt_chars=9285
[2026-06-29 22:38:34] [API] request success agent=Review Manager Agent attempt=1/8 elapsed=8.1s raw_chars=3625
[2026-06-29 22:38:35] [API] request success agent=Review Manager Agent attempt=1/8 elapsed=8.8s raw_chars=3923
[2026-06-29 22:38:40] [API] request start agent=Critique Agent attempt=1/8 prompt_chars=11673
[2026-06-29 22:38:40] [API] request start agent=Critique Agent attempt=1/8 prompt_chars=11673
[2026-06-29 22:38:42] [API] request success agent=Critique Agent attempt=1/8 elapsed=2.4s raw_chars=648
[2026-06-29 22:38:44] [API] request success agent=Critique Agent attempt=1/8 elapsed=4.0s raw_chars=1229
[2026-06-29 22:38:44] [API] request start agent=Evidence Agent attempt=1/8 prompt_chars=7826[2026-06-29 22:38:44] [API] request start agent=Evidence Agent attempt=1/8 prompt_chars=7826

[2026-06-29 22:38:48] [API] request success agent=Evidence Agent attempt=1/8 elapsed=3.6s raw_chars=1322
[2026-06-29 22:38:49] [API] request success agent=Evidence Agent attempt=1/8 elapsed=5.1s raw_chars=1682
[2026-06-29 22:38:57] [API] request start agent=Review Manager Agent attempt=1/8 prompt_chars=9285[2026-06-29 22:38:57] [API] request start agent=Review Manager Agent attempt=1/8 prompt_chars=9284

[2026-06-29 22:39:04] [API] request success agent=Review Manager Agent attempt=1/8 elapsed=7.6s raw_chars=3534
[2026-06-29 22:39:04] [API] request start agent=Review Manager Agent attempt=1/8 prompt_chars=9282
[2026-06-29 22:39:06] [API] request success agent=Review Manager Agent attempt=1/8 elapsed=9.4s raw_chars=3868
[2026-06-29 22:39:06] [API] request start agent=Review Manager Agent attempt=1/8 prompt_chars=9281
[2026-06-29 22:39:12] [API] request success agent=Review Manager Agent attempt=1/8 elapsed=7.3s raw_chars=3500
[2026-06-29 22:39:14] [API] request success agent=Review Manager Agent attempt=1/8 elapsed=7.4s raw_chars=2203
[2026-06-29 22:39:16] [API] request start agent=Critique Agent attempt=1/8 prompt_chars=16318[2026-06-29 22:39:16] [API] request start agent=Critique Agent attempt=1/8 prompt_chars=16318

[2026-06-29 22:39:31] [API] request success agent=Critique Agent attempt=1/8 elapsed=14.3s raw_chars=6110
[2026-06-29 22:39:31] [API] request start agent=Critique Agent attempt=1/8 prompt_chars=16318
[2026-06-29 22:39:32] [API] request success agent=Critique Agent attempt=1/8 elapsed=15.3s raw_chars=6826
[2026-06-29 22:39:32] [API] request start agent=Critique Agent attempt=1/8 prompt_chars=16318
[2026-06-29 22:39:44] [API] request success agent=Critique Agent attempt=1/8 elapsed=12.7s raw_chars=6147
[2026-06-29 22:39:46] [API] request success agent=Critique Agent attempt=1/8 elapsed=14.9s raw_chars=7078
[2026-06-29 22:39:53] [API] request start agent=Review Manager Agent attempt=1/8 prompt_chars=9285[2026-06-29 22:39:53] [API] request start agent=Review Manager Agent attempt=1/8 prompt_chars=9285

[2026-06-29 22:40:02] [API] request success agent=Review Manager Agent attempt=1/8 elapsed=8.5s raw_chars=3975
[2026-06-29 22:40:02] [API] request start agent=Review Manager Agent attempt=1/8 prompt_chars=9282
[2026-06-29 22:40:03] [API] request success agent=Review Manager Agent attempt=1/8 elapsed=9.7s raw_chars=4026
[2026-06-29 22:40:03] [API] request start agent=Review Manager Agent attempt=1/8 prompt_chars=9285
[2026-06-29 22:40:11] [API] request success agent=Review Manager Agent attempt=1/8 elapsed=9.6s raw_chars=4100
[2026-06-29 22:40:14] [API] request success agent=Review Manager Agent attempt=1/8 elapsed=10.9s raw_chars=4604
[2026-06-29 22:40:21] [API] request start agent=Evidence Agent attempt=1/8 prompt_chars=8593[2026-06-29 22:40:21] [API] request start agent=Evidence Agent attempt=1/8 prompt_chars=8593

[2026-06-29 22:40:23] [API] request success agent=Evidence Agent attempt=1/8 elapsed=1.7s raw_chars=633
[2026-06-29 22:40:23] [API] request success agent=Evidence Agent attempt=1/8 elapsed=2.5s raw_chars=757
[2026-06-29 22:40:23] [API] request start agent=Critique Agent attempt=1/8 prompt_chars=8030[2026-06-29 22:40:23] [API] request start agent=Critique Agent attempt=1/8 prompt_chars=8030

[2026-06-29 22:40:25] [API] request success agent=Critique Agent attempt=1/8 elapsed=1.8s raw_chars=352
[2026-06-29 22:40:26] [API] request success agent=Critique Agent attempt=1/8 elapsed=2.7s raw_chars=603
[2026-06-29 22:40:40] [API] request start agent=Evidence Agent attempt=1/8 prompt_chars=8754[2026-06-29 22:40:40] [API] request start agent=Evidence Agent attempt=1/8 prompt_chars=8754

[2026-06-29 22:40:42] [API] request success agent=Evidence Agent attempt=1/8 elapsed=1.7s raw_chars=524
[2026-06-29 22:40:42] [API] request success agent=Evidence Agent attempt=1/8 elapsed=2.1s raw_chars=583
[2026-06-29 22:41:10] [API] request start agent=Review Manager Agent attempt=1/8 prompt_chars=9285[2026-06-29 22:41:10] [API] request start agent=Review Manager Agent attempt=1/8 prompt_chars=9285

[2026-06-29 22:41:18] [API] request success agent=Review Manager Agent attempt=1/8 elapsed=7.4s raw_chars=3119
[2026-06-29 22:41:18] [API] request start agent=Review Manager Agent attempt=1/8 prompt_chars=9285
[2026-06-29 22:41:20] [API] request success agent=Review Manager Agent attempt=1/8 elapsed=10.1s raw_chars=4359
[2026-06-29 22:41:20] [API] request start agent=Review Manager Agent attempt=1/8 prompt_chars=9283
[2026-06-29 22:41:25] [API] request success agent=Review Manager Agent attempt=1/8 elapsed=7.8s raw_chars=3572
[2026-06-29 22:41:27] [API] request success agent=Review Manager Agent attempt=1/8 elapsed=6.3s raw_chars=2270
[2026-06-29 22:41:35] [API] request start agent=Evidence Agent attempt=1/8 prompt_chars=7826
[2026-06-29 22:41:35] [API] request start agent=Evidence Agent attempt=1/8 prompt_chars=7826
[2026-06-29 22:41:38] [API] request success agent=Evidence Agent attempt=1/8 elapsed=3.1s raw_chars=683
[2026-06-29 22:41:38] [API] request start agent=Evidence Agent attempt=1/8 prompt_chars=7826
[2026-06-29 22:41:40] [API] request success agent=Evidence Agent attempt=1/8 elapsed=4.9s raw_chars=1645
[2026-06-29 22:41:40] [API] request start agent=Evidence Agent attempt=1/8 prompt_chars=7826
[2026-06-29 22:41:43] [API] request success agent=Evidence Agent attempt=1/8 elapsed=5.6s raw_chars=2335
[2026-06-29 22:41:45] [API] request success agent=Evidence Agent attempt=1/8 elapsed=5.8s raw_chars=1287
[2026-06-29 22:42:06] [API] request start agent=Review Manager Agent attempt=1/8 prompt_chars=9285[2026-06-29 22:42:06] [API] request start agent=Review Manager Agent attempt=1/8 prompt_chars=9285

[2026-06-29 22:42:15] [API] request success agent=Review Manager Agent attempt=1/8 elapsed=9.3s raw_chars=4023
[2026-06-29 22:42:15] [API] request start agent=Review Manager Agent attempt=1/8 prompt_chars=9284
[2026-06-29 22:42:16] [API] request success agent=Review Manager Agent attempt=1/8 elapsed=10.7s raw_chars=4329
[2026-06-29 22:42:16] [API] request start agent=Review Manager Agent attempt=1/8 prompt_chars=9284
[2026-06-29 22:42:24] [API] request success agent=Review Manager Agent attempt=1/8 elapsed=7.7s raw_chars=3554
[2026-06-29 22:42:24] [API] request success agent=Review Manager Agent attempt=1/8 elapsed=9.3s raw_chars=3731
[2026-06-29 22:42:30] [API] request start agent=Critique Agent attempt=1/8 prompt_chars=8030
[2026-06-29 22:42:30] [API] request start agent=Critique Agent attempt=1/8 prompt_chars=8030
[2026-06-29 22:42:32] [API] request success agent=Critique Agent attempt=1/8 elapsed=2.3s raw_chars=605
[2026-06-29 22:42:32] [API] request start agent=Critique Agent attempt=1/8 prompt_chars=8030
[2026-06-29 22:42:32] [API] request success agent=Critique Agent attempt=1/8 elapsed=2.5s raw_chars=444
[2026-06-29 22:42:34] [API] request success agent=Critique Agent attempt=1/8 elapsed=1.7s raw_chars=467
[2026-06-29 22:42:39] [API] request start agent=Evidence Agent attempt=1/8 prompt_chars=7826
[2026-06-29 22:42:47] [API] request success agent=Evidence Agent attempt=1/8 elapsed=7.7s raw_chars=3039
[2026-06-29 22:42:53] [API] request start agent=Evidence Agent attempt=1/8 prompt_chars=8550[2026-06-29 22:42:53] [API] request start agent=Evidence Agent attempt=1/8 prompt_chars=8754

[2026-06-29 22:42:56] [API] request success agent=Evidence Agent attempt=1/8 elapsed=2.2s raw_chars=476
[2026-06-29 22:42:56] [API] request start agent=Evidence Agent attempt=1/8 prompt_chars=8748
[2026-06-29 22:42:57] [API] request success agent=Evidence Agent attempt=1/8 elapsed=1.6s raw_chars=450
[2026-06-29 22:42:58] [API] request success agent=Evidence Agent attempt=1/8 elapsed=4.8s raw_chars=1460
[2026-06-29 22:43:24] [API] request start agent=Review Manager Agent attempt=1/8 prompt_chars=9284
[2026-06-29 22:43:24] [API] request start agent=Review Manager Agent attempt=1/8 prompt_chars=9285
[2026-06-29 22:43:34] [API] request success agent=Review Manager Agent attempt=1/8 elapsed=10.1s raw_chars=4101
[2026-06-29 22:43:34] [API] request start agent=Review Manager Agent attempt=1/8 prompt_chars=9282
[2026-06-29 22:43:34] [API] request success agent=Review Manager Agent attempt=1/8 elapsed=10.4s raw_chars=4601
[2026-06-29 22:43:34] [API] request start agent=Review Manager Agent attempt=1/8 prompt_chars=9285
[2026-06-29 22:43:41] [API] request success agent=Review Manager Agent attempt=1/8 elapsed=6.1s raw_chars=2684
[2026-06-29 22:43:43] [API] request success agent=Review Manager Agent attempt=1/8 elapsed=9.1s raw_chars=4195
[2026-06-29 22:43:49] [API] request start agent=Critique Agent attempt=1/8 prompt_chars=11673
[2026-06-29 22:43:49] [API] request start agent=Critique Agent attempt=1/8 prompt_chars=8029
[2026-06-29 22:43:51] [API] request success agent=Critique Agent attempt=1/8 elapsed=2.0s raw_chars=461
[2026-06-29 22:43:52] [API] request success agent=Critique Agent attempt=1/8 elapsed=3.1s raw_chars=711
[2026-06-29 22:43:57] [API] request start agent=Evidence Agent attempt=1/8 prompt_chars=7826
[2026-06-29 22:43:57] [API] request start agent=Evidence Agent attempt=1/8 prompt_chars=7826
[2026-06-29 22:43:59] [API] request success agent=Evidence Agent attempt=1/8 elapsed=2.6s raw_chars=648
[2026-06-29 22:44:02] [API] request success agent=Evidence Agent attempt=1/8 elapsed=4.9s raw_chars=1354
[2026-06-29 22:44:02] [API] request start agent=Evidence Agent attempt=1/8 prompt_chars=8753
[2026-06-29 22:44:03] [API] request success agent=Evidence Agent attempt=1/8 elapsed=1.6s raw_chars=452
[review_reward][unknown][ye3NrNrYOY] reward=0.4157 breakdown={'decision': 0.0, 'section_presence': 1.0, 'length_score': 1.0, 'summary_align': 0.4708, 'strength_align': 0.5507, 'weakness_align': 0.262, 'suggestion_align': 0.4249, 'global_align': 0.2489, 'critique': 1.0, 'stance_align': 0.6476, 'rating_align': 0.0, 'decision_line_bonus': 0.0, 'audit_id_leak_penalty': 0.0, 'penalty': 0.0, 'total': 0.4157, 'es_coverage': 0.0, 'es_depth': 0.0, 'es_empirical': 0.0, 'es_independent': 0.0, 'es_flaw_density': 0.6667, 'es_support_volume': 0.0, 'evidence_support_score': 0.1}
[review_reward][unknown][WNxlJJIEVj] reward=0.4388 breakdown={'decision': 0.0, 'section_presence': 1.0, 'length_score': 1.0, 'summary_align': 0.3065, 'strength_align': 0.2446, 'weakness_align': 0.192, 'suggestion_align': 0.2945, 'global_align': 0.1798, 'critique': 1.0, 'stance_align': 0.6833, 'rating_align': 0.0, 'decision_line_bonus': 0.0, 'audit_id_leak_penalty': 0.0, 'penalty': 0.0, 'total': 0.4388, 'es_coverage': 0.3333, 'es_depth': 0.1667, 'es_empirical': 0.0, 'es_independent': 0.0, 'es_flaw_density': 0.6667, 'es_support_volume': 0.1667, 'evidence_support_score': 0.25}
[review_reward][unknown][uOrfve3prk] reward=0.4767 breakdown={'decision': 0.0, 'section_presence': 1.0, 'length_score': 1.0, 'summary_align': 0.3642, 'strength_align': 0.3717, 'weakness_align': 0.306, 'suggestion_align': 0.3216, 'global_align': 0.2609, 'critique': 1.0, 'stance_align': 0.7521, 'rating_align': 0.0, 'decision_line_bonus': 0.0, 'audit_id_leak_penalty': 0.0, 'penalty': 0.0, 'total': 0.4767, 'es_coverage': 0.25, 'es_depth': 0.25, 'es_empirical': 0.25, 'es_independent': 0.25, 'es_flaw_density': 0.3333, 'es_support_volume': 0.25, 'evidence_support_score': 0.2625}
[review_reward][unknown][7Dub7UXTXN] reward=0.4431 breakdown={'decision': 0.0, 'section_presence': 1.0, 'length_score': 1.0, 'summary_align': 0.5477, 'strength_align': 0.2787, 'weakness_align': 0.2362, 'suggestion_align': 0.4166, 'global_align': 0.3238, 'critique': 1.0, 'stance_align': 0.6111, 'rating_align': 0.0, 'decision_line_bonus': 0.0, 'audit_id_leak_penalty': 0.0, 'penalty': 0.0, 'total': 0.4431, 'es_coverage': 0.25, 'es_depth': 0.25, 'es_empirical': 0.0, 'es_independent': 0.25, 'es_flaw_density': 0.0, 'es_support_volume': 0.5, 'evidence_support_score': 0.2}
{"paper_id": "ye3NrNrYOY", "mode": "s4", "reward": 0.41572638213093105, "final_decision": "reject", "model_adapter_mode": "small_model"}
{"paper_id": "WNxlJJIEVj", "mode": "s4", "reward": 0.4388014037009561, "final_decision": "reject", "model_adapter_mode": "small_model"}
{"paper_id": "uOrfve3prk", "mode": "s4", "reward": 0.4767344008855298, "final_decision": "reject", "model_adapter_mode": "small_model"}
{"paper_id": "7Dub7UXTXN", "mode": "s4", "reward": 0.4430666875629682, "final_decision": "reject", "model_adapter_mode": "small_model"}
[2026-06-29 22:44:55] [API] request start agent=Review Manager Agent attempt=1/8 prompt_chars=7991[2026-06-29 22:44:55] [API] request start agent=Review Manager Agent attempt=1/8 prompt_chars=7991

[2026-06-29 22:44:58] [API] request success agent=Review Manager Agent attempt=1/8 elapsed=3.5s raw_chars=1135
[2026-06-29 22:44:58] [API] request start agent=Review Manager Agent attempt=1/8 prompt_chars=7991
[2026-06-29 22:44:59] [API] request success agent=Review Manager Agent attempt=1/8 elapsed=4.3s raw_chars=1356
[2026-06-29 22:44:59] [API] request start agent=Review Manager Agent attempt=1/8 prompt_chars=7991
[2026-06-29 22:45:03] [API] request success agent=Review Manager Agent attempt=1/8 elapsed=4.9s raw_chars=1797
[2026-06-29 22:45:03] [API] request success agent=Review Manager Agent attempt=1/8 elapsed=4.0s raw_chars=1143
[2026-06-29 22:45:04] [API] request start agent=Claim Agent attempt=1/8 prompt_chars=8712[2026-06-29 22:45:04] [API] request start agent=Claim Agent attempt=1/8 prompt_chars=8712

[2026-06-29 22:45:13] [API] request success agent=Claim Agent attempt=1/8 elapsed=8.9s raw_chars=3047
[2026-06-29 22:45:13] [API] request start agent=Claim Agent attempt=1/8 prompt_chars=8712
[2026-06-29 22:45:13] [API] request success agent=Claim Agent attempt=1/8 elapsed=9.0s raw_chars=3534
[2026-06-29 22:45:13] [API] request start agent=Claim Agent attempt=1/8 prompt_chars=8712
[2026-06-29 22:45:18] [API] request success agent=Claim Agent attempt=1/8 elapsed=5.1s raw_chars=2098
[2026-06-29 22:45:19] [API] request success agent=Claim Agent attempt=1/8 elapsed=6.3s raw_chars=2358
[2026-06-29 22:45:27] [API] request start agent=Review Manager Agent attempt=1/8 prompt_chars=9285[2026-06-29 22:45:27] [API] request start agent=Review Manager Agent attempt=1/8 prompt_chars=9285

[2026-06-29 22:45:34] [API] request success agent=Review Manager Agent attempt=1/8 elapsed=7.5s raw_chars=3570
[2026-06-29 22:45:34] [API] request start agent=Review Manager Agent attempt=1/8 prompt_chars=9285
[2026-06-29 22:45:35] [API] request success agent=Review Manager Agent attempt=1/8 elapsed=8.5s raw_chars=3867
[2026-06-29 22:45:35] [API] request start agent=Review Manager Agent attempt=1/8 prompt_chars=9285
[2026-06-29 22:45:44] [API] request success agent=Review Manager Agent attempt=1/8 elapsed=9.5s raw_chars=3909
[2026-06-29 22:45:45] [API] request success agent=Review Manager Agent attempt=1/8 elapsed=10.0s raw_chars=4321
[2026-06-29 22:45:55] [API] request start agent=Evidence Agent attempt=1/8 prompt_chars=7821[2026-06-29 22:45:55] [API] request start agent=Evidence Agent attempt=1/8 prompt_chars=7826

[2026-06-29 22:46:00] [API] request success agent=Evidence Agent attempt=1/8 elapsed=4.9s raw_chars=1841
[2026-06-29 22:46:01] [API] request success agent=Evidence Agent attempt=1/8 elapsed=6.0s raw_chars=2476
[2026-06-29 22:46:01] [API] request start agent=Critique Agent attempt=1/8 prompt_chars=11673[2026-06-29 22:46:01] [API] request start agent=Critique Agent attempt=1/8 prompt_chars=11673

[2026-06-29 22:46:03] [API] request success agent=Critique Agent attempt=1/8 elapsed=1.6s raw_chars=404
[2026-06-29 22:46:03] [API] request success agent=Critique Agent attempt=1/8 elapsed=1.9s raw_chars=593
[2026-06-29 22:46:25] [API] request start agent=Review Manager Agent attempt=1/8 prompt_chars=9285[2026-06-29 22:46:25] [API] request start agent=Review Manager Agent attempt=1/8 prompt_chars=9285

[2026-06-29 22:46:33] [API] request success agent=Review Manager Agent attempt=1/8 elapsed=8.0s raw_chars=3811
[2026-06-29 22:46:33] [API] request start agent=Review Manager Agent attempt=1/8 prompt_chars=9285
[2026-06-29 22:46:33] [API] request success agent=Review Manager Agent attempt=1/8 elapsed=8.0s raw_chars=3705
[2026-06-29 22:46:33] [API] request start agent=Review Manager Agent attempt=1/8 prompt_chars=9285
[2026-06-29 22:46:43] [API] request success agent=Review Manager Agent attempt=1/8 elapsed=10.6s raw_chars=4846
[2026-06-29 22:46:44] [API] request success agent=Review Manager Agent attempt=1/8 elapsed=11.1s raw_chars=5111
[2026-06-29 22:46:53] [API] request start agent=Critique Agent attempt=1/8 prompt_chars=16318
[2026-06-29 22:46:53] [API] request start agent=Critique Agent attempt=1/8 prompt_chars=16317
[2026-06-29 22:47:09] [API] request success agent=Critique Agent attempt=1/8 elapsed=15.5s raw_chars=6719
[2026-06-29 22:47:10] [API] request success agent=Critique Agent attempt=1/8 elapsed=16.6s raw_chars=7155
[2026-06-29 22:47:10] [API] request start agent=Evidence Agent attempt=1/8 prompt_chars=7826[2026-06-29 22:47:10] [API] request start agent=Evidence Agent attempt=1/8 prompt_chars=7819

[2026-06-29 22:47:14] [API] request success agent=Evidence Agent attempt=1/8 elapsed=3.7s raw_chars=1152
[2026-06-29 22:47:17] [API] request success agent=Evidence Agent attempt=1/8 elapsed=6.6s raw_chars=1377
[2026-06-29 22:47:39] [API] request start agent=Review Manager Agent attempt=1/8 prompt_chars=9285
[2026-06-29 22:47:39] [API] request start agent=Review Manager Agent attempt=1/8 prompt_chars=9285
[2026-06-29 22:47:48] [API] request success agent=Review Manager Agent attempt=1/8 elapsed=8.9s raw_chars=4054
[2026-06-29 22:47:48] [API] request start agent=Review Manager Agent attempt=1/8 prompt_chars=9285
[2026-06-29 22:47:49] [API] request success agent=Review Manager Agent attempt=1/8 elapsed=10.5s raw_chars=4657
[2026-06-29 22:47:49] [API] request start agent=Review Manager Agent attempt=1/8 prompt_chars=9280
[2026-06-29 22:47:56] [API] request success agent=Review Manager Agent attempt=1/8 elapsed=7.7s raw_chars=3622
[2026-06-29 22:47:58] [API] request success agent=Review Manager Agent attempt=1/8 elapsed=8.0s raw_chars=3650
[2026-06-29 22:48:04] [API] request start agent=Critique Agent attempt=1/8 prompt_chars=8030
[2026-06-29 22:48:04] [API] request start agent=Critique Agent attempt=1/8 prompt_chars=8030
[2026-06-29 22:48:06] [API] request success agent=Critique Agent attempt=1/8 elapsed=2.0s raw_chars=406
[2026-06-29 22:48:06] [API] request start agent=Critique Agent attempt=1/8 prompt_chars=8030
[2026-06-29 22:48:06] [API] request success agent=Critique Agent attempt=1/8 elapsed=2.5s raw_chars=625
[2026-06-29 22:48:09] [API] request success agent=Critique Agent attempt=1/8 elapsed=2.7s raw_chars=639
[2026-06-29 22:48:39] [API] request start agent=Evidence Agent attempt=1/8 prompt_chars=8593[2026-06-29 22:48:39] [API] request start agent=Evidence Agent attempt=1/8 prompt_chars=8754

[2026-06-29 22:48:41] [API] request success agent=Evidence Agent attempt=1/8 elapsed=2.0s raw_chars=501
[2026-06-29 22:48:41] [API] request start agent=Evidence Agent attempt=1/8 prompt_chars=8754
[2026-06-29 22:48:42] [API] request success agent=Evidence Agent attempt=1/8 elapsed=3.3s raw_chars=617
[2026-06-29 22:48:43] [API] request success agent=Evidence Agent attempt=1/8 elapsed=1.8s raw_chars=423
[2026-06-29 22:49:40] [API] request start agent=Review Manager Agent attempt=1/8 prompt_chars=9283[2026-06-29 22:49:40] [API] request start agent=Review Manager Agent attempt=1/8 prompt_chars=9285

[2026-06-29 22:49:50] [API] request success agent=Review Manager Agent attempt=1/8 elapsed=9.9s raw_chars=4495
[2026-06-29 22:49:50] [API] request start agent=Review Manager Agent attempt=1/8 prompt_chars=9285
[2026-06-29 22:49:50] [API] request success agent=Review Manager Agent attempt=1/8 elapsed=10.1s raw_chars=4354
[2026-06-29 22:49:50] [API] request start agent=Review Manager Agent attempt=1/8 prompt_chars=9285
[2026-06-29 22:50:00] [API] request success agent=Review Manager Agent attempt=1/8 elapsed=9.5s raw_chars=4083
[2026-06-29 22:50:01] [API] request success agent=Review Manager Agent attempt=1/8 elapsed=10.3s raw_chars=4084
[2026-06-29 22:50:32] [API] request start agent=Critique Agent attempt=1/8 prompt_chars=11673
[2026-06-29 22:50:32] [API] request start agent=Critique Agent attempt=1/8 prompt_chars=11673
[2026-06-29 22:50:35] [API] request success agent=Critique Agent attempt=1/8 elapsed=3.2s raw_chars=626
[2026-06-29 22:50:38] [API] request success agent=Critique Agent attempt=1/8 elapsed=5.8s raw_chars=1348
[2026-06-29 22:50:38] [API] request start agent=Evidence Agent attempt=1/8 prompt_chars=7826[2026-06-29 22:50:38] [API] request start agent=Evidence Agent attempt=1/8 prompt_chars=7826

[2026-06-29 22:50:45] [API] request success agent=Evidence Agent attempt=1/8 elapsed=7.0s raw_chars=1689
[2026-06-29 22:50:46] [API] request success agent=Evidence Agent attempt=1/8 elapsed=8.4s raw_chars=1690
[review_reward][unknown][9zEBK3E9bX] reward=0.4810 breakdown={'decision': 0.0, 'section_presence': 1.0, 'length_score': 1.0, 'summary_align': 0.585, 'strength_align': 0.3765, 'weakness_align': 0.2987, 'suggestion_align': 0.5496, 'global_align': 0.3752, 'critique': 1.0, 'stance_align': 0.9186, 'rating_align': 0.0, 'decision_line_bonus': 0.0, 'audit_id_leak_penalty': 0.0, 'penalty': 0.0, 'total': 0.481, 'es_coverage': 0.25, 'es_depth': 0.125, 'es_empirical': 0.0, 'es_independent': 0.0, 'es_flaw_density': 0.3333, 'es_support_volume': 0.125, 'evidence_support_score': 0.1625}
[review_reward][unknown][WpXq5n8yLb] reward=0.4036 breakdown={'decision': 0.0, 'section_presence': 1.0, 'length_score': 0.9917, 'summary_align': 0.4491, 'strength_align': 0.4556, 'weakness_align': 0.1892, 'suggestion_align': 0.3552, 'global_align': 0.2187, 'critique': 1.0, 'stance_align': 0.7111, 'rating_align': 0.0, 'decision_line_bonus': 0.0, 'audit_id_leak_penalty': 0.0, 'penalty': 0.0, 'total': 0.4036, 'es_coverage': 0.0, 'es_depth': 0.0, 'es_empirical': 0.0, 'es_independent': 0.0, 'es_flaw_density': 0.6667, 'es_support_volume': 0.0, 'evidence_support_score': 0.1}
[2026-06-29 22:52:19] [API] request start agent=Review Manager Agent attempt=1/8 prompt_chars=9285[2026-06-29 22:52:19] [API] request start agent=Review Manager Agent attempt=1/8 prompt_chars=9285

[2026-06-29 22:52:29] [API] request success agent=Review Manager Agent attempt=1/8 elapsed=9.9s raw_chars=3984
[2026-06-29 22:52:29] [API] request success agent=Review Manager Agent attempt=1/8 elapsed=10.5s raw_chars=4565
[2026-06-29 22:52:30] [API] request start agent=Critique Agent attempt=1/8 prompt_chars=8030
[2026-06-29 22:52:30] [API] request start agent=Critique Agent attempt=1/8 prompt_chars=11673
[2026-06-29 22:52:32] [API] request success agent=Critique Agent attempt=1/8 elapsed=1.5s raw_chars=382
[2026-06-29 22:52:33] [API] request success agent=Critique Agent attempt=1/8 elapsed=3.1s raw_chars=539
[2026-06-29 22:52:35] [API] request start agent=Evidence Agent attempt=1/8 prompt_chars=8754
[2026-06-29 22:52:38] [API] request success agent=Evidence Agent attempt=1/8 elapsed=3.2s raw_chars=417
[2026-06-29 22:52:43] [API] request start agent=Review Manager Agent attempt=1/8 prompt_chars=9285[2026-06-29 22:52:43] [API] request start agent=Review Manager Agent attempt=1/8 prompt_chars=9285

[2026-06-29 22:52:52] [API] request success agent=Review Manager Agent attempt=1/8 elapsed=9.7s raw_chars=3747
[2026-06-29 22:52:54] [API] request success agent=Review Manager Agent attempt=1/8 elapsed=11.0s raw_chars=4816
[2026-06-29 22:52:55] [API] request start agent=Evidence Agent attempt=1/8 prompt_chars=7826[2026-06-29 22:52:55] [API] request start agent=Evidence Agent attempt=1/8 prompt_chars=7826

[2026-06-29 22:52:59] [API] request success agent=Evidence Agent attempt=1/8 elapsed=4.0s raw_chars=1058
[2026-06-29 22:52:59] [API] request success agent=Evidence Agent attempt=1/8 elapsed=4.3s raw_chars=1652
[review_reward][unknown][XyB4VvF01X] reward=0.4570 breakdown={'decision': 0.0, 'section_presence': 1.0, 'length_score': 1.0, 'summary_align': 0.6135, 'strength_align': 0.3025, 'weakness_align': 0.3411, 'suggestion_align': 0.3281, 'global_align': 0.2773, 'critique': 1.0, 'stance_align': 0.7679, 'rating_align': 0.0, 'decision_line_bonus': 0.0, 'audit_id_leak_penalty': 0.0, 'penalty': 0.0, 'total': 0.457, 'es_coverage': 0.25, 'es_depth': 0.25, 'es_empirical': 0.25, 'es_independent': 0.0, 'es_flaw_density': 0.0, 'es_support_volume': 0.125, 'evidence_support_score': 0.175}
[review_reward][unknown][GE6iywJtsV] reward=0.6408 breakdown={'decision': 0.0, 'section_presence': 1.0, 'length_score': 1.0, 'summary_align': 0.4676, 'strength_align': 0.379, 'weakness_align': 0.2557, 'suggestion_align': 0.3223, 'global_align': 0.2224, 'critique': 1.0, 'stance_align': 0.7568, 'rating_align': 0.0, 'decision_line_bonus': 0.0, 'audit_id_leak_penalty': 0.0, 'penalty': 0.0, 'total': 0.6408, 'es_coverage': 1.0, 'es_depth': 0.875, 'es_empirical': 0.5, 'es_independent': 0.5, 'es_flaw_density': 0.0, 'es_support_volume': 0.75, 'evidence_support_score': 0.675}
{"paper_id": "9zEBK3E9bX", "mode": "s4", "reward": 0.48104863717406476, "final_decision": "reject", "model_adapter_mode": "small_model"}
{"paper_id": "XyB4VvF01X", "mode": "s4", "reward": 0.45696842468807247, "final_decision": "reject", "model_adapter_mode": "small_model"}
{"paper_id": "GE6iywJtsV", "mode": "s4", "reward": 0.6408118837082727, "final_decision": "reject", "model_adapter_mode": "small_model"}
{"paper_id": "WpXq5n8yLb", "mode": "s4", "reward": 0.4036279131599756, "final_decision": "reject", "model_adapter_mode": "small_model"}
[2026-06-29 22:53:15] [API] request start agent=Review Manager Agent attempt=1/8 prompt_chars=7991[2026-06-29 22:53:15] [API] request start agent=Review Manager Agent attempt=1/8 prompt_chars=7991

[2026-06-29 22:53:19] [API] request success agent=Review Manager Agent attempt=1/8 elapsed=4.8s raw_chars=1279
[2026-06-29 22:53:19] [API] request start agent=Review Manager Agent attempt=1/8 prompt_chars=7991
[2026-06-29 22:53:20] [API] request success agent=Review Manager Agent attempt=1/8 elapsed=5.5s raw_chars=1638
[2026-06-29 22:53:20] [API] request start agent=Review Manager Agent attempt=1/8 prompt_chars=7991
[2026-06-29 22:53:25] [API] request success agent=Review Manager Agent attempt=1/8 elapsed=4.5s raw_chars=1340
[2026-06-29 22:53:27] [API] request success agent=Review Manager Agent attempt=1/8 elapsed=8.0s raw_chars=2916
[2026-06-29 22:53:28] [API] request start agent=Claim Agent attempt=1/8 prompt_chars=8711
[2026-06-29 22:53:28] [API] request start agent=Claim Agent attempt=1/8 prompt_chars=8712
[2026-06-29 22:53:33] [API] request success agent=Claim Agent attempt=1/8 elapsed=5.4s raw_chars=2310
[2026-06-29 22:53:33] [API] request start agent=Claim Agent attempt=1/8 prompt_chars=8712
[2026-06-29 22:53:36] [API] request success agent=Claim Agent attempt=1/8 elapsed=8.4s raw_chars=2354
[2026-06-29 22:53:36] [API] request start agent=Claim Agent attempt=1/8 prompt_chars=8712
[2026-06-29 22:53:39] [API] request success agent=Claim Agent attempt=1/8 elapsed=5.6s raw_chars=2231
[2026-06-29 22:53:41] [API] request success agent=Claim Agent attempt=1/8 elapsed=4.6s raw_chars=1929
[2026-06-29 22:53:48] [API] request start agent=Review Manager Agent attempt=1/8 prompt_chars=9283
[2026-06-29 22:53:48] [API] request start agent=Review Manager Agent attempt=1/8 prompt_chars=9283
[2026-06-29 22:53:56] [API] request success agent=Review Manager Agent attempt=1/8 elapsed=8.4s raw_chars=3772
[2026-06-29 22:53:56] [API] request start agent=Review Manager Agent attempt=1/8 prompt_chars=9280
[2026-06-29 22:53:57] [API] request success agent=Review Manager Agent attempt=1/8 elapsed=9.0s raw_chars=4081
[2026-06-29 22:53:57] [API] request start agent=Review Manager Agent attempt=1/8 prompt_chars=9285
[2026-06-29 22:54:03] [API] request success agent=Review Manager Agent attempt=1/8 elapsed=6.7s raw_chars=2931
[2026-06-29 22:54:05] [API] request success agent=Review Manager Agent attempt=1/8 elapsed=8.1s raw_chars=3364
[2026-06-29 22:54:17] [API] request start agent=Critique Agent attempt=1/8 prompt_chars=11673
[2026-06-29 22:54:21] [API] request success agent=Critique Agent attempt=1/8 elapsed=3.9s raw_chars=1170
[2026-06-29 22:54:21] [API] request start agent=Evidence Agent attempt=1/8 prompt_chars=7826[2026-06-29 22:54:21] [API] request start agent=Evidence Agent attempt=1/8 prompt_chars=7826

[2026-06-29 22:54:28] [API] request success agent=Evidence Agent attempt=1/8 elapsed=6.9s raw_chars=2929
[2026-06-29 22:54:28] [API] request start agent=Evidence Agent attempt=1/8 prompt_chars=7826
[2026-06-29 22:54:29] [API] request success agent=Evidence Agent attempt=1/8 elapsed=7.8s raw_chars=3542
[2026-06-29 22:54:34] [API] request success agent=Evidence Agent attempt=1/8 elapsed=5.9s raw_chars=2439
[2026-06-29 22:54:53] [API] request start agent=Review Manager Agent attempt=1/8 prompt_chars=9285[2026-06-29 22:54:53] [API] request start agent=Review Manager Agent attempt=1/8 prompt_chars=9285

[2026-06-29 22:55:03] [API] request success agent=Review Manager Agent attempt=1/8 elapsed=9.7s raw_chars=4225
[2026-06-29 22:55:03] [API] request start agent=Review Manager Agent attempt=1/8 prompt_chars=9285
[2026-06-29 22:55:04] [API] request success agent=Review Manager Agent attempt=1/8 elapsed=10.6s raw_chars=4706
[2026-06-29 22:55:04] [API] request start agent=Review Manager Agent attempt=1/8 prompt_chars=9285
[2026-06-29 22:55:10] [API] request success agent=Review Manager Agent attempt=1/8 elapsed=7.5s raw_chars=2994
[2026-06-29 22:55:12] [API] request success agent=Review Manager Agent attempt=1/8 elapsed=8.5s raw_chars=3477
[2026-06-29 22:55:16] [API] request start agent=Evidence Agent attempt=1/8 prompt_chars=7820[2026-06-29 22:55:16] [API] request start agent=Evidence Agent attempt=1/8 prompt_chars=7826

[2026-06-29 22:55:20] [API] request success agent=Evidence Agent attempt=1/8 elapsed=4.1s raw_chars=1211
[2026-06-29 22:55:22] [API] request success agent=Evidence Agent attempt=1/8 elapsed=5.7s raw_chars=2076
[2026-06-29 22:55:22] [API] request start agent=Critique Agent attempt=1/8 prompt_chars=16318[2026-06-29 22:55:22] [API] request start agent=Critique Agent attempt=1/8 prompt_chars=16317

[2026-06-29 22:55:35] [API] request success agent=Critique Agent attempt=1/8 elapsed=13.8s raw_chars=6242
[2026-06-29 22:55:37] [API] request success agent=Critique Agent attempt=1/8 elapsed=15.6s raw_chars=6813
[2026-06-29 22:55:49] [API] request start agent=Review Manager Agent attempt=1/8 prompt_chars=9285[2026-06-29 22:55:49] [API] request start agent=Review Manager Agent attempt=1/8 prompt_chars=9285

[2026-06-29 22:55:59] [API] request success agent=Review Manager Agent attempt=1/8 elapsed=10.1s raw_chars=4025
[2026-06-29 22:55:59] [API] request start agent=Review Manager Agent attempt=1/8 prompt_chars=9285
[2026-06-29 22:55:59] [API] request success agent=Review Manager Agent attempt=1/8 elapsed=10.1s raw_chars=4144
[2026-06-29 22:55:59] [API] request start agent=Review Manager Agent attempt=1/8 prompt_chars=9285
[2026-06-29 22:56:08] [API] request success agent=Review Manager Agent attempt=1/8 elapsed=8.7s raw_chars=3036
[2026-06-29 22:56:08] [API] request success agent=Review Manager Agent attempt=1/8 elapsed=8.8s raw_chars=3419
[2026-06-29 22:56:21] [API] request start agent=Critique Agent attempt=1/8 prompt_chars=8030[2026-06-29 22:56:21] [API] request start agent=Critique Agent attempt=1/8 prompt_chars=11673

[2026-06-29 22:56:23] [API] request success agent=Critique Agent attempt=1/8 elapsed=2.0s raw_chars=411[2026-06-29 22:56:23] [API] request success agent=Critique Agent attempt=1/8 elapsed=2.0s raw_chars=523

[2026-06-29 22:56:23] [API] request start agent=Evidence Agent attempt=1/8 prompt_chars=8593[2026-06-29 22:56:23] [API] request start agent=Evidence Agent attempt=1/8 prompt_chars=8593

[2026-06-29 22:56:25] [API] request success agent=Evidence Agent attempt=1/8 elapsed=1.9s raw_chars=480
[2026-06-29 22:56:27] [API] request success agent=Evidence Agent attempt=1/8 elapsed=3.7s raw_chars=1055
[2026-06-29 22:56:35] [API] request start agent=Evidence Agent attempt=1/8 prompt_chars=8754
[2026-06-29 22:56:37] [API] request success agent=Evidence Agent attempt=1/8 elapsed=1.9s raw_chars=375
[2026-06-29 22:57:13] [API] request start agent=Review Manager Agent attempt=1/8 prompt_chars=9285[2026-06-29 22:57:13] [API] request start agent=Review Manager Agent attempt=1/8 prompt_chars=9283

[2026-06-29 22:57:23] [API] request success agent=Review Manager Agent attempt=1/8 elapsed=10.2s raw_chars=4211
[2026-06-29 22:57:23] [API] request start agent=Review Manager Agent attempt=1/8 prompt_chars=9285
[2026-06-29 22:57:23] [API] request success agent=Review Manager Agent attempt=1/8 elapsed=10.6s raw_chars=4385
[2026-06-29 22:57:23] [API] request start agent=Review Manager Agent attempt=1/8 prompt_chars=9285
[2026-06-29 22:57:31] [API] request success agent=Review Manager Agent attempt=1/8 elapsed=8.2s raw_chars=3477
[2026-06-29 22:57:31] [API] request success agent=Review Manager Agent attempt=1/8 elapsed=8.1s raw_chars=3577
[2026-06-29 22:57:45] [API] request start agent=Critique Agent attempt=1/8 prompt_chars=11673[2026-06-29 22:57:45] [API] request start agent=Critique Agent attempt=1/8 prompt_chars=11673

[2026-06-29 22:57:48] [API] request success agent=Critique Agent attempt=1/8 elapsed=2.9s raw_chars=507
[2026-06-29 22:57:49] [API] request success agent=Critique Agent attempt=1/8 elapsed=3.8s raw_chars=1464
[2026-06-29 22:57:49] [API] request start agent=Evidence Agent attempt=1/8 prompt_chars=7826
[2026-06-29 22:57:49] [API] request start agent=Evidence Agent attempt=1/8 prompt_chars=7826
[2026-06-29 22:57:54] [API] request success agent=Evidence Agent attempt=1/8 elapsed=5.1s raw_chars=2017
[2026-06-29 22:57:55] [API] request success agent=Evidence Agent attempt=1/8 elapsed=6.0s raw_chars=2493
[2026-06-29 22:58:18] [API] request start agent=Review Manager Agent attempt=1/8 prompt_chars=9285[2026-06-29 22:58:18] [API] request start agent=Review Manager Agent attempt=1/8 prompt_chars=9280

[2026-06-29 22:58:27] [API] request success agent=Review Manager Agent attempt=1/8 elapsed=8.9s raw_chars=4147
[2026-06-29 22:58:27] [API] request start agent=Review Manager Agent attempt=1/8 prompt_chars=9285
[2026-06-29 22:58:27] [API] request success agent=Review Manager Agent attempt=1/8 elapsed=9.3s raw_chars=4071
[2026-06-29 22:58:27] [API] request start agent=Review Manager Agent attempt=1/8 prompt_chars=9285
[2026-06-29 22:58:34] [API] request success agent=Review Manager Agent attempt=1/8 elapsed=7.6s raw_chars=2888
[2026-06-29 22:58:37] [API] request success agent=Review Manager Agent attempt=1/8 elapsed=10.5s raw_chars=4818
[2026-06-29 22:59:08] [API] request start agent=Evidence Agent attempt=1/8 prompt_chars=7826[2026-06-29 22:59:08] [API] request start agent=Evidence Agent attempt=1/8 prompt_chars=7826

[2026-06-29 22:59:12] [API] request success agent=Evidence Agent attempt=1/8 elapsed=3.8s raw_chars=1161
[2026-06-29 22:59:12] [API] request success agent=Evidence Agent attempt=1/8 elapsed=4.4s raw_chars=1600
[2026-06-29 22:59:12] [API] request start agent=Critique Agent attempt=1/8 prompt_chars=11673[2026-06-29 22:59:12] [API] request start agent=Critique Agent attempt=1/8 prompt_chars=11673

[2026-06-29 22:59:15] [API] request success agent=Critique Agent attempt=1/8 elapsed=2.3s raw_chars=678
[2026-06-29 22:59:15] [API] request success agent=Critique Agent attempt=1/8 elapsed=2.8s raw_chars=763
[2026-06-29 22:59:34] [API] request start agent=Review Manager Agent attempt=1/8 prompt_chars=9285[2026-06-29 22:59:34] [API] request start agent=Review Manager Agent attempt=1/8 prompt_chars=9285

[2026-06-29 22:59:44] [API] request success agent=Review Manager Agent attempt=1/8 elapsed=10.5s raw_chars=3704
[2026-06-29 22:59:44] [API] request start agent=Review Manager Agent attempt=1/8 prompt_chars=9285
[2026-06-29 22:59:47] [API] request success agent=Review Manager Agent attempt=1/8 elapsed=13.1s raw_chars=5281
[2026-06-29 22:59:47] [API] request start agent=Review Manager Agent attempt=1/8 prompt_chars=9281
[2026-06-29 22:59:52] [API] request success agent=Review Manager Agent attempt=1/8 elapsed=7.2s raw_chars=2764
[2026-06-29 23:00:04] [API] request success agent=Review Manager Agent attempt=1/8 elapsed=17.3s raw_chars=7050
[2026-06-29 23:00:16] [API] request start agent=Critique Agent attempt=1/8 prompt_chars=11672[2026-06-29 23:00:16] [API] request start agent=Critique Agent attempt=1/8 prompt_chars=11673

[2026-06-29 23:00:20] [API] request success agent=Critique Agent attempt=1/8 elapsed=3.7s raw_chars=767
[2026-06-29 23:00:20] [API] request success agent=Critique Agent attempt=1/8 elapsed=4.2s raw_chars=1296
[2026-06-29 23:00:20] [API] request start agent=Evidence Agent attempt=1/8 prompt_chars=7826[2026-06-29 23:00:20] [API] request start agent=Evidence Agent attempt=1/8 prompt_chars=7826

[2026-06-29 23:00:25] [API] request success agent=Evidence Agent attempt=1/8 elapsed=4.7s raw_chars=1185
[2026-06-29 23:00:28] [API] request success agent=Evidence Agent attempt=1/8 elapsed=8.1s raw_chars=2441
{"paper_id": "NnExMNiTHw", "mode": "s4", "reward": 0.3808597340054026, "final_decision": "reject", "model_adapter_mode": "small_model"}
{"paper_id": "a6SntIisgg", "mode": "s4", "reward": 0.6856938712961484, "final_decision": "reject", "model_adapter_mode": "small_model"}
{"paper_id": "cklg91aPGk", "mode": "s4", "reward": 0.6976934837602622, "final_decision": "reject", "model_adapter_mode": "small_model"}
{"paper_id": "HPuLU6q7xq", "mode": "s4", "reward": 0.5747836235156262, "final_decision": "reject", "model_adapter_mode": "small_model"}
[2026-06-29 23:01:32] [API] request start agent=Review Manager Agent attempt=1/8 prompt_chars=7991
[2026-06-29 23:01:32] [API] request start agent=Review Manager Agent attempt=1/8 prompt_chars=7991
[2026-06-29 23:01:37] [API] request success agent=Review Manager Agent attempt=1/8 elapsed=5.3s raw_chars=1582
[2026-06-29 23:01:37] [API] request start agent=Review Manager Agent attempt=1/8 prompt_chars=7991
[2026-06-29 23:01:39] [API] request success agent=Review Manager Agent attempt=1/8 elapsed=7.0s raw_chars=2636
[2026-06-29 23:01:39] [API] request start agent=Review Manager Agent attempt=1/8 prompt_chars=7991
[2026-06-29 23:01:42] [API] request success agent=Review Manager Agent attempt=1/8 elapsed=4.8s raw_chars=1470
[2026-06-29 23:01:43] [API] request success agent=Review Manager Agent attempt=1/8 elapsed=3.8s raw_chars=1149
[2026-06-29 23:01:43] [API] request start agent=Claim Agent attempt=1/8 prompt_chars=8712[2026-06-29 23:01:43] [API] request start agent=Claim Agent attempt=1/8 prompt_chars=8712

[2026-06-29 23:01:51] [API] request success agent=Claim Agent attempt=1/8 elapsed=8.5s raw_chars=2369
[2026-06-29 23:01:51] [API] request start agent=Claim Agent attempt=1/8 prompt_chars=8712
[2026-06-29 23:01:52] [API] request success agent=Claim Agent attempt=1/8 elapsed=9.2s raw_chars=3437
[2026-06-29 23:01:52] [API] request start agent=Claim Agent attempt=1/8 prompt_chars=8712
[2026-06-29 23:01:58] [API] request success agent=Claim Agent attempt=1/8 elapsed=6.1s raw_chars=2187
[2026-06-29 23:01:59] [API] request success agent=Claim Agent attempt=1/8 elapsed=7.3s raw_chars=2647
[2026-06-29 23:02:05] [API] request start agent=Review Manager Agent attempt=1/8 prompt_chars=9285
[2026-06-29 23:02:05] [API] request start agent=Review Manager Agent attempt=1/8 prompt_chars=9285
[2026-06-29 23:02:14] [API] request success agent=Review Manager Agent attempt=1/8 elapsed=8.7s raw_chars=3797
[2026-06-29 23:02:14] [API] request start agent=Review Manager Agent attempt=1/8 prompt_chars=9285
[2026-06-29 23:02:17] [API] request success agent=Review Manager Agent attempt=1/8 elapsed=11.4s raw_chars=4491
[2026-06-29 23:02:17] [API] request start agent=Review Manager Agent attempt=1/8 prompt_chars=9280
[2026-06-29 23:02:23] [API] request success agent=Review Manager Agent attempt=1/8 elapsed=9.5s raw_chars=3468
[2026-06-29 23:02:27] [API] request success agent=Review Manager Agent attempt=1/8 elapsed=10.4s raw_chars=3776
[2026-06-29 23:02:35] [API] request start agent=Critique Agent attempt=1/8 prompt_chars=11673
[2026-06-29 23:02:35] [API] request start agent=Critique Agent attempt=1/8 prompt_chars=11673
[2026-06-29 23:02:39] [API] request success agent=Critique Agent attempt=1/8 elapsed=3.3s raw_chars=567
[2026-06-29 23:02:39] [API] request start agent=Critique Agent attempt=1/8 prompt_chars=11673
[2026-06-29 23:02:42] [API] request success agent=Critique Agent attempt=1/8 elapsed=6.1s raw_chars=1437
[2026-06-29 23:02:42] [API] request success agent=Critique Agent attempt=1/8 elapsed=2.9s raw_chars=854
[2026-06-29 23:02:42] [API] request start agent=Evidence Agent attempt=1/8 prompt_chars=7826
[2026-06-29 23:02:47] [API] request success agent=Evidence Agent attempt=1/8 elapsed=5.0s raw_chars=2006
[2026-06-29 23:03:11] [API] request start agent=Review Manager Agent attempt=1/8 prompt_chars=9285[2026-06-29 23:03:11] [API] request start agent=Review Manager Agent attempt=1/8 prompt_chars=9285

[2026-06-29 23:03:18] [API] request success agent=Review Manager Agent attempt=1/8 elapsed=7.7s raw_chars=3534
[2026-06-29 23:03:18] [API] request start agent=Review Manager Agent attempt=1/8 prompt_chars=9285
[2026-06-29 23:03:19] [API] request success agent=Review Manager Agent attempt=1/8 elapsed=8.6s raw_chars=3642
[2026-06-29 23:03:19] [API] request start agent=Review Manager Agent attempt=1/8 prompt_chars=9283
[2026-06-29 23:03:29] [API] request success agent=Review Manager Agent attempt=1/8 elapsed=10.3s raw_chars=4596
[2026-06-29 23:03:30] [API] request success agent=Review Manager Agent attempt=1/8 elapsed=11.1s raw_chars=3745
[2026-06-29 23:03:41] [API] request start agent=Critique Agent attempt=1/8 prompt_chars=8029[2026-06-29 23:03:41] [API] request start agent=Critique Agent attempt=1/8 prompt_chars=16318

[2026-06-29 23:03:44] [API] request success agent=Critique Agent attempt=1/8 elapsed=2.6s raw_chars=400
[2026-06-29 23:03:58] [API] request success agent=Critique Agent attempt=1/8 elapsed=17.2s raw_chars=7535
[2026-06-29 23:04:07] [API] request start agent=Evidence Agent attempt=1/8 prompt_chars=7826
[2026-06-29 23:04:07] [API] request start agent=Evidence Agent attempt=1/8 prompt_chars=7826
[2026-06-29 23:04:13] [API] request success agent=Evidence Agent attempt=1/8 elapsed=5.7s raw_chars=2421
[2026-06-29 23:04:14] [API] request success agent=Evidence Agent attempt=1/8 elapsed=6.8s raw_chars=2507
[2026-06-29 23:04:23] [API] request start agent=Evidence Agent attempt=1/8 prompt_chars=8754
[2026-06-29 23:04:25] [API] request success agent=Evidence Agent attempt=1/8 elapsed=2.4s raw_chars=674
[2026-06-29 23:05:01] [API] request start agent=Review Manager Agent attempt=1/8 prompt_chars=9284[2026-06-29 23:05:01] [API] request start agent=Review Manager Agent attempt=1/8 prompt_chars=9283

[2026-06-29 23:05:09] [API] request success agent=Review Manager Agent attempt=1/8 elapsed=8.3s raw_chars=3694
[2026-06-29 23:05:09] [API] request start agent=Review Manager Agent attempt=1/8 prompt_chars=9285
[2026-06-29 23:05:11] [API] request success agent=Review Manager Agent attempt=1/8 elapsed=9.8s raw_chars=3787
[2026-06-29 23:05:11] [API] request start agent=Review Manager Agent attempt=1/8 prompt_chars=9285
[2026-06-29 23:05:21] [API] request success agent=Review Manager Agent attempt=1/8 elapsed=9.8s raw_chars=4647
[2026-06-29 23:05:24] [API] request success agent=Review Manager Agent attempt=1/8 elapsed=15.1s raw_chars=6105
[2026-06-29 23:05:36] [API] request start agent=Critique Agent attempt=1/8 prompt_chars=11672[2026-06-29 23:05:36] [API] request start agent=Critique Agent attempt=1/8 prompt_chars=8030

[2026-06-29 23:05:38] [API] request success agent=Critique Agent attempt=1/8 elapsed=1.9s raw_chars=399
[2026-06-29 23:05:38] [API] request start agent=Critique Agent attempt=1/8 prompt_chars=8030
[2026-06-29 23:05:42] [API] request success agent=Critique Agent attempt=1/8 elapsed=6.0s raw_chars=1574
[2026-06-29 23:05:42] [API] request start agent=Critique Agent attempt=1/8 prompt_chars=8030
[2026-06-29 23:05:44] [API] request success agent=Critique Agent attempt=1/8 elapsed=5.8s raw_chars=407
[2026-06-29 23:05:44] [API] request success agent=Critique Agent attempt=1/8 elapsed=2.4s raw_chars=426
[2026-06-29 23:05:55] [API] request start agent=Evidence Agent attempt=1/8 prompt_chars=8754[2026-06-29 23:05:55] [API] request start agent=Evidence Agent attempt=1/8 prompt_chars=8549

[2026-06-29 23:05:56] [API] request success agent=Evidence Agent attempt=1/8 elapsed=1.9s raw_chars=498
[2026-06-29 23:05:56] [API] request start agent=Evidence Agent attempt=1/8 prompt_chars=8754
[2026-06-29 23:05:59] [API] request success agent=Evidence Agent attempt=1/8 elapsed=4.9s raw_chars=1686
[2026-06-29 23:06:00] [API] request success agent=Evidence Agent attempt=1/8 elapsed=3.8s raw_chars=399
[2026-06-29 23:06:36] [API] request start agent=Review Manager Agent attempt=1/8 prompt_chars=9285[2026-06-29 23:06:36] [API] request start agent=Review Manager Agent attempt=1/8 prompt_chars=9285

[2026-06-29 23:06:44] [API] request success agent=Review Manager Agent attempt=1/8 elapsed=8.3s raw_chars=4167
[2026-06-29 23:06:44] [API] request start agent=Review Manager Agent attempt=1/8 prompt_chars=9285
[2026-06-29 23:06:44] [API] request success agent=Review Manager Agent attempt=1/8 elapsed=8.3s raw_chars=3742
[2026-06-29 23:06:54] [API] request success agent=Review Manager Agent attempt=1/8 elapsed=10.1s raw_chars=4694
[2026-06-29 23:06:59] [API] request start agent=Evidence Agent attempt=1/8 prompt_chars=8592[2026-06-29 23:06:59] [API] request start agent=Evidence Agent attempt=1/8 prompt_chars=7826

[2026-06-29 23:07:01] [API] request success agent=Evidence Agent attempt=1/8 elapsed=2.0s raw_chars=475
[2026-06-29 23:07:06] [API] request success agent=Evidence Agent attempt=1/8 elapsed=6.5s raw_chars=2374
[2026-06-29 23:07:06] [API] request start agent=Critique Agent attempt=1/8 prompt_chars=8030
[2026-06-29 23:07:09] [API] request success agent=Critique Agent attempt=1/8 elapsed=2.5s raw_chars=668
[2026-06-29 23:07:09] [API] request start agent=Evidence Agent attempt=1/8 prompt_chars=8754
[2026-06-29 23:07:12] [API] request success agent=Evidence Agent attempt=1/8 elapsed=2.4s raw_chars=492
[2026-06-29 23:07:23] [API] request start agent=Review Manager Agent attempt=1/8 prompt_chars=9278
[2026-06-29 23:07:23] [API] request start agent=Review Manager Agent attempt=1/8 prompt_chars=9285
[2026-06-29 23:07:33] [API] request success agent=Review Manager Agent attempt=1/8 elapsed=10.3s raw_chars=4406
[2026-06-29 23:07:33] [API] request start agent=Review Manager Agent attempt=1/8 prompt_chars=9285
[2026-06-29 23:07:33] [API] request success agent=Review Manager Agent attempt=1/8 elapsed=10.5s raw_chars=4462
[2026-06-29 23:07:45] [API] request success agent=Review Manager Agent attempt=1/8 elapsed=11.8s raw_chars=4546
[2026-06-29 23:07:53] [API] request start agent=Critique Agent attempt=1/8 prompt_chars=11673
[2026-06-29 23:07:53] [API] request start agent=Critique Agent attempt=1/8 prompt_chars=11672
[2026-06-29 23:07:55] [API] request success agent=Critique Agent attempt=1/8 elapsed=2.3s raw_chars=466
[2026-06-29 23:07:59] [API] request success agent=Critique Agent attempt=1/8 elapsed=5.7s raw_chars=1822
[2026-06-29 23:07:59] [API] request start agent=Evidence Agent attempt=1/8 prompt_chars=7822
[2026-06-29 23:08:07] [API] request success agent=Evidence Agent attempt=1/8 elapsed=8.0s raw_chars=2705
[2026-06-29 23:08:16] [API] request start agent=Review Manager Agent attempt=1/8 prompt_chars=9284[2026-06-29 23:08:16] [API] request start agent=Review Manager Agent attempt=1/8 prompt_chars=9284

[2026-06-29 23:08:24] [API] request success agent=Review Manager Agent attempt=1/8 elapsed=7.7s raw_chars=3362
[2026-06-29 23:08:24] [API] request start agent=Review Manager Agent attempt=1/8 prompt_chars=9282
[2026-06-29 23:08:27] [API] request success agent=Review Manager Agent attempt=1/8 elapsed=11.0s raw_chars=4403
[2026-06-29 23:08:37] [API] request success agent=Review Manager Agent attempt=1/8 elapsed=13.0s raw_chars=4889
[2026-06-29 23:08:40] [API] request start agent=Evidence Agent attempt=1/8 prompt_chars=7826
[2026-06-29 23:08:40] [API] request start agent=Evidence Agent attempt=1/8 prompt_chars=7826
[2026-06-29 23:08:42] [API] request success agent=Evidence Agent attempt=1/8 elapsed=1.8s raw_chars=350
[2026-06-29 23:08:42] [API] request start agent=Evidence Agent attempt=1/8 prompt_chars=7826
[2026-06-29 23:08:47] [API] request success agent=Evidence Agent attempt=1/8 elapsed=6.7s raw_chars=2435
[2026-06-29 23:08:48] [API] request success agent=Evidence Agent attempt=1/8 elapsed=5.5s raw_chars=2286
{"paper_id": "fGXyvmWpw6", "mode": "s4", "reward": 0.45535932950777347, "final_decision": "reject", "model_adapter_mode": "small_model"}
{"paper_id": "QAgwFiIY4p", "mode": "s4", "reward": 0.47398480729795456, "final_decision": "reject", "model_adapter_mode": "small_model"}
{"paper_id": "TPAj63ax4Y", "mode": "s4", "reward": 0.5363971615776415, "final_decision": "reject", "model_adapter_mode": "small_model"}
{"paper_id": "mHv6wcBb0z", "mode": "s4", "reward": 0.5644275966085281, "final_decision": "reject", "model_adapter_mode": "small_model"}
[2026-06-29 23:09:26] [API] request start agent=Review Manager Agent attempt=1/8 prompt_chars=7991
[2026-06-29 23:09:26] [API] request start agent=Review Manager Agent attempt=1/8 prompt_chars=7991
[2026-06-29 23:09:30] [API] request success agent=Review Manager Agent attempt=1/8 elapsed=4.3s raw_chars=1191
[2026-06-29 23:09:30] [API] request start agent=Review Manager Agent attempt=1/8 prompt_chars=7991
[2026-06-29 23:09:30] [API] request success agent=Review Manager Agent attempt=1/8 elapsed=4.4s raw_chars=1246
[2026-06-29 23:09:30] [API] request start agent=Review Manager Agent attempt=1/8 prompt_chars=7991
[2026-06-29 23:09:34] [API] request success agent=Review Manager Agent attempt=1/8 elapsed=4.0s raw_chars=1393
[2026-06-29 23:09:35] [API] request success agent=Review Manager Agent attempt=1/8 elapsed=4.6s raw_chars=1291
[2026-06-29 23:09:35] [API] request start agent=Claim Agent attempt=1/8 prompt_chars=8712
[2026-06-29 23:09:35] [API] request start agent=Claim Agent attempt=1/8 prompt_chars=8712
[2026-06-29 23:09:44] [API] request success agent=Claim Agent attempt=1/8 elapsed=9.1s raw_chars=2468
[2026-06-29 23:09:44] [API] request start agent=Claim Agent attempt=1/8 prompt_chars=8712
[2026-06-29 23:09:45] [API] request success agent=Claim Agent attempt=1/8 elapsed=9.7s raw_chars=2796
[2026-06-29 23:09:45] [API] request start agent=Claim Agent attempt=1/8 prompt_chars=8711
[2026-06-29 23:09:51] [API] request success agent=Claim Agent attempt=1/8 elapsed=5.7s raw_chars=2281
[2026-06-29 23:09:53] [API] request success agent=Claim Agent attempt=1/8 elapsed=8.5s raw_chars=2924
[2026-06-29 23:09:56] [API] request start agent=Review Manager Agent attempt=1/8 prompt_chars=9285[2026-06-29 23:09:56] [API] request start agent=Review Manager Agent attempt=1/8 prompt_chars=9285

[2026-06-29 23:10:05] [API] request success agent=Review Manager Agent attempt=1/8 elapsed=8.3s raw_chars=3574
[2026-06-29 23:10:05] [API] request start agent=Review Manager Agent attempt=1/8 prompt_chars=9285
[2026-06-29 23:10:06] [API] request success agent=Review Manager Agent attempt=1/8 elapsed=9.4s raw_chars=3800
[2026-06-29 23:10:06] [API] request start agent=Review Manager Agent attempt=1/8 prompt_chars=9285
[2026-06-29 23:10:13] [API] request success agent=Review Manager Agent attempt=1/8 elapsed=7.3s raw_chars=3335
[2026-06-29 23:10:14] [API] request success agent=Review Manager Agent attempt=1/8 elapsed=8.9s raw_chars=3632
[2026-06-29 23:10:18] [API] request start agent=Critique Agent attempt=1/8 prompt_chars=11668
[2026-06-29 23:10:18] [API] request start agent=Critique Agent attempt=1/8 prompt_chars=11672
[2026-06-29 23:10:21] [API] request success agent=Critique Agent attempt=1/8 elapsed=2.2s raw_chars=566
[2026-06-29 23:10:21] [API] request start agent=Critique Agent attempt=1/8 prompt_chars=11673
[2026-06-29 23:10:22] [API] request success agent=Critique Agent attempt=1/8 elapsed=3.9s raw_chars=1204
[2026-06-29 23:10:23] [API] request success agent=Critique Agent attempt=1/8 elapsed=2.2s raw_chars=534
[2026-06-29 23:10:23] [API] request start agent=Evidence Agent attempt=1/8 prompt_chars=7826
[2026-06-29 23:10:30] [API] request success agent=Evidence Agent attempt=1/8 elapsed=7.6s raw_chars=2775
[2026-06-29 23:10:41] [API] request start agent=Review Manager Agent attempt=1/8 prompt_chars=9285
[2026-06-29 23:10:41] [API] request start agent=Review Manager Agent attempt=1/8 prompt_chars=9285
[2026-06-29 23:10:52] [API] request success agent=Review Manager Agent attempt=1/8 elapsed=11.5s raw_chars=4126
[2026-06-29 23:10:52] [API] request start agent=Review Manager Agent attempt=1/8 prompt_chars=9285
[2026-06-29 23:10:54] [API] request success agent=Review Manager Agent attempt=1/8 elapsed=13.9s raw_chars=4197
[2026-06-29 23:10:54] [API] request start agent=Review Manager Agent attempt=1/8 prompt_chars=9285
[2026-06-29 23:11:00] [API] request success agent=Review Manager Agent attempt=1/8 elapsed=7.5s raw_chars=3325
[2026-06-29 23:11:04] [API] request success agent=Review Manager Agent attempt=1/8 elapsed=9.3s raw_chars=3455
[2026-06-29 23:11:08] [API] request start agent=Critique Agent attempt=1/8 prompt_chars=16318[2026-06-29 23:11:08] [API] request start agent=Critique Agent attempt=1/8 prompt_chars=16318

[2026-06-29 23:11:23] [API] request success agent=Critique Agent attempt=1/8 elapsed=15.3s raw_chars=7030
[2026-06-29 23:11:27] [API] request success agent=Critique Agent attempt=1/8 elapsed=19.0s raw_chars=6687
[2026-06-29 23:11:29] [API] request start agent=Evidence Agent attempt=1/8 prompt_chars=7824[2026-06-29 23:11:29] [API] request start agent=Evidence Agent attempt=1/8 prompt_chars=7826

[2026-06-29 23:11:36] [API] request success agent=Evidence Agent attempt=1/8 elapsed=7.0s raw_chars=2539
[2026-06-29 23:11:38] [API] request success agent=Evidence Agent attempt=1/8 elapsed=9.0s raw_chars=2363
[2026-06-29 23:11:41] [API] request start agent=Evidence Agent attempt=1/8 prompt_chars=11188
[2026-06-29 23:11:48] [API] request success agent=Evidence Agent attempt=1/8 elapsed=7.5s raw_chars=3175
[2026-06-29 23:12:02] [API] request start agent=Review Manager Agent attempt=1/8 prompt_chars=9285[2026-06-29 23:12:02] [API] request start agent=Review Manager Agent attempt=1/8 prompt_chars=9283

[2026-06-29 23:12:10] [API] request success agent=Review Manager Agent attempt=1/8 elapsed=8.0s raw_chars=3538
[2026-06-29 23:12:10] [API] request start agent=Review Manager Agent attempt=1/8 prompt_chars=9285
[2026-06-29 23:12:13] [API] request success agent=Review Manager Agent attempt=1/8 elapsed=10.8s raw_chars=4872
[2026-06-29 23:12:13] [API] request start agent=Review Manager Agent attempt=1/8 prompt_chars=9285
[2026-06-29 23:12:19] [API] request success agent=Review Manager Agent attempt=1/8 elapsed=9.4s raw_chars=4240
[2026-06-29 23:12:22] [API] request success agent=Review Manager Agent attempt=1/8 elapsed=9.0s raw_chars=3729
[2026-06-29 23:12:25] [API] request start agent=Critique Agent attempt=1/8 prompt_chars=8029[2026-06-29 23:12:25] [API] request start agent=Critique Agent attempt=1/8 prompt_chars=8030

[2026-06-29 23:12:27] [API] request success agent=Critique Agent attempt=1/8 elapsed=2.1s raw_chars=552
[2026-06-29 23:12:27] [API] request start agent=Critique Agent attempt=1/8 prompt_chars=8030
[2026-06-29 23:12:27] [API] request success agent=Critique Agent attempt=1/8 elapsed=2.1s raw_chars=509
[2026-06-29 23:12:27] [API] request start agent=Critique Agent attempt=1/8 prompt_chars=8030
[2026-06-29 23:12:29] [API] request success agent=Critique Agent attempt=1/8 elapsed=2.0s raw_chars=480
[2026-06-29 23:12:30] [API] request success agent=Critique Agent attempt=1/8 elapsed=2.9s raw_chars=624
[2026-06-29 23:12:44] [API] request start agent=Evidence Agent attempt=1/8 prompt_chars=8754[2026-06-29 23:12:44] [API] request start agent=Evidence Agent attempt=1/8 prompt_chars=8754

[2026-06-29 23:12:46] [API] request success agent=Evidence Agent attempt=1/8 elapsed=1.8s raw_chars=429
[2026-06-29 23:12:46] [API] request start agent=Evidence Agent attempt=1/8 prompt_chars=8750
[2026-06-29 23:12:46] [API] request success agent=Evidence Agent attempt=1/8 elapsed=1.8s raw_chars=431
[2026-06-29 23:12:46] [API] request start agent=Evidence Agent attempt=1/8 prompt_chars=8751
[2026-06-29 23:12:49] [API] request success agent=Evidence Agent attempt=1/8 elapsed=3.2s raw_chars=513
[2026-06-29 23:12:50] [API] request success agent=Evidence Agent attempt=1/8 elapsed=4.1s raw_chars=722
[2026-06-29 23:13:20] [API] request start agent=Review Manager Agent attempt=1/8 prompt_chars=9285
[2026-06-29 23:13:20] [API] request start agent=Review Manager Agent attempt=1/8 prompt_chars=9285
[2026-06-29 23:13:28] [API] request success agent=Review Manager Agent attempt=1/8 elapsed=8.9s raw_chars=3886
[2026-06-29 23:13:28] [API] request start agent=Review Manager Agent attempt=1/8 prompt_chars=9285
[2026-06-29 23:13:30] [API] request success agent=Review Manager Agent attempt=1/8 elapsed=10.1s raw_chars=4781
[2026-06-29 23:13:30] [API] request start agent=Review Manager Agent attempt=1/8 prompt_chars=9284
[2026-06-29 23:13:36] [API] request success agent=Review Manager Agent attempt=1/8 elapsed=6.9s raw_chars=3290
[2026-06-29 23:13:42] [API] request success agent=Review Manager Agent attempt=1/8 elapsed=13.7s raw_chars=5452
[2026-06-29 23:13:49] [API] request start agent=Critique Agent attempt=1/8 prompt_chars=8030[2026-06-29 23:13:49] [API] request start agent=Critique Agent attempt=1/8 prompt_chars=16318

[2026-06-29 23:13:51] [API] request success agent=Critique Agent attempt=1/8 elapsed=2.0s raw_chars=446
[2026-06-29 23:13:51] [API] request start agent=Critique Agent attempt=1/8 prompt_chars=8021
[2026-06-29 23:13:53] [API] request success agent=Critique Agent attempt=1/8 elapsed=2.4s raw_chars=604
[2026-06-29 23:13:53] [API] request start agent=Critique Agent attempt=1/8 prompt_chars=11673
[2026-06-29 23:13:59] [API] request success agent=Critique Agent attempt=1/8 elapsed=5.2s raw_chars=1546
[2026-06-29 23:14:04] [API] request success agent=Critique Agent attempt=1/8 elapsed=14.9s raw_chars=6824
[2026-06-29 23:14:13] [API] request start agent=Evidence Agent attempt=1/8 prompt_chars=8593
[2026-06-29 23:14:13] [API] request start agent=Evidence Agent attempt=1/8 prompt_chars=8753
[2026-06-29 23:14:15] [API] request success agent=Evidence Agent attempt=1/8 elapsed=2.2s raw_chars=760
[2026-06-29 23:14:19] [API] request success agent=Evidence Agent attempt=1/8 elapsed=6.0s raw_chars=315
[2026-06-29 23:14:56] [API] request start agent=Review Manager Agent attempt=1/8 prompt_chars=9285
[2026-06-29 23:14:56] [API] request start agent=Review Manager Agent attempt=1/8 prompt_chars=9284
[2026-06-29 23:15:04] [API] request success agent=Review Manager Agent attempt=1/8 elapsed=7.3s raw_chars=3466
[2026-06-29 23:15:05] [API] request success agent=Review Manager Agent attempt=1/8 elapsed=9.0s raw_chars=3770
[2026-06-29 23:15:07] [API] request start agent=Evidence Agent attempt=1/8 prompt_chars=7826
[2026-06-29 23:15:15] [API] request success agent=Evidence Agent attempt=1/8 elapsed=8.1s raw_chars=1578
[2026-06-29 23:15:15] [API] request start agent=Critique Agent attempt=1/8 prompt_chars=8021
[2026-06-29 23:15:17] [API] request success agent=Critique Agent attempt=1/8 elapsed=2.6s raw_chars=521
[2026-06-29 23:15:21] [API] request start agent=Evidence Agent attempt=1/8 prompt_chars=8749
[2026-06-29 23:15:24] [API] request success agent=Evidence Agent attempt=1/8 elapsed=2.3s raw_chars=509
[2026-06-29 23:15:41] [API] request start agent=Review Manager Agent attempt=1/8 prompt_chars=9285
[2026-06-29 23:15:52] [API] request success agent=Review Manager Agent attempt=1/8 elapsed=10.7s raw_chars=4331
[2026-06-29 23:15:56] [API] request start agent=Critique Agent attempt=1/8 prompt_chars=11673
[2026-06-29 23:15:57] [API] request success agent=Critique Agent attempt=1/8 elapsed=1.5s raw_chars=442
{"paper_id": "xUe1YqEgd6", "mode": "s4", "reward": 0.48378711929233964, "final_decision": "reject", "model_adapter_mode": "small_model"}
{"paper_id": "YXn76HMetm", "mode": "s4", "reward": 0.5661088110602189, "final_decision": "reject", "model_adapter_mode": "small_model"}
{"paper_id": "KOUAayk5Kx", "mode": "s4", "reward": 0.5411255497036056, "final_decision": "reject", "model_adapter_mode": "small_model"}
{"paper_id": "XH3OiIhtvf", "mode": "s4", "reward": 0.6186810870657815, "final_decision": "reject", "model_adapter_mode": "small_model"}
