[API] Initialized: model=mimo-v2.5, provider=mimo, base_url=https://api.xiaomimimo.com/v1, max_tokens=1536
[MAIN] Using API backend: model=mimo-v2.5
[MAIN] model_adapter_mode=small_model (requested=small_model)
[DEBUG] paper_id: ye3NrNrYOY, paper_text length: 34961
[DEBUG] paper_text snippet: \title{Temporal Causal Mechanism Transfer for Few-shot Action Recognition}  \begin{abstract} The goa...
[DEBUG] paper_id: WNxlJJIEVj, paper_text length: 48238
[DEBUG] paper_text snippet: \title{Contrastive Diffuser: Planning Towards High Return States via Contrastive Learning}  \begin{a...
[DEBUG] paper_id: uOrfve3prk, paper_text length: 44055
[DEBUG] paper_text snippet: \title{Towards Unifying Interpretability and Control: Evaluation via Intervention}  \begin{abstract}...
[DEBUG] paper_id: 7Dub7UXTXN, paper_text length: 17618
[DEBUG] paper_text snippet: \title{When Are Bias-Free ReLU Networks Effectively Linear Networks?}  \begin{abstract}  We investig...
[DEBUG] paper_id: 9zEBK3E9bX, paper_text length: 35496
[DEBUG] paper_text snippet: \title{SPOT: Scalable 3D Pre-training via Occupancy Prediction for Autonomous Driving}  \begin{abstr...
[DEBUG] paper_id: XyB4VvF01X, paper_text length: 32345
[DEBUG] paper_text snippet: \title{Graph2Tac: Learning hierarchical representations of math concepts in theorem proving}  \begin...
[DEBUG] paper_id: GE6iywJtsV, paper_text length: 30553
[DEBUG] paper_text snippet: \title{Diff-Shape: A Novel Constrained Diffusion Model for Shape-based De Novo Drug Design}  \begin{...
[DEBUG] paper_id: WpXq5n8yLb, paper_text length: 55540
[DEBUG] paper_text snippet: \title{Recurrent Drafter for Fast Speculative Decoding in Large Language Models}  \begin{abstract} W...
[DEBUG] paper_id: NnExMNiTHw, paper_text length: 37839
[DEBUG] paper_text snippet: \title{SpecDec++: Boosting Speculative Decoding via Adaptive Candidate Lengths}  \begin{abstract} Sp...
[DEBUG] paper_id: a6SntIisgg, paper_text length: 64928
[DEBUG] paper_text snippet: \title{LogoRA: Local-Global Representation Alignment for Robust Time Series Classification}  \begin{...
[DEBUG] paper_id: cklg91aPGk, paper_text length: 32511
[DEBUG] paper_text snippet: \title{Propagation Alone is Enough for Graph Contrastive Learning}  \begin{abstract} Graph contrasti...
[DEBUG] paper_id: HPuLU6q7xq, paper_text length: 38828
[DEBUG] paper_text snippet: \title{Orca: Enhancing Role-Playing Abilities of Large Language Models by Integrating Personality Tr...
[DEBUG] paper_id: fGXyvmWpw6, paper_text length: 47400
[DEBUG] paper_text snippet: \title{Federated Virtual Learning on Heterogeneous Data with Local-global Distillation}  \begin{abst...
[DEBUG] paper_id: QAgwFiIY4p, paper_text length: 49197
[DEBUG] paper_text snippet: \title{Graph as Point Set}  \begin{abstract} Graph is a fundamental data structure to model intercon...
[DEBUG] paper_id: TPAj63ax4Y, paper_text length: 49027
[DEBUG] paper_text snippet: \title{Segment, Select, Correct: A Framework for Weakly-Supervised Referring Segmentation}  \begin{a...
[DEBUG] paper_id: mHv6wcBb0z, paper_text length: 35109
[DEBUG] paper_text snippet: \title{Preventing Model Collapse in Deep Canonical Correlation Analysis by Noise Regularization}  \b...
[DEBUG] paper_id: xUe1YqEgd6, paper_text length: 34518
[DEBUG] paper_text snippet: \title{Unsupervised motion segmentation in one go: Smooth long-term model over a video}  \begin{abst...
[DEBUG] paper_id: YXn76HMetm, paper_text length: 36915
[DEBUG] paper_text snippet: \title{Hyperbolic Active Learning for Semantic Segmentation under Domain Shift}  \begin{abstract}  W...
[DEBUG] paper_id: KOUAayk5Kx, paper_text length: 32732
[DEBUG] paper_text snippet: \title{Defying Multi-model Forgetting: Orthogonal Gradient Learning to One-shot Neural Architecture ...
[DEBUG] paper_id: XH3OiIhtvf, paper_text length: 22365
[DEBUG] paper_text snippet: \title{Unsupervised Federated Learning for Privacy Preserving in Face Recognition System}  \begin{ab...
[2026-07-03 21:26:41] [API] request start agent=Review Manager Agent attempt=1/8 prompt_chars=7991[2026-07-03 21:26:41] [API] request start agent=Review Manager Agent attempt=1/8 prompt_chars=7991
[2026-07-03 21:26:41] [API] request start agent=Review Manager Agent attempt=1/8 prompt_chars=7991
[2026-07-03 21:26:41] [API] request start agent=Review Manager Agent attempt=1/8 prompt_chars=7991

[2026-07-03 21:26:44] [API] request success agent=Review Manager Agent attempt=1/8 elapsed=3.7s raw_chars=1227
[2026-07-03 21:26:44] [API] request success agent=Review Manager Agent attempt=1/8 elapsed=3.7s raw_chars=1319
[2026-07-03 21:26:45] [API] request success agent=Review Manager Agent attempt=1/8 elapsed=4.0s raw_chars=1433
[2026-07-03 21:26:46] [API] request success agent=Review Manager Agent attempt=1/8 elapsed=4.8s raw_chars=1473
[2026-07-03 21:26:46] [API] request start agent=Claim Agent attempt=1/8 prompt_chars=8712[2026-07-03 21:26:46] [API] request start agent=Claim Agent attempt=1/8 prompt_chars=8712[2026-07-03 21:26:46] [API] request start agent=Claim Agent attempt=1/8 prompt_chars=8712
[2026-07-03 21:26:46] [API] request start agent=Claim Agent attempt=1/8 prompt_chars=8712


[2026-07-03 21:26:52] [API] request success agent=Claim Agent attempt=1/8 elapsed=5.7s raw_chars=2666
[2026-07-03 21:26:52] [API] request success agent=Claim Agent attempt=1/8 elapsed=6.5s raw_chars=2623
[2026-07-03 21:26:53] [API] request success agent=Claim Agent attempt=1/8 elapsed=7.3s raw_chars=3269
[2026-07-03 21:26:53] [API] request success agent=Claim Agent attempt=1/8 elapsed=7.3s raw_chars=3288
[2026-07-03 21:26:54] [API] request start agent=Review Manager Agent attempt=1/8 prompt_chars=9285
[2026-07-03 21:26:54] [API] request start agent=Review Manager Agent attempt=1/8 prompt_chars=9285[2026-07-03 21:26:54] [API] request start agent=Review Manager Agent attempt=1/8 prompt_chars=9282
[2026-07-03 21:26:54] [API] request start agent=Review Manager Agent attempt=1/8 prompt_chars=9282

[2026-07-03 21:26:59] [API] request success agent=Review Manager Agent attempt=1/8 elapsed=5.5s raw_chars=2500
[2026-07-03 21:27:01] [API] request success agent=Review Manager Agent attempt=1/8 elapsed=7.3s raw_chars=3416
[2026-07-03 21:27:01] [API] request success agent=Review Manager Agent attempt=1/8 elapsed=7.7s raw_chars=3694
[2026-07-03 21:27:02] [API] request success agent=Review Manager Agent attempt=1/8 elapsed=8.5s raw_chars=3387
[2026-07-03 21:27:03] [API] request start agent=Critique Agent attempt=1/8 prompt_chars=11673
[2026-07-03 21:27:05] [API] request success agent=Critique Agent attempt=1/8 elapsed=1.8s raw_chars=513
[2026-07-03 21:27:05] [API] request start agent=Evidence Agent attempt=1/8 prompt_chars=7826[2026-07-03 21:27:05] [API] request start agent=Evidence Agent attempt=1/8 prompt_chars=7826

[2026-07-03 21:27:05] [API] request start agent=Evidence Agent attempt=1/8 prompt_chars=7826
[2026-07-03 21:27:08] [API] request success agent=Evidence Agent attempt=1/8 elapsed=3.2s raw_chars=1215
[2026-07-03 21:27:09] [API] request success agent=Evidence Agent attempt=1/8 elapsed=4.3s raw_chars=1369
[2026-07-03 21:27:12] [API] request success agent=Evidence Agent attempt=1/8 elapsed=7.3s raw_chars=2705
[2026-07-03 21:27:13] [API] request start agent=Review Manager Agent attempt=1/8 prompt_chars=9285
[2026-07-03 21:27:13] [API] request start agent=Review Manager Agent attempt=1/8 prompt_chars=9285[2026-07-03 21:27:13] [API] request start agent=Review Manager Agent attempt=1/8 prompt_chars=9285
[2026-07-03 21:27:13] [API] request start agent=Review Manager Agent attempt=1/8 prompt_chars=9285

[2026-07-03 21:27:20] [API] request success agent=Review Manager Agent attempt=1/8 elapsed=7.4s raw_chars=3431
[2026-07-03 21:27:21] [API] request success agent=Review Manager Agent attempt=1/8 elapsed=7.9s raw_chars=3425
[2026-07-03 21:27:21] [API] request success agent=Review Manager Agent attempt=1/8 elapsed=8.3s raw_chars=4115
[2026-07-03 21:27:23] [API] request success agent=Review Manager Agent attempt=1/8 elapsed=10.3s raw_chars=4774
[2026-07-03 21:27:24] [API] request start agent=Critique Agent attempt=1/8 prompt_chars=12350
[2026-07-03 21:27:24] [API] request start agent=Critique Agent attempt=1/8 prompt_chars=12350[2026-07-03 21:27:24] [API] request start agent=Critique Agent attempt=1/8 prompt_chars=12350
[2026-07-03 21:27:24] [API] request start agent=Critique Agent attempt=1/8 prompt_chars=12350

[2026-07-03 21:27:32] [API] request success agent=Critique Agent attempt=1/8 elapsed=8.7s raw_chars=4376
[2026-07-03 21:27:38] [API] request success agent=Critique Agent attempt=1/8 elapsed=14.1s raw_chars=6161
[2026-07-03 21:27:38] [API] request success agent=Critique Agent attempt=1/8 elapsed=14.5s raw_chars=6588
[2026-07-03 21:27:39] [API] request success agent=Critique Agent attempt=1/8 elapsed=15.8s raw_chars=7120
[2026-07-03 21:27:40] [API] request start agent=Review Manager Agent attempt=1/8 prompt_chars=9285[2026-07-03 21:27:40] [API] request start agent=Review Manager Agent attempt=1/8 prompt_chars=9285

[2026-07-03 21:27:40] [API] request start agent=Review Manager Agent attempt=1/8 prompt_chars=9285
[2026-07-03 21:27:40] [API] request start agent=Review Manager Agent attempt=1/8 prompt_chars=9282
[2026-07-03 21:27:49] [API] request success agent=Review Manager Agent attempt=1/8 elapsed=8.6s raw_chars=4099
[2026-07-03 21:27:49] [API] request success agent=Review Manager Agent attempt=1/8 elapsed=8.7s raw_chars=4106
[2026-07-03 21:27:51] [API] request success agent=Review Manager Agent attempt=1/8 elapsed=10.4s raw_chars=4512
[2026-07-03 21:27:53] [API] request success agent=Review Manager Agent attempt=1/8 elapsed=12.5s raw_chars=5188
[2026-07-03 21:27:54] [API] request start agent=Evidence Agent attempt=1/8 prompt_chars=7825
[2026-07-03 21:27:54] [API] request start agent=Evidence Agent attempt=1/8 prompt_chars=8593[2026-07-03 21:27:54] [API] request start agent=Evidence Agent attempt=1/8 prompt_chars=8593

[2026-07-03 21:27:56] [API] request success agent=Evidence Agent attempt=1/8 elapsed=1.5s raw_chars=494
[2026-07-03 21:27:56] [API] request success agent=Evidence Agent attempt=1/8 elapsed=1.7s raw_chars=480
[2026-07-03 21:27:56] [API] request success agent=Evidence Agent attempt=1/8 elapsed=2.1s raw_chars=776
[2026-07-03 21:27:56] [API] request start agent=Critique Agent attempt=1/8 prompt_chars=8030
[2026-07-03 21:27:58] [API] request success agent=Critique Agent attempt=1/8 elapsed=2.2s raw_chars=439
[2026-07-03 21:28:00] [API] request start agent=Evidence Agent attempt=1/8 prompt_chars=8754
[2026-07-03 21:28:01] [API] request success agent=Evidence Agent attempt=1/8 elapsed=1.6s raw_chars=432
[2026-07-03 21:28:04] [API] request start agent=Review Manager Agent attempt=1/8 prompt_chars=9285
[2026-07-03 21:28:04] [API] request start agent=Review Manager Agent attempt=1/8 prompt_chars=9284[2026-07-03 21:28:04] [API] request start agent=Review Manager Agent attempt=1/8 prompt_chars=9285
[2026-07-03 21:28:04] [API] request start agent=Review Manager Agent attempt=1/8 prompt_chars=9285

[2026-07-03 21:28:10] [API] request success agent=Review Manager Agent attempt=1/8 elapsed=5.7s raw_chars=2364
[2026-07-03 21:28:14] [API] request success agent=Review Manager Agent attempt=1/8 elapsed=9.5s raw_chars=4627
[2026-07-03 21:28:14] [API] request success agent=Review Manager Agent attempt=1/8 elapsed=9.8s raw_chars=4298
[2026-07-03 21:28:17] [API] request success agent=Review Manager Agent attempt=1/8 elapsed=12.6s raw_chars=5297
[2026-07-03 21:28:18] [API] request start agent=Critique Agent attempt=1/8 prompt_chars=8030
[2026-07-03 21:28:18] [API] request start agent=Critique Agent attempt=1/8 prompt_chars=11673
[2026-07-03 21:28:20] [API] request success agent=Critique Agent attempt=1/8 elapsed=1.4s raw_chars=360
[2026-07-03 21:28:22] [API] request success agent=Critique Agent attempt=1/8 elapsed=3.3s raw_chars=1085
[2026-07-03 21:28:22] [API] request start agent=Evidence Agent attempt=1/8 prompt_chars=7826[2026-07-03 21:28:22] [API] request start agent=Evidence Agent attempt=1/8 prompt_chars=7826

[2026-07-03 21:28:25] [API] request success agent=Evidence Agent attempt=1/8 elapsed=3.2s raw_chars=1207
[2026-07-03 21:28:27] [API] request success agent=Evidence Agent attempt=1/8 elapsed=5.5s raw_chars=2610
[2026-07-03 21:28:28] [API] request start agent=Evidence Agent attempt=1/8 prompt_chars=8754
[2026-07-03 21:28:30] [API] request success agent=Evidence Agent attempt=1/8 elapsed=2.3s raw_chars=681
[review_reward][unknown][7Dub7UXTXN] reward=0.5046 breakdown={'decision': 0.0, 'section_presence': 1.0, 'length_score': 1.0, 'summary_align': 0.5438, 'strength_align': 0.3338, 'weakness_align': 0.2952, 'suggestion_align': 0.3726, 'global_align': 0.3617, 'critique': 1.0, 'stance_align': 0.6944, 'rating_align': 0.0, 'decision_line_bonus': 0.0, 'audit_id_leak_penalty': 0.0, 'penalty': 0.0, 'total': 0.5046, 'es_coverage': 0.25, 'es_depth': 0.25, 'es_empirical': 0.25, 'es_independent': 0.25, 'es_flaw_density': 0.6667, 'es_support_volume': 0.25, 'evidence_support_score': 0.3125}
[2026-07-03 21:28:33] [API] request start agent=Review Manager Agent attempt=1/8 prompt_chars=9285
[2026-07-03 21:28:33] [API] request start agent=Review Manager Agent attempt=1/8 prompt_chars=9285
[2026-07-03 21:28:33] [API] request start agent=Review Manager Agent attempt=1/8 prompt_chars=9285
[2026-07-03 21:28:42] [API] request success agent=Review Manager Agent attempt=1/8 elapsed=8.8s raw_chars=4322
[2026-07-03 21:28:42] [API] request success agent=Review Manager Agent attempt=1/8 elapsed=9.1s raw_chars=3603
[2026-07-03 21:28:44] [API] request success agent=Review Manager Agent attempt=1/8 elapsed=10.8s raw_chars=4140
[2026-07-03 21:28:45] [API] request start agent=Critique Agent attempt=1/8 prompt_chars=11673
[2026-07-03 21:28:45] [API] request start agent=Critique Agent attempt=1/8 prompt_chars=11673
[2026-07-03 21:28:45] [API] request start agent=Critique Agent attempt=1/8 prompt_chars=8030
[2026-07-03 21:28:46] [API] request success agent=Critique Agent attempt=1/8 elapsed=1.6s raw_chars=440
[2026-07-03 21:28:47] [API] request success agent=Critique Agent attempt=1/8 elapsed=1.7s raw_chars=450
[2026-07-03 21:28:47] [API] request success agent=Critique Agent attempt=1/8 elapsed=2.2s raw_chars=578
[2026-07-03 21:28:47] [API] request start agent=Evidence Agent attempt=1/8 prompt_chars=8754
[2026-07-03 21:28:49] [API] request success agent=Evidence Agent attempt=1/8 elapsed=1.4s raw_chars=411
[review_reward][unknown][ye3NrNrYOY] reward=0.4758 breakdown={'decision': 0.0, 'section_presence': 1.0, 'length_score': 1.0, 'summary_align': 0.4959, 'strength_align': 0.2759, 'weakness_align': 0.2622, 'suggestion_align': 0.3998, 'global_align': 0.2425, 'critique': 1.0, 'stance_align': 0.5392, 'rating_align': 0.0, 'decision_line_bonus': 0.0, 'audit_id_leak_penalty': 0.0, 'penalty': 0.0, 'total': 0.4758, 'es_coverage': 0.25, 'es_depth': 0.25, 'es_empirical': 0.25, 'es_independent': 0.25, 'es_flaw_density': 0.6667, 'es_support_volume': 0.25, 'evidence_support_score': 0.3125}
[2026-07-03 21:28:50] [API] request start agent=Review Manager Agent attempt=1/8 prompt_chars=9285
[2026-07-03 21:28:50] [API] request start agent=Review Manager Agent attempt=1/8 prompt_chars=9285
[2026-07-03 21:28:58] [API] request success agent=Review Manager Agent attempt=1/8 elapsed=8.0s raw_chars=3835
[2026-07-03 21:29:01] [API] request success agent=Review Manager Agent attempt=1/8 elapsed=11.2s raw_chars=5657
[2026-07-03 21:29:02] [API] request start agent=Critique Agent attempt=1/8 prompt_chars=11673
[2026-07-03 21:29:04] [API] request success agent=Critique Agent attempt=1/8 elapsed=2.2s raw_chars=681
[2026-07-03 21:29:04] [API] request start agent=Evidence Agent attempt=1/8 prompt_chars=7826
[2026-07-03 21:29:11] [API] request success agent=Evidence Agent attempt=1/8 elapsed=7.3s raw_chars=2575
[review_reward][unknown][WNxlJJIEVj] reward=0.5102 breakdown={'decision': 0.0, 'section_presence': 1.0, 'length_score': 1.0, 'summary_align': 0.3919, 'strength_align': 0.2909, 'weakness_align': 0.235, 'suggestion_align': 0.3167, 'global_align': 0.2003, 'critique': 1.0, 'stance_align': 0.7167, 'rating_align': 0.0, 'decision_line_bonus': 0.0, 'audit_id_leak_penalty': 0.0, 'penalty': 0.0, 'total': 0.5102, 'es_coverage': 0.5, 'es_depth': 0.5, 'es_empirical': 0.5, 'es_independent': 0.25, 'es_flaw_density': 0.0, 'es_support_volume': 0.375, 'evidence_support_score': 0.3875}
[review_reward][unknown][uOrfve3prk] reward=0.4486 breakdown={'decision': 0.0, 'section_presence': 1.0, 'length_score': 1.0, 'summary_align': 0.4428, 'strength_align': 0.3495, 'weakness_align': 0.2154, 'suggestion_align': 0.3993, 'global_align': 0.2265, 'critique': 1.0, 'stance_align': 0.7111, 'rating_align': 0.0, 'decision_line_bonus': 0.0, 'audit_id_leak_penalty': 0.0, 'penalty': 0.0, 'total': 0.4486, 'es_coverage': 0.25, 'es_depth': 0.25, 'es_empirical': 0.25, 'es_independent': 0.25, 'es_flaw_density': 0.0, 'es_support_volume': 0.25, 'evidence_support_score': 0.2125}
{"paper_id": "ye3NrNrYOY", "mode": "s4", "reward": 0.4758408317516576, "final_decision": "reject", "model_adapter_mode": "small_model"}
{"paper_id": "WNxlJJIEVj", "mode": "s4", "reward": 0.5101615036459393, "final_decision": "reject", "model_adapter_mode": "small_model"}
{"paper_id": "uOrfve3prk", "mode": "s4", "reward": 0.44855431518867284, "final_decision": "reject", "model_adapter_mode": "small_model"}
{"paper_id": "7Dub7UXTXN", "mode": "s4", "reward": 0.5045616952688451, "final_decision": "reject", "model_adapter_mode": "small_model"}
[2026-07-03 21:29:12] [API] request start agent=Review Manager Agent attempt=1/8 prompt_chars=7991
[2026-07-03 21:29:12] [API] request start agent=Review Manager Agent attempt=1/8 prompt_chars=7991
[2026-07-03 21:29:12] [API] request start agent=Review Manager Agent attempt=1/8 prompt_chars=7991
[2026-07-03 21:29:12] [API] request start agent=Review Manager Agent attempt=1/8 prompt_chars=7991
[2026-07-03 21:29:16] [API] request success agent=Review Manager Agent attempt=1/8 elapsed=3.7s raw_chars=1217
[2026-07-03 21:29:16] [API] request success agent=Review Manager Agent attempt=1/8 elapsed=3.9s raw_chars=1043
[2026-07-03 21:29:16] [API] request success agent=Review Manager Agent attempt=1/8 elapsed=4.2s raw_chars=1408
[2026-07-03 21:29:19] [API] request success agent=Review Manager Agent attempt=1/8 elapsed=6.5s raw_chars=2757
[2026-07-03 21:29:19] [API] request start agent=Claim Agent attempt=1/8 prompt_chars=8712
[2026-07-03 21:29:19] [API] request start agent=Claim Agent attempt=1/8 prompt_chars=8712
[2026-07-03 21:29:19] [API] request start agent=Claim Agent attempt=1/8 prompt_chars=8712[2026-07-03 21:29:19] [API] request start agent=Claim Agent attempt=1/8 prompt_chars=8712

[2026-07-03 21:29:24] [API] request success agent=Claim Agent attempt=1/8 elapsed=5.0s raw_chars=1889
[2026-07-03 21:29:25] [API] request success agent=Claim Agent attempt=1/8 elapsed=6.0s raw_chars=2531
[2026-07-03 21:29:26] [API] request success agent=Claim Agent attempt=1/8 elapsed=6.7s raw_chars=2558
[2026-07-03 21:29:27] [API] request success agent=Claim Agent attempt=1/8 elapsed=8.1s raw_chars=3274
[2026-07-03 21:29:28] [API] request start agent=Review Manager Agent attempt=1/8 prompt_chars=9280[2026-07-03 21:29:28] [API] request start agent=Review Manager Agent attempt=1/8 prompt_chars=9280
[2026-07-03 21:29:28] [API] request start agent=Review Manager Agent attempt=1/8 prompt_chars=9285
[2026-07-03 21:29:28] [API] request start agent=Review Manager Agent attempt=1/8 prompt_chars=9278

[2026-07-03 21:29:34] [API] request success agent=Review Manager Agent attempt=1/8 elapsed=6.9s raw_chars=3154
[2026-07-03 21:29:35] [API] request success agent=Review Manager Agent attempt=1/8 elapsed=7.2s raw_chars=3363
[2026-07-03 21:29:37] [API] request success agent=Review Manager Agent attempt=1/8 elapsed=8.9s raw_chars=3769
[2026-07-03 21:29:39] [API] request success agent=Review Manager Agent attempt=1/8 elapsed=11.0s raw_chars=5588
[2026-07-03 21:29:39] [API] request start agent=Evidence Agent attempt=1/8 prompt_chars=7825[2026-07-03 21:29:39] [API] request start agent=Evidence Agent attempt=1/8 prompt_chars=7825

[2026-07-03 21:29:39] [API] request start agent=Evidence Agent attempt=1/8 prompt_chars=7826
[2026-07-03 21:29:43] [API] request success agent=Evidence Agent attempt=1/8 elapsed=3.4s raw_chars=1317
[2026-07-03 21:29:43] [API] request success agent=Evidence Agent attempt=1/8 elapsed=4.1s raw_chars=1700
[2026-07-03 21:29:45] [API] request success agent=Evidence Agent attempt=1/8 elapsed=5.6s raw_chars=2513
[2026-07-03 21:29:45] [API] request start agent=Critique Agent attempt=1/8 prompt_chars=12349
[2026-07-03 21:30:00] [API] request success agent=Critique Agent attempt=1/8 elapsed=14.7s raw_chars=6858
[2026-07-03 21:30:01] [API] request start agent=Review Manager Agent attempt=1/8 prompt_chars=9284
[2026-07-03 21:30:01] [API] request start agent=Review Manager Agent attempt=1/8 prompt_chars=9284
[2026-07-03 21:30:01] [API] request start agent=Review Manager Agent attempt=1/8 prompt_chars=9285[2026-07-03 21:30:01] [API] request start agent=Review Manager Agent attempt=1/8 prompt_chars=9285

[2026-07-03 21:30:09] [API] request success agent=Review Manager Agent attempt=1/8 elapsed=8.5s raw_chars=3689
[2026-07-03 21:30:10] [API] request success agent=Review Manager Agent attempt=1/8 elapsed=9.1s raw_chars=4140
[2026-07-03 21:30:10] [API] request success agent=Review Manager Agent attempt=1/8 elapsed=9.1s raw_chars=3990
[2026-07-03 21:30:15] [API] request success agent=Review Manager Agent attempt=1/8 elapsed=13.9s raw_chars=4211
[2026-07-03 21:30:16] [API] request start agent=Critique Agent attempt=1/8 prompt_chars=12350
[2026-07-03 21:30:16] [API] request start agent=Critique Agent attempt=1/8 prompt_chars=12350[2026-07-03 21:30:16] [API] request start agent=Critique Agent attempt=1/8 prompt_chars=8029

[2026-07-03 21:30:16] [API] request start agent=Critique Agent attempt=1/8 prompt_chars=11673
[2026-07-03 21:30:17] [API] request success agent=Critique Agent attempt=1/8 elapsed=1.8s raw_chars=433
[2026-07-03 21:30:18] [API] request success agent=Critique Agent attempt=1/8 elapsed=2.5s raw_chars=593
[2026-07-03 21:30:25] [API] request success agent=Critique Agent attempt=1/8 elapsed=9.1s raw_chars=4092
[2026-07-03 21:30:29] [API] request success agent=Critique Agent attempt=1/8 elapsed=13.3s raw_chars=6174
[2026-07-03 21:30:29] [API] request start agent=Evidence Agent attempt=1/8 prompt_chars=8550
[2026-07-03 21:30:33] [API] request success agent=Evidence Agent attempt=1/8 elapsed=3.8s raw_chars=1659
[2026-07-03 21:30:35] [API] request start agent=Review Manager Agent attempt=1/8 prompt_chars=9285[2026-07-03 21:30:35] [API] request start agent=Review Manager Agent attempt=1/8 prompt_chars=9285

[2026-07-03 21:30:35] [API] request start agent=Review Manager Agent attempt=1/8 prompt_chars=9285[2026-07-03 21:30:35] [API] request start agent=Review Manager Agent attempt=1/8 prompt_chars=9285

[2026-07-03 21:30:43] [API] request success agent=Review Manager Agent attempt=1/8 elapsed=7.8s raw_chars=3382
[2026-07-03 21:30:43] [API] request success agent=Review Manager Agent attempt=1/8 elapsed=8.3s raw_chars=3706
[2026-07-03 21:30:44] [API] request success agent=Review Manager Agent attempt=1/8 elapsed=8.8s raw_chars=4006
[2026-07-03 21:30:44] [API] request success agent=Review Manager Agent attempt=1/8 elapsed=9.5s raw_chars=4318
[2026-07-03 21:30:49] [API] request start agent=Evidence Agent attempt=1/8 prompt_chars=8593
[2026-07-03 21:30:49] [API] request start agent=Evidence Agent attempt=1/8 prompt_chars=7826
[2026-07-03 21:30:53] [API] request success agent=Evidence Agent attempt=1/8 elapsed=3.8s raw_chars=1588
[2026-07-03 21:30:56] [API] request success agent=Evidence Agent attempt=1/8 elapsed=6.8s raw_chars=2375
[2026-07-03 21:30:56] [API] request start agent=Critique Agent attempt=1/8 prompt_chars=8030[2026-07-03 21:30:56] [API] request start agent=Critique Agent attempt=1/8 prompt_chars=8030

[2026-07-03 21:30:58] [API] request success agent=Critique Agent attempt=1/8 elapsed=1.9s raw_chars=619
[2026-07-03 21:30:58] [API] request success agent=Critique Agent attempt=1/8 elapsed=2.0s raw_chars=706
[2026-07-03 21:31:02] [API] request start agent=Evidence Agent attempt=1/8 prompt_chars=8754[2026-07-03 21:31:02] [API] request start agent=Evidence Agent attempt=1/8 prompt_chars=8754

[2026-07-03 21:31:03] [API] request success agent=Evidence Agent attempt=1/8 elapsed=1.7s raw_chars=442
[2026-07-03 21:31:04] [API] request success agent=Evidence Agent attempt=1/8 elapsed=2.6s raw_chars=525
[2026-07-03 21:31:12] [API] request start agent=Review Manager Agent attempt=1/8 prompt_chars=9285
[2026-07-03 21:31:12] [API] request start agent=Review Manager Agent attempt=1/8 prompt_chars=9285[2026-07-03 21:31:12] [API] request start agent=Review Manager Agent attempt=1/8 prompt_chars=9285[2026-07-03 21:31:12] [API] request start agent=Review Manager Agent attempt=1/8 prompt_chars=9285


[2026-07-03 21:31:20] [API] request success agent=Review Manager Agent attempt=1/8 elapsed=7.8s raw_chars=3422
[2026-07-03 21:31:20] [API] request success agent=Review Manager Agent attempt=1/8 elapsed=8.0s raw_chars=3290
[2026-07-03 21:31:22] [API] request success agent=Review Manager Agent attempt=1/8 elapsed=10.0s raw_chars=4467
[2026-07-03 21:31:25] [API] request success agent=Review Manager Agent attempt=1/8 elapsed=12.6s raw_chars=5070
[2026-07-03 21:31:28] [API] request start agent=Evidence Agent attempt=1/8 prompt_chars=7826
[2026-07-03 21:31:28] [API] request start agent=Evidence Agent attempt=1/8 prompt_chars=7825
[2026-07-03 21:31:32] [API] request success agent=Evidence Agent attempt=1/8 elapsed=3.7s raw_chars=1127
[2026-07-03 21:31:34] [API] request success agent=Evidence Agent attempt=1/8 elapsed=5.7s raw_chars=2555
[2026-07-03 21:31:34] [API] request start agent=Critique Agent attempt=1/8 prompt_chars=11673[2026-07-03 21:31:34] [API] request start agent=Critique Agent attempt=1/8 prompt_chars=11673

[2026-07-03 21:31:36] [API] request success agent=Critique Agent attempt=1/8 elapsed=2.3s raw_chars=527
[2026-07-03 21:31:38] [API] request success agent=Critique Agent attempt=1/8 elapsed=4.4s raw_chars=1571
[2026-07-03 21:31:43] [API] request start agent=Review Manager Agent attempt=1/8 prompt_chars=9284
[2026-07-03 21:31:43] [API] request start agent=Review Manager Agent attempt=1/8 prompt_chars=9285[2026-07-03 21:31:43] [API] request start agent=Review Manager Agent attempt=1/8 prompt_chars=9285

[2026-07-03 21:31:43] [API] request start agent=Review Manager Agent attempt=1/8 prompt_chars=9285
[2026-07-03 21:31:50] [API] request success agent=Review Manager Agent attempt=1/8 elapsed=6.5s raw_chars=3038
[2026-07-03 21:31:51] [API] request success agent=Review Manager Agent attempt=1/8 elapsed=7.1s raw_chars=3141
[2026-07-03 21:31:52] [API] request success agent=Review Manager Agent attempt=1/8 elapsed=8.5s raw_chars=4256
[2026-07-03 21:31:54] [API] request success agent=Review Manager Agent attempt=1/8 elapsed=10.5s raw_chars=4596
[2026-07-03 21:31:57] [API] request start agent=Critique Agent attempt=1/8 prompt_chars=8029
[2026-07-03 21:31:59] [API] request success agent=Critique Agent attempt=1/8 elapsed=2.0s raw_chars=641
[2026-07-03 21:31:59] [API] request start agent=Evidence Agent attempt=1/8 prompt_chars=7826
[2026-07-03 21:31:59] [API] request start agent=Evidence Agent attempt=1/8 prompt_chars=7825[2026-07-03 21:31:59] [API] request start agent=Evidence Agent attempt=1/8 prompt_chars=7825

[2026-07-03 21:32:02] [API] request success agent=Evidence Agent attempt=1/8 elapsed=2.6s raw_chars=829
[2026-07-03 21:32:03] [API] request success agent=Evidence Agent attempt=1/8 elapsed=3.7s raw_chars=1231
[2026-07-03 21:32:03] [API] request success agent=Evidence Agent attempt=1/8 elapsed=3.9s raw_chars=1523
[2026-07-03 21:32:03] [API] request start agent=Evidence Agent attempt=1/8 prompt_chars=8753
[2026-07-03 21:32:05] [API] request success agent=Evidence Agent attempt=1/8 elapsed=2.2s raw_chars=390
[2026-07-03 21:32:11] [API] request start agent=Review Manager Agent attempt=1/8 prompt_chars=9282
[2026-07-03 21:32:11] [API] request start agent=Review Manager Agent attempt=1/8 prompt_chars=9285[2026-07-03 21:32:11] [API] request start agent=Review Manager Agent attempt=1/8 prompt_chars=9284[2026-07-03 21:32:11] [API] request start agent=Review Manager Agent attempt=1/8 prompt_chars=9285


[2026-07-03 21:32:18] [API] request success agent=Review Manager Agent attempt=1/8 elapsed=7.3s raw_chars=3362
[2026-07-03 21:32:20] [API] request success agent=Review Manager Agent attempt=1/8 elapsed=9.3s raw_chars=4150
[2026-07-03 21:32:23] [API] request success agent=Review Manager Agent attempt=1/8 elapsed=12.5s raw_chars=5604
[2026-07-03 21:32:24] [API] request success agent=Review Manager Agent attempt=1/8 elapsed=13.9s raw_chars=6279
[2026-07-03 21:32:28] [API] request start agent=Critique Agent attempt=1/8 prompt_chars=11673
[2026-07-03 21:32:28] [API] request start agent=Critique Agent attempt=1/8 prompt_chars=8030
[2026-07-03 21:32:28] [API] request start agent=Critique Agent attempt=1/8 prompt_chars=8030[2026-07-03 21:32:28] [API] request start agent=Critique Agent attempt=1/8 prompt_chars=8030

[2026-07-03 21:32:29] [API] request success agent=Critique Agent attempt=1/8 elapsed=1.6s raw_chars=345
[2026-07-03 21:32:30] [API] request success agent=Critique Agent attempt=1/8 elapsed=2.1s raw_chars=576
[2026-07-03 21:32:30] [API] request success agent=Critique Agent attempt=1/8 elapsed=2.4s raw_chars=455
[2026-07-03 21:32:33] [API] request success agent=Critique Agent attempt=1/8 elapsed=5.4s raw_chars=2291
[2026-07-03 21:32:40] [API] request start agent=Evidence Agent attempt=1/8 prompt_chars=8753
[2026-07-03 21:32:40] [API] request start agent=Evidence Agent attempt=1/8 prompt_chars=8754[2026-07-03 21:32:40] [API] request start agent=Evidence Agent attempt=1/8 prompt_chars=8754

[2026-07-03 21:32:41] [API] request success agent=Evidence Agent attempt=1/8 elapsed=1.6s raw_chars=388
[2026-07-03 21:32:42] [API] request success agent=Evidence Agent attempt=1/8 elapsed=2.0s raw_chars=472
[2026-07-03 21:32:42] [API] request success agent=Evidence Agent attempt=1/8 elapsed=2.2s raw_chars=770
[review_reward][unknown][9zEBK3E9bX] reward=0.6884 breakdown={'decision': 0.0, 'section_presence': 1.0, 'length_score': 1.0, 'summary_align': 0.5347, 'strength_align': 0.4225, 'weakness_align': 0.3185, 'suggestion_align': 0.5852, 'global_align': 0.3285, 'critique': 1.0, 'stance_align': 0.78, 'rating_align': 0.0, 'decision_line_bonus': 0.0, 'audit_id_leak_penalty': 0.0, 'penalty': 0.0, 'total': 0.6884, 'es_coverage': 1.0, 'es_depth': 0.875, 'es_empirical': 0.75, 'es_independent': 0.5, 'es_flaw_density': 0.0, 'es_support_volume': 0.75, 'evidence_support_score': 0.7125}
[review_reward][unknown][XyB4VvF01X] reward=0.5933 breakdown={'decision': 0.0, 'section_presence': 1.0, 'length_score': 1.0, 'summary_align': 0.4509, 'strength_align': 0.3234, 'weakness_align': 0.2344, 'suggestion_align': 0.312, 'global_align': 0.2873, 'critique': 1.0, 'stance_align': 0.7454, 'rating_align': 0.0, 'decision_line_bonus': 0.0, 'audit_id_leak_penalty': 0.0, 'penalty': 0.0, 'total': 0.5933, 'es_coverage': 0.6667, 'es_depth': 0.6667, 'es_empirical': 0.6667, 'es_independent': 0.6667, 'es_flaw_density': 0.0, 'es_support_volume': 0.6667, 'evidence_support_score': 0.5667}
[review_reward][unknown][GE6iywJtsV] reward=0.5622 breakdown={'decision': 0.0, 'section_presence': 1.0, 'length_score': 0.8792, 'summary_align': 0.5684, 'strength_align': 0.4558, 'weakness_align': 0.3065, 'suggestion_align': 0.5351, 'global_align': 0.3701, 'critique': 1.0, 'stance_align': 0.6492, 'rating_align': 0.0, 'decision_line_bonus': 0.0, 'audit_id_leak_penalty': 0.0, 'penalty': 0.0, 'total': 0.5622, 'es_coverage': 0.5, 'es_depth': 0.375, 'es_empirical': 0.25, 'es_independent': 0.0, 'es_flaw_density': 1.0, 'es_support_volume': 0.25, 'evidence_support_score': 0.4375}
[review_reward][unknown][WpXq5n8yLb] reward=0.6191 breakdown={'decision': 0.0, 'section_presence': 1.0, 'length_score': 0.8917, 'summary_align': 0.425, 'strength_align': 0.2589, 'weakness_align': 0.2052, 'suggestion_align': 1.0, 'global_align': 0.2211, 'critique': 1.0, 'stance_align': 0.7765, 'rating_align': 0.0, 'decision_line_bonus': 0.0, 'audit_id_leak_penalty': 0.0, 'penalty': 0.0, 'total': 0.6191, 'es_coverage': 0.5, 'es_depth': 0.5, 'es_empirical': 0.5, 'es_independent': 0.5, 'es_flaw_density': 1.0, 'es_support_volume': 0.5, 'evidence_support_score': 0.575}
{"paper_id": "9zEBK3E9bX", "mode": "s4", "reward": 0.6884001921057421, "final_decision": "reject", "model_adapter_mode": "small_model"}
{"paper_id": "XyB4VvF01X", "mode": "s4", "reward": 0.593315749032082, "final_decision": "reject", "model_adapter_mode": "small_model"}
{"paper_id": "GE6iywJtsV", "mode": "s4", "reward": 0.5622050555129876, "final_decision": "reject", "model_adapter_mode": "small_model"}
{"paper_id": "WpXq5n8yLb", "mode": "s4", "reward": 0.6190845815134913, "final_decision": "reject", "model_adapter_mode": "small_model"}
[2026-07-03 21:33:03] [API] request start agent=Review Manager Agent attempt=1/8 prompt_chars=7991[2026-07-03 21:33:03] [API] request start agent=Review Manager Agent attempt=1/8 prompt_chars=7991

[2026-07-03 21:33:03] [API] request start agent=Review Manager Agent attempt=1/8 prompt_chars=7991
[2026-07-03 21:33:03] [API] request start agent=Review Manager Agent attempt=1/8 prompt_chars=7991
[2026-07-03 21:33:07] [API] request success agent=Review Manager Agent attempt=1/8 elapsed=3.4s raw_chars=1012
[2026-07-03 21:33:07] [API] request success agent=Review Manager Agent attempt=1/8 elapsed=3.4s raw_chars=1236
[2026-07-03 21:33:07] [API] request success agent=Review Manager Agent attempt=1/8 elapsed=3.8s raw_chars=1462
[2026-07-03 21:33:08] [API] request success agent=Review Manager Agent attempt=1/8 elapsed=4.3s raw_chars=1121
[2026-07-03 21:33:08] [API] request start agent=Claim Agent attempt=1/8 prompt_chars=8711[2026-07-03 21:33:08] [API] request start agent=Claim Agent attempt=1/8 prompt_chars=8712
[2026-07-03 21:33:08] [API] request start agent=Claim Agent attempt=1/8 prompt_chars=8711
[2026-07-03 21:33:08] [API] request start agent=Claim Agent attempt=1/8 prompt_chars=8712

[2026-07-03 21:33:13] [API] request success agent=Claim Agent attempt=1/8 elapsed=4.9s raw_chars=2206
[2026-07-03 21:33:14] [API] request success agent=Claim Agent attempt=1/8 elapsed=5.6s raw_chars=2494
[2026-07-03 21:33:14] [API] request success agent=Claim Agent attempt=1/8 elapsed=6.0s raw_chars=2638
[2026-07-03 21:33:16] [API] request success agent=Claim Agent attempt=1/8 elapsed=7.9s raw_chars=3693
[2026-07-03 21:33:17] [API] request start agent=Review Manager Agent attempt=1/8 prompt_chars=9285[2026-07-03 21:33:17] [API] request start agent=Review Manager Agent attempt=1/8 prompt_chars=9285
[2026-07-03 21:33:17] [API] request start agent=Review Manager Agent attempt=1/8 prompt_chars=9285

[2026-07-03 21:33:17] [API] request start agent=Review Manager Agent attempt=1/8 prompt_chars=9279
[2026-07-03 21:33:23] [API] request success agent=Review Manager Agent attempt=1/8 elapsed=6.8s raw_chars=3365
[2026-07-03 21:33:25] [API] request success agent=Review Manager Agent attempt=1/8 elapsed=7.9s raw_chars=3328
[2026-07-03 21:33:25] [API] request success agent=Review Manager Agent attempt=1/8 elapsed=7.9s raw_chars=3610
[2026-07-03 21:33:26] [API] request success agent=Review Manager Agent attempt=1/8 elapsed=9.5s raw_chars=3773
[2026-07-03 21:33:27] [API] request start agent=Critique Agent attempt=1/8 prompt_chars=11673
[2026-07-03 21:33:27] [API] request start agent=Critique Agent attempt=1/8 prompt_chars=12350
[2026-07-03 21:33:30] [API] request success agent=Critique Agent attempt=1/8 elapsed=3.5s raw_chars=1448
[2026-07-03 21:33:39] [API] request success agent=Critique Agent attempt=1/8 elapsed=12.6s raw_chars=5760
[2026-07-03 21:33:39] [API] request start agent=Evidence Agent attempt=1/8 prompt_chars=7826[2026-07-03 21:33:39] [API] request start agent=Evidence Agent attempt=1/8 prompt_chars=7826

[2026-07-03 21:33:43] [API] request success agent=Evidence Agent attempt=1/8 elapsed=3.8s raw_chars=1704
[2026-07-03 21:33:45] [API] request success agent=Evidence Agent attempt=1/8 elapsed=5.4s raw_chars=1869
[2026-07-03 21:33:46] [API] request start agent=Review Manager Agent attempt=1/8 prompt_chars=9285
[2026-07-03 21:33:46] [API] request start agent=Review Manager Agent attempt=1/8 prompt_chars=9285
[2026-07-03 21:33:46] [API] request start agent=Review Manager Agent attempt=1/8 prompt_chars=9285[2026-07-03 21:33:46] [API] request start agent=Review Manager Agent attempt=1/8 prompt_chars=9285

[2026-07-03 21:33:54] [API] request success agent=Review Manager Agent attempt=1/8 elapsed=8.0s raw_chars=3816
[2026-07-03 21:33:54] [API] request success agent=Review Manager Agent attempt=1/8 elapsed=8.3s raw_chars=3702
[2026-07-03 21:33:55] [API] request success agent=Review Manager Agent attempt=1/8 elapsed=8.7s raw_chars=3741
[2026-07-03 21:33:55] [API] request success agent=Review Manager Agent attempt=1/8 elapsed=8.9s raw_chars=3783
[2026-07-03 21:33:56] [API] request start agent=Critique Agent attempt=1/8 prompt_chars=12350[2026-07-03 21:33:56] [API] request start agent=Critique Agent attempt=1/8 prompt_chars=12348

[2026-07-03 21:33:58] [API] request success agent=Critique Agent attempt=1/8 elapsed=2.3s raw_chars=946
[2026-07-03 21:34:02] [API] request success agent=Critique Agent attempt=1/8 elapsed=6.4s raw_chars=3618
[2026-07-03 21:34:02] [API] request start agent=Evidence Agent attempt=1/8 prompt_chars=8593
[2026-07-03 21:34:02] [API] request start agent=Evidence Agent attempt=1/8 prompt_chars=7826
[2026-07-03 21:34:04] [API] request success agent=Evidence Agent attempt=1/8 elapsed=1.9s raw_chars=757
[2026-07-03 21:34:05] [API] request success agent=Evidence Agent attempt=1/8 elapsed=3.0s raw_chars=1325
[2026-07-03 21:34:06] [API] request start agent=Review Manager Agent attempt=1/8 prompt_chars=9285
[2026-07-03 21:34:06] [API] request start agent=Review Manager Agent attempt=1/8 prompt_chars=9285
[2026-07-03 21:34:06] [API] request start agent=Review Manager Agent attempt=1/8 prompt_chars=9284
[2026-07-03 21:34:06] [API] request start agent=Review Manager Agent attempt=1/8 prompt_chars=9285
[2026-07-03 21:34:14] [API] request success agent=Review Manager Agent attempt=1/8 elapsed=7.6s raw_chars=3617
[2026-07-03 21:34:16] [API] request success agent=Review Manager Agent attempt=1/8 elapsed=9.1s raw_chars=3557
[2026-07-03 21:34:16] [API] request success agent=Review Manager Agent attempt=1/8 elapsed=9.4s raw_chars=4174
[2026-07-03 21:34:18] [API] request success agent=Review Manager Agent attempt=1/8 elapsed=11.2s raw_chars=5098
[2026-07-03 21:34:19] [API] request start agent=Evidence Agent attempt=1/8 prompt_chars=8593
[2026-07-03 21:34:22] [API] request success agent=Evidence Agent attempt=1/8 elapsed=2.5s raw_chars=754
[2026-07-03 21:34:22] [API] request start agent=Critique Agent attempt=1/8 prompt_chars=8030[2026-07-03 21:34:22] [API] request start agent=Critique Agent attempt=1/8 prompt_chars=8026

[2026-07-03 21:34:22] [API] request start agent=Critique Agent attempt=1/8 prompt_chars=11673
[2026-07-03 21:34:24] [API] request success agent=Critique Agent attempt=1/8 elapsed=1.9s raw_chars=498
[2026-07-03 21:34:24] [API] request success agent=Critique Agent attempt=1/8 elapsed=2.3s raw_chars=626
[2026-07-03 21:34:26] [API] request success agent=Critique Agent attempt=1/8 elapsed=3.9s raw_chars=1525
[2026-07-03 21:34:27] [API] request start agent=Evidence Agent attempt=1/8 prompt_chars=8754
[2026-07-03 21:34:27] [API] request start agent=Evidence Agent attempt=1/8 prompt_chars=8754
[2026-07-03 21:34:29] [API] request success agent=Evidence Agent attempt=1/8 elapsed=1.5s raw_chars=448
[2026-07-03 21:34:29] [API] request success agent=Evidence Agent attempt=1/8 elapsed=2.3s raw_chars=419
[2026-07-03 21:34:33] [API] request start agent=Review Manager Agent attempt=1/8 prompt_chars=9285
[2026-07-03 21:34:33] [API] request start agent=Review Manager Agent attempt=1/8 prompt_chars=9285[2026-07-03 21:34:33] [API] request start agent=Review Manager Agent attempt=1/8 prompt_chars=9282[2026-07-03 21:34:33] [API] request start agent=Review Manager Agent attempt=1/8 prompt_chars=9285


[2026-07-03 21:34:40] [API] request success agent=Review Manager Agent attempt=1/8 elapsed=7.6s raw_chars=3573
[2026-07-03 21:34:41] [API] request success agent=Review Manager Agent attempt=1/8 elapsed=8.1s raw_chars=3652
[2026-07-03 21:34:42] [API] request success agent=Review Manager Agent attempt=1/8 elapsed=8.8s raw_chars=4061
[2026-07-03 21:34:42] [API] request success agent=Review Manager Agent attempt=1/8 elapsed=9.1s raw_chars=4207
[2026-07-03 21:34:43] [API] request start agent=Evidence Agent attempt=1/8 prompt_chars=7826[2026-07-03 21:34:43] [API] request start agent=Evidence Agent attempt=1/8 prompt_chars=7826
[2026-07-03 21:34:43] [API] request start agent=Evidence Agent attempt=1/8 prompt_chars=7826

[2026-07-03 21:34:44] [API] request success agent=Evidence Agent attempt=1/8 elapsed=0.9s raw_chars=200
[2026-07-03 21:34:45] [API] request success agent=Evidence Agent attempt=1/8 elapsed=2.2s raw_chars=679
[2026-07-03 21:34:48] [API] request success agent=Evidence Agent attempt=1/8 elapsed=5.4s raw_chars=2339
[2026-07-03 21:34:49] [API] request start agent=Critique Agent attempt=1/8 prompt_chars=11673
[2026-07-03 21:34:51] [API] request success agent=Critique Agent attempt=1/8 elapsed=2.7s raw_chars=827
[2026-07-03 21:34:53] [API] request start agent=Review Manager Agent attempt=1/8 prompt_chars=9284
[2026-07-03 21:34:53] [API] request start agent=Review Manager Agent attempt=1/8 prompt_chars=9285
[2026-07-03 21:34:53] [API] request start agent=Review Manager Agent attempt=1/8 prompt_chars=9285
[2026-07-03 21:34:53] [API] request start agent=Review Manager Agent attempt=1/8 prompt_chars=9285
[2026-07-03 21:35:01] [API] request success agent=Review Manager Agent attempt=1/8 elapsed=7.6s raw_chars=3610
[2026-07-03 21:35:04] [API] request success agent=Review Manager Agent attempt=1/8 elapsed=10.5s raw_chars=4244
[2026-07-03 21:35:04] [API] request success agent=Review Manager Agent attempt=1/8 elapsed=10.9s raw_chars=4394
[2026-07-03 21:35:06] [API] request success agent=Review Manager Agent attempt=1/8 elapsed=12.6s raw_chars=5711
[2026-07-03 21:35:08] [API] request start agent=Critique Agent attempt=1/8 prompt_chars=11667[2026-07-03 21:35:08] [API] request start agent=Critique Agent attempt=1/8 prompt_chars=11673

[2026-07-03 21:35:08] [API] request start agent=Critique Agent attempt=1/8 prompt_chars=8029
[2026-07-03 21:35:10] [API] request success agent=Critique Agent attempt=1/8 elapsed=1.9s raw_chars=404
[2026-07-03 21:35:10] [API] request success agent=Critique Agent attempt=1/8 elapsed=2.5s raw_chars=683
[2026-07-03 21:35:13] [API] request success agent=Critique Agent attempt=1/8 elapsed=5.0s raw_chars=1805
[2026-07-03 21:35:14] [API] request start agent=Evidence Agent attempt=1/8 prompt_chars=7822
[2026-07-03 21:35:21] [API] request success agent=Evidence Agent attempt=1/8 elapsed=7.1s raw_chars=2832
[2026-07-03 21:35:22] [API] request start agent=Evidence Agent attempt=1/8 prompt_chars=8753
[2026-07-03 21:35:24] [API] request success agent=Evidence Agent attempt=1/8 elapsed=2.0s raw_chars=502
[2026-07-03 21:35:29] [API] request start agent=Review Manager Agent attempt=1/8 prompt_chars=9285
[2026-07-03 21:35:29] [API] request start agent=Review Manager Agent attempt=1/8 prompt_chars=9285[2026-07-03 21:35:29] [API] request start agent=Review Manager Agent attempt=1/8 prompt_chars=9285

[2026-07-03 21:35:29] [API] request start agent=Review Manager Agent attempt=1/8 prompt_chars=9285
[2026-07-03 21:35:38] [API] request success agent=Review Manager Agent attempt=1/8 elapsed=9.1s raw_chars=3775
[2026-07-03 21:35:38] [API] request success agent=Review Manager Agent attempt=1/8 elapsed=9.1s raw_chars=4447
[2026-07-03 21:35:39] [API] request success agent=Review Manager Agent attempt=1/8 elapsed=9.7s raw_chars=4488
[2026-07-03 21:35:44] [API] request success agent=Review Manager Agent attempt=1/8 elapsed=14.5s raw_chars=6641
[2026-07-03 21:35:45] [API] request start agent=Evidence Agent attempt=1/8 prompt_chars=7817[2026-07-03 21:35:45] [API] request start agent=Evidence Agent attempt=1/8 prompt_chars=7826

[2026-07-03 21:35:49] [API] request success agent=Evidence Agent attempt=1/8 elapsed=3.8s raw_chars=1250
[2026-07-03 21:35:50] [API] request success agent=Evidence Agent attempt=1/8 elapsed=4.7s raw_chars=1886
[2026-07-03 21:35:50] [API] request start agent=Critique Agent attempt=1/8 prompt_chars=8030[2026-07-03 21:35:50] [API] request start agent=Critique Agent attempt=1/8 prompt_chars=8030

[2026-07-03 21:35:51] [API] request success agent=Critique Agent attempt=1/8 elapsed=1.7s raw_chars=471
[2026-07-03 21:35:51] [API] request success agent=Critique Agent attempt=1/8 elapsed=1.8s raw_chars=556
[2026-07-03 21:35:52] [API] request start agent=Evidence Agent attempt=1/8 prompt_chars=8754[2026-07-03 21:35:52] [API] request start agent=Evidence Agent attempt=1/8 prompt_chars=8754

[2026-07-03 21:35:54] [API] request success agent=Evidence Agent attempt=1/8 elapsed=1.7s raw_chars=450
[2026-07-03 21:35:54] [API] request success agent=Evidence Agent attempt=1/8 elapsed=1.8s raw_chars=528
{"paper_id": "NnExMNiTHw", "mode": "s4", "reward": 0.5090910869921097, "final_decision": "reject", "model_adapter_mode": "small_model"}
{"paper_id": "a6SntIisgg", "mode": "s4", "reward": 0.3891870945012496, "final_decision": "reject", "model_adapter_mode": "small_model"}
{"paper_id": "cklg91aPGk", "mode": "s4", "reward": 0.6856910759853377, "final_decision": "reject", "model_adapter_mode": "small_model"}
{"paper_id": "HPuLU6q7xq", "mode": "s4", "reward": 0.4592063848846254, "final_decision": "reject", "model_adapter_mode": "small_model"}
[2026-07-03 21:35:58] [API] request start agent=Review Manager Agent attempt=1/8 prompt_chars=7991[2026-07-03 21:35:58] [API] request start agent=Review Manager Agent attempt=1/8 prompt_chars=7991

[2026-07-03 21:35:58] [API] request start agent=Review Manager Agent attempt=1/8 prompt_chars=7991
[2026-07-03 21:35:58] [API] request start agent=Review Manager Agent attempt=1/8 prompt_chars=7991
[2026-07-03 21:36:01] [API] request success agent=Review Manager Agent attempt=1/8 elapsed=3.1s raw_chars=1090
[2026-07-03 21:36:01] [API] request success agent=Review Manager Agent attempt=1/8 elapsed=3.3s raw_chars=1166
[2026-07-03 21:36:01] [API] request success agent=Review Manager Agent attempt=1/8 elapsed=3.5s raw_chars=1314
[2026-07-03 21:36:01] [API] request success agent=Review Manager Agent attempt=1/8 elapsed=3.6s raw_chars=1477
[2026-07-03 21:36:01] [API] request start agent=Claim Agent attempt=1/8 prompt_chars=8712
[2026-07-03 21:36:01] [API] request start agent=Claim Agent attempt=1/8 prompt_chars=8712[2026-07-03 21:36:01] [API] request start agent=Claim Agent attempt=1/8 prompt_chars=8712

[2026-07-03 21:36:01] [API] request start agent=Claim Agent attempt=1/8 prompt_chars=8712
[2026-07-03 21:36:07] [API] request success agent=Claim Agent attempt=1/8 elapsed=5.1s raw_chars=2206
[2026-07-03 21:36:07] [API] request success agent=Claim Agent attempt=1/8 elapsed=5.5s raw_chars=2656
[2026-07-03 21:36:07] [API] request success agent=Claim Agent attempt=1/8 elapsed=5.6s raw_chars=2453
[2026-07-03 21:36:08] [API] request success agent=Claim Agent attempt=1/8 elapsed=6.8s raw_chars=3151
[2026-07-03 21:36:09] [API] request start agent=Review Manager Agent attempt=1/8 prompt_chars=9285[2026-07-03 21:36:09] [API] request start agent=Review Manager Agent attempt=1/8 prompt_chars=9285
[2026-07-03 21:36:09] [API] request start agent=Review Manager Agent attempt=1/8 prompt_chars=9285
[2026-07-03 21:36:09] [API] request start agent=Review Manager Agent attempt=1/8 prompt_chars=9285

[2026-07-03 21:36:16] [API] request success agent=Review Manager Agent attempt=1/8 elapsed=6.5s raw_chars=2898
[2026-07-03 21:36:16] [API] request success agent=Review Manager Agent attempt=1/8 elapsed=6.7s raw_chars=3278
[2026-07-03 21:36:16] [API] request success agent=Review Manager Agent attempt=1/8 elapsed=6.7s raw_chars=3072
[2026-07-03 21:36:19] [API] request success agent=Review Manager Agent attempt=1/8 elapsed=9.3s raw_chars=4299
[2026-07-03 21:36:21] [API] request start agent=Critique Agent attempt=1/8 prompt_chars=11672
[2026-07-03 21:36:21] [API] request start agent=Critique Agent attempt=1/8 prompt_chars=11673[2026-07-03 21:36:21] [API] request start agent=Critique Agent attempt=1/8 prompt_chars=11673

[2026-07-03 21:36:24] [API] request success agent=Critique Agent attempt=1/8 elapsed=2.7s raw_chars=910
[2026-07-03 21:36:25] [API] request success agent=Critique Agent attempt=1/8 elapsed=3.8s raw_chars=1464
[2026-07-03 21:36:26] [API] request success agent=Critique Agent attempt=1/8 elapsed=4.3s raw_chars=1785
[2026-07-03 21:36:26] [API] request start agent=Evidence Agent attempt=1/8 prompt_chars=7826
[2026-07-03 21:36:31] [API] request success agent=Evidence Agent attempt=1/8 elapsed=5.0s raw_chars=2284
[2026-07-03 21:36:34] [API] request start agent=Review Manager Agent attempt=1/8 prompt_chars=9285
[2026-07-03 21:36:34] [API] request start agent=Review Manager Agent attempt=1/8 prompt_chars=9285[2026-07-03 21:36:34] [API] request start agent=Review Manager Agent attempt=1/8 prompt_chars=9279[2026-07-03 21:36:34] [API] request start agent=Review Manager Agent attempt=1/8 prompt_chars=9285


[2026-07-03 21:36:41] [API] request success agent=Review Manager Agent attempt=1/8 elapsed=7.4s raw_chars=3410
[2026-07-03 21:36:42] [API] request success agent=Review Manager Agent attempt=1/8 elapsed=7.9s raw_chars=3233
[2026-07-03 21:36:42] [API] request success agent=Review Manager Agent attempt=1/8 elapsed=8.4s raw_chars=4060
[2026-07-03 21:36:43] [API] request success agent=Review Manager Agent attempt=1/8 elapsed=9.4s raw_chars=4084
[2026-07-03 21:36:46] [API] request start agent=Critique Agent attempt=1/8 prompt_chars=8030
[2026-07-03 21:36:46] [API] request start agent=Critique Agent attempt=1/8 prompt_chars=12348[2026-07-03 21:36:46] [API] request start agent=Critique Agent attempt=1/8 prompt_chars=11673

[2026-07-03 21:36:48] [API] request success agent=Critique Agent attempt=1/8 elapsed=1.6s raw_chars=441
[2026-07-03 21:36:49] [API] request success agent=Critique Agent attempt=1/8 elapsed=2.4s raw_chars=580
[2026-07-03 21:36:58] [API] request success agent=Critique Agent attempt=1/8 elapsed=11.7s raw_chars=5534
[2026-07-03 21:37:01] [API] request start agent=Evidence Agent attempt=1/8 prompt_chars=7826
[2026-07-03 21:37:07] [API] request success agent=Evidence Agent attempt=1/8 elapsed=6.0s raw_chars=2778
[2026-07-03 21:37:08] [API] request start agent=Evidence Agent attempt=1/8 prompt_chars=8754
[2026-07-03 21:37:08] [API] request start agent=Evidence Agent attempt=1/8 prompt_chars=11188
[2026-07-03 21:37:11] [API] request success agent=Evidence Agent attempt=1/8 elapsed=2.8s raw_chars=659
[2026-07-03 21:37:20] [API] request success agent=Evidence Agent attempt=1/8 elapsed=11.4s raw_chars=4813
[2026-07-03 21:37:25] [API] request start agent=Review Manager Agent attempt=1/8 prompt_chars=9285
[2026-07-03 21:37:25] [API] request start agent=Review Manager Agent attempt=1/8 prompt_chars=9285[2026-07-03 21:37:25] [API] request start agent=Review Manager Agent attempt=1/8 prompt_chars=9285
[2026-07-03 21:37:25] [API] request start agent=Review Manager Agent attempt=1/8 prompt_chars=9280

[2026-07-03 21:37:33] [API] request success agent=Review Manager Agent attempt=1/8 elapsed=8.6s raw_chars=4066
[2026-07-03 21:37:34] [API] request success agent=Review Manager Agent attempt=1/8 elapsed=9.0s raw_chars=4142
[2026-07-03 21:37:35] [API] request success agent=Review Manager Agent attempt=1/8 elapsed=10.1s raw_chars=4778
[2026-07-03 21:37:35] [API] request success agent=Review Manager Agent attempt=1/8 elapsed=10.5s raw_chars=4708
[2026-07-03 21:37:37] [API] request start agent=Evidence Agent attempt=1/8 prompt_chars=7826[2026-07-03 21:37:37] [API] request start agent=Evidence Agent attempt=1/8 prompt_chars=8593

[2026-07-03 21:37:39] [API] request success agent=Evidence Agent attempt=1/8 elapsed=2.0s raw_chars=473
[2026-07-03 21:37:41] [API] request success agent=Evidence Agent attempt=1/8 elapsed=3.4s raw_chars=1403
[2026-07-03 21:37:41] [API] request start agent=Critique Agent attempt=1/8 prompt_chars=8030[2026-07-03 21:37:41] [API] request start agent=Critique Agent attempt=1/8 prompt_chars=12349

[2026-07-03 21:37:44] [API] request success agent=Critique Agent attempt=1/8 elapsed=3.2s raw_chars=783
[2026-07-03 21:37:49] [API] request success agent=Critique Agent attempt=1/8 elapsed=8.7s raw_chars=4248
[2026-07-03 21:37:50] [API] request start agent=Evidence Agent attempt=1/8 prompt_chars=8754[2026-07-03 21:37:50] [API] request start agent=Evidence Agent attempt=1/8 prompt_chars=11187

[2026-07-03 21:37:56] [API] request success agent=Evidence Agent attempt=1/8 elapsed=6.0s raw_chars=1749
[2026-07-03 21:38:04] [API] request success agent=Evidence Agent attempt=1/8 elapsed=13.3s raw_chars=5966
[2026-07-03 21:38:07] [API] request start agent=Review Manager Agent attempt=1/8 prompt_chars=9285[2026-07-03 21:38:07] [API] request start agent=Review Manager Agent attempt=1/8 prompt_chars=9282

[2026-07-03 21:38:07] [API] request start agent=Review Manager Agent attempt=1/8 prompt_chars=9278[2026-07-03 21:38:07] [API] request start agent=Review Manager Agent attempt=1/8 prompt_chars=9285

[2026-07-03 21:38:15] [API] request success agent=Review Manager Agent attempt=1/8 elapsed=7.8s raw_chars=3744
[2026-07-03 21:38:15] [API] request success agent=Review Manager Agent attempt=1/8 elapsed=8.3s raw_chars=4085
[2026-07-03 21:38:16] [API] request success agent=Review Manager Agent attempt=1/8 elapsed=9.3s raw_chars=4517
[2026-07-03 21:38:17] [API] request success agent=Review Manager Agent attempt=1/8 elapsed=10.0s raw_chars=4928
[2026-07-03 21:38:21] [API] request start agent=Critique Agent attempt=1/8 prompt_chars=11673
[2026-07-03 21:38:21] [API] request start agent=Critique Agent attempt=1/8 prompt_chars=8030[2026-07-03 21:38:21] [API] request start agent=Critique Agent attempt=1/8 prompt_chars=8030

[2026-07-03 21:38:24] [API] request success agent=Critique Agent attempt=1/8 elapsed=2.4s raw_chars=752
[2026-07-03 21:38:24] [API] request success agent=Critique Agent attempt=1/8 elapsed=2.6s raw_chars=823
[2026-07-03 21:38:25] [API] request success agent=Critique Agent attempt=1/8 elapsed=3.5s raw_chars=1469
[2026-07-03 21:38:25] [API] request start agent=Evidence Agent attempt=1/8 prompt_chars=7825
[2026-07-03 21:38:32] [API] request success agent=Evidence Agent attempt=1/8 elapsed=6.4s raw_chars=2485
[2026-07-03 21:38:32] [API] request start agent=Evidence Agent attempt=1/8 prompt_chars=8754[2026-07-03 21:38:32] [API] request start agent=Evidence Agent attempt=1/8 prompt_chars=8753

[2026-07-03 21:38:34] [API] request success agent=Evidence Agent attempt=1/8 elapsed=2.0s raw_chars=652
[2026-07-03 21:38:35] [API] request success agent=Evidence Agent attempt=1/8 elapsed=2.8s raw_chars=855
[2026-07-03 21:38:44] [API] request start agent=Review Manager Agent attempt=1/8 prompt_chars=9285
[2026-07-03 21:38:44] [API] request start agent=Review Manager Agent attempt=1/8 prompt_chars=9285[2026-07-03 21:38:44] [API] request start agent=Review Manager Agent attempt=1/8 prompt_chars=9285[2026-07-03 21:38:44] [API] request start agent=Review Manager Agent attempt=1/8 prompt_chars=9285


[2026-07-03 21:38:52] [API] request success agent=Review Manager Agent attempt=1/8 elapsed=8.2s raw_chars=3465
[2026-07-03 21:38:53] [API] request success agent=Review Manager Agent attempt=1/8 elapsed=8.5s raw_chars=3894
[2026-07-03 21:38:53] [API] request success agent=Review Manager Agent attempt=1/8 elapsed=8.5s raw_chars=4078
[2026-07-03 21:38:53] [API] request success agent=Review Manager Agent attempt=1/8 elapsed=8.9s raw_chars=4024
[2026-07-03 21:38:57] [API] request start agent=Critique Agent attempt=1/8 prompt_chars=11673
[2026-07-03 21:39:02] [API] request success agent=Critique Agent attempt=1/8 elapsed=4.5s raw_chars=1927
[2026-07-03 21:39:02] [API] request start agent=Evidence Agent attempt=1/8 prompt_chars=7826[2026-07-03 21:39:02] [API] request start agent=Evidence Agent attempt=1/8 prompt_chars=7826

[2026-07-03 21:39:02] [API] request start agent=Evidence Agent attempt=1/8 prompt_chars=7826
[2026-07-03 21:39:05] [API] request success agent=Evidence Agent attempt=1/8 elapsed=3.0s raw_chars=1077
[2026-07-03 21:39:08] [API] request success agent=Evidence Agent attempt=1/8 elapsed=6.2s raw_chars=2511
[2026-07-03 21:39:09] [API] request success agent=Evidence Agent attempt=1/8 elapsed=7.1s raw_chars=2368
[2026-07-03 21:39:16] [API] request start agent=Review Manager Agent attempt=1/8 prompt_chars=9285[2026-07-03 21:39:16] [API] request start agent=Review Manager Agent attempt=1/8 prompt_chars=9285
[2026-07-03 21:39:16] [API] request start agent=Review Manager Agent attempt=1/8 prompt_chars=9285

[2026-07-03 21:39:24] [API] request success agent=Review Manager Agent attempt=1/8 elapsed=7.3s raw_chars=3417
[2026-07-03 21:39:24] [API] request success agent=Review Manager Agent attempt=1/8 elapsed=7.5s raw_chars=3179
[2026-07-03 21:39:26] [API] request success agent=Review Manager Agent attempt=1/8 elapsed=9.6s raw_chars=4547
[2026-07-03 21:39:28] [API] request start agent=Evidence Agent attempt=1/8 prompt_chars=7825
[2026-07-03 21:39:28] [API] request start agent=Evidence Agent attempt=1/8 prompt_chars=7826
[2026-07-03 21:39:33] [API] request success agent=Evidence Agent attempt=1/8 elapsed=5.2s raw_chars=2301
[2026-07-03 21:39:33] [API] request success agent=Evidence Agent attempt=1/8 elapsed=5.5s raw_chars=2274
[2026-07-03 21:39:33] [API] request start agent=Critique Agent attempt=1/8 prompt_chars=8030
[2026-07-03 21:39:35] [API] request success agent=Critique Agent attempt=1/8 elapsed=1.8s raw_chars=429
[2026-07-03 21:39:40] [API] request start agent=Evidence Agent attempt=1/8 prompt_chars=8754
[2026-07-03 21:39:43] [API] request success agent=Evidence Agent attempt=1/8 elapsed=2.8s raw_chars=813
{"paper_id": "fGXyvmWpw6", "mode": "s4", "reward": 0.41155708300191196, "final_decision": "reject", "model_adapter_mode": "small_model"}
{"paper_id": "QAgwFiIY4p", "mode": "s4", "reward": 0.4005017307766838, "final_decision": "reject", "model_adapter_mode": "small_model"}
{"paper_id": "TPAj63ax4Y", "mode": "s4", "reward": 0.540815522428278, "final_decision": "reject", "model_adapter_mode": "small_model"}
{"paper_id": "mHv6wcBb0z", "mode": "s4", "reward": 0.6805657601693625, "final_decision": "reject", "model_adapter_mode": "small_model"}
[2026-07-03 21:39:56] [API] request start agent=Review Manager Agent attempt=1/8 prompt_chars=7991[2026-07-03 21:39:56] [API] request start agent=Review Manager Agent attempt=1/8 prompt_chars=7991
[2026-07-03 21:39:56] [API] request start agent=Review Manager Agent attempt=1/8 prompt_chars=7991
[2026-07-03 21:39:56] [API] request start agent=Review Manager Agent attempt=1/8 prompt_chars=7991

[2026-07-03 21:40:00] [API] request success agent=Review Manager Agent attempt=1/8 elapsed=3.4s raw_chars=1476
[2026-07-03 21:40:01] [API] request success agent=Review Manager Agent attempt=1/8 elapsed=5.0s raw_chars=1648
[2026-07-03 21:40:02] [API] request success agent=Review Manager Agent attempt=1/8 elapsed=5.5s raw_chars=1966
[2026-07-03 21:40:03] [API] request success agent=Review Manager Agent attempt=1/8 elapsed=6.6s raw_chars=2816
[2026-07-03 21:40:03] [API] request start agent=Claim Agent attempt=1/8 prompt_chars=8712[2026-07-03 21:40:03] [API] request start agent=Claim Agent attempt=1/8 prompt_chars=8712

[2026-07-03 21:40:03] [API] request start agent=Claim Agent attempt=1/8 prompt_chars=8712[2026-07-03 21:40:03] [API] request start agent=Claim Agent attempt=1/8 prompt_chars=8712

[2026-07-03 21:40:06] [API] request success agent=Claim Agent attempt=1/8 elapsed=3.2s raw_chars=729
[2026-07-03 21:40:08] [API] request success agent=Claim Agent attempt=1/8 elapsed=4.6s raw_chars=2356
[2026-07-03 21:40:08] [API] request success agent=Claim Agent attempt=1/8 elapsed=5.3s raw_chars=2308
[2026-07-03 21:40:12] [API] request success agent=Claim Agent attempt=1/8 elapsed=9.2s raw_chars=4056
[2026-07-03 21:40:13] [API] request start agent=Review Manager Agent attempt=1/8 prompt_chars=9285
[2026-07-03 21:40:13] [API] request start agent=Review Manager Agent attempt=1/8 prompt_chars=9285[2026-07-03 21:40:13] [API] request start agent=Review Manager Agent attempt=1/8 prompt_chars=9285

[2026-07-03 21:40:13] [API] request start agent=Review Manager Agent attempt=1/8 prompt_chars=9285
[2026-07-03 21:40:19] [API] request success agent=Review Manager Agent attempt=1/8 elapsed=6.7s raw_chars=3244
[2026-07-03 21:40:20] [API] request success agent=Review Manager Agent attempt=1/8 elapsed=7.6s raw_chars=3617
[2026-07-03 21:40:21] [API] request success agent=Review Manager Agent attempt=1/8 elapsed=8.6s raw_chars=3574
[2026-07-03 21:40:22] [API] request success agent=Review Manager Agent attempt=1/8 elapsed=9.8s raw_chars=4302
[2026-07-03 21:40:23] [API] request start agent=Claim Agent attempt=1/8 prompt_chars=8712
[2026-07-03 21:40:29] [API] request success agent=Claim Agent attempt=1/8 elapsed=6.2s raw_chars=2799
[2026-07-03 21:40:29] [API] request start agent=Critique Agent attempt=1/8 prompt_chars=11673
[2026-07-03 21:40:32] [API] request success agent=Critique Agent attempt=1/8 elapsed=2.6s raw_chars=816
[2026-07-03 21:40:32] [API] request start agent=Evidence Agent attempt=1/8 prompt_chars=7826[2026-07-03 21:40:32] [API] request start agent=Evidence Agent attempt=1/8 prompt_chars=7823

[2026-07-03 21:40:37] [API] request success agent=Evidence Agent attempt=1/8 elapsed=5.6s raw_chars=2681
[2026-07-03 21:40:38] [API] request success agent=Evidence Agent attempt=1/8 elapsed=6.6s raw_chars=2383
[2026-07-03 21:40:39] [API] request start agent=Review Manager Agent attempt=1/8 prompt_chars=9285[2026-07-03 21:40:39] [API] request start agent=Review Manager Agent attempt=1/8 prompt_chars=9285

[2026-07-03 21:40:39] [API] request start agent=Review Manager Agent attempt=1/8 prompt_chars=9284[2026-07-03 21:40:39] [API] request start agent=Review Manager Agent attempt=1/8 prompt_chars=9279

[2026-07-03 21:40:46] [API] request success agent=Review Manager Agent attempt=1/8 elapsed=6.9s raw_chars=3543
[2026-07-03 21:40:47] [API] request success agent=Review Manager Agent attempt=1/8 elapsed=8.2s raw_chars=3703
[2026-07-03 21:40:48] [API] request success agent=Review Manager Agent attempt=1/8 elapsed=9.0s raw_chars=4599
[2026-07-03 21:40:50] [API] request success agent=Review Manager Agent attempt=1/8 elapsed=11.0s raw_chars=4961
[2026-07-03 21:40:51] [API] request start agent=Evidence Agent attempt=1/8 prompt_chars=7826
[2026-07-03 21:40:51] [API] request start agent=Evidence Agent attempt=1/8 prompt_chars=7825[2026-07-03 21:40:51] [API] request start agent=Evidence Agent attempt=1/8 prompt_chars=7826

[2026-07-03 21:40:55] [API] request success agent=Evidence Agent attempt=1/8 elapsed=4.0s raw_chars=1753
[2026-07-03 21:40:57] [API] request success agent=Evidence Agent attempt=1/8 elapsed=6.0s raw_chars=2757
[2026-07-03 21:40:57] [API] request success agent=Evidence Agent attempt=1/8 elapsed=6.6s raw_chars=2847
[2026-07-03 21:40:57] [API] request start agent=Critique Agent attempt=1/8 prompt_chars=11673
[2026-07-03 21:40:59] [API] request success agent=Critique Agent attempt=1/8 elapsed=1.9s raw_chars=360
[2026-07-03 21:41:00] [API] request start agent=Review Manager Agent attempt=1/8 prompt_chars=9285[2026-07-03 21:41:00] [API] request start agent=Review Manager Agent attempt=1/8 prompt_chars=9280

[2026-07-03 21:41:00] [API] request start agent=Review Manager Agent attempt=1/8 prompt_chars=9285[2026-07-03 21:41:00] [API] request start agent=Review Manager Agent attempt=1/8 prompt_chars=9284

[2026-07-03 21:41:08] [API] request success agent=Review Manager Agent attempt=1/8 elapsed=7.6s raw_chars=3883
[2026-07-03 21:41:08] [API] request success agent=Review Manager Agent attempt=1/8 elapsed=8.3s raw_chars=4100
[2026-07-03 21:41:10] [API] request success agent=Review Manager Agent attempt=1/8 elapsed=9.5s raw_chars=4686
[2026-07-03 21:41:11] [API] request success agent=Review Manager Agent attempt=1/8 elapsed=10.6s raw_chars=4887
[2026-07-03 21:41:11] [API] request start agent=Critique Agent attempt=1/8 prompt_chars=8029[2026-07-03 21:41:11] [API] request start agent=Critique Agent attempt=1/8 prompt_chars=8030

[2026-07-03 21:41:11] [API] request start agent=Critique Agent attempt=1/8 prompt_chars=11673
[2026-07-03 21:41:13] [API] request success agent=Critique Agent attempt=1/8 elapsed=1.6s raw_chars=400
[2026-07-03 21:41:13] [API] request success agent=Critique Agent attempt=1/8 elapsed=1.8s raw_chars=459
[2026-07-03 21:41:16] [API] request success agent=Critique Agent attempt=1/8 elapsed=4.9s raw_chars=2164
[2026-07-03 21:41:17] [API] request start agent=Evidence Agent attempt=1/8 prompt_chars=7824
[2026-07-03 21:41:21] [API] request success agent=Evidence Agent attempt=1/8 elapsed=4.5s raw_chars=2166
[2026-07-03 21:41:22] [API] request start agent=Evidence Agent attempt=1/8 prompt_chars=8748
[2026-07-03 21:41:22] [API] request start agent=Evidence Agent attempt=1/8 prompt_chars=8754
[2026-07-03 21:41:23] [API] request success agent=Evidence Agent attempt=1/8 elapsed=1.7s raw_chars=438
[2026-07-03 21:41:23] [API] request success agent=Evidence Agent attempt=1/8 elapsed=1.8s raw_chars=457
[2026-07-03 21:41:25] [API] request start agent=Review Manager Agent attempt=1/8 prompt_chars=9285
[2026-07-03 21:41:25] [API] request start agent=Review Manager Agent attempt=1/8 prompt_chars=9285
[2026-07-03 21:41:25] [API] request start agent=Review Manager Agent attempt=1/8 prompt_chars=9285[2026-07-03 21:41:25] [API] request start agent=Review Manager Agent attempt=1/8 prompt_chars=9285

[2026-07-03 21:41:32] [API] request success agent=Review Manager Agent attempt=1/8 elapsed=6.6s raw_chars=3227
[2026-07-03 21:41:33] [API] request success agent=Review Manager Agent attempt=1/8 elapsed=7.6s raw_chars=3216
[2026-07-03 21:41:34] [API] request success agent=Review Manager Agent attempt=1/8 elapsed=8.0s raw_chars=3630
[2026-07-03 21:41:37] [API] request success agent=Review Manager Agent attempt=1/8 elapsed=11.1s raw_chars=5549
[2026-07-03 21:41:38] [API] request start agent=Critique Agent attempt=1/8 prompt_chars=11673
[2026-07-03 21:41:38] [API] request start agent=Critique Agent attempt=1/8 prompt_chars=12350
[2026-07-03 21:41:40] [API] request success agent=Critique Agent attempt=1/8 elapsed=2.3s raw_chars=678
[2026-07-03 21:41:49] [API] request success agent=Critique Agent attempt=1/8 elapsed=11.0s raw_chars=5047
[2026-07-03 21:41:49] [API] request start agent=Evidence Agent attempt=1/8 prompt_chars=7826
[2026-07-03 21:41:49] [API] request start agent=Evidence Agent attempt=1/8 prompt_chars=7826
[2026-07-03 21:41:52] [API] request success agent=Evidence Agent attempt=1/8 elapsed=3.4s raw_chars=1441
[2026-07-03 21:41:55] [API] request success agent=Evidence Agent attempt=1/8 elapsed=6.5s raw_chars=2939
[2026-07-03 21:41:57] [API] request start agent=Review Manager Agent attempt=1/8 prompt_chars=9280[2026-07-03 21:41:57] [API] request start agent=Review Manager Agent attempt=1/8 prompt_chars=9285

[2026-07-03 21:42:05] [API] request success agent=Review Manager Agent attempt=1/8 elapsed=7.5s raw_chars=3732
[2026-07-03 21:42:07] [API] request success agent=Review Manager Agent attempt=1/8 elapsed=9.8s raw_chars=4192
[2026-07-03 21:42:07] [API] request start agent=Evidence Agent attempt=1/8 prompt_chars=8593
[2026-07-03 21:42:10] [API] request success agent=Evidence Agent attempt=1/8 elapsed=2.7s raw_chars=818
[2026-07-03 21:42:10] [API] request start agent=Critique Agent attempt=1/8 prompt_chars=11673
[2026-07-03 21:42:15] [API] request success agent=Critique Agent attempt=1/8 elapsed=4.4s raw_chars=1762
[2026-07-03 21:42:15] [API] request start agent=Review Manager Agent attempt=1/8 prompt_chars=9285[2026-07-03 21:42:15] [API] request start agent=Review Manager Agent attempt=1/8 prompt_chars=9285

[2026-07-03 21:42:21] [API] request success agent=Review Manager Agent attempt=1/8 elapsed=6.0s raw_chars=3033
[2026-07-03 21:42:22] [API] request success agent=Review Manager Agent attempt=1/8 elapsed=7.3s raw_chars=3740
[2026-07-03 21:42:23] [API] request start agent=Critique Agent attempt=1/8 prompt_chars=11673
[2026-07-03 21:42:23] [API] request start agent=Critique Agent attempt=1/8 prompt_chars=8030
[2026-07-03 21:42:25] [API] request success agent=Critique Agent attempt=1/8 elapsed=2.4s raw_chars=528
[2026-07-03 21:42:26] [API] request success agent=Critique Agent attempt=1/8 elapsed=2.7s raw_chars=837
[2026-07-03 21:42:26] [API] request start agent=Evidence Agent attempt=1/8 prompt_chars=8754
[2026-07-03 21:42:27] [API] request success agent=Evidence Agent attempt=1/8 elapsed=1.8s raw_chars=386
{"paper_id": "xUe1YqEgd6", "mode": "s4", "reward": 0.5537901929728626, "final_decision": "reject", "model_adapter_mode": "small_model"}
{"paper_id": "YXn76HMetm", "mode": "s4", "reward": 0.4812613119199023, "final_decision": "reject", "model_adapter_mode": "small_model"}
{"paper_id": "KOUAayk5Kx", "mode": "s4", "reward": 0.5483088739528245, "final_decision": "reject", "model_adapter_mode": "small_model"}
{"paper_id": "XH3OiIhtvf", "mode": "s4", "reward": 0.6455909231309892, "final_decision": "reject", "model_adapter_mode": "small_model"}
