[API] Initialized: model=mimo-v2.5, provider=mimo, base_url=https://token-plan-sgp.xiaomimimo.com/v1, max_tokens=1536
[MAIN] Using API backend: model=mimo-v2.5
[MAIN] model_adapter_mode=small_model (requested=small_model)
[DEBUG] paper_id: ye3NrNrYOY, paper_text length: 34961
[DEBUG] paper_text snippet: \title{Temporal Causal Mechanism Transfer for Few-shot Action Recognition}  \begin{abstract} The goa...
[DEBUG] paper_id: WNxlJJIEVj, paper_text length: 48238
[DEBUG] paper_text snippet: \title{Contrastive Diffuser: Planning Towards High Return States via Contrastive Learning}  \begin{a...
[DEBUG] paper_id: uOrfve3prk, paper_text length: 44055
[DEBUG] paper_text snippet: \title{Towards Unifying Interpretability and Control: Evaluation via Intervention}  \begin{abstract}...
[DEBUG] paper_id: 7Dub7UXTXN, paper_text length: 17618
[DEBUG] paper_text snippet: \title{When Are Bias-Free ReLU Networks Effectively Linear Networks?}  \begin{abstract}  We investig...
[DEBUG] paper_id: 9zEBK3E9bX, paper_text length: 35496
[DEBUG] paper_text snippet: \title{SPOT: Scalable 3D Pre-training via Occupancy Prediction for Autonomous Driving}  \begin{abstr...
[DEBUG] paper_id: XyB4VvF01X, paper_text length: 32345
[DEBUG] paper_text snippet: \title{Graph2Tac: Learning hierarchical representations of math concepts in theorem proving}  \begin...
[DEBUG] paper_id: GE6iywJtsV, paper_text length: 30553
[DEBUG] paper_text snippet: \title{Diff-Shape: A Novel Constrained Diffusion Model for Shape-based De Novo Drug Design}  \begin{...
[DEBUG] paper_id: WpXq5n8yLb, paper_text length: 55540
[DEBUG] paper_text snippet: \title{Recurrent Drafter for Fast Speculative Decoding in Large Language Models}  \begin{abstract} W...
[DEBUG] paper_id: NnExMNiTHw, paper_text length: 37839
[DEBUG] paper_text snippet: \title{SpecDec++: Boosting Speculative Decoding via Adaptive Candidate Lengths}  \begin{abstract} Sp...
[DEBUG] paper_id: a6SntIisgg, paper_text length: 64928
[DEBUG] paper_text snippet: \title{LogoRA: Local-Global Representation Alignment for Robust Time Series Classification}  \begin{...
[DEBUG] paper_id: cklg91aPGk, paper_text length: 32511
[DEBUG] paper_text snippet: \title{Propagation Alone is Enough for Graph Contrastive Learning}  \begin{abstract} Graph contrasti...
[DEBUG] paper_id: HPuLU6q7xq, paper_text length: 38828
[DEBUG] paper_text snippet: \title{Orca: Enhancing Role-Playing Abilities of Large Language Models by Integrating Personality Tr...
[DEBUG] paper_id: fGXyvmWpw6, paper_text length: 47400
[DEBUG] paper_text snippet: \title{Federated Virtual Learning on Heterogeneous Data with Local-global Distillation}  \begin{abst...
[DEBUG] paper_id: QAgwFiIY4p, paper_text length: 49197
[DEBUG] paper_text snippet: \title{Graph as Point Set}  \begin{abstract} Graph is a fundamental data structure to model intercon...
[DEBUG] paper_id: TPAj63ax4Y, paper_text length: 49027
[DEBUG] paper_text snippet: \title{Segment, Select, Correct: A Framework for Weakly-Supervised Referring Segmentation}  \begin{a...
[DEBUG] paper_id: mHv6wcBb0z, paper_text length: 35109
[DEBUG] paper_text snippet: \title{Preventing Model Collapse in Deep Canonical Correlation Analysis by Noise Regularization}  \b...
[DEBUG] paper_id: xUe1YqEgd6, paper_text length: 34518
[DEBUG] paper_text snippet: \title{Unsupervised motion segmentation in one go: Smooth long-term model over a video}  \begin{abst...
[DEBUG] paper_id: YXn76HMetm, paper_text length: 36915
[DEBUG] paper_text snippet: \title{Hyperbolic Active Learning for Semantic Segmentation under Domain Shift}  \begin{abstract}  W...
[DEBUG] paper_id: KOUAayk5Kx, paper_text length: 32732
[DEBUG] paper_text snippet: \title{Defying Multi-model Forgetting: Orthogonal Gradient Learning to One-shot Neural Architecture ...
[DEBUG] paper_id: XH3OiIhtvf, paper_text length: 22365
[DEBUG] paper_text snippet: \title{Unsupervised Federated Learning for Privacy Preserving in Face Recognition System}  \begin{ab...
[2026-06-27 11:30:23] [API] request start agent=Review Manager Agent attempt=1/8 prompt_chars=7991
[2026-06-27 11:30:23] [API] request start agent=Review Manager Agent attempt=1/8 prompt_chars=7991
[2026-06-27 11:30:28] [API] request success agent=Review Manager Agent attempt=1/8 elapsed=5.1s raw_chars=1281
[2026-06-27 11:30:28] [API] request start agent=Review Manager Agent attempt=1/8 prompt_chars=7991
[2026-06-27 11:30:30] [API] request success agent=Review Manager Agent attempt=1/8 elapsed=7.6s raw_chars=2619
[2026-06-27 11:30:30] [API] request start agent=Review Manager Agent attempt=1/8 prompt_chars=7991
[2026-06-27 11:30:32] [API] request success agent=Review Manager Agent attempt=1/8 elapsed=4.4s raw_chars=1352
[2026-06-27 11:30:35] [API] request success agent=Review Manager Agent attempt=1/8 elapsed=4.5s raw_chars=1388
[2026-06-27 11:30:35] [API] request start agent=Claim Agent attempt=1/8 prompt_chars=8712[2026-06-27 11:30:35] [API] request start agent=Claim Agent attempt=1/8 prompt_chars=8712

[2026-06-27 11:30:41] [API] request success agent=Claim Agent attempt=1/8 elapsed=6.2s raw_chars=2476
[2026-06-27 11:30:41] [API] request start agent=Claim Agent attempt=1/8 prompt_chars=8712
[2026-06-27 11:30:42] [API] request success agent=Claim Agent attempt=1/8 elapsed=6.8s raw_chars=2494
[2026-06-27 11:30:42] [API] request start agent=Claim Agent attempt=1/8 prompt_chars=8712
[2026-06-27 11:30:47] [API] request success agent=Claim Agent attempt=1/8 elapsed=5.9s raw_chars=2063
[2026-06-27 11:30:50] [API] request success agent=Claim Agent attempt=1/8 elapsed=8.2s raw_chars=3271
[2026-06-27 11:30:50] [API] request start agent=Review Manager Agent attempt=1/8 prompt_chars=9285[2026-06-27 11:30:50] [API] request start agent=Review Manager Agent attempt=1/8 prompt_chars=9285

[2026-06-27 11:30:59] [API] request success agent=Review Manager Agent attempt=1/8 elapsed=8.9s raw_chars=3877
[2026-06-27 11:30:59] [API] request start agent=Review Manager Agent attempt=1/8 prompt_chars=9285
[2026-06-27 11:30:59] [API] request success agent=Review Manager Agent attempt=1/8 elapsed=9.0s raw_chars=3628
[2026-06-27 11:30:59] [API] request start agent=Review Manager Agent attempt=1/8 prompt_chars=9285
[2026-06-27 11:31:09] [API] request success agent=Review Manager Agent attempt=1/8 elapsed=9.7s raw_chars=3720
[2026-06-27 11:31:10] [API] request success agent=Review Manager Agent attempt=1/8 elapsed=11.4s raw_chars=4493
[2026-06-27 11:31:11] [API] request start agent=Evidence Agent attempt=1/8 prompt_chars=7819[2026-06-27 11:31:11] [API] request start agent=Evidence Agent attempt=1/8 prompt_chars=7826

[2026-06-27 11:31:17] [API] request success agent=Evidence Agent attempt=1/8 elapsed=5.9s raw_chars=1894
[2026-06-27 11:31:17] [API] request start agent=Evidence Agent attempt=1/8 prompt_chars=7826
[2026-06-27 11:31:19] [API] request success agent=Evidence Agent attempt=1/8 elapsed=8.1s raw_chars=2548
[2026-06-27 11:31:19] [API] request start agent=Evidence Agent attempt=1/8 prompt_chars=7826
[2026-06-27 11:31:23] [API] request success agent=Evidence Agent attempt=1/8 elapsed=6.9s raw_chars=2820
[2026-06-27 11:31:25] [API] request success agent=Evidence Agent attempt=1/8 elapsed=6.4s raw_chars=2697
[2026-06-27 11:31:26] [API] request start agent=Review Manager Agent attempt=1/8 prompt_chars=9285[2026-06-27 11:31:26] [API] request start agent=Review Manager Agent attempt=1/8 prompt_chars=9284

[2026-06-27 11:31:32] [API] request success agent=Review Manager Agent attempt=1/8 elapsed=6.2s raw_chars=2812
[2026-06-27 11:31:32] [API] request start agent=Review Manager Agent attempt=1/8 prompt_chars=9285
[2026-06-27 11:31:34] [API] request success agent=Review Manager Agent attempt=1/8 elapsed=8.4s raw_chars=3910
[2026-06-27 11:31:34] [API] request start agent=Review Manager Agent attempt=1/8 prompt_chars=9281
[2026-06-27 11:31:41] [API] request success agent=Review Manager Agent attempt=1/8 elapsed=9.2s raw_chars=4155
[2026-06-27 11:31:43] [API] request success agent=Review Manager Agent attempt=1/8 elapsed=9.1s raw_chars=3875
[2026-06-27 11:31:44] [API] request start agent=Critique Agent attempt=1/8 prompt_chars=12184[2026-06-27 11:31:44] [API] request start agent=Critique Agent attempt=1/8 prompt_chars=12191

[2026-06-27 11:31:55] [API] request success agent=Critique Agent attempt=1/8 elapsed=12.0s raw_chars=4532
[2026-06-27 11:31:55] [API] request start agent=Critique Agent attempt=1/8 prompt_chars=12192
[2026-06-27 11:32:01] [API] request success agent=Critique Agent attempt=1/8 elapsed=17.0s raw_chars=7765
[2026-06-27 11:32:06] [API] request success agent=Critique Agent attempt=1/8 elapsed=10.5s raw_chars=4705
[2026-06-27 11:32:06] [API] request start agent=Evidence Agent attempt=1/8 prompt_chars=7825
[2026-06-27 11:32:12] [API] request success agent=Evidence Agent attempt=1/8 elapsed=6.2s raw_chars=2407
[2026-06-27 11:32:13] [API] request start agent=Review Manager Agent attempt=1/8 prompt_chars=9285[2026-06-27 11:32:13] [API] request start agent=Review Manager Agent attempt=1/8 prompt_chars=9285

[2026-06-27 11:32:24] [API] request success agent=Review Manager Agent attempt=1/8 elapsed=11.1s raw_chars=4755
[2026-06-27 11:32:24] [API] request start agent=Review Manager Agent attempt=1/8 prompt_chars=9285
[2026-06-27 11:32:24] [API] request success agent=Review Manager Agent attempt=1/8 elapsed=11.5s raw_chars=5248
[2026-06-27 11:32:24] [API] request start agent=Review Manager Agent attempt=1/8 prompt_chars=9285
[2026-06-27 11:32:33] [API] request success agent=Review Manager Agent attempt=1/8 elapsed=8.4s raw_chars=3582
[2026-06-27 11:32:33] [API] request success agent=Review Manager Agent attempt=1/8 elapsed=9.2s raw_chars=4045
[2026-06-27 11:32:34] [API] request start agent=Evidence Agent attempt=1/8 prompt_chars=8593[2026-06-27 11:32:34] [API] request start agent=Evidence Agent attempt=1/8 prompt_chars=8593

[2026-06-27 11:32:36] [API] request success agent=Evidence Agent attempt=1/8 elapsed=2.5s raw_chars=757
[2026-06-27 11:32:36] [API] request start agent=Evidence Agent attempt=1/8 prompt_chars=8593
[2026-06-27 11:32:36] [API] request success agent=Evidence Agent attempt=1/8 elapsed=2.5s raw_chars=757
[2026-06-27 11:32:39] [API] request success agent=Evidence Agent attempt=1/8 elapsed=2.3s raw_chars=596
[2026-06-27 11:32:39] [API] request start agent=Critique Agent attempt=1/8 prompt_chars=11673
[2026-06-27 11:32:42] [API] request success agent=Critique Agent attempt=1/8 elapsed=3.2s raw_chars=741
[2026-06-27 11:32:43] [API] request start agent=Review Manager Agent attempt=1/8 prompt_chars=9285[2026-06-27 11:32:43] [API] request start agent=Review Manager Agent attempt=1/8 prompt_chars=9280

[2026-06-27 11:32:53] [API] request success agent=Review Manager Agent attempt=1/8 elapsed=10.1s raw_chars=4200
[2026-06-27 11:32:53] [API] request start agent=Review Manager Agent attempt=1/8 prompt_chars=9285
[2026-06-27 11:32:55] [API] request success agent=Review Manager Agent attempt=1/8 elapsed=12.3s raw_chars=4457
[2026-06-27 11:32:55] [API] request start agent=Review Manager Agent attempt=1/8 prompt_chars=9285
[2026-06-27 11:33:04] [API] request success agent=Review Manager Agent attempt=1/8 elapsed=8.9s raw_chars=3675
[2026-06-27 11:33:04] [API] request success agent=Review Manager Agent attempt=1/8 elapsed=11.3s raw_chars=5051
[2026-06-27 11:33:05] [API] request start agent=Evidence Agent attempt=1/8 prompt_chars=7826[2026-06-27 11:33:05] [API] request start agent=Evidence Agent attempt=1/8 prompt_chars=7826

[2026-06-27 11:33:11] [API] request success agent=Evidence Agent attempt=1/8 elapsed=6.5s raw_chars=2495
[2026-06-27 11:33:11] [API] request start agent=Evidence Agent attempt=1/8 prompt_chars=7825
[2026-06-27 11:33:12] [API] request success agent=Evidence Agent attempt=1/8 elapsed=7.5s raw_chars=2740
[2026-06-27 11:33:12] [API] request start agent=Evidence Agent attempt=1/8 prompt_chars=7826
[2026-06-27 11:33:16] [API] request success agent=Evidence Agent attempt=1/8 elapsed=4.4s raw_chars=1636
[2026-06-27 11:33:16] [API] request success agent=Evidence Agent attempt=1/8 elapsed=3.4s raw_chars=968
[2026-06-27 11:33:16] [API] request start agent=Review Manager Agent attempt=1/8 prompt_chars=9285
[2026-06-27 11:33:16] [API] request start agent=Review Manager Agent attempt=1/8 prompt_chars=9285
[2026-06-27 11:33:24] [API] request success agent=Review Manager Agent attempt=1/8 elapsed=7.7s raw_chars=2673
[2026-06-27 11:33:24] [API] request start agent=Review Manager Agent attempt=1/8 prompt_chars=9285
[2026-06-27 11:33:26] [API] request success agent=Review Manager Agent attempt=1/8 elapsed=9.5s raw_chars=4075
[2026-06-27 11:33:26] [API] request start agent=Review Manager Agent attempt=1/8 prompt_chars=9284
[2026-06-27 11:33:34] [API] request success agent=Review Manager Agent attempt=1/8 elapsed=10.6s raw_chars=4244
[2026-06-27 11:33:37] [API] request success agent=Review Manager Agent attempt=1/8 elapsed=11.8s raw_chars=5377
[2026-06-27 11:33:38] [API] request start agent=Critique Agent attempt=1/8 prompt_chars=8030[2026-06-27 11:33:38] [API] request start agent=Critique Agent attempt=1/8 prompt_chars=11673

[2026-06-27 11:33:40] [API] request success agent=Critique Agent attempt=1/8 elapsed=1.9s raw_chars=457
[2026-06-27 11:33:40] [API] request start agent=Critique Agent attempt=1/8 prompt_chars=11673
[2026-06-27 11:33:42] [API] request success agent=Critique Agent attempt=1/8 elapsed=3.5s raw_chars=1053
[2026-06-27 11:33:42] [API] request start agent=Critique Agent attempt=1/8 prompt_chars=8030
[2026-06-27 11:33:44] [API] request success agent=Critique Agent attempt=1/8 elapsed=2.4s raw_chars=427
[2026-06-27 11:33:44] [API] request success agent=Critique Agent attempt=1/8 elapsed=4.0s raw_chars=1329
[2026-06-27 11:33:45] [API] request start agent=Evidence Agent attempt=1/8 prompt_chars=8754[2026-06-27 11:33:45] [API] request start agent=Evidence Agent attempt=1/8 prompt_chars=8754

[2026-06-27 11:33:47] [API] request success agent=Evidence Agent attempt=1/8 elapsed=2.2s raw_chars=493
[2026-06-27 11:33:47] [API] request success agent=Evidence Agent attempt=1/8 elapsed=2.3s raw_chars=445
[2026-06-27 11:33:49] [API] request start agent=Review Manager Agent attempt=1/8 prompt_chars=9285
[2026-06-27 11:33:49] [API] request start agent=Review Manager Agent attempt=1/8 prompt_chars=9285
[2026-06-27 11:34:00] [API] request success agent=Review Manager Agent attempt=1/8 elapsed=10.8s raw_chars=4706
[2026-06-27 11:34:00] [API] request start agent=Review Manager Agent attempt=1/8 prompt_chars=9285
[2026-06-27 11:34:00] [API] request success agent=Review Manager Agent attempt=1/8 elapsed=10.8s raw_chars=5023
[2026-06-27 11:34:00] [API] request start agent=Review Manager Agent attempt=1/8 prompt_chars=9285
[2026-06-27 11:34:08] [API] request success agent=Review Manager Agent attempt=1/8 elapsed=8.9s raw_chars=3819
[2026-06-27 11:34:11] [API] request success agent=Review Manager Agent attempt=1/8 elapsed=11.5s raw_chars=5119
[2026-06-27 11:34:12] [API] request start agent=Critique Agent attempt=1/8 prompt_chars=11673
[2026-06-27 11:34:12] [API] request start agent=Critique Agent attempt=1/8 prompt_chars=11673
[2026-06-27 11:34:15] [API] request success agent=Critique Agent attempt=1/8 elapsed=3.1s raw_chars=881
[2026-06-27 11:34:16] [API] request success agent=Critique Agent attempt=1/8 elapsed=4.4s raw_chars=1531
[2026-06-27 11:34:16] [API] request start agent=Evidence Agent attempt=1/8 prompt_chars=7826[2026-06-27 11:34:16] [API] request start agent=Evidence Agent attempt=1/8 prompt_chars=7826

[2026-06-27 11:34:20] [API] request success agent=Evidence Agent attempt=1/8 elapsed=4.0s raw_chars=1437
[2026-06-27 11:34:21] [API] request success agent=Evidence Agent attempt=1/8 elapsed=4.3s raw_chars=1440
[review_reward][unknown][ye3NrNrYOY] reward=0.4291 breakdown={'decision': 0.0, 'section_presence': 1.0, 'length_score': 1.0, 'summary_align': 0.4016, 'strength_align': 0.3689, 'weakness_align': 0.197, 'suggestion_align': 0.3148, 'global_align': 0.2728, 'critique': 1.0, 'stance_align': 0.5152, 'rating_align': 0.0, 'decision_line_bonus': 0.0, 'audit_id_leak_penalty': 0.0, 'penalty': 0.0, 'total': 0.4291, 'es_coverage': 0.25, 'es_depth': 0.25, 'es_empirical': 0.25, 'es_independent': 0.25, 'es_flaw_density': 0.0, 'es_support_volume': 0.375, 'evidence_support_score': 0.225}
[review_reward][unknown][WNxlJJIEVj] reward=0.5703 breakdown={'decision': 0.0, 'section_presence': 1.0, 'length_score': 1.0, 'summary_align': 0.3717, 'strength_align': 0.3115, 'weakness_align': 0.2793, 'suggestion_align': 0.4882, 'global_align': 0.2096, 'critique': 1.0, 'stance_align': 0.8667, 'rating_align': 0.0, 'decision_line_bonus': 0.0, 'audit_id_leak_penalty': 0.0, 'penalty': 0.0, 'total': 0.5703, 'es_coverage': 0.6667, 'es_depth': 0.5, 'es_empirical': 0.3333, 'es_independent': 0.3333, 'es_flaw_density': 0.0, 'es_support_volume': 0.8333, 'evidence_support_score': 0.4667}
[review_reward][unknown][uOrfve3prk] reward=0.5925 breakdown={'decision': 0.0, 'section_presence': 1.0, 'length_score': 0.9958, 'summary_align': 0.3345, 'strength_align': 0.3319, 'weakness_align': 0.2043, 'suggestion_align': 0.3935, 'global_align': 0.2671, 'critique': 1.0, 'stance_align': 0.6587, 'rating_align': 0.0, 'decision_line_bonus': 0.0, 'audit_id_leak_penalty': 0.0, 'penalty': 0.0, 'total': 0.5925, 'es_coverage': 0.75, 'es_depth': 0.75, 'es_empirical': 0.5, 'es_independent': 0.75, 'es_flaw_density': 0.0, 'es_support_volume': 0.75, 'evidence_support_score': 0.6}
[review_reward][unknown][7Dub7UXTXN] reward=0.6083 breakdown={'decision': 0.0, 'section_presence': 1.0, 'length_score': 1.0, 'summary_align': 0.5823, 'strength_align': 0.31, 'weakness_align': 0.2347, 'suggestion_align': 0.3366, 'global_align': 0.3293, 'critique': 1.0, 'stance_align': 0.5694, 'rating_align': 0.0, 'decision_line_bonus': 0.0, 'audit_id_leak_penalty': 0.0, 'penalty': 0.0, 'total': 0.6083, 'es_coverage': 0.75, 'es_depth': 0.75, 'es_empirical': 0.75, 'es_independent': 0.25, 'es_flaw_density': 0.3333, 'es_support_volume': 0.625, 'evidence_support_score': 0.625}
{"paper_id": "ye3NrNrYOY", "mode": "s4", "reward": 0.4291215354276212, "final_decision": "reject", "model_adapter_mode": "small_model"}
{"paper_id": "WNxlJJIEVj", "mode": "s4", "reward": 0.5703207890686272, "final_decision": "reject", "model_adapter_mode": "small_model"}
{"paper_id": "uOrfve3prk", "mode": "s4", "reward": 0.5924815079344766, "final_decision": "reject", "model_adapter_mode": "small_model"}
{"paper_id": "7Dub7UXTXN", "mode": "s4", "reward": 0.6083212702512711, "final_decision": "reject", "model_adapter_mode": "small_model"}
[2026-06-27 11:34:25] [API] request start agent=Review Manager Agent attempt=1/8 prompt_chars=7991[2026-06-27 11:34:25] [API] request start agent=Review Manager Agent attempt=1/8 prompt_chars=7991

[2026-06-27 11:34:29] [API] request success agent=Review Manager Agent attempt=1/8 elapsed=4.4s raw_chars=1176
[2026-06-27 11:34:29] [API] request start agent=Review Manager Agent attempt=1/8 prompt_chars=7991
[2026-06-27 11:34:29] [API] request success agent=Review Manager Agent attempt=1/8 elapsed=4.4s raw_chars=1117
[2026-06-27 11:34:29] [API] request start agent=Review Manager Agent attempt=1/8 prompt_chars=7991
[2026-06-27 11:34:34] [API] request success agent=Review Manager Agent attempt=1/8 elapsed=4.6s raw_chars=1490
[2026-06-27 11:34:35] [API] request success agent=Review Manager Agent attempt=1/8 elapsed=5.2s raw_chars=1580
[2026-06-27 11:34:35] [API] request start agent=Claim Agent attempt=1/8 prompt_chars=8712[2026-06-27 11:34:35] [API] request start agent=Claim Agent attempt=1/8 prompt_chars=8712

[2026-06-27 11:34:42] [API] request success agent=Claim Agent attempt=1/8 elapsed=7.2s raw_chars=2797
[2026-06-27 11:34:42] [API] request start agent=Claim Agent attempt=1/8 prompt_chars=8711
[2026-06-27 11:34:43] [API] request success agent=Claim Agent attempt=1/8 elapsed=8.2s raw_chars=2884
[2026-06-27 11:34:43] [API] request start agent=Claim Agent attempt=1/8 prompt_chars=8712
[2026-06-27 11:34:51] [API] request success agent=Claim Agent attempt=1/8 elapsed=8.2s raw_chars=2462
[2026-06-27 11:34:53] [API] request success agent=Claim Agent attempt=1/8 elapsed=10.7s raw_chars=3730
[2026-06-27 11:34:53] [API] request start agent=Review Manager Agent attempt=1/8 prompt_chars=9278[2026-06-27 11:34:53] [API] request start agent=Review Manager Agent attempt=1/8 prompt_chars=9285

[2026-06-27 11:35:03] [API] request success agent=Review Manager Agent attempt=1/8 elapsed=9.7s raw_chars=3919
[2026-06-27 11:35:03] [API] request start agent=Review Manager Agent attempt=1/8 prompt_chars=9285
[2026-06-27 11:35:03] [API] request success agent=Review Manager Agent attempt=1/8 elapsed=10.1s raw_chars=4026
[2026-06-27 11:35:03] [API] request start agent=Review Manager Agent attempt=1/8 prompt_chars=9285
[2026-06-27 11:35:13] [API] request success agent=Review Manager Agent attempt=1/8 elapsed=9.9s raw_chars=4003
[2026-06-27 11:35:13] [API] request success agent=Review Manager Agent attempt=1/8 elapsed=10.2s raw_chars=3600
[2026-06-27 11:35:14] [API] request start agent=Evidence Agent attempt=1/8 prompt_chars=7826
[2026-06-27 11:35:14] [API] request start agent=Evidence Agent attempt=1/8 prompt_chars=7825
[2026-06-27 11:35:19] [API] request success agent=Evidence Agent attempt=1/8 elapsed=5.2s raw_chars=1610
[2026-06-27 11:35:19] [API] request start agent=Evidence Agent attempt=1/8 prompt_chars=7825
[2026-06-27 11:35:22] [API] request success agent=Evidence Agent attempt=1/8 elapsed=8.6s raw_chars=3565
[2026-06-27 11:35:22] [API] request start agent=Evidence Agent attempt=1/8 prompt_chars=7826
[2026-06-27 11:35:27] [API] request success agent=Evidence Agent attempt=1/8 elapsed=8.0s raw_chars=3058
[2026-06-27 11:35:30] [API] request success agent=Evidence Agent attempt=1/8 elapsed=8.3s raw_chars=3270
[2026-06-27 11:35:31] [API] request start agent=Review Manager Agent attempt=1/8 prompt_chars=9285[2026-06-27 11:35:31] [API] request start agent=Review Manager Agent attempt=1/8 prompt_chars=9285

[2026-06-27 11:35:40] [API] request success agent=Review Manager Agent attempt=1/8 elapsed=8.7s raw_chars=3820
[2026-06-27 11:35:40] [API] request start agent=Review Manager Agent attempt=1/8 prompt_chars=9285
[2026-06-27 11:35:41] [API] request success agent=Review Manager Agent attempt=1/8 elapsed=9.7s raw_chars=4096
[2026-06-27 11:35:41] [API] request start agent=Review Manager Agent attempt=1/8 prompt_chars=9285
[2026-06-27 11:35:50] [API] request success agent=Review Manager Agent attempt=1/8 elapsed=9.6s raw_chars=4134
[2026-06-27 11:35:51] [API] request success agent=Review Manager Agent attempt=1/8 elapsed=11.1s raw_chars=4709
[2026-06-27 11:35:51] [API] request start agent=Evidence Agent attempt=1/8 prompt_chars=7825[2026-06-27 11:35:51] [API] request start agent=Evidence Agent attempt=1/8 prompt_chars=7826

[2026-06-27 11:35:57] [API] request success agent=Evidence Agent attempt=1/8 elapsed=5.8s raw_chars=1288
[2026-06-27 11:35:57] [API] request start agent=Evidence Agent attempt=1/8 prompt_chars=7826
[2026-06-27 11:36:01] [API] request success agent=Evidence Agent attempt=1/8 elapsed=9.6s raw_chars=3440
[2026-06-27 11:36:01] [API] request start agent=Evidence Agent attempt=1/8 prompt_chars=7826
[2026-06-27 11:36:03] [API] request success agent=Evidence Agent attempt=1/8 elapsed=6.0s raw_chars=1436
[2026-06-27 11:36:08] [API] request success agent=Evidence Agent attempt=1/8 elapsed=7.4s raw_chars=3063
[2026-06-27 11:36:09] [API] request start agent=Review Manager Agent attempt=1/8 prompt_chars=9285[2026-06-27 11:36:09] [API] request start agent=Review Manager Agent attempt=1/8 prompt_chars=9278

[2026-06-27 11:36:19] [API] request success agent=Review Manager Agent attempt=1/8 elapsed=10.0s raw_chars=4026
[2026-06-27 11:36:19] [API] request start agent=Review Manager Agent attempt=1/8 prompt_chars=9280
[2026-06-27 11:36:21] [API] request success agent=Review Manager Agent attempt=1/8 elapsed=11.8s raw_chars=5211
[2026-06-27 11:36:21] [API] request start agent=Review Manager Agent attempt=1/8 prompt_chars=9285
[2026-06-27 11:36:28] [API] request success agent=Review Manager Agent attempt=1/8 elapsed=9.4s raw_chars=4045
[2026-06-27 11:36:30] [API] request success agent=Review Manager Agent attempt=1/8 elapsed=9.4s raw_chars=3958
[2026-06-27 11:36:31] [API] request start agent=Critique Agent attempt=1/8 prompt_chars=8030[2026-06-27 11:36:31] [API] request start agent=Critique Agent attempt=1/8 prompt_chars=12192

[2026-06-27 11:36:33] [API] request success agent=Critique Agent attempt=1/8 elapsed=1.8s raw_chars=416
[2026-06-27 11:36:33] [API] request start agent=Critique Agent attempt=1/8 prompt_chars=11672
[2026-06-27 11:36:37] [API] request success agent=Critique Agent attempt=1/8 elapsed=4.3s raw_chars=1570
[2026-06-27 11:36:37] [API] request start agent=Critique Agent attempt=1/8 prompt_chars=11673
[2026-06-27 11:36:39] [API] request success agent=Critique Agent attempt=1/8 elapsed=2.4s raw_chars=494
[2026-06-27 11:36:47] [API] request success agent=Critique Agent attempt=1/8 elapsed=15.8s raw_chars=6530
[2026-06-27 11:36:48] [API] request start agent=Evidence Agent attempt=1/8 prompt_chars=8754
[2026-06-27 11:36:50] [API] request success agent=Evidence Agent attempt=1/8 elapsed=2.0s raw_chars=405
[2026-06-27 11:36:54] [API] request start agent=Review Manager Agent attempt=1/8 prompt_chars=9280[2026-06-27 11:36:54] [API] request start agent=Review Manager Agent attempt=1/8 prompt_chars=9281

[2026-06-27 11:37:03] [API] request success agent=Review Manager Agent attempt=1/8 elapsed=9.1s raw_chars=3965
[2026-06-27 11:37:03] [API] request start agent=Review Manager Agent attempt=1/8 prompt_chars=9285
[2026-06-27 11:37:07] [API] request success agent=Review Manager Agent attempt=1/8 elapsed=13.4s raw_chars=5727
[2026-06-27 11:37:07] [API] request start agent=Review Manager Agent attempt=1/8 prompt_chars=9284
[2026-06-27 11:37:11] [API] request success agent=Review Manager Agent attempt=1/8 elapsed=8.4s raw_chars=3609
[2026-06-27 11:37:18] [API] request success agent=Review Manager Agent attempt=1/8 elapsed=11.1s raw_chars=4647
[2026-06-27 11:37:19] [API] request start agent=Critique Agent attempt=1/8 prompt_chars=8030
[2026-06-27 11:37:22] [API] request success agent=Critique Agent attempt=1/8 elapsed=2.9s raw_chars=593
[2026-06-27 11:37:23] [API] request start agent=Evidence Agent attempt=1/8 prompt_chars=7825[2026-06-27 11:37:23] [API] request start agent=Evidence Agent attempt=1/8 prompt_chars=7826

[2026-06-27 11:37:29] [API] request success agent=Evidence Agent attempt=1/8 elapsed=6.2s raw_chars=1585
[2026-06-27 11:37:29] [API] request start agent=Evidence Agent attempt=1/8 prompt_chars=7826
[2026-06-27 11:37:29] [API] request success agent=Evidence Agent attempt=1/8 elapsed=6.5s raw_chars=2266
[2026-06-27 11:37:37] [API] request success agent=Evidence Agent attempt=1/8 elapsed=7.8s raw_chars=3028
[2026-06-27 11:37:37] [API] request start agent=Evidence Agent attempt=1/8 prompt_chars=8751
[2026-06-27 11:37:40] [API] request success agent=Evidence Agent attempt=1/8 elapsed=2.4s raw_chars=451
[2026-06-27 11:37:44] [API] request start agent=Review Manager Agent attempt=1/8 prompt_chars=9285
[2026-06-27 11:37:44] [API] request start agent=Review Manager Agent attempt=1/8 prompt_chars=9285
[2026-06-27 11:37:56] [API] request success agent=Review Manager Agent attempt=1/8 elapsed=12.0s raw_chars=5194
[2026-06-27 11:37:56] [API] request start agent=Review Manager Agent attempt=1/8 prompt_chars=9285
[2026-06-27 11:37:57] [API] request success agent=Review Manager Agent attempt=1/8 elapsed=13.7s raw_chars=6172
[2026-06-27 11:37:57] [API] request start agent=Review Manager Agent attempt=1/8 prompt_chars=9285
[2026-06-27 11:38:05] [API] request success agent=Review Manager Agent attempt=1/8 elapsed=9.1s raw_chars=3894
[2026-06-27 11:38:08] [API] request success agent=Review Manager Agent attempt=1/8 elapsed=10.8s raw_chars=4308
[2026-06-27 11:38:11] [API] request start agent=Critique Agent attempt=1/8 prompt_chars=11673[2026-06-27 11:38:11] [API] request start agent=Critique Agent attempt=1/8 prompt_chars=8030

[2026-06-27 11:38:13] [API] request success agent=Critique Agent attempt=1/8 elapsed=2.7s raw_chars=476
[2026-06-27 11:38:13] [API] request start agent=Critique Agent attempt=1/8 prompt_chars=11672
[2026-06-27 11:38:15] [API] request success agent=Critique Agent attempt=1/8 elapsed=4.8s raw_chars=1508
[2026-06-27 11:38:15] [API] request start agent=Critique Agent attempt=1/8 prompt_chars=11673
[2026-06-27 11:38:18] [API] request success agent=Critique Agent attempt=1/8 elapsed=2.3s raw_chars=518
[2026-06-27 11:38:18] [API] request success agent=Critique Agent attempt=1/8 elapsed=4.7s raw_chars=1553
[2026-06-27 11:38:19] [API] request start agent=Evidence Agent attempt=1/8 prompt_chars=8752
[2026-06-27 11:38:21] [API] request success agent=Evidence Agent attempt=1/8 elapsed=2.1s raw_chars=474
[2026-06-27 11:38:25] [API] request start agent=Review Manager Agent attempt=1/8 prompt_chars=9285[2026-06-27 11:38:25] [API] request start agent=Review Manager Agent attempt=1/8 prompt_chars=9285

[2026-06-27 11:38:34] [API] request success agent=Review Manager Agent attempt=1/8 elapsed=8.9s raw_chars=4168
[2026-06-27 11:38:34] [API] request start agent=Review Manager Agent attempt=1/8 prompt_chars=9285
[2026-06-27 11:38:35] [API] request success agent=Review Manager Agent attempt=1/8 elapsed=10.3s raw_chars=4370
[2026-06-27 11:38:35] [API] request start agent=Review Manager Agent attempt=1/8 prompt_chars=9285
[2026-06-27 11:38:47] [API] request success agent=Review Manager Agent attempt=1/8 elapsed=11.3s raw_chars=4661
[2026-06-27 11:38:47] [API] request success agent=Review Manager Agent attempt=1/8 elapsed=13.3s raw_chars=5577
[2026-06-27 11:38:48] [API] request start agent=Evidence Agent attempt=1/8 prompt_chars=7823
[2026-06-27 11:38:48] [API] request start agent=Evidence Agent attempt=1/8 prompt_chars=7826
[2026-06-27 11:38:51] [API] request success agent=Evidence Agent attempt=1/8 elapsed=3.6s raw_chars=848
[2026-06-27 11:38:51] [API] request start agent=Evidence Agent attempt=1/8 prompt_chars=7826
[2026-06-27 11:38:54] [API] request success agent=Evidence Agent attempt=1/8 elapsed=5.9s raw_chars=1656
[2026-06-27 11:38:54] [API] request start agent=Evidence Agent attempt=1/8 prompt_chars=7826
[2026-06-27 11:38:55] [API] request success agent=Evidence Agent attempt=1/8 elapsed=4.0s raw_chars=1301
[2026-06-27 11:39:01] [API] request success agent=Evidence Agent attempt=1/8 elapsed=6.8s raw_chars=1347
[review_reward][unknown][9zEBK3E9bX] reward=0.6641 breakdown={'decision': 0.0, 'section_presence': 1.0, 'length_score': 1.0, 'summary_align': 0.5061, 'strength_align': 0.3632, 'weakness_align': 0.2844, 'suggestion_align': 0.5357, 'global_align': 0.317, 'critique': 1.0, 'stance_align': 0.6951, 'rating_align': 0.0, 'decision_line_bonus': 0.0, 'audit_id_leak_penalty': 0.0, 'penalty': 0.0, 'total': 0.6641, 'es_coverage': 0.75, 'es_depth': 0.75, 'es_empirical': 0.75, 'es_independent': 0.5, 'es_flaw_density': 0.6667, 'es_support_volume': 0.625, 'evidence_support_score': 0.7}
[review_reward][unknown][XyB4VvF01X] reward=0.4841 breakdown={'decision': 0.0, 'section_presence': 1.0, 'length_score': 1.0, 'summary_align': 0.5715, 'strength_align': 0.4001, 'weakness_align': 0.3021, 'suggestion_align': 0.5135, 'global_align': 0.2565, 'critique': 1.0, 'stance_align': 0.7179, 'rating_align': 0.0, 'decision_line_bonus': 0.0, 'audit_id_leak_penalty': 0.0, 'penalty': 0.0, 'total': 0.4841, 'es_coverage': 0.25, 'es_depth': 0.25, 'es_empirical': 0.25, 'es_independent': 0.25, 'es_flaw_density': 0.0, 'es_support_volume': 0.5, 'evidence_support_score': 0.2375}
[review_reward][unknown][GE6iywJtsV] reward=0.5065 breakdown={'decision': 0.0, 'section_presence': 1.0, 'length_score': 1.0, 'summary_align': 0.6634, 'strength_align': 0.4858, 'weakness_align': 0.3318, 'suggestion_align': 0.5508, 'global_align': 0.3212, 'critique': 1.0, 'stance_align': 0.8228, 'rating_align': 0.0, 'decision_line_bonus': 0.0, 'audit_id_leak_penalty': 0.0, 'penalty': 0.0, 'total': 0.5065, 'es_coverage': 0.25, 'es_depth': 0.25, 'es_empirical': 0.25, 'es_independent': 0.25, 'es_flaw_density': 0.0, 'es_support_volume': 0.375, 'evidence_support_score': 0.225}
[review_reward][unknown][WpXq5n8yLb] reward=0.7129 breakdown={'decision': 0.0, 'section_presence': 1.0, 'length_score': 1.0, 'summary_align': 0.4245, 'strength_align': 0.3164, 'weakness_align': 0.2082, 'suggestion_align': 0.2955, 'global_align': 0.2213, 'critique': 1.0, 'stance_align': 0.8917, 'rating_align': 0.0, 'decision_line_bonus': 0.0, 'audit_id_leak_penalty': 0.0, 'penalty': 0.0, 'total': 0.7129, 'es_coverage': 1.0, 'es_depth': 1.0, 'es_empirical': 1.0, 'es_independent': 1.0, 'es_flaw_density': 0.0, 'es_support_volume': 1.0, 'evidence_support_score': 0.85}
{"paper_id": "9zEBK3E9bX", "mode": "s4", "reward": 0.6640570561960797, "final_decision": "reject", "model_adapter_mode": "small_model"}
{"paper_id": "XyB4VvF01X", "mode": "s4", "reward": 0.48407731143268734, "final_decision": "reject", "model_adapter_mode": "small_model"}
{"paper_id": "GE6iywJtsV", "mode": "s4", "reward": 0.5065204012483493, "final_decision": "reject", "model_adapter_mode": "small_model"}
{"paper_id": "WpXq5n8yLb", "mode": "s4", "reward": 0.7128724034406899, "final_decision": "reject", "model_adapter_mode": "small_model"}
[2026-06-27 11:39:08] [API] request start agent=Review Manager Agent attempt=1/8 prompt_chars=7991[2026-06-27 11:39:08] [API] request start agent=Review Manager Agent attempt=1/8 prompt_chars=7991

[2026-06-27 11:39:12] [API] request success agent=Review Manager Agent attempt=1/8 elapsed=4.2s raw_chars=1266
[2026-06-27 11:39:12] [API] request start agent=Review Manager Agent attempt=1/8 prompt_chars=7991
[2026-06-27 11:39:13] [API] request success agent=Review Manager Agent attempt=1/8 elapsed=5.0s raw_chars=1417
[2026-06-27 11:39:13] [API] request start agent=Review Manager Agent attempt=1/8 prompt_chars=7991
[2026-06-27 11:39:17] [API] request success agent=Review Manager Agent attempt=1/8 elapsed=5.0s raw_chars=1547
[2026-06-27 11:39:17] [API] request success agent=Review Manager Agent attempt=1/8 elapsed=4.3s raw_chars=1096
[2026-06-27 11:39:17] [API] request start agent=Claim Agent attempt=1/8 prompt_chars=8712[2026-06-27 11:39:17] [API] request start agent=Claim Agent attempt=1/8 prompt_chars=8712

[2026-06-27 11:39:24] [API] request success agent=Claim Agent attempt=1/8 elapsed=6.9s raw_chars=2349
[2026-06-27 11:39:24] [API] request start agent=Claim Agent attempt=1/8 prompt_chars=8712
[2026-06-27 11:39:26] [API] request success agent=Claim Agent attempt=1/8 elapsed=8.8s raw_chars=2672
[2026-06-27 11:39:26] [API] request start agent=Claim Agent attempt=1/8 prompt_chars=8712
[2026-06-27 11:39:30] [API] request success agent=Claim Agent attempt=1/8 elapsed=5.4s raw_chars=2022
[2026-06-27 11:39:32] [API] request success agent=Claim Agent attempt=1/8 elapsed=5.4s raw_chars=2090
[2026-06-27 11:39:32] [API] request start agent=Review Manager Agent attempt=1/8 prompt_chars=9285[2026-06-27 11:39:32] [API] request start agent=Review Manager Agent attempt=1/8 prompt_chars=9280

[2026-06-27 11:39:41] [API] request success agent=Review Manager Agent attempt=1/8 elapsed=9.2s raw_chars=3496
[2026-06-27 11:39:41] [API] request start agent=Review Manager Agent attempt=1/8 prompt_chars=9285
[2026-06-27 11:39:42] [API] request success agent=Review Manager Agent attempt=1/8 elapsed=10.1s raw_chars=3771
[2026-06-27 11:39:42] [API] request start agent=Review Manager Agent attempt=1/8 prompt_chars=9285
[2026-06-27 11:39:51] [API] request success agent=Review Manager Agent attempt=1/8 elapsed=9.5s raw_chars=2903
[2026-06-27 11:39:51] [API] request success agent=Review Manager Agent attempt=1/8 elapsed=8.9s raw_chars=3275
[2026-06-27 11:39:51] [API] request start agent=Evidence Agent attempt=1/8 prompt_chars=7826[2026-06-27 11:39:51] [API] request start agent=Evidence Agent attempt=1/8 prompt_chars=7826

[2026-06-27 11:40:00] [API] request success agent=Evidence Agent attempt=1/8 elapsed=8.5s raw_chars=3378
[2026-06-27 11:40:00] [API] request start agent=Evidence Agent attempt=1/8 prompt_chars=7826
[2026-06-27 11:40:01] [API] request success agent=Evidence Agent attempt=1/8 elapsed=9.4s raw_chars=4045
[2026-06-27 11:40:06] [API] request success agent=Evidence Agent attempt=1/8 elapsed=6.3s raw_chars=2747
[2026-06-27 11:40:06] [API] request start agent=Critique Agent attempt=1/8 prompt_chars=11673
[2026-06-27 11:40:11] [API] request success agent=Critique Agent attempt=1/8 elapsed=4.9s raw_chars=1701
[2026-06-27 11:40:11] [API] request start agent=Review Manager Agent attempt=1/8 prompt_chars=9285[2026-06-27 11:40:11] [API] request start agent=Review Manager Agent attempt=1/8 prompt_chars=9285

[2026-06-27 11:40:20] [API] request success agent=Review Manager Agent attempt=1/8 elapsed=8.9s raw_chars=3561
[2026-06-27 11:40:20] [API] request start agent=Review Manager Agent attempt=1/8 prompt_chars=9285
[2026-06-27 11:40:21] [API] request success agent=Review Manager Agent attempt=1/8 elapsed=9.3s raw_chars=3803
[2026-06-27 11:40:21] [API] request start agent=Review Manager Agent attempt=1/8 prompt_chars=9285
[2026-06-27 11:40:30] [API] request success agent=Review Manager Agent attempt=1/8 elapsed=9.6s raw_chars=3964
[2026-06-27 11:40:31] [API] request success agent=Review Manager Agent attempt=1/8 elapsed=9.9s raw_chars=4065
[2026-06-27 11:40:31] [API] request start agent=Evidence Agent attempt=1/8 prompt_chars=7826[2026-06-27 11:40:31] [API] request start agent=Evidence Agent attempt=1/8 prompt_chars=7826

[2026-06-27 11:40:33] [API] request success agent=Evidence Agent attempt=1/8 elapsed=1.6s raw_chars=207
[2026-06-27 11:40:37] [API] request success agent=Evidence Agent attempt=1/8 elapsed=5.7s raw_chars=2324
[2026-06-27 11:40:37] [API] request start agent=Critique Agent attempt=1/8 prompt_chars=12191[2026-06-27 11:40:37] [API] request start agent=Critique Agent attempt=1/8 prompt_chars=12192

[2026-06-27 11:40:48] [API] request success agent=Critique Agent attempt=1/8 elapsed=11.4s raw_chars=4609
[2026-06-27 11:40:52] [API] request success agent=Critique Agent attempt=1/8 elapsed=15.2s raw_chars=6834
[2026-06-27 11:40:53] [API] request start agent=Review Manager Agent attempt=1/8 prompt_chars=9284[2026-06-27 11:40:53] [API] request start agent=Review Manager Agent attempt=1/8 prompt_chars=9285

[2026-06-27 11:41:01] [API] request success agent=Review Manager Agent attempt=1/8 elapsed=8.4s raw_chars=3569
[2026-06-27 11:41:01] [API] request start agent=Review Manager Agent attempt=1/8 prompt_chars=9279
[2026-06-27 11:41:04] [API] request success agent=Review Manager Agent attempt=1/8 elapsed=11.1s raw_chars=4430
[2026-06-27 11:41:04] [API] request start agent=Review Manager Agent attempt=1/8 prompt_chars=9285
[2026-06-27 11:41:09] [API] request success agent=Review Manager Agent attempt=1/8 elapsed=7.7s raw_chars=3216
[2026-06-27 11:41:13] [API] request success agent=Review Manager Agent attempt=1/8 elapsed=9.1s raw_chars=3590
[2026-06-27 11:41:13] [API] request start agent=Critique Agent attempt=1/8 prompt_chars=11672[2026-06-27 11:41:13] [API] request start agent=Critique Agent attempt=1/8 prompt_chars=8030

[2026-06-27 11:41:16] [API] request success agent=Critique Agent attempt=1/8 elapsed=2.5s raw_chars=569
[2026-06-27 11:41:17] [API] request success agent=Critique Agent attempt=1/8 elapsed=3.4s raw_chars=1007
[2026-06-27 11:41:17] [API] request start agent=Evidence Agent attempt=1/8 prompt_chars=8592[2026-06-27 11:41:17] [API] request start agent=Evidence Agent attempt=1/8 prompt_chars=8593

[2026-06-27 11:41:19] [API] request success agent=Evidence Agent attempt=1/8 elapsed=2.3s raw_chars=701
[2026-06-27 11:41:22] [API] request success agent=Evidence Agent attempt=1/8 elapsed=4.8s raw_chars=1607
[2026-06-27 11:41:22] [API] request start agent=Evidence Agent attempt=1/8 prompt_chars=8754
[2026-06-27 11:41:25] [API] request success agent=Evidence Agent attempt=1/8 elapsed=2.8s raw_chars=504
[2026-06-27 11:41:26] [API] request start agent=Review Manager Agent attempt=1/8 prompt_chars=9285
[2026-06-27 11:41:26] [API] request start agent=Review Manager Agent attempt=1/8 prompt_chars=9285
[2026-06-27 11:41:34] [API] request success agent=Review Manager Agent attempt=1/8 elapsed=7.8s raw_chars=3393
[2026-06-27 11:41:34] [API] request start agent=Review Manager Agent attempt=1/8 prompt_chars=9285
[2026-06-27 11:41:35] [API] request success agent=Review Manager Agent attempt=1/8 elapsed=9.2s raw_chars=3923
[2026-06-27 11:41:35] [API] request start agent=Review Manager Agent attempt=1/8 prompt_chars=9285
[2026-06-27 11:41:42] [API] request success agent=Review Manager Agent attempt=1/8 elapsed=8.8s raw_chars=3682
[2026-06-27 11:41:43] [API] request success agent=Review Manager Agent attempt=1/8 elapsed=8.2s raw_chars=3503
[2026-06-27 11:41:45] [API] request start agent=Critique Agent attempt=1/8 prompt_chars=12192
[2026-06-27 11:41:59] [API] request success agent=Critique Agent attempt=1/8 elapsed=14.2s raw_chars=7277
[2026-06-27 11:41:59] [API] request start agent=Evidence Agent attempt=1/8 prompt_chars=7826[2026-06-27 11:41:59] [API] request start agent=Evidence Agent attempt=1/8 prompt_chars=8593

[2026-06-27 11:42:02] [API] request success agent=Evidence Agent attempt=1/8 elapsed=3.0s raw_chars=695
[2026-06-27 11:42:02] [API] request start agent=Evidence Agent attempt=1/8 prompt_chars=7825
[2026-06-27 11:42:07] [API] request success agent=Evidence Agent attempt=1/8 elapsed=8.2s raw_chars=3152
[2026-06-27 11:42:08] [API] request success agent=Evidence Agent attempt=1/8 elapsed=5.8s raw_chars=2244
[2026-06-27 11:42:09] [API] request start agent=Review Manager Agent attempt=1/8 prompt_chars=9285[2026-06-27 11:42:09] [API] request start agent=Review Manager Agent attempt=1/8 prompt_chars=9285

[2026-06-27 11:42:18] [API] request success agent=Review Manager Agent attempt=1/8 elapsed=8.8s raw_chars=3765
[2026-06-27 11:42:18] [API] request start agent=Review Manager Agent attempt=1/8 prompt_chars=9285
[2026-06-27 11:42:19] [API] request success agent=Review Manager Agent attempt=1/8 elapsed=10.2s raw_chars=4657
[2026-06-27 11:42:25] [API] request success agent=Review Manager Agent attempt=1/8 elapsed=7.6s raw_chars=3372
[2026-06-27 11:42:26] [API] request start agent=Evidence Agent attempt=1/8 prompt_chars=8592
[2026-06-27 11:42:28] [API] request success agent=Evidence Agent attempt=1/8 elapsed=2.3s raw_chars=475
[2026-06-27 11:42:28] [API] request start agent=Critique Agent attempt=1/8 prompt_chars=11673[2026-06-27 11:42:28] [API] request start agent=Critique Agent attempt=1/8 prompt_chars=8030

[2026-06-27 11:42:30] [API] request success agent=Critique Agent attempt=1/8 elapsed=2.0s raw_chars=477
[2026-06-27 11:42:31] [API] request success agent=Critique Agent attempt=1/8 elapsed=2.9s raw_chars=490
[2026-06-27 11:42:32] [API] request start agent=Evidence Agent attempt=1/8 prompt_chars=8754
[2026-06-27 11:42:34] [API] request success agent=Evidence Agent attempt=1/8 elapsed=2.9s raw_chars=563
[2026-06-27 11:42:37] [API] request start agent=Review Manager Agent attempt=1/8 prompt_chars=9281[2026-06-27 11:42:37] [API] request start agent=Review Manager Agent attempt=1/8 prompt_chars=9285

[2026-06-27 11:42:45] [API] request success agent=Review Manager Agent attempt=1/8 elapsed=8.4s raw_chars=3663
[2026-06-27 11:42:45] [API] request start agent=Review Manager Agent attempt=1/8 prompt_chars=9281
[2026-06-27 11:42:46] [API] request success agent=Review Manager Agent attempt=1/8 elapsed=9.1s raw_chars=3967
[2026-06-27 11:42:52] [API] request success agent=Review Manager Agent attempt=1/8 elapsed=6.7s raw_chars=2900
[2026-06-27 11:42:53] [API] request start agent=Critique Agent attempt=1/8 prompt_chars=11672
[2026-06-27 11:42:53] [API] request start agent=Critique Agent attempt=1/8 prompt_chars=11673
[2026-06-27 11:42:56] [API] request success agent=Critique Agent attempt=1/8 elapsed=3.0s raw_chars=493
[2026-06-27 11:42:56] [API] request start agent=Critique Agent attempt=1/8 prompt_chars=11672
[2026-06-27 11:42:56] [API] request success agent=Critique Agent attempt=1/8 elapsed=3.2s raw_chars=440
[2026-06-27 11:43:02] [API] request success agent=Critique Agent attempt=1/8 elapsed=5.4s raw_chars=1850
{"paper_id": "NnExMNiTHw", "mode": "s4", "reward": 0.5381997704468443, "final_decision": "reject", "model_adapter_mode": "small_model"}
{"paper_id": "a6SntIisgg", "mode": "s4", "reward": 0.5880331958394234, "final_decision": "reject", "model_adapter_mode": "small_model"}
{"paper_id": "cklg91aPGk", "mode": "s4", "reward": 0.4950648463832862, "final_decision": "reject", "model_adapter_mode": "small_model"}
{"paper_id": "HPuLU6q7xq", "mode": "s4", "reward": 0.45796729592387986, "final_decision": "reject", "model_adapter_mode": "small_model"}
[2026-06-27 11:43:06] [API] request start agent=Review Manager Agent attempt=1/8 prompt_chars=7991[2026-06-27 11:43:06] [API] request start agent=Review Manager Agent attempt=1/8 prompt_chars=7991

[2026-06-27 11:43:10] [API] request success agent=Review Manager Agent attempt=1/8 elapsed=3.7s raw_chars=1057
[2026-06-27 11:43:10] [API] request start agent=Review Manager Agent attempt=1/8 prompt_chars=7991
[2026-06-27 11:43:11] [API] request success agent=Review Manager Agent attempt=1/8 elapsed=4.9s raw_chars=1422
[2026-06-27 11:43:11] [API] request start agent=Review Manager Agent attempt=1/8 prompt_chars=7991
[2026-06-27 11:43:14] [API] request success agent=Review Manager Agent attempt=1/8 elapsed=4.4s raw_chars=1469
[2026-06-27 11:43:15] [API] request success agent=Review Manager Agent attempt=1/8 elapsed=4.3s raw_chars=1174
[2026-06-27 11:43:15] [API] request start agent=Claim Agent attempt=1/8 prompt_chars=8712[2026-06-27 11:43:15] [API] request start agent=Claim Agent attempt=1/8 prompt_chars=8712

[2026-06-27 11:43:21] [API] request success agent=Claim Agent attempt=1/8 elapsed=5.4s raw_chars=1967
[2026-06-27 11:43:21] [API] request start agent=Claim Agent attempt=1/8 prompt_chars=8712
[2026-06-27 11:43:22] [API] request success agent=Claim Agent attempt=1/8 elapsed=6.5s raw_chars=2625
[2026-06-27 11:43:22] [API] request start agent=Claim Agent attempt=1/8 prompt_chars=8711
[2026-06-27 11:43:26] [API] request success agent=Claim Agent attempt=1/8 elapsed=5.5s raw_chars=2254
[2026-06-27 11:43:27] [API] request success agent=Claim Agent attempt=1/8 elapsed=5.4s raw_chars=2043
[2026-06-27 11:43:28] [API] request start agent=Review Manager Agent attempt=1/8 prompt_chars=9285[2026-06-27 11:43:28] [API] request start agent=Review Manager Agent attempt=1/8 prompt_chars=9285

[2026-06-27 11:43:35] [API] request success agent=Review Manager Agent attempt=1/8 elapsed=7.9s raw_chars=3101
[2026-06-27 11:43:35] [API] request start agent=Review Manager Agent attempt=1/8 prompt_chars=9285
[2026-06-27 11:43:35] [API] request success agent=Review Manager Agent attempt=1/8 elapsed=7.9s raw_chars=3389
[2026-06-27 11:43:35] [API] request start agent=Review Manager Agent attempt=1/8 prompt_chars=9284
[2026-06-27 11:43:44] [API] request success agent=Review Manager Agent attempt=1/8 elapsed=8.1s raw_chars=3469
[2026-06-27 11:43:44] [API] request success agent=Review Manager Agent attempt=1/8 elapsed=8.2s raw_chars=3695
[2026-06-27 11:43:44] [API] request start agent=Critique Agent attempt=1/8 prompt_chars=11673[2026-06-27 11:43:44] [API] request start agent=Critique Agent attempt=1/8 prompt_chars=11673

[2026-06-27 11:43:47] [API] request success agent=Critique Agent attempt=1/8 elapsed=3.0s raw_chars=500
[2026-06-27 11:43:47] [API] request start agent=Critique Agent attempt=1/8 prompt_chars=11673
[2026-06-27 11:43:50] [API] request success agent=Critique Agent attempt=1/8 elapsed=5.6s raw_chars=2129
[2026-06-27 11:43:52] [API] request success agent=Critique Agent attempt=1/8 elapsed=4.4s raw_chars=1222
[2026-06-27 11:43:52] [API] request start agent=Evidence Agent attempt=1/8 prompt_chars=7826
[2026-06-27 11:44:00] [API] request success agent=Evidence Agent attempt=1/8 elapsed=8.6s raw_chars=3322
[2026-06-27 11:44:01] [API] request start agent=Review Manager Agent attempt=1/8 prompt_chars=9278[2026-06-27 11:44:01] [API] request start agent=Review Manager Agent attempt=1/8 prompt_chars=9284

[2026-06-27 11:44:09] [API] request success agent=Review Manager Agent attempt=1/8 elapsed=7.5s raw_chars=3337
[2026-06-27 11:44:09] [API] request start agent=Review Manager Agent attempt=1/8 prompt_chars=9285
[2026-06-27 11:44:10] [API] request success agent=Review Manager Agent attempt=1/8 elapsed=8.6s raw_chars=3750
[2026-06-27 11:44:10] [API] request start agent=Review Manager Agent attempt=1/8 prompt_chars=9285
[2026-06-27 11:44:18] [API] request success agent=Review Manager Agent attempt=1/8 elapsed=9.4s raw_chars=4355
[2026-06-27 11:44:19] [API] request success agent=Review Manager Agent attempt=1/8 elapsed=8.8s raw_chars=3801
[2026-06-27 11:44:19] [API] request start agent=Evidence Agent attempt=1/8 prompt_chars=7826
[2026-06-27 11:44:23] [API] request success agent=Evidence Agent attempt=1/8 elapsed=4.1s raw_chars=1125
[2026-06-27 11:44:23] [API] request start agent=Critique Agent attempt=1/8 prompt_chars=12189[2026-06-27 11:44:23] [API] request start agent=Critique Agent attempt=1/8 prompt_chars=12191

[2026-06-27 11:44:37] [API] request success agent=Critique Agent attempt=1/8 elapsed=14.0s raw_chars=4309
[2026-06-27 11:44:37] [API] request start agent=Critique Agent attempt=1/8 prompt_chars=12191
[2026-06-27 11:44:42] [API] request success agent=Critique Agent attempt=1/8 elapsed=18.6s raw_chars=7497
[2026-06-27 11:44:48] [API] request success agent=Critique Agent attempt=1/8 elapsed=10.9s raw_chars=4619
[2026-06-27 11:44:49] [API] request start agent=Review Manager Agent attempt=1/8 prompt_chars=9285[2026-06-27 11:44:49] [API] request start agent=Review Manager Agent attempt=1/8 prompt_chars=9285

[2026-06-27 11:44:57] [API] request success agent=Review Manager Agent attempt=1/8 elapsed=7.4s raw_chars=3239
[2026-06-27 11:44:57] [API] request start agent=Review Manager Agent attempt=1/8 prompt_chars=9285
[2026-06-27 11:45:02] [API] request success agent=Review Manager Agent attempt=1/8 elapsed=12.7s raw_chars=5294
[2026-06-27 11:45:02] [API] request start agent=Review Manager Agent attempt=1/8 prompt_chars=9285
[2026-06-27 11:45:04] [API] request success agent=Review Manager Agent attempt=1/8 elapsed=7.5s raw_chars=3442
[2026-06-27 11:45:16] [API] request success agent=Review Manager Agent attempt=1/8 elapsed=13.9s raw_chars=5354
[2026-06-27 11:45:17] [API] request start agent=Critique Agent attempt=1/8 prompt_chars=8030[2026-06-27 11:45:17] [API] request start agent=Critique Agent attempt=1/8 prompt_chars=8030

[2026-06-27 11:45:19] [API] request success agent=Critique Agent attempt=1/8 elapsed=2.1s raw_chars=436
[2026-06-27 11:45:20] [API] request success agent=Critique Agent attempt=1/8 elapsed=3.1s raw_chars=650
[2026-06-27 11:45:23] [API] request start agent=Evidence Agent attempt=1/8 prompt_chars=8593[2026-06-27 11:45:23] [API] request start agent=Evidence Agent attempt=1/8 prompt_chars=7826

[2026-06-27 11:45:25] [API] request success agent=Evidence Agent attempt=1/8 elapsed=2.0s raw_chars=473
[2026-06-27 11:45:28] [API] request success agent=Evidence Agent attempt=1/8 elapsed=4.6s raw_chars=1282
[2026-06-27 11:45:31] [API] request start agent=Evidence Agent attempt=1/8 prompt_chars=8754[2026-06-27 11:45:31] [API] request start agent=Evidence Agent attempt=1/8 prompt_chars=8754

[2026-06-27 11:45:33] [API] request success agent=Evidence Agent attempt=1/8 elapsed=2.3s raw_chars=500
[2026-06-27 11:45:33] [API] request success agent=Evidence Agent attempt=1/8 elapsed=2.5s raw_chars=533
[2026-06-27 11:45:46] [API] request start agent=Review Manager Agent attempt=1/8 prompt_chars=9285[2026-06-27 11:45:46] [API] request start agent=Review Manager Agent attempt=1/8 prompt_chars=9285

[2026-06-27 11:45:55] [API] request success agent=Review Manager Agent attempt=1/8 elapsed=8.9s raw_chars=3279
[2026-06-27 11:45:55] [API] request start agent=Review Manager Agent attempt=1/8 prompt_chars=9282
[2026-06-27 11:45:57] [API] request success agent=Review Manager Agent attempt=1/8 elapsed=11.2s raw_chars=4963
[2026-06-27 11:45:57] [API] request start agent=Review Manager Agent attempt=1/8 prompt_chars=9285
[2026-06-27 11:46:04] [API] request success agent=Review Manager Agent attempt=1/8 elapsed=8.9s raw_chars=3490
[2026-06-27 11:46:06] [API] request success agent=Review Manager Agent attempt=1/8 elapsed=9.0s raw_chars=3866
[2026-06-27 11:46:07] [API] request start agent=Evidence Agent attempt=1/8 prompt_chars=7826[2026-06-27 11:46:07] [API] request start agent=Evidence Agent attempt=1/8 prompt_chars=8593

[2026-06-27 11:46:09] [API] request success agent=Evidence Agent attempt=1/8 elapsed=2.6s raw_chars=749
[2026-06-27 11:46:09] [API] request start agent=Evidence Agent attempt=1/8 prompt_chars=7825
[2026-06-27 11:46:11] [API] request success agent=Evidence Agent attempt=1/8 elapsed=4.3s raw_chars=1376
[2026-06-27 11:46:14] [API] request success agent=Evidence Agent attempt=1/8 elapsed=4.8s raw_chars=1389
[2026-06-27 11:46:14] [API] request start agent=Critique Agent attempt=1/8 prompt_chars=8030
[2026-06-27 11:46:17] [API] request success agent=Critique Agent attempt=1/8 elapsed=2.4s raw_chars=496
[2026-06-27 11:46:17] [API] request start agent=Evidence Agent attempt=1/8 prompt_chars=8546
[2026-06-27 11:46:22] [API] request success agent=Evidence Agent attempt=1/8 elapsed=4.5s raw_chars=1436
[2026-06-27 11:46:25] [API] request start agent=Review Manager Agent attempt=1/8 prompt_chars=9280[2026-06-27 11:46:25] [API] request start agent=Review Manager Agent attempt=1/8 prompt_chars=9285

[2026-06-27 11:46:36] [API] request success agent=Review Manager Agent attempt=1/8 elapsed=11.2s raw_chars=4479
[2026-06-27 11:46:36] [API] request start agent=Review Manager Agent attempt=1/8 prompt_chars=9285
[2026-06-27 11:46:37] [API] request success agent=Review Manager Agent attempt=1/8 elapsed=12.1s raw_chars=4653
[2026-06-27 11:46:37] [API] request start agent=Review Manager Agent attempt=1/8 prompt_chars=9285
[2026-06-27 11:46:47] [API] request success agent=Review Manager Agent attempt=1/8 elapsed=9.5s raw_chars=3667
[2026-06-27 11:46:52] [API] request success agent=Review Manager Agent attempt=1/8 elapsed=15.6s raw_chars=5935
[2026-06-27 11:46:53] [API] request start agent=Evidence Agent attempt=1/8 prompt_chars=7826[2026-06-27 11:46:53] [API] request start agent=Evidence Agent attempt=1/8 prompt_chars=7824

[2026-06-27 11:46:57] [API] request success agent=Evidence Agent attempt=1/8 elapsed=4.1s raw_chars=1254
[2026-06-27 11:46:57] [API] request start agent=Evidence Agent attempt=1/8 prompt_chars=7826
[2026-06-27 11:46:58] [API] request success agent=Evidence Agent attempt=1/8 elapsed=5.4s raw_chars=1488
[2026-06-27 11:47:01] [API] request success agent=Evidence Agent attempt=1/8 elapsed=3.9s raw_chars=1325
[2026-06-27 11:47:01] [API] request start agent=Critique Agent attempt=1/8 prompt_chars=11673
[2026-06-27 11:47:04] [API] request success agent=Critique Agent attempt=1/8 elapsed=3.4s raw_chars=882
[2026-06-27 11:47:09] [API] request start agent=Review Manager Agent attempt=1/8 prompt_chars=9285[2026-06-27 11:47:09] [API] request start agent=Review Manager Agent attempt=1/8 prompt_chars=9285

[2026-06-27 11:47:19] [API] request success agent=Review Manager Agent attempt=1/8 elapsed=10.2s raw_chars=4380
[2026-06-27 11:47:19] [API] request start agent=Review Manager Agent attempt=1/8 prompt_chars=9284
[2026-06-27 11:47:20] [API] request success agent=Review Manager Agent attempt=1/8 elapsed=11.1s raw_chars=4626
[2026-06-27 11:47:26] [API] request success agent=Review Manager Agent attempt=1/8 elapsed=7.5s raw_chars=3287
[2026-06-27 11:47:27] [API] request start agent=Critique Agent attempt=1/8 prompt_chars=8030[2026-06-27 11:47:27] [API] request start agent=Critique Agent attempt=1/8 prompt_chars=8030

[2026-06-27 11:47:30] [API] request success agent=Critique Agent attempt=1/8 elapsed=2.8s raw_chars=429
[2026-06-27 11:47:31] [API] request success agent=Critique Agent attempt=1/8 elapsed=3.9s raw_chars=738
[2026-06-27 11:47:32] [API] request start agent=Evidence Agent attempt=1/8 prompt_chars=7826
[2026-06-27 11:47:36] [API] request success agent=Evidence Agent attempt=1/8 elapsed=4.4s raw_chars=1536
[2026-06-27 11:47:37] [API] request start agent=Evidence Agent attempt=1/8 prompt_chars=8754[2026-06-27 11:47:37] [API] request start agent=Evidence Agent attempt=1/8 prompt_chars=8754

[2026-06-27 11:47:40] [API] request success agent=Evidence Agent attempt=1/8 elapsed=2.5s raw_chars=481
[2026-06-27 11:47:41] [API] request success agent=Evidence Agent attempt=1/8 elapsed=3.9s raw_chars=426
{"paper_id": "fGXyvmWpw6", "mode": "s4", "reward": 0.33945366273186695, "final_decision": "reject", "model_adapter_mode": "small_model"}
{"paper_id": "QAgwFiIY4p", "mode": "s4", "reward": 0.6249448275005157, "final_decision": "reject", "model_adapter_mode": "small_model"}
{"paper_id": "TPAj63ax4Y", "mode": "s4", "reward": 0.3674449461459053, "final_decision": "reject", "model_adapter_mode": "small_model"}
{"paper_id": "mHv6wcBb0z", "mode": "s4", "reward": 0.5173972111005078, "final_decision": "reject", "model_adapter_mode": "small_model"}
[2026-06-27 11:47:50] [API] request start agent=Review Manager Agent attempt=1/8 prompt_chars=7991[2026-06-27 11:47:50] [API] request start agent=Review Manager Agent attempt=1/8 prompt_chars=7991

[2026-06-27 11:47:54] [API] request success agent=Review Manager Agent attempt=1/8 elapsed=4.0s raw_chars=1140
[2026-06-27 11:47:54] [API] request start agent=Review Manager Agent attempt=1/8 prompt_chars=7991
[2026-06-27 11:47:55] [API] request success agent=Review Manager Agent attempt=1/8 elapsed=5.0s raw_chars=1197
[2026-06-27 11:47:55] [API] request start agent=Review Manager Agent attempt=1/8 prompt_chars=7991
[2026-06-27 11:47:58] [API] request success agent=Review Manager Agent attempt=1/8 elapsed=4.6s raw_chars=1257
[2026-06-27 11:47:59] [API] request success agent=Review Manager Agent attempt=1/8 elapsed=4.3s raw_chars=1488
[2026-06-27 11:47:59] [API] request start agent=Claim Agent attempt=1/8 prompt_chars=8711
[2026-06-27 11:47:59] [API] request start agent=Claim Agent attempt=1/8 prompt_chars=8712
[2026-06-27 11:48:08] [API] request success agent=Claim Agent attempt=1/8 elapsed=8.4s raw_chars=2677
[2026-06-27 11:48:08] [API] request start agent=Claim Agent attempt=1/8 prompt_chars=8712
[2026-06-27 11:48:08] [API] request success agent=Claim Agent attempt=1/8 elapsed=8.6s raw_chars=3252
[2026-06-27 11:48:08] [API] request start agent=Claim Agent attempt=1/8 prompt_chars=8711
[2026-06-27 11:48:14] [API] request success agent=Claim Agent attempt=1/8 elapsed=5.9s raw_chars=2452
[2026-06-27 11:48:14] [API] request success agent=Claim Agent attempt=1/8 elapsed=6.7s raw_chars=2202
[2026-06-27 11:48:15] [API] request start agent=Review Manager Agent attempt=1/8 prompt_chars=9285[2026-06-27 11:48:15] [API] request start agent=Review Manager Agent attempt=1/8 prompt_chars=9285

[2026-06-27 11:48:23] [API] request success agent=Review Manager Agent attempt=1/8 elapsed=8.3s raw_chars=3656
[2026-06-27 11:48:23] [API] request start agent=Review Manager Agent attempt=1/8 prompt_chars=9285
[2026-06-27 11:48:24] [API] request success agent=Review Manager Agent attempt=1/8 elapsed=9.1s raw_chars=3822
[2026-06-27 11:48:24] [API] request start agent=Review Manager Agent attempt=1/8 prompt_chars=9285
[2026-06-27 11:48:30] [API] request success agent=Review Manager Agent attempt=1/8 elapsed=7.0s raw_chars=2980
[2026-06-27 11:48:32] [API] request success agent=Review Manager Agent attempt=1/8 elapsed=8.1s raw_chars=3605
[2026-06-27 11:48:32] [API] request start agent=Evidence Agent attempt=1/8 prompt_chars=7826[2026-06-27 11:48:32] [API] request start agent=Evidence Agent attempt=1/8 prompt_chars=7826

[2026-06-27 11:48:39] [API] request success agent=Evidence Agent attempt=1/8 elapsed=7.0s raw_chars=2558
[2026-06-27 11:48:39] [API] request start agent=Evidence Agent attempt=1/8 prompt_chars=7826
[2026-06-27 11:48:40] [API] request success agent=Evidence Agent attempt=1/8 elapsed=7.4s raw_chars=2748
[2026-06-27 11:48:46] [API] request success agent=Evidence Agent attempt=1/8 elapsed=6.5s raw_chars=2309
[2026-06-27 11:48:46] [API] request start agent=Critique Agent attempt=1/8 prompt_chars=11673
[2026-06-27 11:48:50] [API] request success agent=Critique Agent attempt=1/8 elapsed=4.1s raw_chars=1272
[2026-06-27 11:48:50] [API] request start agent=Review Manager Agent attempt=1/8 prompt_chars=9285[2026-06-27 11:48:50] [API] request start agent=Review Manager Agent attempt=1/8 prompt_chars=9284

[2026-06-27 11:48:58] [API] request success agent=Review Manager Agent attempt=1/8 elapsed=7.9s raw_chars=3511
[2026-06-27 11:48:58] [API] request start agent=Review Manager Agent attempt=1/8 prompt_chars=9285
[2026-06-27 11:49:00] [API] request success agent=Review Manager Agent attempt=1/8 elapsed=9.9s raw_chars=3627
[2026-06-27 11:49:00] [API] request start agent=Review Manager Agent attempt=1/8 prompt_chars=9285
[2026-06-27 11:49:08] [API] request success agent=Review Manager Agent attempt=1/8 elapsed=9.9s raw_chars=4134
[2026-06-27 11:49:09] [API] request success agent=Review Manager Agent attempt=1/8 elapsed=9.4s raw_chars=4046
[2026-06-27 11:49:10] [API] request start agent=Critique Agent attempt=1/8 prompt_chars=12192[2026-06-27 11:49:10] [API] request start agent=Critique Agent attempt=1/8 prompt_chars=11673

[2026-06-27 11:49:12] [API] request success agent=Critique Agent attempt=1/8 elapsed=2.2s raw_chars=430
[2026-06-27 11:49:12] [API] request start agent=Critique Agent attempt=1/8 prompt_chars=12181
[2026-06-27 11:49:25] [API] request success agent=Critique Agent attempt=1/8 elapsed=14.7s raw_chars=6359
[2026-06-27 11:49:27] [API] request success agent=Critique Agent attempt=1/8 elapsed=15.0s raw_chars=6758
[2026-06-27 11:49:27] [API] request start agent=Evidence Agent attempt=1/8 prompt_chars=7826
[2026-06-27 11:49:35] [API] request success agent=Evidence Agent attempt=1/8 elapsed=8.2s raw_chars=3072
[2026-06-27 11:49:36] [API] request start agent=Review Manager Agent attempt=1/8 prompt_chars=9285[2026-06-27 11:49:36] [API] request start agent=Review Manager Agent attempt=1/8 prompt_chars=9285

[2026-06-27 11:49:45] [API] request success agent=Review Manager Agent attempt=1/8 elapsed=8.9s raw_chars=3877
[2026-06-27 11:49:45] [API] request start agent=Review Manager Agent attempt=1/8 prompt_chars=9284
[2026-06-27 11:49:46] [API] request success agent=Review Manager Agent attempt=1/8 elapsed=10.1s raw_chars=4410
[2026-06-27 11:49:46] [API] request start agent=Review Manager Agent attempt=1/8 prompt_chars=9285
[2026-06-27 11:49:53] [API] request success agent=Review Manager Agent attempt=1/8 elapsed=8.0s raw_chars=3208
[2026-06-27 11:49:55] [API] request success agent=Review Manager Agent attempt=1/8 elapsed=9.6s raw_chars=3726
[2026-06-27 11:49:56] [API] request start agent=Evidence Agent attempt=1/8 prompt_chars=8593[2026-06-27 11:49:56] [API] request start agent=Evidence Agent attempt=1/8 prompt_chars=7826

[2026-06-27 11:49:59] [API] request success agent=Evidence Agent attempt=1/8 elapsed=2.7s raw_chars=819
[2026-06-27 11:49:59] [API] request start agent=Evidence Agent attempt=1/8 prompt_chars=7822
[2026-06-27 11:50:00] [API] request success agent=Evidence Agent attempt=1/8 elapsed=3.7s raw_chars=886
[2026-06-27 11:50:02] [API] request success agent=Evidence Agent attempt=1/8 elapsed=3.7s raw_chars=1367
[2026-06-27 11:50:02] [API] request start agent=Critique Agent attempt=1/8 prompt_chars=8030
[2026-06-27 11:50:04] [API] request success agent=Critique Agent attempt=1/8 elapsed=2.1s raw_chars=417
[2026-06-27 11:50:05] [API] request start agent=Evidence Agent attempt=1/8 prompt_chars=8754
[2026-06-27 11:50:07] [API] request success agent=Evidence Agent attempt=1/8 elapsed=2.2s raw_chars=495
[2026-06-27 11:50:09] [API] request start agent=Review Manager Agent attempt=1/8 prompt_chars=9285[2026-06-27 11:50:09] [API] request start agent=Review Manager Agent attempt=1/8 prompt_chars=9285

[2026-06-27 11:50:18] [API] request success agent=Review Manager Agent attempt=1/8 elapsed=9.4s raw_chars=3909
[2026-06-27 11:50:18] [API] request start agent=Review Manager Agent attempt=1/8 prompt_chars=9285
[2026-06-27 11:50:20] [API] request success agent=Review Manager Agent attempt=1/8 elapsed=11.0s raw_chars=4179
[2026-06-27 11:50:20] [API] request start agent=Review Manager Agent attempt=1/8 prompt_chars=9285
[2026-06-27 11:50:26] [API] request success agent=Review Manager Agent attempt=1/8 elapsed=8.0s raw_chars=3060
[2026-06-27 11:50:28] [API] request success agent=Review Manager Agent attempt=1/8 elapsed=8.6s raw_chars=3455
[2026-06-27 11:50:29] [API] request start agent=Evidence Agent attempt=1/8 prompt_chars=7826
[2026-06-27 11:50:29] [API] request start agent=Evidence Agent attempt=1/8 prompt_chars=7826
[2026-06-27 11:50:33] [API] request success agent=Evidence Agent attempt=1/8 elapsed=4.4s raw_chars=1390
[2026-06-27 11:50:34] [API] request success agent=Evidence Agent attempt=1/8 elapsed=5.4s raw_chars=1942
[2026-06-27 11:50:34] [API] request start agent=Critique Agent attempt=1/8 prompt_chars=8030
[2026-06-27 11:50:34] [API] request start agent=Critique Agent attempt=1/8 prompt_chars=11673
[2026-06-27 11:50:37] [API] request success agent=Critique Agent attempt=1/8 elapsed=2.6s raw_chars=612
[2026-06-27 11:50:38] [API] request success agent=Critique Agent attempt=1/8 elapsed=3.9s raw_chars=1299
[2026-06-27 11:50:38] [API] request start agent=Evidence Agent attempt=1/8 prompt_chars=8749
[2026-06-27 11:50:41] [API] request success agent=Evidence Agent attempt=1/8 elapsed=2.7s raw_chars=761
[2026-06-27 11:50:42] [API] request start agent=Review Manager Agent attempt=1/8 prompt_chars=9281[2026-06-27 11:50:42] [API] request start agent=Review Manager Agent attempt=1/8 prompt_chars=9285

[2026-06-27 11:50:50] [API] request success agent=Review Manager Agent attempt=1/8 elapsed=8.2s raw_chars=3689
[2026-06-27 11:50:50] [API] request start agent=Review Manager Agent attempt=1/8 prompt_chars=9285
[2026-06-27 11:50:52] [API] request success agent=Review Manager Agent attempt=1/8 elapsed=9.2s raw_chars=3853
[2026-06-27 11:51:02] [API] request success agent=Review Manager Agent attempt=1/8 elapsed=11.2s raw_chars=4630
[2026-06-27 11:51:02] [API] request start agent=Evidence Agent attempt=1/8 prompt_chars=7826[2026-06-27 11:51:02] [API] request start agent=Evidence Agent attempt=1/8 prompt_chars=7826

[2026-06-27 11:51:09] [API] request success agent=Evidence Agent attempt=1/8 elapsed=6.6s raw_chars=1629
[2026-06-27 11:51:09] [API] request success agent=Evidence Agent attempt=1/8 elapsed=7.2s raw_chars=2860
[2026-06-27 11:51:09] [API] request start agent=Critique Agent attempt=1/8 prompt_chars=8030
[2026-06-27 11:51:11] [API] request success agent=Critique Agent attempt=1/8 elapsed=2.2s raw_chars=536
[2026-06-27 11:51:12] [API] request start agent=Evidence Agent attempt=1/8 prompt_chars=8754
[2026-06-27 11:51:14] [API] request success agent=Evidence Agent attempt=1/8 elapsed=2.2s raw_chars=405
[2026-06-27 11:51:14] [API] request start agent=Review Manager Agent attempt=1/8 prompt_chars=9285[2026-06-27 11:51:14] [API] request start agent=Review Manager Agent attempt=1/8 prompt_chars=9285

[2026-06-27 11:51:24] [API] request success agent=Review Manager Agent attempt=1/8 elapsed=9.6s raw_chars=4035
[2026-06-27 11:51:24] [API] request start agent=Review Manager Agent attempt=1/8 prompt_chars=9285
[2026-06-27 11:51:26] [API] request success agent=Review Manager Agent attempt=1/8 elapsed=11.2s raw_chars=5084
[2026-06-27 11:51:32] [API] request success agent=Review Manager Agent attempt=1/8 elapsed=7.8s raw_chars=3052
[2026-06-27 11:51:32] [API] request start agent=Critique Agent attempt=1/8 prompt_chars=8030[2026-06-27 11:51:32] [API] request start agent=Critique Agent attempt=1/8 prompt_chars=11673

[2026-06-27 11:51:35] [API] request success agent=Critique Agent attempt=1/8 elapsed=2.7s raw_chars=630
[2026-06-27 11:51:38] [API] request success agent=Critique Agent attempt=1/8 elapsed=5.3s raw_chars=1702
[2026-06-27 11:51:38] [API] request start agent=Evidence Agent attempt=1/8 prompt_chars=7826
[2026-06-27 11:51:45] [API] request success agent=Evidence Agent attempt=1/8 elapsed=6.8s raw_chars=2826
[2026-06-27 11:51:45] [API] request start agent=Evidence Agent attempt=1/8 prompt_chars=8754
[2026-06-27 11:51:47] [API] request success agent=Evidence Agent attempt=1/8 elapsed=2.1s raw_chars=457
{"paper_id": "xUe1YqEgd6", "mode": "s4", "reward": 0.6627994681326081, "final_decision": "reject", "model_adapter_mode": "small_model"}
{"paper_id": "YXn76HMetm", "mode": "s4", "reward": 0.6038207343543744, "final_decision": "reject", "model_adapter_mode": "small_model"}
{"paper_id": "KOUAayk5Kx", "mode": "s4", "reward": 0.6049920200104705, "final_decision": "reject", "model_adapter_mode": "small_model"}
{"paper_id": "XH3OiIhtvf", "mode": "s4", "reward": 0.7188110491936414, "final_decision": "reject", "model_adapter_mode": "small_model"}
