[API] Initialized: model=mimo-v2.5, provider=mimo, base_url=https://api.xiaomimimo.com/v1, max_tokens=1536
[MAIN] Using API backend: model=mimo-v2.5
[MAIN] model_adapter_mode=small_model (requested=small_model)
[DEBUG] paper_id: ye3NrNrYOY, paper_text length: 34961
[DEBUG] paper_text snippet: \title{Temporal Causal Mechanism Transfer for Few-shot Action Recognition}  \begin{abstract} The goa...
[DEBUG] paper_id: WNxlJJIEVj, paper_text length: 48238
[DEBUG] paper_text snippet: \title{Contrastive Diffuser: Planning Towards High Return States via Contrastive Learning}  \begin{a...
[DEBUG] paper_id: uOrfve3prk, paper_text length: 44055
[DEBUG] paper_text snippet: \title{Towards Unifying Interpretability and Control: Evaluation via Intervention}  \begin{abstract}...
[DEBUG] paper_id: 7Dub7UXTXN, paper_text length: 17618
[DEBUG] paper_text snippet: \title{When Are Bias-Free ReLU Networks Effectively Linear Networks?}  \begin{abstract}  We investig...
[DEBUG] paper_id: 9zEBK3E9bX, paper_text length: 35496
[DEBUG] paper_text snippet: \title{SPOT: Scalable 3D Pre-training via Occupancy Prediction for Autonomous Driving}  \begin{abstr...
[DEBUG] paper_id: XyB4VvF01X, paper_text length: 32345
[DEBUG] paper_text snippet: \title{Graph2Tac: Learning hierarchical representations of math concepts in theorem proving}  \begin...
[DEBUG] paper_id: GE6iywJtsV, paper_text length: 30553
[DEBUG] paper_text snippet: \title{Diff-Shape: A Novel Constrained Diffusion Model for Shape-based De Novo Drug Design}  \begin{...
[DEBUG] paper_id: WpXq5n8yLb, paper_text length: 55540
[DEBUG] paper_text snippet: \title{Recurrent Drafter for Fast Speculative Decoding in Large Language Models}  \begin{abstract} W...
[DEBUG] paper_id: NnExMNiTHw, paper_text length: 37839
[DEBUG] paper_text snippet: \title{SpecDec++: Boosting Speculative Decoding via Adaptive Candidate Lengths}  \begin{abstract} Sp...
[DEBUG] paper_id: a6SntIisgg, paper_text length: 64928
[DEBUG] paper_text snippet: \title{LogoRA: Local-Global Representation Alignment for Robust Time Series Classification}  \begin{...
[DEBUG] paper_id: cklg91aPGk, paper_text length: 32511
[DEBUG] paper_text snippet: \title{Propagation Alone is Enough for Graph Contrastive Learning}  \begin{abstract} Graph contrasti...
[DEBUG] paper_id: HPuLU6q7xq, paper_text length: 38828
[DEBUG] paper_text snippet: \title{Orca: Enhancing Role-Playing Abilities of Large Language Models by Integrating Personality Tr...
[DEBUG] paper_id: fGXyvmWpw6, paper_text length: 47400
[DEBUG] paper_text snippet: \title{Federated Virtual Learning on Heterogeneous Data with Local-global Distillation}  \begin{abst...
[DEBUG] paper_id: QAgwFiIY4p, paper_text length: 49197
[DEBUG] paper_text snippet: \title{Graph as Point Set}  \begin{abstract} Graph is a fundamental data structure to model intercon...
[DEBUG] paper_id: TPAj63ax4Y, paper_text length: 49027
[DEBUG] paper_text snippet: \title{Segment, Select, Correct: A Framework for Weakly-Supervised Referring Segmentation}  \begin{a...
[DEBUG] paper_id: mHv6wcBb0z, paper_text length: 35109
[DEBUG] paper_text snippet: \title{Preventing Model Collapse in Deep Canonical Correlation Analysis by Noise Regularization}  \b...
[DEBUG] paper_id: xUe1YqEgd6, paper_text length: 34518
[DEBUG] paper_text snippet: \title{Unsupervised motion segmentation in one go: Smooth long-term model over a video}  \begin{abst...
[DEBUG] paper_id: YXn76HMetm, paper_text length: 36915
[DEBUG] paper_text snippet: \title{Hyperbolic Active Learning for Semantic Segmentation under Domain Shift}  \begin{abstract}  W...
[DEBUG] paper_id: KOUAayk5Kx, paper_text length: 32732
[DEBUG] paper_text snippet: \title{Defying Multi-model Forgetting: Orthogonal Gradient Learning to One-shot Neural Architecture ...
[DEBUG] paper_id: XH3OiIhtvf, paper_text length: 22365
[DEBUG] paper_text snippet: \title{Unsupervised Federated Learning for Privacy Preserving in Face Recognition System}  \begin{ab...
[2026-07-01 21:12:53] [API] request start agent=Review Manager Agent attempt=1/8 prompt_chars=7991
[2026-07-01 21:12:53] [API] request start agent=Review Manager Agent attempt=1/8 prompt_chars=7991[2026-07-01 21:12:53] [API] request start agent=Review Manager Agent attempt=1/8 prompt_chars=7991
[2026-07-01 21:12:53] [API] request start agent=Review Manager Agent attempt=1/8 prompt_chars=7991

[2026-07-01 21:12:56] [API] request success agent=Review Manager Agent attempt=1/8 elapsed=3.8s raw_chars=1247
[2026-07-01 21:12:57] [API] request success agent=Review Manager Agent attempt=1/8 elapsed=4.1s raw_chars=1208
[2026-07-01 21:12:57] [API] request success agent=Review Manager Agent attempt=1/8 elapsed=4.5s raw_chars=1434
[2026-07-01 21:12:57] [API] request success agent=Review Manager Agent attempt=1/8 elapsed=4.5s raw_chars=1207
[2026-07-01 21:12:58] [API] request start agent=Claim Agent attempt=1/8 prompt_chars=8712[2026-07-01 21:12:58] [API] request start agent=Claim Agent attempt=1/8 prompt_chars=8712
[2026-07-01 21:12:58] [API] request start agent=Claim Agent attempt=1/8 prompt_chars=8712
[2026-07-01 21:12:58] [API] request start agent=Claim Agent attempt=1/8 prompt_chars=8711

[2026-07-01 21:13:03] [API] request success agent=Claim Agent attempt=1/8 elapsed=5.9s raw_chars=2509
[2026-07-01 21:13:05] [API] request success agent=Claim Agent attempt=1/8 elapsed=7.6s raw_chars=2822
[2026-07-01 21:13:05] [API] request success agent=Claim Agent attempt=1/8 elapsed=7.6s raw_chars=3422
[2026-07-01 21:13:06] [API] request success agent=Claim Agent attempt=1/8 elapsed=8.0s raw_chars=3111
[2026-07-01 21:13:10] [API] request start agent=Review Manager Agent attempt=1/8 prompt_chars=9285[2026-07-01 21:13:10] [API] request start agent=Review Manager Agent attempt=1/8 prompt_chars=9285

[2026-07-01 21:13:10] [API] request start agent=Review Manager Agent attempt=1/8 prompt_chars=9285[2026-07-01 21:13:10] [API] request start agent=Review Manager Agent attempt=1/8 prompt_chars=9285

[2026-07-01 21:13:18] [API] request success agent=Review Manager Agent attempt=1/8 elapsed=7.8s raw_chars=3515
[2026-07-01 21:13:18] [API] request success agent=Review Manager Agent attempt=1/8 elapsed=8.3s raw_chars=3708
[2026-07-01 21:13:19] [API] request success agent=Review Manager Agent attempt=1/8 elapsed=9.6s raw_chars=4497
[2026-07-01 21:13:20] [API] request success agent=Review Manager Agent attempt=1/8 elapsed=9.9s raw_chars=3516
[2026-07-01 21:13:28] [API] request start agent=Evidence Agent attempt=1/8 prompt_chars=7825[2026-07-01 21:13:28] [API] request start agent=Evidence Agent attempt=1/8 prompt_chars=7823
[2026-07-01 21:13:28] [API] request start agent=Evidence Agent attempt=1/8 prompt_chars=7826

[2026-07-01 21:13:28] [API] request start agent=Evidence Agent attempt=1/8 prompt_chars=7826
[2026-07-01 21:13:33] [API] request success agent=Evidence Agent attempt=1/8 elapsed=5.6s raw_chars=2394
[2026-07-01 21:13:33] [API] request success agent=Evidence Agent attempt=1/8 elapsed=5.8s raw_chars=2496
[2026-07-01 21:13:34] [API] request success agent=Evidence Agent attempt=1/8 elapsed=6.8s raw_chars=2796
[2026-07-01 21:13:35] [API] request success agent=Evidence Agent attempt=1/8 elapsed=7.2s raw_chars=2965
[2026-07-01 21:13:50] [API] request start agent=Review Manager Agent attempt=1/8 prompt_chars=9285
[2026-07-01 21:13:50] [API] request start agent=Review Manager Agent attempt=1/8 prompt_chars=9285[2026-07-01 21:13:50] [API] request start agent=Review Manager Agent attempt=1/8 prompt_chars=9280

[2026-07-01 21:13:50] [API] request start agent=Review Manager Agent attempt=1/8 prompt_chars=9284
[2026-07-01 21:13:58] [API] request success agent=Review Manager Agent attempt=1/8 elapsed=7.6s raw_chars=3727
[2026-07-01 21:14:00] [API] request success agent=Review Manager Agent attempt=1/8 elapsed=9.8s raw_chars=4445
[2026-07-01 21:14:02] [API] request success agent=Review Manager Agent attempt=1/8 elapsed=11.4s raw_chars=5001
[2026-07-01 21:14:02] [API] request success agent=Review Manager Agent attempt=1/8 elapsed=11.6s raw_chars=4439
[2026-07-01 21:14:04] [API] request start agent=Critique Agent attempt=1/8 prompt_chars=18105[2026-07-01 21:14:04] [API] request start agent=Critique Agent attempt=1/8 prompt_chars=18105
[2026-07-01 21:14:04] [API] request start agent=Critique Agent attempt=1/8 prompt_chars=18104
[2026-07-01 21:14:04] [API] request start agent=Critique Agent attempt=1/8 prompt_chars=18105

[2026-07-01 21:14:13] [API] request success agent=Critique Agent attempt=1/8 elapsed=8.9s raw_chars=4159
[2026-07-01 21:14:18] [API] request success agent=Critique Agent attempt=1/8 elapsed=13.8s raw_chars=7297
[2026-07-01 21:14:19] [API] request success agent=Critique Agent attempt=1/8 elapsed=15.2s raw_chars=6554
[2026-07-01 21:14:20] [API] request success agent=Critique Agent attempt=1/8 elapsed=16.0s raw_chars=7232
[2026-07-01 21:14:31] [API] request start agent=Review Manager Agent attempt=1/8 prompt_chars=9285[2026-07-01 21:14:31] [API] request start agent=Review Manager Agent attempt=1/8 prompt_chars=9283
[2026-07-01 21:14:31] [API] request start agent=Review Manager Agent attempt=1/8 prompt_chars=9285
[2026-07-01 21:14:31] [API] request start agent=Review Manager Agent attempt=1/8 prompt_chars=9285

[2026-07-01 21:14:39] [API] request success agent=Review Manager Agent attempt=1/8 elapsed=8.1s raw_chars=3755
[2026-07-01 21:14:39] [API] request success agent=Review Manager Agent attempt=1/8 elapsed=8.5s raw_chars=3811
[2026-07-01 21:14:39] [API] request success agent=Review Manager Agent attempt=1/8 elapsed=8.8s raw_chars=4062
[2026-07-01 21:14:40] [API] request success agent=Review Manager Agent attempt=1/8 elapsed=9.2s raw_chars=4171
[2026-07-01 21:14:53] [API] request start agent=Evidence Agent attempt=1/8 prompt_chars=8593[2026-07-01 21:14:53] [API] request start agent=Evidence Agent attempt=1/8 prompt_chars=8585

[2026-07-01 21:14:54] [API] request success agent=Evidence Agent attempt=1/8 elapsed=1.7s raw_chars=475
[2026-07-01 21:14:57] [API] request success agent=Evidence Agent attempt=1/8 elapsed=4.1s raw_chars=1046
[2026-07-01 21:14:57] [API] request start agent=Critique Agent attempt=1/8 prompt_chars=8030[2026-07-01 21:14:57] [API] request start agent=Critique Agent attempt=1/8 prompt_chars=8030

[2026-07-01 21:14:59] [API] request success agent=Critique Agent attempt=1/8 elapsed=2.0s raw_chars=629
[2026-07-01 21:14:59] [API] request success agent=Critique Agent attempt=1/8 elapsed=2.3s raw_chars=685
[2026-07-01 21:15:14] [API] request start agent=Evidence Agent attempt=1/8 prompt_chars=8586
[2026-07-01 21:15:14] [API] request start agent=Evidence Agent attempt=1/8 prompt_chars=8588
[2026-07-01 21:15:16] [API] request success agent=Evidence Agent attempt=1/8 elapsed=1.9s raw_chars=475
[2026-07-01 21:15:17] [API] request success agent=Evidence Agent attempt=1/8 elapsed=2.7s raw_chars=751
[2026-07-01 21:15:59] [API] request start agent=Review Manager Agent attempt=1/8 prompt_chars=9285
[2026-07-01 21:15:59] [API] request start agent=Review Manager Agent attempt=1/8 prompt_chars=9285[2026-07-01 21:15:59] [API] request start agent=Review Manager Agent attempt=1/8 prompt_chars=9283[2026-07-01 21:15:59] [API] request start agent=Review Manager Agent attempt=1/8 prompt_chars=9285


[2026-07-01 21:16:07] [API] request success agent=Review Manager Agent attempt=1/8 elapsed=8.0s raw_chars=3584
[2026-07-01 21:16:08] [API] request success agent=Review Manager Agent attempt=1/8 elapsed=8.6s raw_chars=3808
[2026-07-01 21:16:08] [API] request success agent=Review Manager Agent attempt=1/8 elapsed=9.0s raw_chars=4147
[2026-07-01 21:16:10] [API] request success agent=Review Manager Agent attempt=1/8 elapsed=10.5s raw_chars=3720
[2026-07-01 21:16:32] [API] request start agent=Evidence Agent attempt=1/8 prompt_chars=7826[2026-07-01 21:16:32] [API] request start agent=Evidence Agent attempt=1/8 prompt_chars=7825

[2026-07-01 21:16:32] [API] request start agent=Evidence Agent attempt=1/8 prompt_chars=7826
[2026-07-01 21:16:38] [API] request success agent=Evidence Agent attempt=1/8 elapsed=6.3s raw_chars=2182
[2026-07-01 21:16:40] [API] request success agent=Evidence Agent attempt=1/8 elapsed=7.5s raw_chars=2958
[2026-07-01 21:16:40] [API] request success agent=Evidence Agent attempt=1/8 elapsed=8.2s raw_chars=3144
[2026-07-01 21:16:40] [API] request start agent=Critique Agent attempt=1/8 prompt_chars=11673
[2026-07-01 21:16:43] [API] request success agent=Critique Agent attempt=1/8 elapsed=2.9s raw_chars=846
[2026-07-01 21:17:03] [API] request start agent=Review Manager Agent attempt=1/8 prompt_chars=9285[2026-07-01 21:17:03] [API] request start agent=Review Manager Agent attempt=1/8 prompt_chars=9285
[2026-07-01 21:17:03] [API] request start agent=Review Manager Agent attempt=1/8 prompt_chars=9285
[2026-07-01 21:17:03] [API] request start agent=Review Manager Agent attempt=1/8 prompt_chars=9280

[2026-07-01 21:17:11] [API] request success agent=Review Manager Agent attempt=1/8 elapsed=8.4s raw_chars=3586
[2026-07-01 21:17:12] [API] request success agent=Review Manager Agent attempt=1/8 elapsed=9.3s raw_chars=3742
[2026-07-01 21:17:12] [API] request success agent=Review Manager Agent attempt=1/8 elapsed=9.4s raw_chars=3754
[2026-07-01 21:17:16] [API] request success agent=Review Manager Agent attempt=1/8 elapsed=13.1s raw_chars=4822
[2026-07-01 21:17:28] [API] request start agent=Critique Agent attempt=1/8 prompt_chars=11673
[2026-07-01 21:17:28] [API] request start agent=Critique Agent attempt=1/8 prompt_chars=11673[2026-07-01 21:17:28] [API] request start agent=Critique Agent attempt=1/8 prompt_chars=11673

[2026-07-01 21:17:31] [API] request success agent=Critique Agent attempt=1/8 elapsed=2.8s raw_chars=529
[2026-07-01 21:17:33] [API] request success agent=Critique Agent attempt=1/8 elapsed=4.7s raw_chars=1387
[2026-07-01 21:17:33] [API] request success agent=Critique Agent attempt=1/8 elapsed=5.2s raw_chars=1817
[2026-07-01 21:17:33] [API] request start agent=Evidence Agent attempt=1/8 prompt_chars=7826
[2026-07-01 21:17:38] [API] request success agent=Evidence Agent attempt=1/8 elapsed=4.4s raw_chars=1687
[2026-07-01 21:17:57] [API] request start agent=Review Manager Agent attempt=1/8 prompt_chars=9285[2026-07-01 21:17:57] [API] request start agent=Review Manager Agent attempt=1/8 prompt_chars=9285
[2026-07-01 21:17:57] [API] request start agent=Review Manager Agent attempt=1/8 prompt_chars=9285
[2026-07-01 21:17:57] [API] request start agent=Review Manager Agent attempt=1/8 prompt_chars=9283

[2026-07-01 21:18:04] [API] request success agent=Review Manager Agent attempt=1/8 elapsed=7.6s raw_chars=3415
[2026-07-01 21:18:05] [API] request success agent=Review Manager Agent attempt=1/8 elapsed=8.7s raw_chars=3971
[2026-07-01 21:18:08] [API] request success agent=Review Manager Agent attempt=1/8 elapsed=11.1s raw_chars=4112
[2026-07-01 21:18:08] [API] request success agent=Review Manager Agent attempt=1/8 elapsed=11.6s raw_chars=4526
[2026-07-01 21:18:20] [API] request start agent=Evidence Agent attempt=1/8 prompt_chars=7826
[2026-07-01 21:18:20] [API] request start agent=Evidence Agent attempt=1/8 prompt_chars=7825
[2026-07-01 21:18:20] [API] request start agent=Evidence Agent attempt=1/8 prompt_chars=7826
[2026-07-01 21:18:20] [API] request start agent=Evidence Agent attempt=1/8 prompt_chars=7826
[2026-07-01 21:18:24] [API] request success agent=Evidence Agent attempt=1/8 elapsed=4.0s raw_chars=1601
[2026-07-01 21:18:24] [API] request success agent=Evidence Agent attempt=1/8 elapsed=4.4s raw_chars=1442
[2026-07-01 21:18:26] [API] request success agent=Evidence Agent attempt=1/8 elapsed=6.6s raw_chars=2649
[2026-07-01 21:18:26] [API] request success agent=Evidence Agent attempt=1/8 elapsed=6.9s raw_chars=2524
[review_reward][unknown][ye3NrNrYOY] reward=0.6761 breakdown={'decision': 0.0, 'section_presence': 1.0, 'length_score': 1.0, 'summary_align': 0.4455, 'strength_align': 0.3603, 'weakness_align': 0.2801, 'suggestion_align': 0.2809, 'global_align': 0.3166, 'critique': 1.0, 'stance_align': 0.6795, 'rating_align': 0.0, 'decision_line_bonus': 0.0, 'audit_id_leak_penalty': 0.0, 'penalty': 0.0, 'total': 0.6761, 'es_coverage': 1.0, 'es_depth': 1.0, 'es_empirical': 1.0, 'es_independent': 0.5, 'es_flaw_density': 0.0, 'es_support_volume': 0.75, 'evidence_support_score': 0.775}
[review_reward][unknown][WNxlJJIEVj] reward=0.5422 breakdown={'decision': 0.0, 'section_presence': 1.0, 'length_score': 1.0, 'summary_align': 0.4207, 'strength_align': 0.2769, 'weakness_align': 0.2671, 'suggestion_align': 0.4389, 'global_align': 0.2265, 'critique': 1.0, 'stance_align': 0.7735, 'rating_align': 0.0, 'decision_line_bonus': 0.0, 'audit_id_leak_penalty': 0.0, 'penalty': 0.0, 'total': 0.5422, 'es_coverage': 0.5, 'es_depth': 0.5, 'es_empirical': 0.5, 'es_independent': 0.5, 'es_flaw_density': 0.0, 'es_support_volume': 0.5, 'evidence_support_score': 0.425}
[review_reward][unknown][uOrfve3prk] reward=0.5938 breakdown={'decision': 0.0, 'section_presence': 1.0, 'length_score': 1.0, 'summary_align': 0.3953, 'strength_align': 0.3637, 'weakness_align': 0.2452, 'suggestion_align': 0.4401, 'global_align': 0.2835, 'critique': 1.0, 'stance_align': 0.8519, 'rating_align': 0.0, 'decision_line_bonus': 0.0, 'audit_id_leak_penalty': 0.0, 'penalty': 0.0, 'total': 0.5938, 'es_coverage': 0.75, 'es_depth': 0.75, 'es_empirical': 0.75, 'es_independent': 0.0, 'es_flaw_density': 0.0, 'es_support_volume': 0.375, 'evidence_support_score': 0.525}
[review_reward][unknown][7Dub7UXTXN] reward=0.5905 breakdown={'decision': 0.0, 'section_presence': 1.0, 'length_score': 1.0, 'summary_align': 0.6281, 'strength_align': 0.365, 'weakness_align': 0.1808, 'suggestion_align': 0.2099, 'global_align': 0.339, 'critique': 1.0, 'stance_align': 0.6528, 'rating_align': 0.0, 'decision_line_bonus': 0.0, 'audit_id_leak_penalty': 0.0, 'penalty': 0.0, 'total': 0.5905, 'es_coverage': 0.75, 'es_depth': 0.75, 'es_empirical': 0.5, 'es_independent': 0.5, 'es_flaw_density': 0.0, 'es_support_volume': 0.75, 'evidence_support_score': 0.575}
{"paper_id": "ye3NrNrYOY", "mode": "s4", "reward": 0.6761260460809193, "final_decision": "reject", "model_adapter_mode": "small_model"}
{"paper_id": "WNxlJJIEVj", "mode": "s4", "reward": 0.542220431663218, "final_decision": "reject", "model_adapter_mode": "small_model"}
{"paper_id": "uOrfve3prk", "mode": "s4", "reward": 0.5938358503174728, "final_decision": "reject", "model_adapter_mode": "small_model"}
{"paper_id": "7Dub7UXTXN", "mode": "s4", "reward": 0.5904630707439855, "final_decision": "reject", "model_adapter_mode": "small_model"}
[2026-07-01 21:19:45] [API] request start agent=Review Manager Agent attempt=1/8 prompt_chars=7991
[2026-07-01 21:19:45] [API] request start agent=Review Manager Agent attempt=1/8 prompt_chars=7991
[2026-07-01 21:19:45] [API] request start agent=Review Manager Agent attempt=1/8 prompt_chars=7991
[2026-07-01 21:19:45] [API] request start agent=Review Manager Agent attempt=1/8 prompt_chars=7991
[2026-07-01 21:19:49] [API] request success agent=Review Manager Agent attempt=1/8 elapsed=3.7s raw_chars=1200
[2026-07-01 21:19:49] [API] request success agent=Review Manager Agent attempt=1/8 elapsed=3.9s raw_chars=1257
[2026-07-01 21:19:49] [API] request success agent=Review Manager Agent attempt=1/8 elapsed=3.9s raw_chars=1240
[2026-07-01 21:19:50] [API] request success agent=Review Manager Agent attempt=1/8 elapsed=4.2s raw_chars=1287
[2026-07-01 21:19:50] [API] request start agent=Claim Agent attempt=1/8 prompt_chars=8712[2026-07-01 21:19:50] [API] request start agent=Claim Agent attempt=1/8 prompt_chars=8710[2026-07-01 21:19:50] [API] request start agent=Claim Agent attempt=1/8 prompt_chars=8712


[2026-07-01 21:19:50] [API] request start agent=Claim Agent attempt=1/8 prompt_chars=8710
[2026-07-01 21:19:57] [API] request success agent=Claim Agent attempt=1/8 elapsed=6.6s raw_chars=2479
[2026-07-01 21:19:57] [API] request success agent=Claim Agent attempt=1/8 elapsed=7.2s raw_chars=2626
[2026-07-01 21:19:58] [API] request success agent=Claim Agent attempt=1/8 elapsed=7.6s raw_chars=3138
[2026-07-01 21:19:58] [API] request success agent=Claim Agent attempt=1/8 elapsed=8.3s raw_chars=3199
[2026-07-01 21:20:10] [API] request start agent=Review Manager Agent attempt=1/8 prompt_chars=9280
[2026-07-01 21:20:10] [API] request start agent=Review Manager Agent attempt=1/8 prompt_chars=9285
[2026-07-01 21:20:10] [API] request start agent=Review Manager Agent attempt=1/8 prompt_chars=9285[2026-07-01 21:20:10] [API] request start agent=Review Manager Agent attempt=1/8 prompt_chars=9285

[2026-07-01 21:20:18] [API] request success agent=Review Manager Agent attempt=1/8 elapsed=8.1s raw_chars=3584
[2026-07-01 21:20:19] [API] request success agent=Review Manager Agent attempt=1/8 elapsed=9.1s raw_chars=3731
[2026-07-01 21:20:20] [API] request success agent=Review Manager Agent attempt=1/8 elapsed=9.6s raw_chars=3643
[2026-07-01 21:20:20] [API] request success agent=Review Manager Agent attempt=1/8 elapsed=10.0s raw_chars=3622
[2026-07-01 21:20:36] [API] request start agent=Critique Agent attempt=1/8 prompt_chars=18100[2026-07-01 21:20:36] [API] request start agent=Critique Agent attempt=1/8 prompt_chars=11673

[2026-07-01 21:20:41] [API] request success agent=Critique Agent attempt=1/8 elapsed=4.7s raw_chars=1777
[2026-07-01 21:20:51] [API] request success agent=Critique Agent attempt=1/8 elapsed=14.7s raw_chars=7070
[2026-07-01 21:20:51] [API] request start agent=Evidence Agent attempt=1/8 prompt_chars=7826
[2026-07-01 21:20:51] [API] request start agent=Evidence Agent attempt=1/8 prompt_chars=7822
[2026-07-01 21:20:57] [API] request success agent=Evidence Agent attempt=1/8 elapsed=5.7s raw_chars=2266
[2026-07-01 21:20:58] [API] request success agent=Evidence Agent attempt=1/8 elapsed=6.5s raw_chars=2433
[2026-07-01 21:21:40] [API] request start agent=Review Manager Agent attempt=1/8 prompt_chars=9285[2026-07-01 21:21:40] [API] request start agent=Review Manager Agent attempt=1/8 prompt_chars=9283
[2026-07-01 21:21:40] [API] request start agent=Review Manager Agent attempt=1/8 prompt_chars=9284

[2026-07-01 21:21:40] [API] request start agent=Review Manager Agent attempt=1/8 prompt_chars=9285
[2026-07-01 21:21:48] [API] request success agent=Review Manager Agent attempt=1/8 elapsed=7.9s raw_chars=3417
[2026-07-01 21:21:48] [API] request success agent=Review Manager Agent attempt=1/8 elapsed=8.3s raw_chars=3739
[2026-07-01 21:21:50] [API] request success agent=Review Manager Agent attempt=1/8 elapsed=9.8s raw_chars=4365
[2026-07-01 21:21:50] [API] request success agent=Review Manager Agent attempt=1/8 elapsed=10.1s raw_chars=4485
[2026-07-01 21:21:59] [API] request start agent=Critique Agent attempt=1/8 prompt_chars=11673[2026-07-01 21:21:59] [API] request start agent=Critique Agent attempt=1/8 prompt_chars=18105
[2026-07-01 21:21:59] [API] request start agent=Critique Agent attempt=1/8 prompt_chars=11671
[2026-07-01 21:21:59] [API] request start agent=Critique Agent attempt=1/8 prompt_chars=8026

[2026-07-01 21:22:01] [API] request success agent=Critique Agent attempt=1/8 elapsed=1.9s raw_chars=434
[2026-07-01 21:22:04] [API] request success agent=Critique Agent attempt=1/8 elapsed=5.2s raw_chars=1465
[2026-07-01 21:22:05] [API] request success agent=Critique Agent attempt=1/8 elapsed=5.7s raw_chars=2101
[2026-07-01 21:22:10] [API] request success agent=Critique Agent attempt=1/8 elapsed=11.4s raw_chars=5130
[2026-07-01 21:22:18] [API] request start agent=Evidence Agent attempt=1/8 prompt_chars=8754
[2026-07-01 21:22:20] [API] request success agent=Evidence Agent attempt=1/8 elapsed=1.8s raw_chars=489
[2026-07-01 21:23:20] [API] request start agent=Review Manager Agent attempt=1/8 prompt_chars=9285[2026-07-01 21:23:20] [API] request start agent=Review Manager Agent attempt=1/8 prompt_chars=9285

[2026-07-01 21:23:20] [API] request start agent=Review Manager Agent attempt=1/8 prompt_chars=9285[2026-07-01 21:23:20] [API] request start agent=Review Manager Agent attempt=1/8 prompt_chars=9285

[2026-07-01 21:23:29] [API] request success agent=Review Manager Agent attempt=1/8 elapsed=8.8s raw_chars=3761
[2026-07-01 21:23:30] [API] request success agent=Review Manager Agent attempt=1/8 elapsed=9.8s raw_chars=4332
[2026-07-01 21:23:30] [API] request success agent=Review Manager Agent attempt=1/8 elapsed=9.8s raw_chars=4139
[2026-07-01 21:23:31] [API] request success agent=Review Manager Agent attempt=1/8 elapsed=10.6s raw_chars=4270
[2026-07-01 21:23:58] [API] request start agent=Critique Agent attempt=1/8 prompt_chars=8030[2026-07-01 21:23:58] [API] request start agent=Critique Agent attempt=1/8 prompt_chars=18105

[2026-07-01 21:23:58] [API] request start agent=Critique Agent attempt=1/8 prompt_chars=18105
[2026-07-01 21:24:01] [API] request success agent=Critique Agent attempt=1/8 elapsed=2.2s raw_chars=349
[2026-07-01 21:24:12] [API] request success agent=Critique Agent attempt=1/8 elapsed=13.9s raw_chars=6232
[2026-07-01 21:24:13] [API] request success agent=Critique Agent attempt=1/8 elapsed=14.9s raw_chars=6667
[2026-07-01 21:24:36] [API] request start agent=Evidence Agent attempt=1/8 prompt_chars=8593
[2026-07-01 21:24:36] [API] request start agent=Evidence Agent attempt=1/8 prompt_chars=11188
[2026-07-01 21:24:41] [API] request success agent=Evidence Agent attempt=1/8 elapsed=4.9s raw_chars=1876
[2026-07-01 21:24:48] [API] request success agent=Evidence Agent attempt=1/8 elapsed=12.5s raw_chars=5315
[review_reward][unknown][WpXq5n8yLb] reward=0.3947 breakdown={'decision': 0.0, 'section_presence': 1.0, 'length_score': 1.0, 'summary_align': 0.3887, 'strength_align': 0.333, 'weakness_align': 0.1508, 'suggestion_align': 0.3784, 'global_align': 0.207, 'critique': 1.0, 'stance_align': 0.7429, 'rating_align': 0.0, 'decision_line_bonus': 0.0, 'audit_id_leak_penalty': 0.0, 'penalty': 0.0, 'total': 0.3947, 'es_coverage': 0.0, 'es_depth': 0.0, 'es_empirical': 0.0, 'es_independent': 0.0, 'es_flaw_density': 0.6667, 'es_support_volume': 0.0, 'evidence_support_score': 0.1}
[2026-07-01 21:29:00] [API] request start agent=Review Manager Agent attempt=1/8 prompt_chars=9285
[2026-07-01 21:29:00] [API] request start agent=Review Manager Agent attempt=1/8 prompt_chars=9285[2026-07-01 21:29:00] [API] request start agent=Review Manager Agent attempt=1/8 prompt_chars=9285

[2026-07-01 21:29:09] [API] request success agent=Review Manager Agent attempt=1/8 elapsed=8.7s raw_chars=3424
[2026-07-01 21:29:10] [API] request success agent=Review Manager Agent attempt=1/8 elapsed=9.5s raw_chars=3475
[2026-07-01 21:29:10] [API] request success agent=Review Manager Agent attempt=1/8 elapsed=10.1s raw_chars=4135
[2026-07-01 21:29:28] [API] request start agent=Evidence Agent attempt=1/8 prompt_chars=7826
[2026-07-01 21:29:28] [API] request start agent=Evidence Agent attempt=1/8 prompt_chars=7826[2026-07-01 21:29:28] [API] request start agent=Evidence Agent attempt=1/8 prompt_chars=7826

[2026-07-01 21:29:33] [API] request success agent=Evidence Agent attempt=1/8 elapsed=4.8s raw_chars=1520
[2026-07-01 21:29:34] [API] request success agent=Evidence Agent attempt=1/8 elapsed=5.6s raw_chars=2437
[2026-07-01 21:29:35] [API] request success agent=Evidence Agent attempt=1/8 elapsed=6.6s raw_chars=2801
[review_reward][unknown][9zEBK3E9bX] reward=0.4949 breakdown={'decision': 0.0, 'section_presence': 1.0, 'length_score': 1.0, 'summary_align': 0.5019, 'strength_align': 0.2889, 'weakness_align': 0.2492, 'suggestion_align': 0.4474, 'global_align': 0.3309, 'critique': 1.0, 'stance_align': 0.7821, 'rating_align': 0.0, 'decision_line_bonus': 0.0, 'audit_id_leak_penalty': 0.0, 'penalty': 0.0, 'total': 0.4949, 'es_coverage': 0.3333, 'es_depth': 0.3333, 'es_empirical': 0.3333, 'es_independent': 0.0, 'es_flaw_density': 0.3333, 'es_support_volume': 0.1667, 'evidence_support_score': 0.2833}
[2026-07-01 21:30:12] [API] request start agent=Review Manager Agent attempt=1/8 prompt_chars=9285[2026-07-01 21:30:12] [API] request start agent=Review Manager Agent attempt=1/8 prompt_chars=9284

[2026-07-01 21:30:20] [API] request success agent=Review Manager Agent attempt=1/8 elapsed=7.9s raw_chars=3839
[2026-07-01 21:30:23] [API] request success agent=Review Manager Agent attempt=1/8 elapsed=10.2s raw_chars=3837
[2026-07-01 21:30:23] [API] request start agent=Critique Agent attempt=1/8 prompt_chars=8030[2026-07-01 21:30:23] [API] request start agent=Critique Agent attempt=1/8 prompt_chars=8030

[2026-07-01 21:30:25] [API] request success agent=Critique Agent attempt=1/8 elapsed=1.8s raw_chars=405
[2026-07-01 21:30:26] [API] request success agent=Critique Agent attempt=1/8 elapsed=2.6s raw_chars=648
[2026-07-01 21:30:29] [API] request start agent=Evidence Agent attempt=1/8 prompt_chars=8754[2026-07-01 21:30:29] [API] request start agent=Evidence Agent attempt=1/8 prompt_chars=8754

[2026-07-01 21:30:31] [API] request success agent=Evidence Agent attempt=1/8 elapsed=2.3s raw_chars=535
[2026-07-01 21:30:32] [API] request success agent=Evidence Agent attempt=1/8 elapsed=2.5s raw_chars=570
[2026-07-01 21:30:43] [API] request start agent=Review Manager Agent attempt=1/8 prompt_chars=9285[2026-07-01 21:30:43] [API] request start agent=Review Manager Agent attempt=1/8 prompt_chars=9285

[2026-07-01 21:30:51] [API] request success agent=Review Manager Agent attempt=1/8 elapsed=8.4s raw_chars=3636
[2026-07-01 21:30:51] [API] request success agent=Review Manager Agent attempt=1/8 elapsed=8.6s raw_chars=3503
[2026-07-01 21:30:56] [API] request start agent=Critique Agent attempt=1/8 prompt_chars=11673
[2026-07-01 21:30:59] [API] request success agent=Critique Agent attempt=1/8 elapsed=2.6s raw_chars=528
[2026-07-01 21:30:59] [API] request start agent=Evidence Agent attempt=1/8 prompt_chars=7826
[2026-07-01 21:31:03] [API] request success agent=Evidence Agent attempt=1/8 elapsed=3.9s raw_chars=1319
[review_reward][unknown][XyB4VvF01X] reward=0.6407 breakdown={'decision': 0.0, 'section_presence': 1.0, 'length_score': 1.0, 'summary_align': 0.4237, 'strength_align': 0.2799, 'weakness_align': 0.193, 'suggestion_align': 0.3621, 'global_align': 0.2517, 'critique': 1.0, 'stance_align': 0.5054, 'rating_align': 0.0, 'decision_line_bonus': 0.0, 'audit_id_leak_penalty': 0.0, 'penalty': 0.0, 'total': 0.6407, 'es_coverage': 1.0, 'es_depth': 0.875, 'es_empirical': 0.5, 'es_independent': 0.75, 'es_flaw_density': 0.3333, 'es_support_volume': 0.875, 'evidence_support_score': 0.7625}
[review_reward][unknown][GE6iywJtsV] reward=0.5580 breakdown={'decision': 0.0, 'section_presence': 1.0, 'length_score': 1.0, 'summary_align': 0.5636, 'strength_align': 0.4753, 'weakness_align': 0.2684, 'suggestion_align': 0.4848, 'global_align': 0.2597, 'critique': 1.0, 'stance_align': 0.6198, 'rating_align': 0.0, 'decision_line_bonus': 0.0, 'audit_id_leak_penalty': 0.0, 'penalty': 0.0, 'total': 0.558, 'es_coverage': 0.75, 'es_depth': 0.5, 'es_empirical': 0.25, 'es_independent': 0.0, 'es_flaw_density': 0.3333, 'es_support_volume': 0.375, 'evidence_support_score': 0.45}
{"paper_id": "9zEBK3E9bX", "mode": "s4", "reward": 0.49491606654277814, "final_decision": "reject", "model_adapter_mode": "small_model"}
{"paper_id": "XyB4VvF01X", "mode": "s4", "reward": 0.6407193038546617, "final_decision": "reject", "model_adapter_mode": "small_model"}
{"paper_id": "GE6iywJtsV", "mode": "s4", "reward": 0.5579835548100369, "final_decision": "reject", "model_adapter_mode": "small_model"}
{"paper_id": "WpXq5n8yLb", "mode": "s4", "reward": 0.39472328291330927, "final_decision": "reject", "model_adapter_mode": "small_model"}
[2026-07-01 21:31:29] [API] request start agent=Review Manager Agent attempt=1/8 prompt_chars=7991[2026-07-01 21:31:29] [API] request start agent=Review Manager Agent attempt=1/8 prompt_chars=7991

[2026-07-01 21:31:29] [API] request start agent=Review Manager Agent attempt=1/8 prompt_chars=7991
[2026-07-01 21:31:29] [API] request start agent=Review Manager Agent attempt=1/8 prompt_chars=7991
[2026-07-01 21:31:33] [API] request success agent=Review Manager Agent attempt=1/8 elapsed=4.3s raw_chars=1124
[2026-07-01 21:31:34] [API] request success agent=Review Manager Agent attempt=1/8 elapsed=4.6s raw_chars=1010
[2026-07-01 21:31:34] [API] request success agent=Review Manager Agent attempt=1/8 elapsed=4.7s raw_chars=1123
[2026-07-01 21:31:36] [API] request success agent=Review Manager Agent attempt=1/8 elapsed=6.7s raw_chars=1102
[2026-07-01 21:31:36] [API] request start agent=Claim Agent attempt=1/8 prompt_chars=8712[2026-07-01 21:31:36] [API] request start agent=Claim Agent attempt=1/8 prompt_chars=8712

[2026-07-01 21:31:36] [API] request start agent=Claim Agent attempt=1/8 prompt_chars=8712[2026-07-01 21:31:36] [API] request start agent=Claim Agent attempt=1/8 prompt_chars=8712

[2026-07-01 21:31:41] [API] request success agent=Claim Agent attempt=1/8 elapsed=4.8s raw_chars=2050
[2026-07-01 21:31:43] [API] request success agent=Claim Agent attempt=1/8 elapsed=6.7s raw_chars=2676
[2026-07-01 21:31:43] [API] request success agent=Claim Agent attempt=1/8 elapsed=7.0s raw_chars=2520
[2026-07-01 21:31:49] [API] request success agent=Claim Agent attempt=1/8 elapsed=12.8s raw_chars=5515
[2026-07-01 21:31:58] [API] request start agent=Review Manager Agent attempt=1/8 prompt_chars=9280[2026-07-01 21:31:58] [API] request start agent=Review Manager Agent attempt=1/8 prompt_chars=9285

[2026-07-01 21:31:58] [API] request start agent=Review Manager Agent attempt=1/8 prompt_chars=9285[2026-07-01 21:31:58] [API] request start agent=Review Manager Agent attempt=1/8 prompt_chars=9285

[2026-07-01 21:32:06] [API] request success agent=Review Manager Agent attempt=1/8 elapsed=7.1s raw_chars=3095
[2026-07-01 21:32:07] [API] request success agent=Review Manager Agent attempt=1/8 elapsed=9.0s raw_chars=3820
[2026-07-01 21:32:08] [API] request success agent=Review Manager Agent attempt=1/8 elapsed=9.1s raw_chars=3571
[2026-07-01 21:32:08] [API] request success agent=Review Manager Agent attempt=1/8 elapsed=9.7s raw_chars=3608
[2026-07-01 21:32:21] [API] request start agent=Critique Agent attempt=1/8 prompt_chars=11672[2026-07-01 21:32:21] [API] request start agent=Critique Agent attempt=1/8 prompt_chars=11673

[2026-07-01 21:32:24] [API] request success agent=Critique Agent attempt=1/8 elapsed=3.1s raw_chars=983
[2026-07-01 21:32:26] [API] request success agent=Critique Agent attempt=1/8 elapsed=5.2s raw_chars=858
[2026-07-01 21:32:26] [API] request start agent=Evidence Agent attempt=1/8 prompt_chars=7826[2026-07-01 21:32:26] [API] request start agent=Evidence Agent attempt=1/8 prompt_chars=7826

[2026-07-01 21:32:33] [API] request success agent=Evidence Agent attempt=1/8 elapsed=7.1s raw_chars=2524
[2026-07-01 21:32:34] [API] request success agent=Evidence Agent attempt=1/8 elapsed=7.7s raw_chars=3378
[2026-07-01 21:32:57] [API] request start agent=Review Manager Agent attempt=1/8 prompt_chars=9283[2026-07-01 21:32:57] [API] request start agent=Review Manager Agent attempt=1/8 prompt_chars=9285
[2026-07-01 21:32:57] [API] request start agent=Review Manager Agent attempt=1/8 prompt_chars=9284
[2026-07-01 21:32:57] [API] request start agent=Review Manager Agent attempt=1/8 prompt_chars=9285

[2026-07-01 21:33:06] [API] request success agent=Review Manager Agent attempt=1/8 elapsed=9.2s raw_chars=3264
[2026-07-01 21:33:06] [API] request success agent=Review Manager Agent attempt=1/8 elapsed=9.5s raw_chars=3902
[2026-07-01 21:33:07] [API] request success agent=Review Manager Agent attempt=1/8 elapsed=10.1s raw_chars=3816
[2026-07-01 21:33:09] [API] request success agent=Review Manager Agent attempt=1/8 elapsed=12.4s raw_chars=5001
[2026-07-01 21:33:18] [API] request start agent=Critique Agent attempt=1/8 prompt_chars=18096
[2026-07-01 21:33:18] [API] request start agent=Critique Agent attempt=1/8 prompt_chars=8030
[2026-07-01 21:33:19] [API] request success agent=Critique Agent attempt=1/8 elapsed=1.9s raw_chars=451
[2026-07-01 21:33:33] [API] request success agent=Critique Agent attempt=1/8 elapsed=15.3s raw_chars=6493
[2026-07-01 21:33:33] [API] request start agent=Evidence Agent attempt=1/8 prompt_chars=7826[2026-07-01 21:33:33] [API] request start agent=Evidence Agent attempt=1/8 prompt_chars=7825

[2026-07-01 21:33:37] [API] request success agent=Evidence Agent attempt=1/8 elapsed=4.3s raw_chars=1331
[2026-07-01 21:33:38] [API] request success agent=Evidence Agent attempt=1/8 elapsed=4.7s raw_chars=1414
[2026-07-01 21:33:38] [API] request start agent=Evidence Agent attempt=1/8 prompt_chars=8748
[2026-07-01 21:33:40] [API] request success agent=Evidence Agent attempt=1/8 elapsed=2.4s raw_chars=500
[2026-07-01 21:33:58] [API] request start agent=Review Manager Agent attempt=1/8 prompt_chars=9285
[2026-07-01 21:33:58] [API] request start agent=Review Manager Agent attempt=1/8 prompt_chars=9285[2026-07-01 21:33:58] [API] request start agent=Review Manager Agent attempt=1/8 prompt_chars=9285[2026-07-01 21:33:58] [API] request start agent=Review Manager Agent attempt=1/8 prompt_chars=9285


[2026-07-01 21:34:07] [API] request success agent=Review Manager Agent attempt=1/8 elapsed=8.5s raw_chars=3495
[2026-07-01 21:34:08] [API] request success agent=Review Manager Agent attempt=1/8 elapsed=9.3s raw_chars=3721
[2026-07-01 21:34:08] [API] request success agent=Review Manager Agent attempt=1/8 elapsed=9.6s raw_chars=3824
[2026-07-01 21:34:08] [API] request success agent=Review Manager Agent attempt=1/8 elapsed=10.1s raw_chars=4301
[2026-07-01 21:34:19] [API] request start agent=Critique Agent attempt=1/8 prompt_chars=8030[2026-07-01 21:34:19] [API] request start agent=Critique Agent attempt=1/8 prompt_chars=8030

[2026-07-01 21:34:19] [API] request start agent=Critique Agent attempt=1/8 prompt_chars=8026
[2026-07-01 21:34:19] [API] request start agent=Critique Agent attempt=1/8 prompt_chars=18105
[2026-07-01 21:34:21] [API] request success agent=Critique Agent attempt=1/8 elapsed=2.0s raw_chars=444
[2026-07-01 21:34:21] [API] request success agent=Critique Agent attempt=1/8 elapsed=2.2s raw_chars=522
[2026-07-01 21:34:22] [API] request success agent=Critique Agent attempt=1/8 elapsed=2.8s raw_chars=774
[2026-07-01 21:34:33] [API] request success agent=Critique Agent attempt=1/8 elapsed=14.3s raw_chars=6806
[2026-07-01 21:35:13] [API] request start agent=Evidence Agent attempt=1/8 prompt_chars=8751[2026-07-01 21:35:13] [API] request start agent=Evidence Agent attempt=1/8 prompt_chars=8550

[2026-07-01 21:35:13] [API] request start agent=Evidence Agent attempt=1/8 prompt_chars=8754
[2026-07-01 21:35:15] [API] request success agent=Evidence Agent attempt=1/8 elapsed=1.7s raw_chars=461
[2026-07-01 21:35:15] [API] request success agent=Evidence Agent attempt=1/8 elapsed=2.1s raw_chars=514
[2026-07-01 21:35:16] [API] request success agent=Evidence Agent attempt=1/8 elapsed=2.6s raw_chars=838
[2026-07-01 21:36:41] [API] request start agent=Review Manager Agent attempt=1/8 prompt_chars=9285[2026-07-01 21:36:41] [API] request start agent=Review Manager Agent attempt=1/8 prompt_chars=9285

[2026-07-01 21:36:41] [API] request start agent=Review Manager Agent attempt=1/8 prompt_chars=9285[2026-07-01 21:36:41] [API] request start agent=Review Manager Agent attempt=1/8 prompt_chars=9285

[2026-07-01 21:36:48] [API] request success agent=Review Manager Agent attempt=1/8 elapsed=6.8s raw_chars=3348
[2026-07-01 21:36:49] [API] request success agent=Review Manager Agent attempt=1/8 elapsed=8.3s raw_chars=3494
[2026-07-01 21:36:50] [API] request success agent=Review Manager Agent attempt=1/8 elapsed=8.9s raw_chars=3826
[2026-07-01 21:36:50] [API] request success agent=Review Manager Agent attempt=1/8 elapsed=9.5s raw_chars=3996
[2026-07-01 21:37:05] [API] request start agent=Evidence Agent attempt=1/8 prompt_chars=7826[2026-07-01 21:37:05] [API] request start agent=Evidence Agent attempt=1/8 prompt_chars=7826

[2026-07-01 21:37:05] [API] request start agent=Evidence Agent attempt=1/8 prompt_chars=7826
[2026-07-01 21:37:07] [API] request success agent=Evidence Agent attempt=1/8 elapsed=1.5s raw_chars=365
[2026-07-01 21:37:10] [API] request success agent=Evidence Agent attempt=1/8 elapsed=4.8s raw_chars=1321
[2026-07-01 21:37:12] [API] request success agent=Evidence Agent attempt=1/8 elapsed=6.4s raw_chars=2460
[2026-07-01 21:37:12] [API] request start agent=Critique Agent attempt=1/8 prompt_chars=11673
[2026-07-01 21:37:14] [API] request success agent=Critique Agent attempt=1/8 elapsed=2.4s raw_chars=505
[2026-07-01 21:38:24] [API] request start agent=Review Manager Agent attempt=1/8 prompt_chars=9280[2026-07-01 21:38:24] [API] request start agent=Review Manager Agent attempt=1/8 prompt_chars=9285

[2026-07-01 21:38:35] [API] request success agent=Review Manager Agent attempt=1/8 elapsed=10.7s raw_chars=4510
[2026-07-01 21:38:37] [API] request success agent=Review Manager Agent attempt=1/8 elapsed=13.5s raw_chars=5463
[2026-07-01 21:38:42] [API] request start agent=Critique Agent attempt=1/8 prompt_chars=8030[2026-07-01 21:38:42] [API] request start agent=Critique Agent attempt=1/8 prompt_chars=11673

[2026-07-01 21:38:44] [API] request success agent=Critique Agent attempt=1/8 elapsed=2.2s raw_chars=441
[2026-07-01 21:38:45] [API] request success agent=Critique Agent attempt=1/8 elapsed=2.7s raw_chars=479
[2026-07-01 21:38:58] [API] request start agent=Evidence Agent attempt=1/8 prompt_chars=8754
[2026-07-01 21:39:00] [API] request success agent=Evidence Agent attempt=1/8 elapsed=1.8s raw_chars=627
[2026-07-01 21:39:53] [API] request start agent=Review Manager Agent attempt=1/8 prompt_chars=9285[2026-07-01 21:39:53] [API] request start agent=Review Manager Agent attempt=1/8 prompt_chars=9285

[2026-07-01 21:40:01] [API] request success agent=Review Manager Agent attempt=1/8 elapsed=8.2s raw_chars=3795
[2026-07-01 21:40:09] [API] request success agent=Review Manager Agent attempt=1/8 elapsed=16.0s raw_chars=6913
[2026-07-01 21:40:20] [API] request start agent=Evidence Agent attempt=1/8 prompt_chars=7826
[2026-07-01 21:40:20] [API] request start agent=Evidence Agent attempt=1/8 prompt_chars=7826
[2026-07-01 21:40:24] [API] request success agent=Evidence Agent attempt=1/8 elapsed=3.9s raw_chars=1664
[2026-07-01 21:40:26] [API] request success agent=Evidence Agent attempt=1/8 elapsed=6.2s raw_chars=2569
{"paper_id": "NnExMNiTHw", "mode": "s4", "reward": 0.5668027047746994, "final_decision": "reject", "model_adapter_mode": "small_model"}
{"paper_id": "a6SntIisgg", "mode": "s4", "reward": 0.5829056793149147, "final_decision": "reject", "model_adapter_mode": "small_model"}
{"paper_id": "cklg91aPGk", "mode": "s4", "reward": 0.5905731916729721, "final_decision": "reject", "model_adapter_mode": "small_model"}
{"paper_id": "HPuLU6q7xq", "mode": "s4", "reward": 0.4788672398041397, "final_decision": "reject", "model_adapter_mode": "small_model"}
[2026-07-01 21:41:55] [API] request start agent=Review Manager Agent attempt=1/8 prompt_chars=7991
[2026-07-01 21:41:55] [API] request start agent=Review Manager Agent attempt=1/8 prompt_chars=7991[2026-07-01 21:41:55] [API] request start agent=Review Manager Agent attempt=1/8 prompt_chars=7991

[2026-07-01 21:41:55] [API] request start agent=Review Manager Agent attempt=1/8 prompt_chars=7991
[2026-07-01 21:41:58] [API] request success agent=Review Manager Agent attempt=1/8 elapsed=3.7s raw_chars=1242
[2026-07-01 21:41:59] [API] request success agent=Review Manager Agent attempt=1/8 elapsed=4.1s raw_chars=1250
[2026-07-01 21:41:59] [API] request success agent=Review Manager Agent attempt=1/8 elapsed=4.2s raw_chars=1111
[2026-07-01 21:41:59] [API] request success agent=Review Manager Agent attempt=1/8 elapsed=4.5s raw_chars=1502
[2026-07-01 21:42:00] [API] request start agent=Claim Agent attempt=1/8 prompt_chars=8712
[2026-07-01 21:42:00] [API] request start agent=Claim Agent attempt=1/8 prompt_chars=8712[2026-07-01 21:42:00] [API] request start agent=Claim Agent attempt=1/8 prompt_chars=8712

[2026-07-01 21:42:00] [API] request start agent=Claim Agent attempt=1/8 prompt_chars=8712
[2026-07-01 21:42:04] [API] request success agent=Claim Agent attempt=1/8 elapsed=4.5s raw_chars=1884
[2026-07-01 21:42:05] [API] request success agent=Claim Agent attempt=1/8 elapsed=5.7s raw_chars=2205
[2026-07-01 21:42:06] [API] request success agent=Claim Agent attempt=1/8 elapsed=6.5s raw_chars=2670
[2026-07-01 21:42:07] [API] request success agent=Claim Agent attempt=1/8 elapsed=7.0s raw_chars=2870
[2026-07-01 21:42:15] [API] request start agent=Review Manager Agent attempt=1/8 prompt_chars=9285[2026-07-01 21:42:15] [API] request start agent=Review Manager Agent attempt=1/8 prompt_chars=9285
[2026-07-01 21:42:15] [API] request start agent=Review Manager Agent attempt=1/8 prompt_chars=9285
[2026-07-01 21:42:15] [API] request start agent=Review Manager Agent attempt=1/8 prompt_chars=9278

[2026-07-01 21:42:23] [API] request success agent=Review Manager Agent attempt=1/8 elapsed=8.2s raw_chars=3564
[2026-07-01 21:42:23] [API] request success agent=Review Manager Agent attempt=1/8 elapsed=8.3s raw_chars=3684
[2026-07-01 21:42:24] [API] request success agent=Review Manager Agent attempt=1/8 elapsed=8.7s raw_chars=3634
[2026-07-01 21:42:24] [API] request success agent=Review Manager Agent attempt=1/8 elapsed=9.2s raw_chars=3908
[2026-07-01 21:42:41] [API] request start agent=Evidence Agent attempt=1/8 prompt_chars=7826[2026-07-01 21:42:41] [API] request start agent=Evidence Agent attempt=1/8 prompt_chars=7825

[2026-07-01 21:42:44] [API] request success agent=Evidence Agent attempt=1/8 elapsed=3.4s raw_chars=1171
[2026-07-01 21:42:47] [API] request success agent=Evidence Agent attempt=1/8 elapsed=6.0s raw_chars=2530
[2026-07-01 21:42:47] [API] request start agent=Critique Agent attempt=1/8 prompt_chars=11673
[2026-07-01 21:42:47] [API] request start agent=Critique Agent attempt=1/8 prompt_chars=11673
[2026-07-01 21:42:51] [API] request success agent=Critique Agent attempt=1/8 elapsed=4.3s raw_chars=1501
[2026-07-01 21:42:52] [API] request success agent=Critique Agent attempt=1/8 elapsed=4.8s raw_chars=788
[2026-07-01 21:43:25] [API] request start agent=Review Manager Agent attempt=1/8 prompt_chars=9285[2026-07-01 21:43:25] [API] request start agent=Review Manager Agent attempt=1/8 prompt_chars=9285

[2026-07-01 21:43:25] [API] request start agent=Review Manager Agent attempt=1/8 prompt_chars=9285[2026-07-01 21:43:25] [API] request start agent=Review Manager Agent attempt=1/8 prompt_chars=9285

[2026-07-01 21:43:34] [API] request success agent=Review Manager Agent attempt=1/8 elapsed=9.1s raw_chars=4294
[2026-07-01 21:43:34] [API] request success agent=Review Manager Agent attempt=1/8 elapsed=9.1s raw_chars=3850
[2026-07-01 21:43:34] [API] request success agent=Review Manager Agent attempt=1/8 elapsed=9.1s raw_chars=4090
[2026-07-01 21:43:35] [API] request success agent=Review Manager Agent attempt=1/8 elapsed=9.9s raw_chars=4338
[2026-07-01 21:43:46] [API] request start agent=Critique Agent attempt=1/8 prompt_chars=18104[2026-07-01 21:43:46] [API] request start agent=Critique Agent attempt=1/8 prompt_chars=18098

[2026-07-01 21:43:46] [API] request start agent=Critique Agent attempt=1/8 prompt_chars=18104
[2026-07-01 21:44:01] [API] request success agent=Critique Agent attempt=1/8 elapsed=15.4s raw_chars=7114
[2026-07-01 21:44:02] [API] request success agent=Critique Agent attempt=1/8 elapsed=15.7s raw_chars=7192
[2026-07-01 21:44:02] [API] request success agent=Critique Agent attempt=1/8 elapsed=15.8s raw_chars=7163
[2026-07-01 21:44:08] [API] request start agent=Evidence Agent attempt=1/8 prompt_chars=7826
[2026-07-01 21:44:12] [API] request success agent=Evidence Agent attempt=1/8 elapsed=3.7s raw_chars=1350
[2026-07-01 21:44:16] [API] request start agent=Evidence Agent attempt=1/8 prompt_chars=11188
[2026-07-01 21:44:31] [API] request success agent=Evidence Agent attempt=1/8 elapsed=15.5s raw_chars=6586
[2026-07-01 21:45:12] [API] request start agent=Review Manager Agent attempt=1/8 prompt_chars=9285[2026-07-01 21:45:12] [API] request start agent=Review Manager Agent attempt=1/8 prompt_chars=9285

[2026-07-01 21:45:12] [API] request start agent=Review Manager Agent attempt=1/8 prompt_chars=9282[2026-07-01 21:45:12] [API] request start agent=Review Manager Agent attempt=1/8 prompt_chars=9285

[2026-07-01 21:45:20] [API] request success agent=Review Manager Agent attempt=1/8 elapsed=8.5s raw_chars=3299
[2026-07-01 21:45:21] [API] request success agent=Review Manager Agent attempt=1/8 elapsed=8.8s raw_chars=4256
[2026-07-01 21:45:21] [API] request success agent=Review Manager Agent attempt=1/8 elapsed=8.8s raw_chars=3995
[2026-07-01 21:45:21] [API] request success agent=Review Manager Agent attempt=1/8 elapsed=8.9s raw_chars=3836
[2026-07-01 21:45:41] [API] request start agent=Evidence Agent attempt=1/8 prompt_chars=8593[2026-07-01 21:45:41] [API] request start agent=Evidence Agent attempt=1/8 prompt_chars=8593

[2026-07-01 21:45:43] [API] request success agent=Evidence Agent attempt=1/8 elapsed=2.2s raw_chars=475
[2026-07-01 21:45:44] [API] request success agent=Evidence Agent attempt=1/8 elapsed=3.3s raw_chars=1018
[2026-07-01 21:45:44] [API] request start agent=Critique Agent attempt=1/8 prompt_chars=8030
[2026-07-01 21:45:44] [API] request start agent=Critique Agent attempt=1/8 prompt_chars=8030
[2026-07-01 21:45:46] [API] request success agent=Critique Agent attempt=1/8 elapsed=2.0s raw_chars=491
[2026-07-01 21:45:46] [API] request success agent=Critique Agent attempt=1/8 elapsed=2.0s raw_chars=562
[2026-07-01 21:45:59] [API] request start agent=Evidence Agent attempt=1/8 prompt_chars=8754
[2026-07-01 21:45:59] [API] request start agent=Evidence Agent attempt=1/8 prompt_chars=8754
[2026-07-01 21:46:01] [API] request success agent=Evidence Agent attempt=1/8 elapsed=1.8s raw_chars=490
[2026-07-01 21:46:01] [API] request success agent=Evidence Agent attempt=1/8 elapsed=2.3s raw_chars=646
[2026-07-01 21:46:55] [API] request start agent=Review Manager Agent attempt=1/8 prompt_chars=9285
[2026-07-01 21:46:55] [API] request start agent=Review Manager Agent attempt=1/8 prompt_chars=9285[2026-07-01 21:46:55] [API] request start agent=Review Manager Agent attempt=1/8 prompt_chars=9285[2026-07-01 21:46:55] [API] request start agent=Review Manager Agent attempt=1/8 prompt_chars=9285


[2026-07-01 21:47:03] [API] request success agent=Review Manager Agent attempt=1/8 elapsed=7.6s raw_chars=3920
[2026-07-01 21:47:03] [API] request success agent=Review Manager Agent attempt=1/8 elapsed=7.9s raw_chars=3765
[2026-07-01 21:47:04] [API] request success agent=Review Manager Agent attempt=1/8 elapsed=8.4s raw_chars=3823
[2026-07-01 21:47:04] [API] request success agent=Review Manager Agent attempt=1/8 elapsed=8.7s raw_chars=4043
[2026-07-01 21:49:12] [API] request start agent=Evidence Agent attempt=1/8 prompt_chars=7826
[2026-07-01 21:49:12] [API] request start agent=Evidence Agent attempt=1/8 prompt_chars=7825
[2026-07-01 21:49:17] [API] request success agent=Evidence Agent attempt=1/8 elapsed=4.6s raw_chars=1712
[2026-07-01 21:49:18] [API] request success agent=Evidence Agent attempt=1/8 elapsed=6.1s raw_chars=2473
[2026-07-01 21:49:18] [API] request start agent=Critique Agent attempt=1/8 prompt_chars=8030
[2026-07-01 21:49:20] [API] request success agent=Critique Agent attempt=1/8 elapsed=2.0s raw_chars=575
[2026-07-01 21:49:25] [API] request start agent=Evidence Agent attempt=1/8 prompt_chars=8754
[2026-07-01 21:49:27] [API] request success agent=Evidence Agent attempt=1/8 elapsed=1.9s raw_chars=412
[2026-07-01 21:50:12] [API] request start agent=Review Manager Agent attempt=1/8 prompt_chars=9285
[2026-07-01 21:50:12] [API] request start agent=Review Manager Agent attempt=1/8 prompt_chars=9285[2026-07-01 21:50:12] [API] request start agent=Review Manager Agent attempt=1/8 prompt_chars=9284[2026-07-01 21:50:12] [API] request start agent=Review Manager Agent attempt=1/8 prompt_chars=9285


[2026-07-01 21:50:19] [API] request success agent=Review Manager Agent attempt=1/8 elapsed=7.6s raw_chars=3450
[2026-07-01 21:50:20] [API] request success agent=Review Manager Agent attempt=1/8 elapsed=8.3s raw_chars=3734
[2026-07-01 21:50:21] [API] request success agent=Review Manager Agent attempt=1/8 elapsed=9.3s raw_chars=3980
[2026-07-01 21:50:22] [API] request success agent=Review Manager Agent attempt=1/8 elapsed=9.9s raw_chars=4375
[2026-07-01 21:50:56] [API] request start agent=Evidence Agent attempt=1/8 prompt_chars=7826
[2026-07-01 21:51:04] [API] request success agent=Evidence Agent attempt=1/8 elapsed=8.3s raw_chars=2716
[2026-07-01 21:51:04] [API] request start agent=Critique Agent attempt=1/8 prompt_chars=11673
[2026-07-01 21:51:08] [API] request success agent=Critique Agent attempt=1/8 elapsed=3.3s raw_chars=905
[2026-07-01 21:51:37] [API] request start agent=Review Manager Agent attempt=1/8 prompt_chars=9285
[2026-07-01 21:51:37] [API] request start agent=Review Manager Agent attempt=1/8 prompt_chars=9285[2026-07-01 21:51:37] [API] request start agent=Review Manager Agent attempt=1/8 prompt_chars=9285[2026-07-01 21:51:37] [API] request start agent=Review Manager Agent attempt=1/8 prompt_chars=9280


[2026-07-01 21:51:44] [API] request success agent=Review Manager Agent attempt=1/8 elapsed=7.2s raw_chars=3589
[2026-07-01 21:51:45] [API] request success agent=Review Manager Agent attempt=1/8 elapsed=8.3s raw_chars=3593
[2026-07-01 21:51:48] [API] request success agent=Review Manager Agent attempt=1/8 elapsed=11.1s raw_chars=5133
[2026-07-01 21:51:49] [API] request success agent=Review Manager Agent attempt=1/8 elapsed=12.9s raw_chars=4946
[2026-07-01 21:52:44] [API] request start agent=Critique Agent attempt=1/8 prompt_chars=11673[2026-07-01 21:52:44] [API] request start agent=Critique Agent attempt=1/8 prompt_chars=11672

[2026-07-01 21:52:44] [API] request start agent=Critique Agent attempt=1/8 prompt_chars=11673
[2026-07-01 21:52:45] [API] request success agent=Critique Agent attempt=1/8 elapsed=1.8s raw_chars=370
[2026-07-01 21:52:46] [API] request success agent=Critique Agent attempt=1/8 elapsed=2.5s raw_chars=743
[2026-07-01 21:52:48] [API] request success agent=Critique Agent attempt=1/8 elapsed=4.0s raw_chars=1567
{"paper_id": "fGXyvmWpw6", "mode": "s4", "reward": 0.5552543963050203, "final_decision": "reject", "model_adapter_mode": "small_model"}
{"paper_id": "QAgwFiIY4p", "mode": "s4", "reward": 0.46880707256980697, "final_decision": "reject", "model_adapter_mode": "small_model"}
{"paper_id": "TPAj63ax4Y", "mode": "s4", "reward": 0.6556075894517178, "final_decision": "reject", "model_adapter_mode": "small_model"}
{"paper_id": "mHv6wcBb0z", "mode": "s4", "reward": 0.4984544835297676, "final_decision": "reject", "model_adapter_mode": "small_model"}
[2026-07-01 21:54:39] [API] request start agent=Review Manager Agent attempt=1/8 prompt_chars=7991[2026-07-01 21:54:39] [API] request start agent=Review Manager Agent attempt=1/8 prompt_chars=7991

[2026-07-01 21:54:39] [API] request start agent=Review Manager Agent attempt=1/8 prompt_chars=7991[2026-07-01 21:54:39] [API] request start agent=Review Manager Agent attempt=1/8 prompt_chars=7991

[2026-07-01 21:54:43] [API] request success agent=Review Manager Agent attempt=1/8 elapsed=3.9s raw_chars=1247
[2026-07-01 21:54:43] [API] request success agent=Review Manager Agent attempt=1/8 elapsed=4.1s raw_chars=1376
[2026-07-01 21:54:44] [API] request success agent=Review Manager Agent attempt=1/8 elapsed=4.3s raw_chars=1361
[2026-07-01 21:54:44] [API] request success agent=Review Manager Agent attempt=1/8 elapsed=4.8s raw_chars=1604
[2026-07-01 21:54:45] [API] request start agent=Claim Agent attempt=1/8 prompt_chars=8712
[2026-07-01 21:54:45] [API] request start agent=Claim Agent attempt=1/8 prompt_chars=8712[2026-07-01 21:54:45] [API] request start agent=Claim Agent attempt=1/8 prompt_chars=8711

[2026-07-01 21:54:45] [API] request start agent=Claim Agent attempt=1/8 prompt_chars=8711
[2026-07-01 21:54:49] [API] request success agent=Claim Agent attempt=1/8 elapsed=4.3s raw_chars=1876
[2026-07-01 21:54:50] [API] request success agent=Claim Agent attempt=1/8 elapsed=6.0s raw_chars=2322
[2026-07-01 21:54:51] [API] request success agent=Claim Agent attempt=1/8 elapsed=6.6s raw_chars=2611
[2026-07-01 21:54:51] [API] request success agent=Claim Agent attempt=1/8 elapsed=6.7s raw_chars=2593
[2026-07-01 21:54:54] [API] request start agent=Review Manager Agent attempt=1/8 prompt_chars=9281[2026-07-01 21:54:54] [API] request start agent=Review Manager Agent attempt=1/8 prompt_chars=9284[2026-07-01 21:54:54] [API] request start agent=Review Manager Agent attempt=1/8 prompt_chars=9285


[2026-07-01 21:54:54] [API] request start agent=Review Manager Agent attempt=1/8 prompt_chars=9284
[2026-07-01 21:55:02] [API] request success agent=Review Manager Agent attempt=1/8 elapsed=8.1s raw_chars=3543
[2026-07-01 21:55:02] [API] request success agent=Review Manager Agent attempt=1/8 elapsed=8.3s raw_chars=3584
[2026-07-01 21:55:03] [API] request success agent=Review Manager Agent attempt=1/8 elapsed=8.4s raw_chars=3872
[2026-07-01 21:55:04] [API] request success agent=Review Manager Agent attempt=1/8 elapsed=9.9s raw_chars=3121
[2026-07-01 21:55:09] [API] request start agent=Evidence Agent attempt=1/8 prompt_chars=7826[2026-07-01 21:55:09] [API] request start agent=Evidence Agent attempt=1/8 prompt_chars=7826

[2026-07-01 21:55:09] [API] request start agent=Evidence Agent attempt=1/8 prompt_chars=7826
[2026-07-01 21:55:13] [API] request success agent=Evidence Agent attempt=1/8 elapsed=4.1s raw_chars=1320
[2026-07-01 21:55:15] [API] request success agent=Evidence Agent attempt=1/8 elapsed=6.7s raw_chars=2197
[2026-07-01 21:55:16] [API] request success agent=Evidence Agent attempt=1/8 elapsed=7.2s raw_chars=3339
[2026-07-01 21:55:16] [API] request start agent=Critique Agent attempt=1/8 prompt_chars=11673
[2026-07-01 21:55:17] [API] request success agent=Critique Agent attempt=1/8 elapsed=1.6s raw_chars=468
[2026-07-01 21:55:25] [API] request start agent=Review Manager Agent attempt=1/8 prompt_chars=9285
[2026-07-01 21:55:25] [API] request start agent=Review Manager Agent attempt=1/8 prompt_chars=9285[2026-07-01 21:55:25] [API] request start agent=Review Manager Agent attempt=1/8 prompt_chars=9285

[2026-07-01 21:55:25] [API] request start agent=Review Manager Agent attempt=1/8 prompt_chars=9285
[2026-07-01 21:55:32] [API] request success agent=Review Manager Agent attempt=1/8 elapsed=6.9s raw_chars=3181
[2026-07-01 21:55:33] [API] request success agent=Review Manager Agent attempt=1/8 elapsed=8.3s raw_chars=3833
[2026-07-01 21:55:34] [API] request success agent=Review Manager Agent attempt=1/8 elapsed=9.1s raw_chars=3822
[2026-07-01 21:55:34] [API] request success agent=Review Manager Agent attempt=1/8 elapsed=9.5s raw_chars=4112
[2026-07-01 21:55:37] [API] request start agent=Critique Agent attempt=1/8 prompt_chars=18105[2026-07-01 21:55:37] [API] request start agent=Critique Agent attempt=1/8 prompt_chars=18105[2026-07-01 21:55:37] [API] request start agent=Critique Agent attempt=1/8 prompt_chars=18105


[2026-07-01 21:55:37] [API] request start agent=Critique Agent attempt=1/8 prompt_chars=18105
[2026-07-01 21:55:51] [API] request success agent=Critique Agent attempt=1/8 elapsed=14.1s raw_chars=6649
[2026-07-01 21:55:51] [API] request success agent=Critique Agent attempt=1/8 elapsed=14.6s raw_chars=7321
[2026-07-01 21:55:51] [API] request success agent=Critique Agent attempt=1/8 elapsed=14.6s raw_chars=6620
[2026-07-01 21:55:52] [API] request success agent=Critique Agent attempt=1/8 elapsed=15.2s raw_chars=6856
[2026-07-01 21:55:58] [API] request start agent=Review Manager Agent attempt=1/8 prompt_chars=9285
[2026-07-01 21:55:58] [API] request start agent=Review Manager Agent attempt=1/8 prompt_chars=9285[2026-07-01 21:55:58] [API] request start agent=Review Manager Agent attempt=1/8 prompt_chars=9285
[2026-07-01 21:55:58] [API] request start agent=Review Manager Agent attempt=1/8 prompt_chars=9283

[2026-07-01 21:56:06] [API] request success agent=Review Manager Agent attempt=1/8 elapsed=7.8s raw_chars=3553
[2026-07-01 21:56:07] [API] request success agent=Review Manager Agent attempt=1/8 elapsed=8.9s raw_chars=3967
[2026-07-01 21:56:07] [API] request success agent=Review Manager Agent attempt=1/8 elapsed=9.0s raw_chars=3961
[2026-07-01 21:56:07] [API] request success agent=Review Manager Agent attempt=1/8 elapsed=9.5s raw_chars=3815
[2026-07-01 21:56:15] [API] request start agent=Evidence Agent attempt=1/8 prompt_chars=7826
[2026-07-01 21:56:15] [API] request start agent=Evidence Agent attempt=1/8 prompt_chars=8593[2026-07-01 21:56:15] [API] request start agent=Evidence Agent attempt=1/8 prompt_chars=8593

[2026-07-01 21:56:17] [API] request success agent=Evidence Agent attempt=1/8 elapsed=1.9s raw_chars=609
[2026-07-01 21:56:19] [API] request success agent=Evidence Agent attempt=1/8 elapsed=4.2s raw_chars=1701
[2026-07-01 21:56:21] [API] request success agent=Evidence Agent attempt=1/8 elapsed=6.3s raw_chars=2567
[2026-07-01 21:56:21] [API] request start agent=Critique Agent attempt=1/8 prompt_chars=8030
[2026-07-01 21:56:24] [API] request success agent=Critique Agent attempt=1/8 elapsed=2.2s raw_chars=549
[2026-07-01 21:56:28] [API] request start agent=Evidence Agent attempt=1/8 prompt_chars=8754
[2026-07-01 21:56:29] [API] request success agent=Evidence Agent attempt=1/8 elapsed=1.5s raw_chars=481
[2026-07-01 21:56:48] [API] request start agent=Review Manager Agent attempt=1/8 prompt_chars=9285
[2026-07-01 21:56:48] [API] request start agent=Review Manager Agent attempt=1/8 prompt_chars=9285[2026-07-01 21:56:48] [API] request start agent=Review Manager Agent attempt=1/8 prompt_chars=9285[2026-07-01 21:56:48] [API] request start agent=Review Manager Agent attempt=1/8 prompt_chars=9283


[2026-07-01 21:56:56] [API] request success agent=Review Manager Agent attempt=1/8 elapsed=8.3s raw_chars=3747
[2026-07-01 21:56:57] [API] request success agent=Review Manager Agent attempt=1/8 elapsed=8.5s raw_chars=3857
[2026-07-01 21:56:58] [API] request success agent=Review Manager Agent attempt=1/8 elapsed=9.7s raw_chars=4529
[2026-07-01 21:57:02] [API] request success agent=Review Manager Agent attempt=1/8 elapsed=14.1s raw_chars=4736
[2026-07-01 21:57:27] [API] request start agent=Evidence Agent attempt=1/8 prompt_chars=7826
[2026-07-01 21:57:27] [API] request start agent=Evidence Agent attempt=1/8 prompt_chars=7826[2026-07-01 21:57:27] [API] request start agent=Evidence Agent attempt=1/8 prompt_chars=7826[2026-07-01 21:57:27] [API] request start agent=Evidence Agent attempt=1/8 prompt_chars=7826


[2026-07-01 21:57:30] [API] request success agent=Evidence Agent attempt=1/8 elapsed=3.6s raw_chars=1222
[2026-07-01 21:57:30] [API] request success agent=Evidence Agent attempt=1/8 elapsed=3.6s raw_chars=1359
[2026-07-01 21:57:34] [API] request success agent=Evidence Agent attempt=1/8 elapsed=6.9s raw_chars=2748
[2026-07-01 21:57:36] [API] request success agent=Evidence Agent attempt=1/8 elapsed=9.2s raw_chars=3905
[2026-07-01 21:57:49] [API] request start agent=Review Manager Agent attempt=1/8 prompt_chars=9285
[2026-07-01 21:57:49] [API] request start agent=Review Manager Agent attempt=1/8 prompt_chars=9285[2026-07-01 21:57:49] [API] request start agent=Review Manager Agent attempt=1/8 prompt_chars=9283[2026-07-01 21:57:49] [API] request start agent=Review Manager Agent attempt=1/8 prompt_chars=9285


[2026-07-01 21:57:57] [API] request success agent=Review Manager Agent attempt=1/8 elapsed=8.6s raw_chars=3600
[2026-07-01 21:57:59] [API] request success agent=Review Manager Agent attempt=1/8 elapsed=10.2s raw_chars=4778
[2026-07-01 21:58:00] [API] request success agent=Review Manager Agent attempt=1/8 elapsed=10.8s raw_chars=4851
[2026-07-01 21:58:00] [API] request success agent=Review Manager Agent attempt=1/8 elapsed=10.8s raw_chars=4767
[2026-07-01 21:58:09] [API] request start agent=Critique Agent attempt=1/8 prompt_chars=11672[2026-07-01 21:58:09] [API] request start agent=Critique Agent attempt=1/8 prompt_chars=11673

[2026-07-01 21:58:09] [API] request start agent=Critique Agent attempt=1/8 prompt_chars=11673
[2026-07-01 21:58:10] [API] request success agent=Critique Agent attempt=1/8 elapsed=1.2s raw_chars=206
[2026-07-01 21:58:11] [API] request success agent=Critique Agent attempt=1/8 elapsed=1.8s raw_chars=465
[2026-07-01 21:58:11] [API] request success agent=Critique Agent attempt=1/8 elapsed=2.0s raw_chars=571
[2026-07-01 21:58:11] [API] request start agent=Evidence Agent attempt=1/8 prompt_chars=7824
[2026-07-01 21:58:17] [API] request success agent=Evidence Agent attempt=1/8 elapsed=5.9s raw_chars=2476
[2026-07-01 21:58:32] [API] request start agent=Review Manager Agent attempt=1/8 prompt_chars=9285[2026-07-01 21:58:32] [API] request start agent=Review Manager Agent attempt=1/8 prompt_chars=9284

[2026-07-01 21:58:32] [API] request start agent=Review Manager Agent attempt=1/8 prompt_chars=9284[2026-07-01 21:58:32] [API] request start agent=Review Manager Agent attempt=1/8 prompt_chars=9285

[2026-07-01 21:58:39] [API] request success agent=Review Manager Agent attempt=1/8 elapsed=7.1s raw_chars=3352
[2026-07-01 21:58:40] [API] request success agent=Review Manager Agent attempt=1/8 elapsed=7.7s raw_chars=3211
[2026-07-01 21:58:40] [API] request success agent=Review Manager Agent attempt=1/8 elapsed=7.7s raw_chars=3750
[2026-07-01 21:58:42] [API] request success agent=Review Manager Agent attempt=1/8 elapsed=10.1s raw_chars=4470
[2026-07-01 21:59:03] [API] request start agent=Critique Agent attempt=1/8 prompt_chars=11672
[2026-07-01 21:59:03] [API] request start agent=Critique Agent attempt=1/8 prompt_chars=8030[2026-07-01 21:59:03] [API] request start agent=Critique Agent attempt=1/8 prompt_chars=11673

[2026-07-01 21:59:04] [API] request success agent=Critique Agent attempt=1/8 elapsed=1.6s raw_chars=376
[2026-07-01 21:59:06] [API] request success agent=Critique Agent attempt=1/8 elapsed=3.2s raw_chars=928
[2026-07-01 21:59:06] [API] request success agent=Critique Agent attempt=1/8 elapsed=3.9s raw_chars=697
[2026-07-01 21:59:08] [API] request start agent=Evidence Agent attempt=1/8 prompt_chars=7826
[2026-07-01 21:59:12] [API] request success agent=Evidence Agent attempt=1/8 elapsed=4.6s raw_chars=1694
[2026-07-01 21:59:14] [API] request start agent=Evidence Agent attempt=1/8 prompt_chars=8754
[2026-07-01 21:59:16] [API] request success agent=Evidence Agent attempt=1/8 elapsed=1.9s raw_chars=542
{"paper_id": "xUe1YqEgd6", "mode": "s4", "reward": 0.6293786544330324, "final_decision": "reject", "model_adapter_mode": "small_model"}
{"paper_id": "YXn76HMetm", "mode": "s4", "reward": 0.5116712220536574, "final_decision": "reject", "model_adapter_mode": "small_model"}
{"paper_id": "KOUAayk5Kx", "mode": "s4", "reward": 0.6847175666831715, "final_decision": "reject", "model_adapter_mode": "small_model"}
{"paper_id": "XH3OiIhtvf", "mode": "s4", "reward": 0.4684885709530605, "final_decision": "reject", "model_adapter_mode": "small_model"}
