[API] Initialized: model=mimo-v2.5, provider=mimo, base_url=https://token-plan-sgp.xiaomimimo.com/v1, max_tokens=1536
[MAIN] Using API backend: model=mimo-v2.5
[MAIN] model_adapter_mode=small_model (requested=small_model)
[DEBUG] paper_id: ye3NrNrYOY, paper_text length: 34961
[DEBUG] paper_text snippet: \title{Temporal Causal Mechanism Transfer for Few-shot Action Recognition}  \begin{abstract} The goa...
[DEBUG] paper_id: WNxlJJIEVj, paper_text length: 48238
[DEBUG] paper_text snippet: \title{Contrastive Diffuser: Planning Towards High Return States via Contrastive Learning}  \begin{a...
[DEBUG] paper_id: uOrfve3prk, paper_text length: 44055
[DEBUG] paper_text snippet: \title{Towards Unifying Interpretability and Control: Evaluation via Intervention}  \begin{abstract}...
[DEBUG] paper_id: 7Dub7UXTXN, paper_text length: 17618
[DEBUG] paper_text snippet: \title{When Are Bias-Free ReLU Networks Effectively Linear Networks?}  \begin{abstract}  We investig...
[DEBUG] paper_id: 9zEBK3E9bX, paper_text length: 35496
[DEBUG] paper_text snippet: \title{SPOT: Scalable 3D Pre-training via Occupancy Prediction for Autonomous Driving}  \begin{abstr...
[DEBUG] paper_id: XyB4VvF01X, paper_text length: 32345
[DEBUG] paper_text snippet: \title{Graph2Tac: Learning hierarchical representations of math concepts in theorem proving}  \begin...
[DEBUG] paper_id: GE6iywJtsV, paper_text length: 30553
[DEBUG] paper_text snippet: \title{Diff-Shape: A Novel Constrained Diffusion Model for Shape-based De Novo Drug Design}  \begin{...
[DEBUG] paper_id: WpXq5n8yLb, paper_text length: 55540
[DEBUG] paper_text snippet: \title{Recurrent Drafter for Fast Speculative Decoding in Large Language Models}  \begin{abstract} W...
[DEBUG] paper_id: NnExMNiTHw, paper_text length: 37839
[DEBUG] paper_text snippet: \title{SpecDec++: Boosting Speculative Decoding via Adaptive Candidate Lengths}  \begin{abstract} Sp...
[DEBUG] paper_id: a6SntIisgg, paper_text length: 64928
[DEBUG] paper_text snippet: \title{LogoRA: Local-Global Representation Alignment for Robust Time Series Classification}  \begin{...
[DEBUG] paper_id: cklg91aPGk, paper_text length: 32511
[DEBUG] paper_text snippet: \title{Propagation Alone is Enough for Graph Contrastive Learning}  \begin{abstract} Graph contrasti...
[DEBUG] paper_id: HPuLU6q7xq, paper_text length: 38828
[DEBUG] paper_text snippet: \title{Orca: Enhancing Role-Playing Abilities of Large Language Models by Integrating Personality Tr...
[DEBUG] paper_id: fGXyvmWpw6, paper_text length: 47400
[DEBUG] paper_text snippet: \title{Federated Virtual Learning on Heterogeneous Data with Local-global Distillation}  \begin{abst...
[DEBUG] paper_id: QAgwFiIY4p, paper_text length: 49197
[DEBUG] paper_text snippet: \title{Graph as Point Set}  \begin{abstract} Graph is a fundamental data structure to model intercon...
[DEBUG] paper_id: TPAj63ax4Y, paper_text length: 49027
[DEBUG] paper_text snippet: \title{Segment, Select, Correct: A Framework for Weakly-Supervised Referring Segmentation}  \begin{a...
[DEBUG] paper_id: mHv6wcBb0z, paper_text length: 35109
[DEBUG] paper_text snippet: \title{Preventing Model Collapse in Deep Canonical Correlation Analysis by Noise Regularization}  \b...
[DEBUG] paper_id: xUe1YqEgd6, paper_text length: 34518
[DEBUG] paper_text snippet: \title{Unsupervised motion segmentation in one go: Smooth long-term model over a video}  \begin{abst...
[DEBUG] paper_id: YXn76HMetm, paper_text length: 36915
[DEBUG] paper_text snippet: \title{Hyperbolic Active Learning for Semantic Segmentation under Domain Shift}  \begin{abstract}  W...
[DEBUG] paper_id: KOUAayk5Kx, paper_text length: 32732
[DEBUG] paper_text snippet: \title{Defying Multi-model Forgetting: Orthogonal Gradient Learning to One-shot Neural Architecture ...
[DEBUG] paper_id: XH3OiIhtvf, paper_text length: 22365
[DEBUG] paper_text snippet: \title{Unsupervised Federated Learning for Privacy Preserving in Face Recognition System}  \begin{ab...
[2026-06-28 09:39:58] [API] request start agent=Review Manager Agent attempt=1/8 prompt_chars=7991[2026-06-28 09:39:58] [API] request start agent=Review Manager Agent attempt=1/8 prompt_chars=7991

[2026-06-28 09:40:02] [API] request success agent=Review Manager Agent attempt=1/8 elapsed=4.5s raw_chars=1280
[2026-06-28 09:40:02] [API] request start agent=Review Manager Agent attempt=1/8 prompt_chars=7991
[2026-06-28 09:40:03] [API] request success agent=Review Manager Agent attempt=1/8 elapsed=4.9s raw_chars=1367
[2026-06-28 09:40:03] [API] request start agent=Review Manager Agent attempt=1/8 prompt_chars=7991
[2026-06-28 09:40:07] [API] request success agent=Review Manager Agent attempt=1/8 elapsed=4.1s raw_chars=1503
[2026-06-28 09:40:07] [API] request success agent=Review Manager Agent attempt=1/8 elapsed=4.2s raw_chars=1346
[2026-06-28 09:40:07] [API] request start agent=Claim Agent attempt=1/8 prompt_chars=8711[2026-06-28 09:40:07] [API] request start agent=Claim Agent attempt=1/8 prompt_chars=8712

[2026-06-28 09:40:13] [API] request success agent=Claim Agent attempt=1/8 elapsed=5.9s raw_chars=2514
[2026-06-28 09:40:13] [API] request start agent=Claim Agent attempt=1/8 prompt_chars=8711
[2026-06-28 09:40:13] [API] request success agent=Claim Agent attempt=1/8 elapsed=6.0s raw_chars=2193
[2026-06-28 09:40:13] [API] request start agent=Claim Agent attempt=1/8 prompt_chars=8712
[2026-06-28 09:40:20] [API] request success agent=Claim Agent attempt=1/8 elapsed=7.0s raw_chars=2025
[2026-06-28 09:40:22] [API] request success agent=Claim Agent attempt=1/8 elapsed=8.2s raw_chars=2887
[2026-06-28 09:40:24] [API] request start agent=Review Manager Agent attempt=1/8 prompt_chars=9285
[2026-06-28 09:40:24] [API] request start agent=Review Manager Agent attempt=1/8 prompt_chars=9285
[2026-06-28 09:40:32] [API] request success agent=Review Manager Agent attempt=1/8 elapsed=7.5s raw_chars=3468
[2026-06-28 09:40:32] [API] request start agent=Review Manager Agent attempt=1/8 prompt_chars=9281
[2026-06-28 09:40:33] [API] request success agent=Review Manager Agent attempt=1/8 elapsed=9.3s raw_chars=4293
[2026-06-28 09:40:33] [API] request start agent=Review Manager Agent attempt=1/8 prompt_chars=9283
[2026-06-28 09:40:39] [API] request success agent=Review Manager Agent attempt=1/8 elapsed=7.7s raw_chars=3584
[2026-06-28 09:40:41] [API] request success agent=Review Manager Agent attempt=1/8 elapsed=7.6s raw_chars=3457
[2026-06-28 09:40:45] [API] request start agent=Evidence Agent attempt=1/8 prompt_chars=7826
[2026-06-28 09:40:45] [API] request start agent=Evidence Agent attempt=1/8 prompt_chars=7826
[2026-06-28 09:40:51] [API] request success agent=Evidence Agent attempt=1/8 elapsed=5.5s raw_chars=1980
[2026-06-28 09:40:51] [API] request start agent=Evidence Agent attempt=1/8 prompt_chars=7826
[2026-06-28 09:40:51] [API] request success agent=Evidence Agent attempt=1/8 elapsed=5.8s raw_chars=2218
[2026-06-28 09:40:58] [API] request success agent=Evidence Agent attempt=1/8 elapsed=6.9s raw_chars=2906
[2026-06-28 09:40:58] [API] request start agent=Critique Agent attempt=1/8 prompt_chars=11673
[2026-06-28 09:41:02] [API] request success agent=Critique Agent attempt=1/8 elapsed=4.3s raw_chars=1367
[2026-06-28 09:41:09] [API] request start agent=Review Manager Agent attempt=1/8 prompt_chars=9285[2026-06-28 09:41:09] [API] request start agent=Review Manager Agent attempt=1/8 prompt_chars=9282

[2026-06-28 09:41:18] [API] request success agent=Review Manager Agent attempt=1/8 elapsed=8.3s raw_chars=3354
[2026-06-28 09:41:18] [API] request start agent=Review Manager Agent attempt=1/8 prompt_chars=9284
[2026-06-28 09:41:20] [API] request success agent=Review Manager Agent attempt=1/8 elapsed=10.7s raw_chars=4461
[2026-06-28 09:41:20] [API] request start agent=Review Manager Agent attempt=1/8 prompt_chars=9285
[2026-06-28 09:41:27] [API] request success agent=Review Manager Agent attempt=1/8 elapsed=7.5s raw_chars=3475
[2026-06-28 09:41:28] [API] request success agent=Review Manager Agent attempt=1/8 elapsed=10.2s raw_chars=5110
[2026-06-28 09:41:30] [API] request start agent=Critique Agent attempt=1/8 prompt_chars=8030[2026-06-28 09:41:30] [API] request start agent=Critique Agent attempt=1/8 prompt_chars=11673

[2026-06-28 09:41:32] [API] request success agent=Critique Agent attempt=1/8 elapsed=1.9s raw_chars=477
[2026-06-28 09:41:32] [API] request start agent=Critique Agent attempt=1/8 prompt_chars=16318
[2026-06-28 09:41:32] [API] request success agent=Critique Agent attempt=1/8 elapsed=2.0s raw_chars=490
[2026-06-28 09:41:32] [API] request start agent=Critique Agent attempt=1/8 prompt_chars=8030
[2026-06-28 09:41:35] [API] request success agent=Critique Agent attempt=1/8 elapsed=3.1s raw_chars=931
[2026-06-28 09:41:46] [API] request success agent=Critique Agent attempt=1/8 elapsed=13.9s raw_chars=7110
[2026-06-28 09:41:49] [API] request start agent=Evidence Agent attempt=1/8 prompt_chars=8754[2026-06-28 09:41:49] [API] request start agent=Evidence Agent attempt=1/8 prompt_chars=8754

[2026-06-28 09:41:52] [API] request success agent=Evidence Agent attempt=1/8 elapsed=2.9s raw_chars=637
[2026-06-28 09:41:52] [API] request success agent=Evidence Agent attempt=1/8 elapsed=3.2s raw_chars=799
[2026-06-28 09:42:01] [API] request start agent=Review Manager Agent attempt=1/8 prompt_chars=9285
[2026-06-28 09:42:01] [API] request start agent=Review Manager Agent attempt=1/8 prompt_chars=9285
[2026-06-28 09:42:10] [API] request success agent=Review Manager Agent attempt=1/8 elapsed=9.5s raw_chars=4183
[2026-06-28 09:42:10] [API] request start agent=Review Manager Agent attempt=1/8 prompt_chars=9284
[2026-06-28 09:42:10] [API] request success agent=Review Manager Agent attempt=1/8 elapsed=9.5s raw_chars=3874
[2026-06-28 09:42:10] [API] request start agent=Review Manager Agent attempt=1/8 prompt_chars=9284
[2026-06-28 09:42:18] [API] request success agent=Review Manager Agent attempt=1/8 elapsed=7.8s raw_chars=3874
[2026-06-28 09:42:19] [API] request success agent=Review Manager Agent attempt=1/8 elapsed=8.8s raw_chars=4071
[2026-06-28 09:42:23] [API] request start agent=Critique Agent attempt=1/8 prompt_chars=16318
[2026-06-28 09:42:23] [API] request start agent=Critique Agent attempt=1/8 prompt_chars=8030
[2026-06-28 09:42:25] [API] request success agent=Critique Agent attempt=1/8 elapsed=1.8s raw_chars=359
[2026-06-28 09:42:25] [API] request start agent=Critique Agent attempt=1/8 prompt_chars=16318
[2026-06-28 09:42:36] [API] request success agent=Critique Agent attempt=1/8 elapsed=13.0s raw_chars=6079
[2026-06-28 09:42:39] [API] request success agent=Critique Agent attempt=1/8 elapsed=14.6s raw_chars=7211
[2026-06-28 09:42:41] [API] request start agent=Evidence Agent attempt=1/8 prompt_chars=7826
[2026-06-28 09:42:47] [API] request success agent=Evidence Agent attempt=1/8 elapsed=6.0s raw_chars=2590
[2026-06-28 09:42:49] [API] request start agent=Evidence Agent attempt=1/8 prompt_chars=8754
[2026-06-28 09:42:51] [API] request success agent=Evidence Agent attempt=1/8 elapsed=2.4s raw_chars=520
[review_reward][unknown][ye3NrNrYOY] reward=0.5065 breakdown={'decision': 0.0, 'section_presence': 1.0, 'length_score': 1.0, 'summary_align': 0.4564, 'strength_align': 0.2552, 'weakness_align': 0.2374, 'suggestion_align': 0.3523, 'global_align': 0.2865, 'critique': 1.0, 'stance_align': 0.619, 'rating_align': 0.0, 'decision_line_bonus': 0.0, 'audit_id_leak_penalty': 0.0, 'penalty': 0.0, 'total': 0.5065, 'es_coverage': 0.3333, 'es_depth': 0.3333, 'es_empirical': 0.3333, 'es_independent': 0.0, 'es_flaw_density': 1.0, 'es_support_volume': 0.1667, 'evidence_support_score': 0.3833}
[review_reward][unknown][7Dub7UXTXN] reward=0.4877 breakdown={'decision': 0.0, 'section_presence': 1.0, 'length_score': 1.0, 'summary_align': 0.5009, 'strength_align': 0.4079, 'weakness_align': 0.2817, 'suggestion_align': 0.3861, 'global_align': 0.3719, 'critique': 1.0, 'stance_align': 0.6287, 'rating_align': 0.0, 'decision_line_bonus': 0.0, 'audit_id_leak_penalty': 0.0, 'penalty': 0.0, 'total': 0.4877, 'es_coverage': 0.3333, 'es_depth': 0.3333, 'es_empirical': 0.3333, 'es_independent': 0.0, 'es_flaw_density': 0.3333, 'es_support_volume': 0.1667, 'evidence_support_score': 0.2833}
[2026-06-28 09:43:20] [API] request start agent=Review Manager Agent attempt=1/8 prompt_chars=9285[2026-06-28 09:43:20] [API] request start agent=Review Manager Agent attempt=1/8 prompt_chars=9285

[2026-06-28 09:43:27] [API] request success agent=Review Manager Agent attempt=1/8 elapsed=7.3s raw_chars=3432
[2026-06-28 09:43:29] [API] request success agent=Review Manager Agent attempt=1/8 elapsed=8.7s raw_chars=3910
[2026-06-28 09:43:36] [API] request start agent=Critique Agent attempt=1/8 prompt_chars=11672[2026-06-28 09:43:36] [API] request start agent=Critique Agent attempt=1/8 prompt_chars=11666

[2026-06-28 09:43:38] [API] request success agent=Critique Agent attempt=1/8 elapsed=2.1s raw_chars=419
[2026-06-28 09:43:39] [API] request success agent=Critique Agent attempt=1/8 elapsed=2.6s raw_chars=563
[review_reward][unknown][uOrfve3prk] reward=0.4891 breakdown={'decision': 0.0, 'section_presence': 1.0, 'length_score': 1.0, 'summary_align': 0.3192, 'strength_align': 0.3057, 'weakness_align': 0.2049, 'suggestion_align': 0.505, 'global_align': 0.2016, 'critique': 1.0, 'stance_align': 0.6703, 'rating_align': 0.0, 'decision_line_bonus': 0.0, 'audit_id_leak_penalty': 0.0, 'penalty': 0.0, 'total': 0.4891, 'es_coverage': 0.5, 'es_depth': 0.375, 'es_empirical': 0.25, 'es_independent': 0.0, 'es_flaw_density': 0.3333, 'es_support_volume': 0.25, 'evidence_support_score': 0.3375}
[2026-06-28 09:43:52] [API] request start agent=Review Manager Agent attempt=1/8 prompt_chars=9284
[2026-06-28 09:44:01] [API] request success agent=Review Manager Agent attempt=1/8 elapsed=9.1s raw_chars=4036
[2026-06-28 09:44:02] [API] request start agent=Evidence Agent attempt=1/8 prompt_chars=7826
[2026-06-28 09:44:07] [API] request success agent=Evidence Agent attempt=1/8 elapsed=5.8s raw_chars=2502
[2026-06-28 09:44:08] [API] request start agent=Review Manager Agent attempt=1/8 prompt_chars=9285
[2026-06-28 09:44:19] [API] request success agent=Review Manager Agent attempt=1/8 elapsed=10.2s raw_chars=5013
[2026-06-28 09:44:19] [API] request start agent=Critique Agent attempt=1/8 prompt_chars=11673
[2026-06-28 09:44:21] [API] request success agent=Critique Agent attempt=1/8 elapsed=2.1s raw_chars=403
[review_reward][unknown][WNxlJJIEVj] reward=0.6191 breakdown={'decision': 0.0, 'section_presence': 1.0, 'length_score': 1.0, 'summary_align': 0.3426, 'strength_align': 0.2841, 'weakness_align': 0.2618, 'suggestion_align': 0.2698, 'global_align': 0.2161, 'critique': 1.0, 'stance_align': 0.7726, 'rating_align': 0.0, 'decision_line_bonus': 0.0, 'audit_id_leak_penalty': 0.0, 'penalty': 0.0, 'total': 0.6191, 'es_coverage': 1.0, 'es_depth': 0.75, 'es_empirical': 0.5, 'es_independent': 0.5, 'es_flaw_density': 0.0, 'es_support_volume': 0.75, 'evidence_support_score': 0.65}
{"paper_id": "ye3NrNrYOY", "mode": "s4", "reward": 0.5064945523899512, "final_decision": "reject", "model_adapter_mode": "small_model"}
{"paper_id": "WNxlJJIEVj", "mode": "s4", "reward": 0.6190642280443419, "final_decision": "reject", "model_adapter_mode": "small_model"}
{"paper_id": "uOrfve3prk", "mode": "s4", "reward": 0.4890906383858142, "final_decision": "reject", "model_adapter_mode": "small_model"}
{"paper_id": "7Dub7UXTXN", "mode": "s4", "reward": 0.4877056646241852, "final_decision": "reject", "model_adapter_mode": "small_model"}
[2026-06-28 09:44:32] [API] request start agent=Review Manager Agent attempt=1/8 prompt_chars=7991
[2026-06-28 09:44:32] [API] request start agent=Review Manager Agent attempt=1/8 prompt_chars=7991
[2026-06-28 09:44:36] [API] request success agent=Review Manager Agent attempt=1/8 elapsed=4.7s raw_chars=1509
[2026-06-28 09:44:36] [API] request start agent=Review Manager Agent attempt=1/8 prompt_chars=7991
[2026-06-28 09:44:37] [API] request success agent=Review Manager Agent attempt=1/8 elapsed=5.2s raw_chars=1755
[2026-06-28 09:44:37] [API] request start agent=Review Manager Agent attempt=1/8 prompt_chars=7991
[2026-06-28 09:44:41] [API] request success agent=Review Manager Agent attempt=1/8 elapsed=4.3s raw_chars=1363
[2026-06-28 09:44:41] [API] request success agent=Review Manager Agent attempt=1/8 elapsed=4.8s raw_chars=1797
[2026-06-28 09:44:42] [API] request start agent=Claim Agent attempt=1/8 prompt_chars=8712
[2026-06-28 09:44:42] [API] request start agent=Claim Agent attempt=1/8 prompt_chars=8712
[2026-06-28 09:44:48] [API] request success agent=Claim Agent attempt=1/8 elapsed=6.6s raw_chars=2876
[2026-06-28 09:44:48] [API] request start agent=Claim Agent attempt=1/8 prompt_chars=8712
[2026-06-28 09:44:48] [API] request success agent=Claim Agent attempt=1/8 elapsed=6.7s raw_chars=2133
[2026-06-28 09:44:48] [API] request start agent=Claim Agent attempt=1/8 prompt_chars=8712
[2026-06-28 09:44:55] [API] request success agent=Claim Agent attempt=1/8 elapsed=6.4s raw_chars=2845
[2026-06-28 09:44:56] [API] request success agent=Claim Agent attempt=1/8 elapsed=8.1s raw_chars=3321
[2026-06-28 09:45:08] [API] request start agent=Review Manager Agent attempt=1/8 prompt_chars=9285[2026-06-28 09:45:08] [API] request start agent=Review Manager Agent attempt=1/8 prompt_chars=9285

[2026-06-28 09:45:16] [API] request success agent=Review Manager Agent attempt=1/8 elapsed=7.8s raw_chars=3356
[2026-06-28 09:45:16] [API] request start agent=Review Manager Agent attempt=1/8 prompt_chars=9285
[2026-06-28 09:45:16] [API] request success agent=Review Manager Agent attempt=1/8 elapsed=8.4s raw_chars=3854
[2026-06-28 09:45:16] [API] request start agent=Review Manager Agent attempt=1/8 prompt_chars=9285
[2026-06-28 09:45:24] [API] request success agent=Review Manager Agent attempt=1/8 elapsed=8.4s raw_chars=3429
[2026-06-28 09:45:25] [API] request success agent=Review Manager Agent attempt=1/8 elapsed=8.2s raw_chars=3729
[2026-06-28 09:45:39] [API] request start agent=Critique Agent attempt=1/8 prompt_chars=11673[2026-06-28 09:45:39] [API] request start agent=Critique Agent attempt=1/8 prompt_chars=11673

[2026-06-28 09:45:41] [API] request success agent=Critique Agent attempt=1/8 elapsed=2.2s raw_chars=455
[2026-06-28 09:45:41] [API] request start agent=Critique Agent attempt=1/8 prompt_chars=11673
[2026-06-28 09:45:41] [API] request success agent=Critique Agent attempt=1/8 elapsed=2.3s raw_chars=512
[2026-06-28 09:45:45] [API] request success agent=Critique Agent attempt=1/8 elapsed=4.5s raw_chars=1570
[2026-06-28 09:45:45] [API] request start agent=Evidence Agent attempt=1/8 prompt_chars=7822
[2026-06-28 09:45:50] [API] request success agent=Evidence Agent attempt=1/8 elapsed=4.4s raw_chars=1521
[2026-06-28 09:46:14] [API] request start agent=Review Manager Agent attempt=1/8 prompt_chars=9285[2026-06-28 09:46:14] [API] request start agent=Review Manager Agent attempt=1/8 prompt_chars=9285

[2026-06-28 09:46:22] [API] request success agent=Review Manager Agent attempt=1/8 elapsed=7.9s raw_chars=3442
[2026-06-28 09:46:22] [API] request start agent=Review Manager Agent attempt=1/8 prompt_chars=9282
[2026-06-28 09:46:23] [API] request success agent=Review Manager Agent attempt=1/8 elapsed=8.7s raw_chars=4060
[2026-06-28 09:46:23] [API] request start agent=Review Manager Agent attempt=1/8 prompt_chars=9285
[2026-06-28 09:46:31] [API] request success agent=Review Manager Agent attempt=1/8 elapsed=8.5s raw_chars=4305
[2026-06-28 09:46:32] [API] request success agent=Review Manager Agent attempt=1/8 elapsed=9.0s raw_chars=4208
[2026-06-28 09:46:40] [API] request start agent=Critique Agent attempt=1/8 prompt_chars=11672[2026-06-28 09:46:40] [API] request start agent=Critique Agent attempt=1/8 prompt_chars=16318

[2026-06-28 09:46:45] [API] request success agent=Critique Agent attempt=1/8 elapsed=4.2s raw_chars=1349
[2026-06-28 09:46:45] [API] request start agent=Critique Agent attempt=1/8 prompt_chars=16318
[2026-06-28 09:46:54] [API] request success agent=Critique Agent attempt=1/8 elapsed=13.1s raw_chars=7308
[2026-06-28 09:46:58] [API] request success agent=Critique Agent attempt=1/8 elapsed=13.5s raw_chars=7054
[2026-06-28 09:46:58] [API] request start agent=Evidence Agent attempt=1/8 prompt_chars=7826
[2026-06-28 09:47:03] [API] request success agent=Evidence Agent attempt=1/8 elapsed=4.7s raw_chars=1572
[2026-06-28 09:47:22] [API] request start agent=Review Manager Agent attempt=1/8 prompt_chars=9283[2026-06-28 09:47:22] [API] request start agent=Review Manager Agent attempt=1/8 prompt_chars=9285

[2026-06-28 09:47:28] [API] request success agent=Review Manager Agent attempt=1/8 elapsed=6.2s raw_chars=2939
[2026-06-28 09:47:28] [API] request start agent=Review Manager Agent attempt=1/8 prompt_chars=9285
[2026-06-28 09:47:30] [API] request success agent=Review Manager Agent attempt=1/8 elapsed=8.4s raw_chars=4132
[2026-06-28 09:47:30] [API] request start agent=Review Manager Agent attempt=1/8 prompt_chars=9284
[2026-06-28 09:47:37] [API] request success agent=Review Manager Agent attempt=1/8 elapsed=8.8s raw_chars=4064
[2026-06-28 09:47:40] [API] request success agent=Review Manager Agent attempt=1/8 elapsed=9.6s raw_chars=4464
[2026-06-28 09:47:54] [API] request start agent=Evidence Agent attempt=1/8 prompt_chars=7826
[2026-06-28 09:47:54] [API] request start agent=Evidence Agent attempt=1/8 prompt_chars=8593
[2026-06-28 09:47:57] [API] request success agent=Evidence Agent attempt=1/8 elapsed=2.4s raw_chars=481
[2026-06-28 09:47:57] [API] request start agent=Evidence Agent attempt=1/8 prompt_chars=8593
[2026-06-28 09:47:59] [API] request success agent=Evidence Agent attempt=1/8 elapsed=4.7s raw_chars=1717
[2026-06-28 09:48:01] [API] request success agent=Evidence Agent attempt=1/8 elapsed=4.2s raw_chars=1392
[2026-06-28 09:48:01] [API] request start agent=Critique Agent attempt=1/8 prompt_chars=8030
[2026-06-28 09:48:03] [API] request success agent=Critique Agent attempt=1/8 elapsed=1.9s raw_chars=433
[2026-06-28 09:48:30] [API] request start agent=Evidence Agent attempt=1/8 prompt_chars=8754
[2026-06-28 09:48:33] [API] request success agent=Evidence Agent attempt=1/8 elapsed=2.5s raw_chars=638
[2026-06-28 09:49:48] [API] request start agent=Review Manager Agent attempt=1/8 prompt_chars=9285[2026-06-28 09:49:48] [API] request start agent=Review Manager Agent attempt=1/8 prompt_chars=9284

[2026-06-28 09:49:58] [API] request success agent=Review Manager Agent attempt=1/8 elapsed=10.0s raw_chars=4290
[2026-06-28 09:49:58] [API] request start agent=Review Manager Agent attempt=1/8 prompt_chars=9285
[2026-06-28 09:49:58] [API] request success agent=Review Manager Agent attempt=1/8 elapsed=10.6s raw_chars=4644
[2026-06-28 09:49:58] [API] request start agent=Review Manager Agent attempt=1/8 prompt_chars=9285
[2026-06-28 09:50:05] [API] request success agent=Review Manager Agent attempt=1/8 elapsed=7.0s raw_chars=3216
[2026-06-28 09:50:07] [API] request success agent=Review Manager Agent attempt=1/8 elapsed=8.7s raw_chars=4225
[2026-06-28 09:50:21] [API] request start agent=Critique Agent attempt=1/8 prompt_chars=8030
[2026-06-28 09:50:21] [API] request start agent=Critique Agent attempt=1/8 prompt_chars=8030
[2026-06-28 09:50:23] [API] request success agent=Critique Agent attempt=1/8 elapsed=2.4s raw_chars=471
[2026-06-28 09:50:23] [API] request start agent=Critique Agent attempt=1/8 prompt_chars=11673
[2026-06-28 09:50:26] [API] request success agent=Critique Agent attempt=1/8 elapsed=5.3s raw_chars=726
[2026-06-28 09:50:28] [API] request success agent=Critique Agent attempt=1/8 elapsed=5.3s raw_chars=1607
[2026-06-28 09:50:36] [API] request start agent=Evidence Agent attempt=1/8 prompt_chars=7821
[2026-06-28 09:50:40] [API] request success agent=Evidence Agent attempt=1/8 elapsed=3.6s raw_chars=979
[2026-06-28 09:50:48] [API] request start agent=Evidence Agent attempt=1/8 prompt_chars=8754[2026-06-28 09:50:48] [API] request start agent=Evidence Agent attempt=1/8 prompt_chars=8754

[2026-06-28 09:50:50] [API] request success agent=Evidence Agent attempt=1/8 elapsed=2.3s raw_chars=467
[2026-06-28 09:50:51] [API] request success agent=Evidence Agent attempt=1/8 elapsed=2.5s raw_chars=534
[review_reward][unknown][WpXq5n8yLb] reward=0.4074 breakdown={'decision': 0.0, 'section_presence': 1.0, 'length_score': 0.9325, 'summary_align': 0.3031, 'strength_align': 0.4168, 'weakness_align': 0.1881, 'suggestion_align': 0.3018, 'global_align': 0.1984, 'critique': 1.0, 'stance_align': 0.7026, 'rating_align': 0.0, 'decision_line_bonus': 0.0, 'audit_id_leak_penalty': 0.0, 'penalty': 0.0, 'total': 0.4074, 'es_coverage': 0.0, 'es_depth': 0.0, 'es_empirical': 0.0, 'es_independent': 0.0, 'es_flaw_density': 1.0, 'es_support_volume': 0.0, 'evidence_support_score': 0.15}
[2026-06-28 09:52:09] [API] request start agent=Review Manager Agent attempt=1/8 prompt_chars=9282[2026-06-28 09:52:09] [API] request start agent=Review Manager Agent attempt=1/8 prompt_chars=9285

[2026-06-28 09:52:16] [API] request success agent=Review Manager Agent attempt=1/8 elapsed=7.3s raw_chars=3441
[2026-06-28 09:52:16] [API] request start agent=Review Manager Agent attempt=1/8 prompt_chars=9284
[2026-06-28 09:52:17] [API] request success agent=Review Manager Agent attempt=1/8 elapsed=8.4s raw_chars=4016
[2026-06-28 09:52:26] [API] request success agent=Review Manager Agent attempt=1/8 elapsed=9.9s raw_chars=4909
[2026-06-28 09:52:30] [API] request start agent=Critique Agent attempt=1/8 prompt_chars=11673[2026-06-28 09:52:30] [API] request start agent=Critique Agent attempt=1/8 prompt_chars=8030

[2026-06-28 09:52:32] [API] request success agent=Critique Agent attempt=1/8 elapsed=1.8s raw_chars=388
[2026-06-28 09:52:32] [API] request start agent=Critique Agent attempt=1/8 prompt_chars=11673
[2026-06-28 09:52:33] [API] request success agent=Critique Agent attempt=1/8 elapsed=2.5s raw_chars=628
[2026-06-28 09:52:34] [API] request success agent=Critique Agent attempt=1/8 elapsed=2.2s raw_chars=513
[2026-06-28 09:52:37] [API] request start agent=Evidence Agent attempt=1/8 prompt_chars=8754
[2026-06-28 09:52:39] [API] request success agent=Evidence Agent attempt=1/8 elapsed=2.3s raw_chars=584
[2026-06-28 09:52:59] [API] request start agent=Review Manager Agent attempt=1/8 prompt_chars=9285[2026-06-28 09:52:59] [API] request start agent=Review Manager Agent attempt=1/8 prompt_chars=9285

[2026-06-28 09:53:07] [API] request success agent=Review Manager Agent attempt=1/8 elapsed=7.7s raw_chars=3596
[2026-06-28 09:53:07] [API] request start agent=Review Manager Agent attempt=1/8 prompt_chars=9285
[2026-06-28 09:53:07] [API] request success agent=Review Manager Agent attempt=1/8 elapsed=7.9s raw_chars=3324
[2026-06-28 09:53:15] [API] request success agent=Review Manager Agent attempt=1/8 elapsed=7.9s raw_chars=3605
[2026-06-28 09:53:18] [API] request start agent=Critique Agent attempt=1/8 prompt_chars=11673
[2026-06-28 09:53:18] [API] request start agent=Critique Agent attempt=1/8 prompt_chars=8030
[2026-06-28 09:53:21] [API] request success agent=Critique Agent attempt=1/8 elapsed=2.5s raw_chars=600
[2026-06-28 09:53:21] [API] request success agent=Critique Agent attempt=1/8 elapsed=2.7s raw_chars=713
[2026-06-28 09:53:23] [API] request start agent=Evidence Agent attempt=1/8 prompt_chars=7826
[2026-06-28 09:53:32] [API] request success agent=Evidence Agent attempt=1/8 elapsed=8.8s raw_chars=2613
[2026-06-28 09:53:34] [API] request start agent=Evidence Agent attempt=1/8 prompt_chars=8754
[2026-06-28 09:53:36] [API] request success agent=Evidence Agent attempt=1/8 elapsed=2.3s raw_chars=488
[review_reward][unknown][9zEBK3E9bX] reward=0.4234 breakdown={'decision': 0.0, 'section_presence': 1.0, 'length_score': 1.0, 'summary_align': 0.4502, 'strength_align': 0.5049, 'weakness_align': 0.2294, 'suggestion_align': 0.4631, 'global_align': 0.2123, 'critique': 1.0, 'stance_align': 0.7889, 'rating_align': 0.0, 'decision_line_bonus': 0.0, 'audit_id_leak_penalty': 0.0, 'penalty': 0.0, 'total': 0.4234, 'es_coverage': 0.0, 'es_depth': 0.0, 'es_empirical': 0.0, 'es_independent': 0.0, 'es_flaw_density': 0.6667, 'es_support_volume': 0.0, 'evidence_support_score': 0.1}
[review_reward][unknown][XyB4VvF01X] reward=0.4742 breakdown={'decision': 0.0, 'section_presence': 1.0, 'length_score': 0.9283, 'summary_align': 0.6173, 'strength_align': 0.4293, 'weakness_align': 0.3, 'suggestion_align': 0.5577, 'global_align': 0.3099, 'critique': 1.0, 'stance_align': 0.6639, 'rating_align': 0.0, 'decision_line_bonus': 0.0, 'audit_id_leak_penalty': 0.0, 'penalty': 0.0, 'total': 0.4742, 'es_coverage': 0.25, 'es_depth': 0.125, 'es_empirical': 0.0, 'es_independent': 0.0, 'es_flaw_density': 0.6667, 'es_support_volume': 0.125, 'evidence_support_score': 0.2125}
[review_reward][unknown][GE6iywJtsV] reward=0.4395 breakdown={'decision': 0.0, 'section_presence': 1.0, 'length_score': 0.9858, 'summary_align': 0.6314, 'strength_align': 0.5644, 'weakness_align': 0.2438, 'suggestion_align': 0.5642, 'global_align': 0.2879, 'critique': 1.0, 'stance_align': 0.7325, 'rating_align': 0.0, 'decision_line_bonus': 0.0, 'audit_id_leak_penalty': 0.0, 'penalty': 0.0, 'total': 0.4395, 'es_coverage': 0.0, 'es_depth': 0.0, 'es_empirical': 0.0, 'es_independent': 0.0, 'es_flaw_density': 0.6667, 'es_support_volume': 0.0, 'evidence_support_score': 0.1}
{"paper_id": "9zEBK3E9bX", "mode": "s4", "reward": 0.4233567677354501, "final_decision": "reject", "model_adapter_mode": "small_model"}
{"paper_id": "XyB4VvF01X", "mode": "s4", "reward": 0.4742330539912008, "final_decision": "reject", "model_adapter_mode": "small_model"}
{"paper_id": "GE6iywJtsV", "mode": "s4", "reward": 0.4394661306522946, "final_decision": "reject", "model_adapter_mode": "small_model"}
{"paper_id": "WpXq5n8yLb", "mode": "s4", "reward": 0.40737168857508677, "final_decision": "reject", "model_adapter_mode": "small_model"}
[2026-06-28 09:54:26] [API] request start agent=Review Manager Agent attempt=1/8 prompt_chars=7991[2026-06-28 09:54:26] [API] request start agent=Review Manager Agent attempt=1/8 prompt_chars=7991

[2026-06-28 09:54:30] [API] request success agent=Review Manager Agent attempt=1/8 elapsed=4.2s raw_chars=1277
[2026-06-28 09:54:30] [API] request start agent=Review Manager Agent attempt=1/8 prompt_chars=7991
[2026-06-28 09:54:31] [API] request success agent=Review Manager Agent attempt=1/8 elapsed=5.2s raw_chars=1731
[2026-06-28 09:54:31] [API] request start agent=Review Manager Agent attempt=1/8 prompt_chars=7991
[2026-06-28 09:54:34] [API] request success agent=Review Manager Agent attempt=1/8 elapsed=3.6s raw_chars=1179
[2026-06-28 09:54:37] [API] request success agent=Review Manager Agent attempt=1/8 elapsed=7.1s raw_chars=2961
[2026-06-28 09:54:37] [API] request start agent=Claim Agent attempt=1/8 prompt_chars=8712
[2026-06-28 09:54:37] [API] request start agent=Claim Agent attempt=1/8 prompt_chars=8712
[2026-06-28 09:54:43] [API] request success agent=Claim Agent attempt=1/8 elapsed=5.5s raw_chars=2341
[2026-06-28 09:54:43] [API] request start agent=Claim Agent attempt=1/8 prompt_chars=8712
[2026-06-28 09:54:43] [API] request success agent=Claim Agent attempt=1/8 elapsed=5.9s raw_chars=2633
[2026-06-28 09:54:43] [API] request start agent=Claim Agent attempt=1/8 prompt_chars=8712
[2026-06-28 09:54:48] [API] request success agent=Claim Agent attempt=1/8 elapsed=5.0s raw_chars=2302
[2026-06-28 09:54:48] [API] request success agent=Claim Agent attempt=1/8 elapsed=4.8s raw_chars=2123
[2026-06-28 09:54:53] [API] request start agent=Review Manager Agent attempt=1/8 prompt_chars=9285
[2026-06-28 09:54:53] [API] request start agent=Review Manager Agent attempt=1/8 prompt_chars=9285
[2026-06-28 09:55:00] [API] request success agent=Review Manager Agent attempt=1/8 elapsed=7.2s raw_chars=3500
[2026-06-28 09:55:00] [API] request start agent=Review Manager Agent attempt=1/8 prompt_chars=9285
[2026-06-28 09:55:00] [API] request success agent=Review Manager Agent attempt=1/8 elapsed=7.4s raw_chars=3379
[2026-06-28 09:55:00] [API] request start agent=Review Manager Agent attempt=1/8 prompt_chars=9285
[2026-06-28 09:55:07] [API] request success agent=Review Manager Agent attempt=1/8 elapsed=6.5s raw_chars=3101
[2026-06-28 09:55:07] [API] request success agent=Review Manager Agent attempt=1/8 elapsed=6.7s raw_chars=3282
[2026-06-28 09:55:15] [API] request start agent=Critique Agent attempt=1/8 prompt_chars=11673
[2026-06-28 09:55:18] [API] request success agent=Critique Agent attempt=1/8 elapsed=2.9s raw_chars=627
[2026-06-28 09:55:18] [API] request start agent=Evidence Agent attempt=1/8 prompt_chars=7826[2026-06-28 09:55:18] [API] request start agent=Evidence Agent attempt=1/8 prompt_chars=7826

[2026-06-28 09:55:24] [API] request success agent=Evidence Agent attempt=1/8 elapsed=6.2s raw_chars=2712
[2026-06-28 09:55:24] [API] request start agent=Evidence Agent attempt=1/8 prompt_chars=7826
[2026-06-28 09:55:24] [API] request success agent=Evidence Agent attempt=1/8 elapsed=6.7s raw_chars=2632
[2026-06-28 09:55:29] [API] request success agent=Evidence Agent attempt=1/8 elapsed=4.7s raw_chars=1517
[2026-06-28 09:55:47] [API] request start agent=Review Manager Agent attempt=1/8 prompt_chars=9283
[2026-06-28 09:55:47] [API] request start agent=Review Manager Agent attempt=1/8 prompt_chars=9285
[2026-06-28 09:55:55] [API] request success agent=Review Manager Agent attempt=1/8 elapsed=8.3s raw_chars=3824
[2026-06-28 09:55:55] [API] request start agent=Review Manager Agent attempt=1/8 prompt_chars=9285
[2026-06-28 09:55:56] [API] request success agent=Review Manager Agent attempt=1/8 elapsed=8.4s raw_chars=3644
[2026-06-28 09:55:56] [API] request start agent=Review Manager Agent attempt=1/8 prompt_chars=9284
[2026-06-28 09:56:03] [API] request success agent=Review Manager Agent attempt=1/8 elapsed=7.6s raw_chars=3601
[2026-06-28 09:56:03] [API] request success agent=Review Manager Agent attempt=1/8 elapsed=7.9s raw_chars=3464
[2026-06-28 09:56:07] [API] request start agent=Critique Agent attempt=1/8 prompt_chars=16318
[2026-06-28 09:56:07] [API] request start agent=Critique Agent attempt=1/8 prompt_chars=8030
[2026-06-28 09:56:09] [API] request success agent=Critique Agent attempt=1/8 elapsed=1.8s raw_chars=386
[2026-06-28 09:56:09] [API] request start agent=Critique Agent attempt=1/8 prompt_chars=16309
[2026-06-28 09:56:21] [API] request success agent=Critique Agent attempt=1/8 elapsed=13.3s raw_chars=6872
[2026-06-28 09:56:23] [API] request success agent=Critique Agent attempt=1/8 elapsed=13.5s raw_chars=6700
[2026-06-28 09:56:27] [API] request start agent=Evidence Agent attempt=1/8 prompt_chars=7819
[2026-06-28 09:56:33] [API] request success agent=Evidence Agent attempt=1/8 elapsed=6.5s raw_chars=2783
[2026-06-28 09:56:37] [API] request start agent=Evidence Agent attempt=1/8 prompt_chars=8754
[2026-06-28 09:56:40] [API] request success agent=Evidence Agent attempt=1/8 elapsed=2.5s raw_chars=891
[2026-06-28 09:57:11] [API] request start agent=Review Manager Agent attempt=1/8 prompt_chars=9285
[2026-06-28 09:57:11] [API] request start agent=Review Manager Agent attempt=1/8 prompt_chars=9280
[2026-06-28 09:57:19] [API] request success agent=Review Manager Agent attempt=1/8 elapsed=7.4s raw_chars=3407
[2026-06-28 09:57:19] [API] request start agent=Review Manager Agent attempt=1/8 prompt_chars=9285
[2026-06-28 09:57:20] [API] request success agent=Review Manager Agent attempt=1/8 elapsed=9.3s raw_chars=4107
[2026-06-28 09:57:20] [API] request start agent=Review Manager Agent attempt=1/8 prompt_chars=9285
[2026-06-28 09:57:26] [API] request success agent=Review Manager Agent attempt=1/8 elapsed=7.2s raw_chars=3228
[2026-06-28 09:57:29] [API] request success agent=Review Manager Agent attempt=1/8 elapsed=8.2s raw_chars=3706
[2026-06-28 09:57:35] [API] request start agent=Critique Agent attempt=1/8 prompt_chars=8030
[2026-06-28 09:57:35] [API] request start agent=Critique Agent attempt=1/8 prompt_chars=8030
[2026-06-28 09:57:37] [API] request success agent=Critique Agent attempt=1/8 elapsed=2.1s raw_chars=439
[2026-06-28 09:57:37] [API] request start agent=Critique Agent attempt=1/8 prompt_chars=8030
[2026-06-28 09:57:38] [API] request success agent=Critique Agent attempt=1/8 elapsed=2.5s raw_chars=630
[2026-06-28 09:57:38] [API] request start agent=Critique Agent attempt=1/8 prompt_chars=11672
[2026-06-28 09:57:40] [API] request success agent=Critique Agent attempt=1/8 elapsed=2.1s raw_chars=569
[2026-06-28 09:57:40] [API] request success agent=Critique Agent attempt=1/8 elapsed=3.1s raw_chars=774
[2026-06-28 09:58:07] [API] request start agent=Evidence Agent attempt=1/8 prompt_chars=8754
[2026-06-28 09:58:07] [API] request start agent=Evidence Agent attempt=1/8 prompt_chars=8754
[2026-06-28 09:58:09] [API] request success agent=Evidence Agent attempt=1/8 elapsed=2.2s raw_chars=518
[2026-06-28 09:58:09] [API] request start agent=Evidence Agent attempt=1/8 prompt_chars=8754
[2026-06-28 09:58:10] [API] request success agent=Evidence Agent attempt=1/8 elapsed=2.5s raw_chars=621
[2026-06-28 09:58:12] [API] request success agent=Evidence Agent attempt=1/8 elapsed=2.8s raw_chars=499
[2026-06-28 09:59:18] [API] request start agent=Review Manager Agent attempt=1/8 prompt_chars=9284
[2026-06-28 09:59:18] [API] request start agent=Review Manager Agent attempt=1/8 prompt_chars=9285
[2026-06-28 09:59:26] [API] request success agent=Review Manager Agent attempt=1/8 elapsed=8.7s raw_chars=3915
[2026-06-28 09:59:26] [API] request start agent=Review Manager Agent attempt=1/8 prompt_chars=9285
[2026-06-28 09:59:27] [API] request success agent=Review Manager Agent attempt=1/8 elapsed=9.4s raw_chars=4388
[2026-06-28 09:59:27] [API] request start agent=Review Manager Agent attempt=1/8 prompt_chars=9285
[2026-06-28 09:59:33] [API] request success agent=Review Manager Agent attempt=1/8 elapsed=7.1s raw_chars=3026
[2026-06-28 09:59:39] [API] request success agent=Review Manager Agent attempt=1/8 elapsed=11.6s raw_chars=4683
[2026-06-28 10:00:02] [API] request start agent=Critique Agent attempt=1/8 prompt_chars=11673[2026-06-28 10:00:02] [API] request start agent=Critique Agent attempt=1/8 prompt_chars=11673

[2026-06-28 10:00:08] [API] request success agent=Critique Agent attempt=1/8 elapsed=5.9s raw_chars=533
[2026-06-28 10:00:08] [API] request start agent=Critique Agent attempt=1/8 prompt_chars=11672
[2026-06-28 10:00:08] [API] request success agent=Critique Agent attempt=1/8 elapsed=6.4s raw_chars=1965
[2026-06-28 10:00:12] [API] request success agent=Critique Agent attempt=1/8 elapsed=4.7s raw_chars=989
[2026-06-28 10:00:12] [API] request start agent=Evidence Agent attempt=1/8 prompt_chars=7826
[2026-06-28 10:00:20] [API] request success agent=Evidence Agent attempt=1/8 elapsed=7.6s raw_chars=2688
[2026-06-28 10:01:28] [API] request start agent=Review Manager Agent attempt=1/8 prompt_chars=9285
[2026-06-28 10:01:28] [API] request start agent=Review Manager Agent attempt=1/8 prompt_chars=9285
[2026-06-28 10:01:37] [API] request success agent=Review Manager Agent attempt=1/8 elapsed=9.3s raw_chars=3305
[2026-06-28 10:01:39] [API] request success agent=Review Manager Agent attempt=1/8 elapsed=11.1s raw_chars=4173
[2026-06-28 10:01:44] [API] request start agent=Evidence Agent attempt=1/8 prompt_chars=7826
[2026-06-28 10:01:50] [API] request success agent=Evidence Agent attempt=1/8 elapsed=6.4s raw_chars=2298
[2026-06-28 10:01:50] [API] request start agent=Critique Agent attempt=1/8 prompt_chars=16318
[2026-06-28 10:02:04] [API] request success agent=Critique Agent attempt=1/8 elapsed=14.1s raw_chars=7118
[2026-06-28 10:02:14] [API] request start agent=Review Manager Agent attempt=1/8 prompt_chars=9285[2026-06-28 10:02:14] [API] request start agent=Review Manager Agent attempt=1/8 prompt_chars=9285

[2026-06-28 10:02:25] [API] request success agent=Review Manager Agent attempt=1/8 elapsed=10.5s raw_chars=4323
[2026-06-28 10:02:29] [API] request success agent=Review Manager Agent attempt=1/8 elapsed=14.5s raw_chars=6597
[2026-06-28 10:02:34] [API] request start agent=Critique Agent attempt=1/8 prompt_chars=8030
[2026-06-28 10:02:37] [API] request success agent=Critique Agent attempt=1/8 elapsed=2.2s raw_chars=439
[2026-06-28 10:02:40] [API] request start agent=Evidence Agent attempt=1/8 prompt_chars=7821
[2026-06-28 10:02:45] [API] request success agent=Evidence Agent attempt=1/8 elapsed=5.5s raw_chars=1694
[2026-06-28 10:02:49] [API] request start agent=Evidence Agent attempt=1/8 prompt_chars=8754
[2026-06-28 10:02:51] [API] request success agent=Evidence Agent attempt=1/8 elapsed=2.3s raw_chars=507
{"paper_id": "NnExMNiTHw", "mode": "s4", "reward": 0.3959312932199042, "final_decision": "reject", "model_adapter_mode": "small_model"}
{"paper_id": "a6SntIisgg", "mode": "s4", "reward": 0.689002569344341, "final_decision": "reject", "model_adapter_mode": "small_model"}
{"paper_id": "cklg91aPGk", "mode": "s4", "reward": 0.40597219421776276, "final_decision": "reject", "model_adapter_mode": "small_model"}
{"paper_id": "HPuLU6q7xq", "mode": "s4", "reward": 0.7016241742246572, "final_decision": "reject", "model_adapter_mode": "small_model"}
[2026-06-28 10:04:03] [API] request start agent=Review Manager Agent attempt=1/8 prompt_chars=7991[2026-06-28 10:04:03] [API] request start agent=Review Manager Agent attempt=1/8 prompt_chars=7991

[2026-06-28 10:04:07] [API] request success agent=Review Manager Agent attempt=1/8 elapsed=4.0s raw_chars=1132
[2026-06-28 10:04:07] [API] request start agent=Review Manager Agent attempt=1/8 prompt_chars=7991
[2026-06-28 10:04:07] [API] request success agent=Review Manager Agent attempt=1/8 elapsed=4.1s raw_chars=1256
[2026-06-28 10:04:07] [API] request start agent=Review Manager Agent attempt=1/8 prompt_chars=7991
[2026-06-28 10:04:11] [API] request success agent=Review Manager Agent attempt=1/8 elapsed=3.6s raw_chars=1242
[2026-06-28 10:04:11] [API] request success agent=Review Manager Agent attempt=1/8 elapsed=3.8s raw_chars=1271
[2026-06-28 10:04:11] [API] request start agent=Claim Agent attempt=1/8 prompt_chars=8712
[2026-06-28 10:04:11] [API] request start agent=Claim Agent attempt=1/8 prompt_chars=8712
[2026-06-28 10:04:18] [API] request success agent=Claim Agent attempt=1/8 elapsed=7.1s raw_chars=2911
[2026-06-28 10:04:18] [API] request start agent=Claim Agent attempt=1/8 prompt_chars=8710
[2026-06-28 10:04:18] [API] request success agent=Claim Agent attempt=1/8 elapsed=7.3s raw_chars=3320
[2026-06-28 10:04:18] [API] request start agent=Claim Agent attempt=1/8 prompt_chars=8712
[2026-06-28 10:04:24] [API] request success agent=Claim Agent attempt=1/8 elapsed=5.7s raw_chars=2345
[2026-06-28 10:04:24] [API] request success agent=Claim Agent attempt=1/8 elapsed=5.6s raw_chars=2365
[2026-06-28 10:04:33] [API] request start agent=Review Manager Agent attempt=1/8 prompt_chars=9285[2026-06-28 10:04:33] [API] request start agent=Review Manager Agent attempt=1/8 prompt_chars=9285

[2026-06-28 10:04:41] [API] request success agent=Review Manager Agent attempt=1/8 elapsed=8.1s raw_chars=3869
[2026-06-28 10:04:41] [API] request start agent=Review Manager Agent attempt=1/8 prompt_chars=9285
[2026-06-28 10:04:41] [API] request success agent=Review Manager Agent attempt=1/8 elapsed=8.5s raw_chars=3749
[2026-06-28 10:04:41] [API] request start agent=Review Manager Agent attempt=1/8 prompt_chars=9285
[2026-06-28 10:04:48] [API] request success agent=Review Manager Agent attempt=1/8 elapsed=7.1s raw_chars=3480
[2026-06-28 10:04:49] [API] request success agent=Review Manager Agent attempt=1/8 elapsed=7.9s raw_chars=3675
[2026-06-28 10:05:02] [API] request start agent=Critique Agent attempt=1/8 prompt_chars=11672[2026-06-28 10:05:02] [API] request start agent=Critique Agent attempt=1/8 prompt_chars=11673

[2026-06-28 10:05:05] [API] request success agent=Critique Agent attempt=1/8 elapsed=2.2s raw_chars=391
[2026-06-28 10:05:07] [API] request success agent=Critique Agent attempt=1/8 elapsed=4.2s raw_chars=1440
[2026-06-28 10:05:07] [API] request start agent=Evidence Agent attempt=1/8 prompt_chars=7826[2026-06-28 10:05:07] [API] request start agent=Evidence Agent attempt=1/8 prompt_chars=7826

[2026-06-28 10:05:13] [API] request success agent=Evidence Agent attempt=1/8 elapsed=6.9s raw_chars=2978
[2026-06-28 10:05:15] [API] request success agent=Evidence Agent attempt=1/8 elapsed=8.2s raw_chars=3250
[2026-06-28 10:05:44] [API] request start agent=Review Manager Agent attempt=1/8 prompt_chars=9285
[2026-06-28 10:05:44] [API] request start agent=Review Manager Agent attempt=1/8 prompt_chars=9285
[2026-06-28 10:05:52] [API] request success agent=Review Manager Agent attempt=1/8 elapsed=8.0s raw_chars=3720
[2026-06-28 10:05:52] [API] request start agent=Review Manager Agent attempt=1/8 prompt_chars=9279
[2026-06-28 10:05:54] [API] request success agent=Review Manager Agent attempt=1/8 elapsed=10.2s raw_chars=4782
[2026-06-28 10:05:54] [API] request start agent=Review Manager Agent attempt=1/8 prompt_chars=9285
[2026-06-28 10:06:01] [API] request success agent=Review Manager Agent attempt=1/8 elapsed=8.8s raw_chars=3977
[2026-06-28 10:06:04] [API] request success agent=Review Manager Agent attempt=1/8 elapsed=9.5s raw_chars=4566
[2026-06-28 10:06:10] [API] request start agent=Critique Agent attempt=1/8 prompt_chars=11666[2026-06-28 10:06:10] [API] request start agent=Critique Agent attempt=1/8 prompt_chars=11671

[2026-06-28 10:06:13] [API] request success agent=Critique Agent attempt=1/8 elapsed=3.6s raw_chars=1040
[2026-06-28 10:06:13] [API] request start agent=Critique Agent attempt=1/8 prompt_chars=16318
[2026-06-28 10:06:15] [API] request success agent=Critique Agent attempt=1/8 elapsed=5.4s raw_chars=1830
[2026-06-28 10:06:28] [API] request success agent=Critique Agent attempt=1/8 elapsed=14.7s raw_chars=7012
[2026-06-28 10:06:28] [API] request start agent=Evidence Agent attempt=1/8 prompt_chars=7826
[2026-06-28 10:06:36] [API] request success agent=Evidence Agent attempt=1/8 elapsed=7.2s raw_chars=3103
[2026-06-28 10:06:56] [API] request start agent=Review Manager Agent attempt=1/8 prompt_chars=9280[2026-06-28 10:06:56] [API] request start agent=Review Manager Agent attempt=1/8 prompt_chars=9285

[2026-06-28 10:07:04] [API] request success agent=Review Manager Agent attempt=1/8 elapsed=7.9s raw_chars=3388
[2026-06-28 10:07:04] [API] request start agent=Review Manager Agent attempt=1/8 prompt_chars=9285
[2026-06-28 10:07:05] [API] request success agent=Review Manager Agent attempt=1/8 elapsed=9.6s raw_chars=3887
[2026-06-28 10:07:05] [API] request start agent=Review Manager Agent attempt=1/8 prompt_chars=9280
[2026-06-28 10:07:11] [API] request success agent=Review Manager Agent attempt=1/8 elapsed=7.8s raw_chars=3653
[2026-06-28 10:07:13] [API] request success agent=Review Manager Agent attempt=1/8 elapsed=7.6s raw_chars=3475
[2026-06-28 10:07:20] [API] request start agent=Critique Agent attempt=1/8 prompt_chars=8029
[2026-06-28 10:07:20] [API] request start agent=Critique Agent attempt=1/8 prompt_chars=8030
[2026-06-28 10:07:22] [API] request success agent=Critique Agent attempt=1/8 elapsed=2.0s raw_chars=451
[2026-06-28 10:07:22] [API] request success agent=Critique Agent attempt=1/8 elapsed=2.1s raw_chars=439
[2026-06-28 10:07:28] [API] request start agent=Evidence Agent attempt=1/8 prompt_chars=7826[2026-06-28 10:07:28] [API] request start agent=Evidence Agent attempt=1/8 prompt_chars=8593

[2026-06-28 10:07:31] [API] request success agent=Evidence Agent attempt=1/8 elapsed=2.9s raw_chars=757
[2026-06-28 10:07:31] [API] request success agent=Evidence Agent attempt=1/8 elapsed=3.3s raw_chars=693
[2026-06-28 10:07:38] [API] request start agent=Evidence Agent attempt=1/8 prompt_chars=8754[2026-06-28 10:07:38] [API] request start agent=Evidence Agent attempt=1/8 prompt_chars=8754

[2026-06-28 10:07:40] [API] request success agent=Evidence Agent attempt=1/8 elapsed=2.4s raw_chars=485
[2026-06-28 10:07:41] [API] request success agent=Evidence Agent attempt=1/8 elapsed=3.1s raw_chars=718
[2026-06-28 10:08:24] [API] request start agent=Review Manager Agent attempt=1/8 prompt_chars=9285
[2026-06-28 10:08:24] [API] request start agent=Review Manager Agent attempt=1/8 prompt_chars=9285
[2026-06-28 10:08:32] [API] request success agent=Review Manager Agent attempt=1/8 elapsed=7.8s raw_chars=3056
[2026-06-28 10:08:32] [API] request start agent=Review Manager Agent attempt=1/8 prompt_chars=9285
[2026-06-28 10:08:39] [API] request success agent=Review Manager Agent attempt=1/8 elapsed=14.3s raw_chars=6760
[2026-06-28 10:08:39] [API] request start agent=Review Manager Agent attempt=1/8 prompt_chars=9285
[2026-06-28 10:08:43] [API] request success agent=Review Manager Agent attempt=1/8 elapsed=10.8s raw_chars=5179
[2026-06-28 10:08:47] [API] request success agent=Review Manager Agent attempt=1/8 elapsed=8.1s raw_chars=3784
[2026-06-28 10:09:05] [API] request start agent=Critique Agent attempt=1/8 prompt_chars=11672[2026-06-28 10:09:05] [API] request start agent=Critique Agent attempt=1/8 prompt_chars=8030

[2026-06-28 10:09:07] [API] request success agent=Critique Agent attempt=1/8 elapsed=2.5s raw_chars=580
[2026-06-28 10:09:07] [API] request start agent=Critique Agent attempt=1/8 prompt_chars=11673
[2026-06-28 10:09:09] [API] request success agent=Critique Agent attempt=1/8 elapsed=4.3s raw_chars=1505
[2026-06-28 10:09:09] [API] request success agent=Critique Agent attempt=1/8 elapsed=2.1s raw_chars=423
[2026-06-28 10:09:11] [API] request start agent=Evidence Agent attempt=1/8 prompt_chars=7826
[2026-06-28 10:09:13] [API] request success agent=Evidence Agent attempt=1/8 elapsed=2.0s raw_chars=543
[2026-06-28 10:09:15] [API] request start agent=Evidence Agent attempt=1/8 prompt_chars=8748
[2026-06-28 10:09:17] [API] request success agent=Evidence Agent attempt=1/8 elapsed=2.2s raw_chars=510
[2026-06-28 10:09:49] [API] request start agent=Review Manager Agent attempt=1/8 prompt_chars=9285
[2026-06-28 10:09:49] [API] request start agent=Review Manager Agent attempt=1/8 prompt_chars=9285
[2026-06-28 10:09:56] [API] request success agent=Review Manager Agent attempt=1/8 elapsed=7.4s raw_chars=3352
[2026-06-28 10:09:56] [API] request start agent=Review Manager Agent attempt=1/8 prompt_chars=9285
[2026-06-28 10:09:59] [API] request success agent=Review Manager Agent attempt=1/8 elapsed=10.4s raw_chars=4439
[2026-06-28 10:09:59] [API] request start agent=Review Manager Agent attempt=1/8 prompt_chars=9281
[2026-06-28 10:10:05] [API] request success agent=Review Manager Agent attempt=1/8 elapsed=8.5s raw_chars=3778
[2026-06-28 10:10:12] [API] request success agent=Review Manager Agent attempt=1/8 elapsed=12.5s raw_chars=5973
[2026-06-28 10:10:33] [API] request start agent=Critique Agent attempt=1/8 prompt_chars=11673
[2026-06-28 10:10:33] [API] request start agent=Critique Agent attempt=1/8 prompt_chars=11673
[2026-06-28 10:10:35] [API] request success agent=Critique Agent attempt=1/8 elapsed=2.1s raw_chars=366
[2026-06-28 10:10:35] [API] request start agent=Critique Agent attempt=1/8 prompt_chars=8030
[2026-06-28 10:10:37] [API] request success agent=Critique Agent attempt=1/8 elapsed=2.5s raw_chars=602
[2026-06-28 10:10:39] [API] request success agent=Critique Agent attempt=1/8 elapsed=6.0s raw_chars=1599
[2026-06-28 10:10:39] [API] request start agent=Evidence Agent attempt=1/8 prompt_chars=7826
[2026-06-28 10:10:43] [API] request success agent=Evidence Agent attempt=1/8 elapsed=4.5s raw_chars=1766
[2026-06-28 10:10:44] [API] request start agent=Evidence Agent attempt=1/8 prompt_chars=8754
[2026-06-28 10:10:46] [API] request success agent=Evidence Agent attempt=1/8 elapsed=2.3s raw_chars=497
[2026-06-28 10:11:16] [API] request start agent=Review Manager Agent attempt=1/8 prompt_chars=9285
[2026-06-28 10:11:16] [API] request start agent=Review Manager Agent attempt=1/8 prompt_chars=9280
[2026-06-28 10:11:24] [API] request success agent=Review Manager Agent attempt=1/8 elapsed=8.4s raw_chars=3529
[2026-06-28 10:11:24] [API] request start agent=Review Manager Agent attempt=1/8 prompt_chars=9285
[2026-06-28 10:11:26] [API] request success agent=Review Manager Agent attempt=1/8 elapsed=9.4s raw_chars=3374
[2026-06-28 10:11:35] [API] request success agent=Review Manager Agent attempt=1/8 elapsed=10.5s raw_chars=4882
[2026-06-28 10:11:54] [API] request start agent=Critique Agent attempt=1/8 prompt_chars=8030[2026-06-28 10:11:54] [API] request start agent=Critique Agent attempt=1/8 prompt_chars=11672

[2026-06-28 10:11:57] [API] request success agent=Critique Agent attempt=1/8 elapsed=2.7s raw_chars=674
[2026-06-28 10:11:57] [API] request start agent=Critique Agent attempt=1/8 prompt_chars=11669
[2026-06-28 10:11:57] [API] request success agent=Critique Agent attempt=1/8 elapsed=3.1s raw_chars=776
[2026-06-28 10:11:59] [API] request success agent=Critique Agent attempt=1/8 elapsed=2.3s raw_chars=512
[2026-06-28 10:12:36] [API] request start agent=Evidence Agent attempt=1/8 prompt_chars=8754
[2026-06-28 10:12:39] [API] request success agent=Evidence Agent attempt=1/8 elapsed=2.5s raw_chars=602
{"paper_id": "fGXyvmWpw6", "mode": "s4", "reward": 0.41417535968158214, "final_decision": "reject", "model_adapter_mode": "small_model"}
{"paper_id": "QAgwFiIY4p", "mode": "s4", "reward": 0.48851127131381417, "final_decision": "reject", "model_adapter_mode": "small_model"}
{"paper_id": "TPAj63ax4Y", "mode": "s4", "reward": 0.6398560086313412, "final_decision": "reject", "model_adapter_mode": "small_model"}
{"paper_id": "mHv6wcBb0z", "mode": "s4", "reward": 0.6983779178000203, "final_decision": "reject", "model_adapter_mode": "small_model"}
[2026-06-28 10:14:25] [API] request start agent=Review Manager Agent attempt=1/8 prompt_chars=7991
[2026-06-28 10:14:25] [API] request start agent=Review Manager Agent attempt=1/8 prompt_chars=7991
[2026-06-28 10:14:28] [API] request success agent=Review Manager Agent attempt=1/8 elapsed=3.3s raw_chars=988
[2026-06-28 10:14:28] [API] request start agent=Review Manager Agent attempt=1/8 prompt_chars=7991
[2026-06-28 10:14:30] [API] request success agent=Review Manager Agent attempt=1/8 elapsed=5.1s raw_chars=1458
[2026-06-28 10:14:30] [API] request start agent=Review Manager Agent attempt=1/8 prompt_chars=7991
[2026-06-28 10:14:32] [API] request success agent=Review Manager Agent attempt=1/8 elapsed=3.9s raw_chars=1187
[2026-06-28 10:14:34] [API] request success agent=Review Manager Agent attempt=1/8 elapsed=4.7s raw_chars=1581
[2026-06-28 10:14:35] [API] request start agent=Claim Agent attempt=1/8 prompt_chars=8712
[2026-06-28 10:14:35] [API] request start agent=Claim Agent attempt=1/8 prompt_chars=8712
[2026-06-28 10:14:41] [API] request success agent=Claim Agent attempt=1/8 elapsed=6.9s raw_chars=2850
[2026-06-28 10:14:41] [API] request start agent=Claim Agent attempt=1/8 prompt_chars=8712
[2026-06-28 10:14:42] [API] request success agent=Claim Agent attempt=1/8 elapsed=7.7s raw_chars=3272
[2026-06-28 10:14:42] [API] request start agent=Claim Agent attempt=1/8 prompt_chars=8711
[2026-06-28 10:14:49] [API] request success agent=Claim Agent attempt=1/8 elapsed=7.1s raw_chars=2862
[2026-06-28 10:14:49] [API] request success agent=Claim Agent attempt=1/8 elapsed=6.5s raw_chars=2717
[2026-06-28 10:14:52] [API] request start agent=Review Manager Agent attempt=1/8 prompt_chars=9285[2026-06-28 10:14:52] [API] request start agent=Review Manager Agent attempt=1/8 prompt_chars=9285

[2026-06-28 10:15:00] [API] request success agent=Review Manager Agent attempt=1/8 elapsed=8.7s raw_chars=3812
[2026-06-28 10:15:00] [API] request start agent=Review Manager Agent attempt=1/8 prompt_chars=9285
[2026-06-28 10:15:00] [API] request success agent=Review Manager Agent attempt=1/8 elapsed=8.7s raw_chars=3888
[2026-06-28 10:15:00] [API] request start agent=Review Manager Agent attempt=1/8 prompt_chars=9284
[2026-06-28 10:15:09] [API] request success agent=Review Manager Agent attempt=1/8 elapsed=8.2s raw_chars=3655
[2026-06-28 10:15:10] [API] request success agent=Review Manager Agent attempt=1/8 elapsed=9.9s raw_chars=4053
[2026-06-28 10:15:15] [API] request start agent=Critique Agent attempt=1/8 prompt_chars=11673[2026-06-28 10:15:15] [API] request start agent=Critique Agent attempt=1/8 prompt_chars=11673

[2026-06-28 10:15:18] [API] request success agent=Critique Agent attempt=1/8 elapsed=3.8s raw_chars=906
[2026-06-28 10:15:19] [API] request success agent=Critique Agent attempt=1/8 elapsed=4.6s raw_chars=649
[2026-06-28 10:15:19] [API] request start agent=Evidence Agent attempt=1/8 prompt_chars=7826[2026-06-28 10:15:19] [API] request start agent=Evidence Agent attempt=1/8 prompt_chars=7826

[2026-06-28 10:15:26] [API] request success agent=Evidence Agent attempt=1/8 elapsed=7.2s raw_chars=2991
[2026-06-28 10:15:27] [API] request success agent=Evidence Agent attempt=1/8 elapsed=8.2s raw_chars=2717
[2026-06-28 10:15:37] [API] request start agent=Review Manager Agent attempt=1/8 prompt_chars=9285
[2026-06-28 10:15:37] [API] request start agent=Review Manager Agent attempt=1/8 prompt_chars=9285
[2026-06-28 10:15:45] [API] request success agent=Review Manager Agent attempt=1/8 elapsed=8.0s raw_chars=3660
[2026-06-28 10:15:45] [API] request start agent=Review Manager Agent attempt=1/8 prompt_chars=9285
[2026-06-28 10:15:46] [API] request success agent=Review Manager Agent attempt=1/8 elapsed=9.2s raw_chars=4260
[2026-06-28 10:15:46] [API] request start agent=Review Manager Agent attempt=1/8 prompt_chars=9285
[2026-06-28 10:15:53] [API] request success agent=Review Manager Agent attempt=1/8 elapsed=8.0s raw_chars=3597
[2026-06-28 10:15:56] [API] request success agent=Review Manager Agent attempt=1/8 elapsed=10.0s raw_chars=4510
[2026-06-28 10:15:59] [API] request start agent=Critique Agent attempt=1/8 prompt_chars=16313
[2026-06-28 10:15:59] [API] request start agent=Critique Agent attempt=1/8 prompt_chars=16307
[2026-06-28 10:16:13] [API] request success agent=Critique Agent attempt=1/8 elapsed=13.9s raw_chars=6992
[2026-06-28 10:16:13] [API] request start agent=Critique Agent attempt=1/8 prompt_chars=11672
[2026-06-28 10:16:14] [API] request success agent=Critique Agent attempt=1/8 elapsed=14.7s raw_chars=6794
[2026-06-28 10:16:14] [API] request start agent=Critique Agent attempt=1/8 prompt_chars=16318
[2026-06-28 10:16:15] [API] request success agent=Critique Agent attempt=1/8 elapsed=2.7s raw_chars=627
[2026-06-28 10:16:24] [API] request success agent=Critique Agent attempt=1/8 elapsed=9.9s raw_chars=5247
[2026-06-28 10:16:37] [API] request start agent=Review Manager Agent attempt=1/8 prompt_chars=9285
[2026-06-28 10:16:37] [API] request start agent=Review Manager Agent attempt=1/8 prompt_chars=9285
[2026-06-28 10:16:46] [API] request success agent=Review Manager Agent attempt=1/8 elapsed=8.5s raw_chars=3880
[2026-06-28 10:16:46] [API] request start agent=Review Manager Agent attempt=1/8 prompt_chars=9285
[2026-06-28 10:16:48] [API] request success agent=Review Manager Agent attempt=1/8 elapsed=10.5s raw_chars=4766
[2026-06-28 10:16:48] [API] request start agent=Review Manager Agent attempt=1/8 prompt_chars=9285
[2026-06-28 10:16:54] [API] request success agent=Review Manager Agent attempt=1/8 elapsed=8.8s raw_chars=3823
[2026-06-28 10:16:56] [API] request success agent=Review Manager Agent attempt=1/8 elapsed=8.9s raw_chars=3998
[2026-06-28 10:17:04] [API] request start agent=Critique Agent attempt=1/8 prompt_chars=8030[2026-06-28 10:17:04] [API] request start agent=Critique Agent attempt=1/8 prompt_chars=11673

[2026-06-28 10:17:08] [API] request success agent=Critique Agent attempt=1/8 elapsed=3.7s raw_chars=568
[2026-06-28 10:17:08] [API] request success agent=Critique Agent attempt=1/8 elapsed=4.0s raw_chars=1150
[2026-06-28 10:17:12] [API] request start agent=Evidence Agent attempt=1/8 prompt_chars=8593[2026-06-28 10:17:12] [API] request start agent=Evidence Agent attempt=1/8 prompt_chars=8590

[2026-06-28 10:17:14] [API] request success agent=Evidence Agent attempt=1/8 elapsed=2.2s raw_chars=480
[2026-06-28 10:17:16] [API] request success agent=Evidence Agent attempt=1/8 elapsed=4.4s raw_chars=1806
[2026-06-28 10:17:20] [API] request start agent=Evidence Agent attempt=1/8 prompt_chars=8754
[2026-06-28 10:17:22] [API] request success agent=Evidence Agent attempt=1/8 elapsed=2.0s raw_chars=503
[2026-06-28 10:17:52] [API] request start agent=Review Manager Agent attempt=1/8 prompt_chars=9285[2026-06-28 10:17:52] [API] request start agent=Review Manager Agent attempt=1/8 prompt_chars=9285

[2026-06-28 10:17:58] [API] request success agent=Review Manager Agent attempt=1/8 elapsed=6.1s raw_chars=2559
[2026-06-28 10:17:58] [API] request start agent=Review Manager Agent attempt=1/8 prompt_chars=9284
[2026-06-28 10:18:01] [API] request success agent=Review Manager Agent attempt=1/8 elapsed=9.8s raw_chars=4339
[2026-06-28 10:18:06] [API] request success agent=Review Manager Agent attempt=1/8 elapsed=8.3s raw_chars=3924
[2026-06-28 10:18:14] [API] request start agent=Evidence Agent attempt=1/8 prompt_chars=8591
[2026-06-28 10:18:14] [API] request start agent=Evidence Agent attempt=1/8 prompt_chars=7826
[2026-06-28 10:18:18] [API] request success agent=Evidence Agent attempt=1/8 elapsed=3.9s raw_chars=757
[2026-06-28 10:18:19] [API] request success agent=Evidence Agent attempt=1/8 elapsed=5.3s raw_chars=1252
[2026-06-28 10:18:19] [API] request start agent=Critique Agent attempt=1/8 prompt_chars=11673
[2026-06-28 10:18:22] [API] request success agent=Critique Agent attempt=1/8 elapsed=2.7s raw_chars=719
[2026-06-28 10:18:30] [API] request start agent=Review Manager Agent attempt=1/8 prompt_chars=9285
[2026-06-28 10:18:30] [API] request start agent=Review Manager Agent attempt=1/8 prompt_chars=9284
[2026-06-28 10:18:36] [API] request success agent=Review Manager Agent attempt=1/8 elapsed=6.1s raw_chars=2439
[2026-06-28 10:18:36] [API] request start agent=Review Manager Agent attempt=1/8 prompt_chars=9284
[2026-06-28 10:18:45] [API] request success agent=Review Manager Agent attempt=1/8 elapsed=14.5s raw_chars=6532
[2026-06-28 10:18:48] [API] request success agent=Review Manager Agent attempt=1/8 elapsed=11.6s raw_chars=4622
[2026-06-28 10:18:56] [API] request start agent=Critique Agent attempt=1/8 prompt_chars=11673[2026-06-28 10:18:56] [API] request start agent=Critique Agent attempt=1/8 prompt_chars=8030

[2026-06-28 10:18:58] [API] request success agent=Critique Agent attempt=1/8 elapsed=2.2s raw_chars=453
[2026-06-28 10:18:58] [API] request success agent=Critique Agent attempt=1/8 elapsed=2.3s raw_chars=474
[2026-06-28 10:19:01] [API] request start agent=Evidence Agent attempt=1/8 prompt_chars=7826
[2026-06-28 10:19:04] [API] request success agent=Evidence Agent attempt=1/8 elapsed=2.8s raw_chars=854
[2026-06-28 10:19:06] [API] request start agent=Evidence Agent attempt=1/8 prompt_chars=8754
[2026-06-28 10:19:09] [API] request success agent=Evidence Agent attempt=1/8 elapsed=2.3s raw_chars=456
[2026-06-28 10:19:25] [API] request start agent=Review Manager Agent attempt=1/8 prompt_chars=9285
[2026-06-28 10:19:25] [API] request start agent=Review Manager Agent attempt=1/8 prompt_chars=9285
[2026-06-28 10:19:34] [API] request success agent=Review Manager Agent attempt=1/8 elapsed=8.9s raw_chars=4237
[2026-06-28 10:19:34] [API] request start agent=Review Manager Agent attempt=1/8 prompt_chars=9285
[2026-06-28 10:19:36] [API] request success agent=Review Manager Agent attempt=1/8 elapsed=11.1s raw_chars=5142
[2026-06-28 10:19:44] [API] request success agent=Review Manager Agent attempt=1/8 elapsed=10.2s raw_chars=5101
[2026-06-28 10:19:50] [API] request start agent=Evidence Agent attempt=1/8 prompt_chars=7825
[2026-06-28 10:19:54] [API] request success agent=Evidence Agent attempt=1/8 elapsed=4.0s raw_chars=1330
[2026-06-28 10:19:54] [API] request start agent=Critique Agent attempt=1/8 prompt_chars=8030[2026-06-28 10:19:54] [API] request start agent=Critique Agent attempt=1/8 prompt_chars=8030

[2026-06-28 10:19:56] [API] request success agent=Critique Agent attempt=1/8 elapsed=2.7s raw_chars=704
[2026-06-28 10:19:57] [API] request success agent=Critique Agent attempt=1/8 elapsed=2.8s raw_chars=584
[2026-06-28 10:20:04] [API] request start agent=Evidence Agent attempt=1/8 prompt_chars=8754[2026-06-28 10:20:04] [API] request start agent=Evidence Agent attempt=1/8 prompt_chars=8754

[2026-06-28 10:20:07] [API] request success agent=Evidence Agent attempt=1/8 elapsed=2.7s raw_chars=447
[2026-06-28 10:20:07] [API] request success agent=Evidence Agent attempt=1/8 elapsed=3.2s raw_chars=607
{"paper_id": "xUe1YqEgd6", "mode": "s4", "reward": 0.418188142768617, "final_decision": "reject", "model_adapter_mode": "small_model"}
{"paper_id": "YXn76HMetm", "mode": "s4", "reward": 0.5107713500148243, "final_decision": "reject", "model_adapter_mode": "small_model"}
{"paper_id": "KOUAayk5Kx", "mode": "s4", "reward": 0.43593559249803315, "final_decision": "reject", "model_adapter_mode": "small_model"}
{"paper_id": "XH3OiIhtvf", "mode": "s4", "reward": 0.5222080099520101, "final_decision": "reject", "model_adapter_mode": "small_model"}
