[API] Initialized: model=mimo-v2.5, provider=mimo, base_url=https://token-plan-sgp.xiaomimimo.com/v1, max_tokens=1536
[MAIN] Using API backend: model=mimo-v2.5
[MAIN] model_adapter_mode=small_model (requested=small_model)
[DEBUG] paper_id: ye3NrNrYOY, paper_text length: 34961
[DEBUG] paper_text snippet: \title{Temporal Causal Mechanism Transfer for Few-shot Action Recognition}  \begin{abstract} The goa...
[DEBUG] paper_id: WNxlJJIEVj, paper_text length: 48238
[DEBUG] paper_text snippet: \title{Contrastive Diffuser: Planning Towards High Return States via Contrastive Learning}  \begin{a...
[DEBUG] paper_id: uOrfve3prk, paper_text length: 44055
[DEBUG] paper_text snippet: \title{Towards Unifying Interpretability and Control: Evaluation via Intervention}  \begin{abstract}...
[DEBUG] paper_id: 7Dub7UXTXN, paper_text length: 17618
[DEBUG] paper_text snippet: \title{When Are Bias-Free ReLU Networks Effectively Linear Networks?}  \begin{abstract}  We investig...
[DEBUG] paper_id: 9zEBK3E9bX, paper_text length: 35496
[DEBUG] paper_text snippet: \title{SPOT: Scalable 3D Pre-training via Occupancy Prediction for Autonomous Driving}  \begin{abstr...
[DEBUG] paper_id: XyB4VvF01X, paper_text length: 32345
[DEBUG] paper_text snippet: \title{Graph2Tac: Learning hierarchical representations of math concepts in theorem proving}  \begin...
[DEBUG] paper_id: GE6iywJtsV, paper_text length: 30553
[DEBUG] paper_text snippet: \title{Diff-Shape: A Novel Constrained Diffusion Model for Shape-based De Novo Drug Design}  \begin{...
[DEBUG] paper_id: WpXq5n8yLb, paper_text length: 55540
[DEBUG] paper_text snippet: \title{Recurrent Drafter for Fast Speculative Decoding in Large Language Models}  \begin{abstract} W...
[DEBUG] paper_id: NnExMNiTHw, paper_text length: 37839
[DEBUG] paper_text snippet: \title{SpecDec++: Boosting Speculative Decoding via Adaptive Candidate Lengths}  \begin{abstract} Sp...
[DEBUG] paper_id: a6SntIisgg, paper_text length: 64928
[DEBUG] paper_text snippet: \title{LogoRA: Local-Global Representation Alignment for Robust Time Series Classification}  \begin{...
[DEBUG] paper_id: cklg91aPGk, paper_text length: 32511
[DEBUG] paper_text snippet: \title{Propagation Alone is Enough for Graph Contrastive Learning}  \begin{abstract} Graph contrasti...
[DEBUG] paper_id: HPuLU6q7xq, paper_text length: 38828
[DEBUG] paper_text snippet: \title{Orca: Enhancing Role-Playing Abilities of Large Language Models by Integrating Personality Tr...
[DEBUG] paper_id: fGXyvmWpw6, paper_text length: 47400
[DEBUG] paper_text snippet: \title{Federated Virtual Learning on Heterogeneous Data with Local-global Distillation}  \begin{abst...
[DEBUG] paper_id: QAgwFiIY4p, paper_text length: 49197
[DEBUG] paper_text snippet: \title{Graph as Point Set}  \begin{abstract} Graph is a fundamental data structure to model intercon...
[DEBUG] paper_id: TPAj63ax4Y, paper_text length: 49027
[DEBUG] paper_text snippet: \title{Segment, Select, Correct: A Framework for Weakly-Supervised Referring Segmentation}  \begin{a...
[DEBUG] paper_id: mHv6wcBb0z, paper_text length: 35109
[DEBUG] paper_text snippet: \title{Preventing Model Collapse in Deep Canonical Correlation Analysis by Noise Regularization}  \b...
[DEBUG] paper_id: xUe1YqEgd6, paper_text length: 34518
[DEBUG] paper_text snippet: \title{Unsupervised motion segmentation in one go: Smooth long-term model over a video}  \begin{abst...
[DEBUG] paper_id: YXn76HMetm, paper_text length: 36915
[DEBUG] paper_text snippet: \title{Hyperbolic Active Learning for Semantic Segmentation under Domain Shift}  \begin{abstract}  W...
[DEBUG] paper_id: KOUAayk5Kx, paper_text length: 32732
[DEBUG] paper_text snippet: \title{Defying Multi-model Forgetting: Orthogonal Gradient Learning to One-shot Neural Architecture ...
[DEBUG] paper_id: XH3OiIhtvf, paper_text length: 22365
[DEBUG] paper_text snippet: \title{Unsupervised Federated Learning for Privacy Preserving in Face Recognition System}  \begin{ab...
[2026-06-27 10:12:16] [API] request start agent=Review Manager Agent attempt=1/8 prompt_chars=7991
[2026-06-27 10:12:16] [API] request start agent=Review Manager Agent attempt=1/8 prompt_chars=7991
[2026-06-27 10:12:21] [API] request success agent=Review Manager Agent attempt=1/8 elapsed=4.6s raw_chars=1327
[2026-06-27 10:12:21] [API] request start agent=Review Manager Agent attempt=1/8 prompt_chars=7991
[2026-06-27 10:12:21] [API] request success agent=Review Manager Agent attempt=1/8 elapsed=5.1s raw_chars=1406
[2026-06-27 10:12:21] [API] request start agent=Review Manager Agent attempt=1/8 prompt_chars=7991
[2026-06-27 10:12:26] [API] request success agent=Review Manager Agent attempt=1/8 elapsed=4.4s raw_chars=1380
[2026-06-27 10:12:27] [API] request success agent=Review Manager Agent attempt=1/8 elapsed=5.7s raw_chars=1628
[2026-06-27 10:12:27] [API] request start agent=Claim Agent attempt=1/8 prompt_chars=8712
[2026-06-27 10:12:27] [API] request start agent=Claim Agent attempt=1/8 prompt_chars=8712
[2026-06-27 10:12:33] [API] request success agent=Claim Agent attempt=1/8 elapsed=6.6s raw_chars=2542
[2026-06-27 10:12:33] [API] request start agent=Claim Agent attempt=1/8 prompt_chars=8712
[2026-06-27 10:12:34] [API] request success agent=Claim Agent attempt=1/8 elapsed=7.1s raw_chars=2566
[2026-06-27 10:12:34] [API] request start agent=Claim Agent attempt=1/8 prompt_chars=8712
[2026-06-27 10:12:38] [API] request success agent=Claim Agent attempt=1/8 elapsed=5.0s raw_chars=1936
[2026-06-27 10:12:39] [API] request success agent=Claim Agent attempt=1/8 elapsed=5.0s raw_chars=1918
[2026-06-27 10:12:39] [API] request start agent=Review Manager Agent attempt=1/8 prompt_chars=9285[2026-06-27 10:12:39] [API] request start agent=Review Manager Agent attempt=1/8 prompt_chars=9285

[2026-06-27 10:12:47] [API] request success agent=Review Manager Agent attempt=1/8 elapsed=7.6s raw_chars=3218
[2026-06-27 10:12:47] [API] request start agent=Review Manager Agent attempt=1/8 prompt_chars=9285
[2026-06-27 10:12:47] [API] request success agent=Review Manager Agent attempt=1/8 elapsed=8.2s raw_chars=3460
[2026-06-27 10:12:47] [API] request start agent=Review Manager Agent attempt=1/8 prompt_chars=9285
[2026-06-27 10:12:54] [API] request success agent=Review Manager Agent attempt=1/8 elapsed=7.4s raw_chars=2882
[2026-06-27 10:12:54] [API] request success agent=Review Manager Agent attempt=1/8 elapsed=6.7s raw_chars=3019
[2026-06-27 10:12:54] [API] request start agent=Evidence Agent attempt=1/8 prompt_chars=7826[2026-06-27 10:12:54] [API] request start agent=Evidence Agent attempt=1/8 prompt_chars=7826

[2026-06-27 10:12:58] [API] request success agent=Evidence Agent attempt=1/8 elapsed=4.2s raw_chars=1401
[2026-06-27 10:12:58] [API] request start agent=Evidence Agent attempt=1/8 prompt_chars=7826
[2026-06-27 10:13:01] [API] request success agent=Evidence Agent attempt=1/8 elapsed=6.4s raw_chars=2654
[2026-06-27 10:13:01] [API] request start agent=Evidence Agent attempt=1/8 prompt_chars=7826
[2026-06-27 10:13:06] [API] request success agent=Evidence Agent attempt=1/8 elapsed=7.1s raw_chars=3133
[2026-06-27 10:13:07] [API] request success agent=Evidence Agent attempt=1/8 elapsed=6.8s raw_chars=2932
[2026-06-27 10:13:08] [API] request start agent=Review Manager Agent attempt=1/8 prompt_chars=9285[2026-06-27 10:13:08] [API] request start agent=Review Manager Agent attempt=1/8 prompt_chars=9281

[2026-06-27 10:13:17] [API] request success agent=Review Manager Agent attempt=1/8 elapsed=8.9s raw_chars=3802
[2026-06-27 10:13:17] [API] request start agent=Review Manager Agent attempt=1/8 prompt_chars=9285
[2026-06-27 10:13:17] [API] request success agent=Review Manager Agent attempt=1/8 elapsed=9.4s raw_chars=4019
[2026-06-27 10:13:17] [API] request start agent=Review Manager Agent attempt=1/8 prompt_chars=9285
[2026-06-27 10:13:25] [API] request success agent=Review Manager Agent attempt=1/8 elapsed=7.9s raw_chars=3257
[2026-06-27 10:13:25] [API] request success agent=Review Manager Agent attempt=1/8 elapsed=8.6s raw_chars=4001
[2026-06-27 10:13:26] [API] request start agent=Critique Agent attempt=1/8 prompt_chars=11806
[2026-06-27 10:13:26] [API] request start agent=Critique Agent attempt=1/8 prompt_chars=11806
[2026-06-27 10:13:37] [API] request success agent=Critique Agent attempt=1/8 elapsed=11.0s raw_chars=4772
[2026-06-27 10:13:37] [API] request start agent=Critique Agent attempt=1/8 prompt_chars=11806
[2026-06-27 10:13:40] [API] request success agent=Critique Agent attempt=1/8 elapsed=14.2s raw_chars=6174
[2026-06-27 10:13:40] [API] request start agent=Critique Agent attempt=1/8 prompt_chars=11806
[2026-06-27 10:13:49] [API] request success agent=Critique Agent attempt=1/8 elapsed=11.9s raw_chars=5555
[2026-06-27 10:13:56] [API] request success agent=Critique Agent attempt=1/8 elapsed=15.7s raw_chars=7260
[2026-06-27 10:13:56] [API] request start agent=Review Manager Agent attempt=1/8 prompt_chars=9285
[2026-06-27 10:13:56] [API] request start agent=Review Manager Agent attempt=1/8 prompt_chars=9281
[2026-06-27 10:14:05] [API] request success agent=Review Manager Agent attempt=1/8 elapsed=8.9s raw_chars=3819
[2026-06-27 10:14:05] [API] request start agent=Review Manager Agent attempt=1/8 prompt_chars=9285
[2026-06-27 10:14:05] [API] request success agent=Review Manager Agent attempt=1/8 elapsed=9.4s raw_chars=3803
[2026-06-27 10:14:05] [API] request start agent=Review Manager Agent attempt=1/8 prompt_chars=9285
[2026-06-27 10:14:13] [API] request success agent=Review Manager Agent attempt=1/8 elapsed=7.3s raw_chars=3202
[2026-06-27 10:14:13] [API] request success agent=Review Manager Agent attempt=1/8 elapsed=8.0s raw_chars=3420
[2026-06-27 10:14:13] [API] request start agent=Evidence Agent attempt=1/8 prompt_chars=8593[2026-06-27 10:14:13] [API] request start agent=Evidence Agent attempt=1/8 prompt_chars=8593

[2026-06-27 10:14:16] [API] request success agent=Evidence Agent attempt=1/8 elapsed=3.0s raw_chars=815
[2026-06-27 10:14:21] [API] request success agent=Evidence Agent attempt=1/8 elapsed=7.5s raw_chars=3141
[2026-06-27 10:14:21] [API] request start agent=Critique Agent attempt=1/8 prompt_chars=8030
[2026-06-27 10:14:24] [API] request success agent=Critique Agent attempt=1/8 elapsed=2.8s raw_chars=651
[2026-06-27 10:14:24] [API] request start agent=Evidence Agent attempt=1/8 prompt_chars=8593
[2026-06-27 10:14:26] [API] request success agent=Evidence Agent attempt=1/8 elapsed=2.4s raw_chars=825
[2026-06-27 10:14:27] [API] request start agent=Review Manager Agent attempt=1/8 prompt_chars=9284[2026-06-27 10:14:27] [API] request start agent=Review Manager Agent attempt=1/8 prompt_chars=9285

[2026-06-27 10:14:34] [API] request success agent=Review Manager Agent attempt=1/8 elapsed=6.9s raw_chars=3122
[2026-06-27 10:14:34] [API] request start agent=Review Manager Agent attempt=1/8 prompt_chars=9285
[2026-06-27 10:14:36] [API] request success agent=Review Manager Agent attempt=1/8 elapsed=8.8s raw_chars=3935
[2026-06-27 10:14:36] [API] request start agent=Review Manager Agent attempt=1/8 prompt_chars=9282
[2026-06-27 10:14:43] [API] request success agent=Review Manager Agent attempt=1/8 elapsed=9.2s raw_chars=4013
[2026-06-27 10:14:44] [API] request success agent=Review Manager Agent attempt=1/8 elapsed=8.3s raw_chars=3503
[2026-06-27 10:14:45] [API] request start agent=Evidence Agent attempt=1/8 prompt_chars=7826[2026-06-27 10:14:45] [API] request start agent=Evidence Agent attempt=1/8 prompt_chars=7826

[2026-06-27 10:14:49] [API] request success agent=Evidence Agent attempt=1/8 elapsed=3.9s raw_chars=1131
[2026-06-27 10:14:49] [API] request start agent=Evidence Agent attempt=1/8 prompt_chars=7826
[2026-06-27 10:14:52] [API] request success agent=Evidence Agent attempt=1/8 elapsed=6.6s raw_chars=2442
[2026-06-27 10:14:55] [API] request success agent=Evidence Agent attempt=1/8 elapsed=5.7s raw_chars=2419
[2026-06-27 10:14:55] [API] request start agent=Critique Agent attempt=1/8 prompt_chars=11672
[2026-06-27 10:14:57] [API] request success agent=Critique Agent attempt=1/8 elapsed=2.4s raw_chars=526
[2026-06-27 10:14:58] [API] request start agent=Review Manager Agent attempt=1/8 prompt_chars=9285[2026-06-27 10:14:58] [API] request start agent=Review Manager Agent attempt=1/8 prompt_chars=9285

[2026-06-27 10:15:05] [API] request success agent=Review Manager Agent attempt=1/8 elapsed=7.8s raw_chars=3322
[2026-06-27 10:15:05] [API] request start agent=Review Manager Agent attempt=1/8 prompt_chars=9285
[2026-06-27 10:15:09] [API] request success agent=Review Manager Agent attempt=1/8 elapsed=11.1s raw_chars=4455
[2026-06-27 10:15:09] [API] request start agent=Review Manager Agent attempt=1/8 prompt_chars=9285
[2026-06-27 10:15:13] [API] request success agent=Review Manager Agent attempt=1/8 elapsed=7.9s raw_chars=3527
[2026-06-27 10:15:17] [API] request success agent=Review Manager Agent attempt=1/8 elapsed=7.9s raw_chars=3543
[2026-06-27 10:15:17] [API] request start agent=Critique Agent attempt=1/8 prompt_chars=11673
[2026-06-27 10:15:17] [API] request start agent=Critique Agent attempt=1/8 prompt_chars=11673
[2026-06-27 10:15:20] [API] request success agent=Critique Agent attempt=1/8 elapsed=2.5s raw_chars=529
[2026-06-27 10:15:20] [API] request start agent=Critique Agent attempt=1/8 prompt_chars=8030
[2026-06-27 10:15:20] [API] request success agent=Critique Agent attempt=1/8 elapsed=3.0s raw_chars=742
[2026-06-27 10:15:22] [API] request success agent=Critique Agent attempt=1/8 elapsed=2.4s raw_chars=494
[2026-06-27 10:15:22] [API] request start agent=Evidence Agent attempt=1/8 prompt_chars=7821
[2026-06-27 10:15:28] [API] request success agent=Evidence Agent attempt=1/8 elapsed=6.2s raw_chars=2709
[2026-06-27 10:15:28] [API] request start agent=Evidence Agent attempt=1/8 prompt_chars=8754
[2026-06-27 10:15:31] [API] request success agent=Evidence Agent attempt=1/8 elapsed=2.9s raw_chars=656
[2026-06-27 10:15:32] [API] request start agent=Review Manager Agent attempt=1/8 prompt_chars=9285[2026-06-27 10:15:32] [API] request start agent=Review Manager Agent attempt=1/8 prompt_chars=9285

[2026-06-27 10:15:41] [API] request success agent=Review Manager Agent attempt=1/8 elapsed=8.9s raw_chars=3697
[2026-06-27 10:15:41] [API] request start agent=Review Manager Agent attempt=1/8 prompt_chars=9285
[2026-06-27 10:15:45] [API] request success agent=Review Manager Agent attempt=1/8 elapsed=13.4s raw_chars=5511
[2026-06-27 10:15:45] [API] request start agent=Review Manager Agent attempt=1/8 prompt_chars=9285
[2026-06-27 10:15:50] [API] request success agent=Review Manager Agent attempt=1/8 elapsed=9.4s raw_chars=3385
[2026-06-27 10:15:52] [API] request success agent=Review Manager Agent attempt=1/8 elapsed=7.1s raw_chars=3313
[2026-06-27 10:15:53] [API] request start agent=Evidence Agent attempt=1/8 prompt_chars=7824[2026-06-27 10:15:53] [API] request start agent=Evidence Agent attempt=1/8 prompt_chars=7826

[2026-06-27 10:15:57] [API] request success agent=Evidence Agent attempt=1/8 elapsed=4.7s raw_chars=988
[2026-06-27 10:15:57] [API] request start agent=Evidence Agent attempt=1/8 prompt_chars=7820
[2026-06-27 10:15:58] [API] request success agent=Evidence Agent attempt=1/8 elapsed=5.8s raw_chars=2397
[2026-06-27 10:16:05] [API] request success agent=Evidence Agent attempt=1/8 elapsed=7.4s raw_chars=2635
[2026-06-27 10:16:05] [API] request start agent=Critique Agent attempt=1/8 prompt_chars=11666
[2026-06-27 10:16:07] [API] request success agent=Critique Agent attempt=1/8 elapsed=2.1s raw_chars=494
[review_reward][unknown][ye3NrNrYOY] reward=0.5128 breakdown={'decision': 0.0, 'section_presence': 1.0, 'length_score': 1.0, 'summary_align': 0.4543, 'strength_align': 0.3185, 'weakness_align': 0.2561, 'suggestion_align': 0.4242, 'global_align': 0.3038, 'critique': 1.0, 'stance_align': 0.5714, 'rating_align': 0.0, 'decision_line_bonus': 0.0, 'audit_id_leak_penalty': 0.0, 'penalty': 0.0, 'total': 0.5128, 'es_coverage': 0.5, 'es_depth': 0.5, 'es_empirical': 0.5, 'es_independent': 0.25, 'es_flaw_density': 0.0, 'es_support_volume': 0.375, 'evidence_support_score': 0.3875}
[review_reward][unknown][WNxlJJIEVj] reward=0.6052 breakdown={'decision': 0.0, 'section_presence': 1.0, 'length_score': 1.0, 'summary_align': 0.5395, 'strength_align': 0.3656, 'weakness_align': 0.2075, 'suggestion_align': 0.3508, 'global_align': 0.2623, 'critique': 1.0, 'stance_align': 0.8184, 'rating_align': 0.0, 'decision_line_bonus': 0.0, 'audit_id_leak_penalty': 0.0, 'penalty': 0.0, 'total': 0.6052, 'es_coverage': 0.6667, 'es_depth': 0.6667, 'es_empirical': 0.6667, 'es_independent': 0.6667, 'es_flaw_density': 0.0, 'es_support_volume': 0.6667, 'evidence_support_score': 0.5667}
[review_reward][unknown][uOrfve3prk] reward=0.6344 breakdown={'decision': 0.0, 'section_presence': 1.0, 'length_score': 1.0, 'summary_align': 0.2612, 'strength_align': 0.3295, 'weakness_align': 0.2057, 'suggestion_align': 0.5292, 'global_align': 0.2614, 'critique': 1.0, 'stance_align': 0.5808, 'rating_align': 0.0, 'decision_line_bonus': 0.0, 'audit_id_leak_penalty': 0.0, 'penalty': 0.0, 'total': 0.6344, 'es_coverage': 1.0, 'es_depth': 0.8333, 'es_empirical': 0.6667, 'es_independent': 0.6667, 'es_flaw_density': 0.0, 'es_support_volume': 0.8333, 'evidence_support_score': 0.7167}
[review_reward][unknown][7Dub7UXTXN] reward=0.5763 breakdown={'decision': 0.0, 'section_presence': 1.0, 'length_score': 1.0, 'summary_align': 0.6481, 'strength_align': 0.3911, 'weakness_align': 0.2783, 'suggestion_align': 0.3696, 'global_align': 0.3465, 'critique': 1.0, 'stance_align': 0.7407, 'rating_align': 0.0, 'decision_line_bonus': 0.0, 'audit_id_leak_penalty': 0.0, 'penalty': 0.0, 'total': 0.5763, 'es_coverage': 0.6667, 'es_depth': 0.6667, 'es_empirical': 0.6667, 'es_independent': 0.0, 'es_flaw_density': 0.0, 'es_support_volume': 0.3333, 'evidence_support_score': 0.4667}
{"paper_id": "ye3NrNrYOY", "mode": "s4", "reward": 0.5127950658280476, "final_decision": "reject", "model_adapter_mode": "small_model"}
{"paper_id": "WNxlJJIEVj", "mode": "s4", "reward": 0.6051623917175769, "final_decision": "reject", "model_adapter_mode": "small_model"}
{"paper_id": "uOrfve3prk", "mode": "s4", "reward": 0.63438034835209, "final_decision": "reject", "model_adapter_mode": "small_model"}
{"paper_id": "7Dub7UXTXN", "mode": "s4", "reward": 0.5763305883735459, "final_decision": "reject", "model_adapter_mode": "small_model"}
[2026-06-27 10:16:09] [API] request start agent=Review Manager Agent attempt=1/8 prompt_chars=7991[2026-06-27 10:16:09] [API] request start agent=Review Manager Agent attempt=1/8 prompt_chars=7991

[2026-06-27 10:16:12] [API] request success agent=Review Manager Agent attempt=1/8 elapsed=3.4s raw_chars=1026
[2026-06-27 10:16:12] [API] request start agent=Review Manager Agent attempt=1/8 prompt_chars=7991
[2026-06-27 10:16:14] [API] request success agent=Review Manager Agent attempt=1/8 elapsed=5.3s raw_chars=1660
[2026-06-27 10:16:14] [API] request start agent=Review Manager Agent attempt=1/8 prompt_chars=7991
[2026-06-27 10:16:17] [API] request success agent=Review Manager Agent attempt=1/8 elapsed=4.6s raw_chars=1538
[2026-06-27 10:16:18] [API] request success agent=Review Manager Agent attempt=1/8 elapsed=4.5s raw_chars=1412
[2026-06-27 10:16:19] [API] request start agent=Claim Agent attempt=1/8 prompt_chars=8711[2026-06-27 10:16:19] [API] request start agent=Claim Agent attempt=1/8 prompt_chars=8712

[2026-06-27 10:16:25] [API] request success agent=Claim Agent attempt=1/8 elapsed=6.2s raw_chars=2142
[2026-06-27 10:16:25] [API] request start agent=Claim Agent attempt=1/8 prompt_chars=8712
[2026-06-27 10:16:25] [API] request success agent=Claim Agent attempt=1/8 elapsed=6.4s raw_chars=2529
[2026-06-27 10:16:25] [API] request start agent=Claim Agent attempt=1/8 prompt_chars=8712
[2026-06-27 10:16:30] [API] request success agent=Claim Agent attempt=1/8 elapsed=4.9s raw_chars=1652
[2026-06-27 10:16:32] [API] request success agent=Claim Agent attempt=1/8 elapsed=6.5s raw_chars=2529
[2026-06-27 10:16:32] [API] request start agent=Review Manager Agent attempt=1/8 prompt_chars=9285[2026-06-27 10:16:32] [API] request start agent=Review Manager Agent attempt=1/8 prompt_chars=9285

[2026-06-27 10:16:40] [API] request success agent=Review Manager Agent attempt=1/8 elapsed=8.5s raw_chars=3874
[2026-06-27 10:16:40] [API] request start agent=Review Manager Agent attempt=1/8 prompt_chars=9285
[2026-06-27 10:16:41] [API] request success agent=Review Manager Agent attempt=1/8 elapsed=9.3s raw_chars=3500
[2026-06-27 10:16:41] [API] request start agent=Review Manager Agent attempt=1/8 prompt_chars=9285
[2026-06-27 10:16:47] [API] request success agent=Review Manager Agent attempt=1/8 elapsed=6.8s raw_chars=2841
[2026-06-27 10:16:49] [API] request success agent=Review Manager Agent attempt=1/8 elapsed=7.7s raw_chars=3472
[2026-06-27 10:16:49] [API] request start agent=Evidence Agent attempt=1/8 prompt_chars=7826
[2026-06-27 10:16:49] [API] request start agent=Evidence Agent attempt=1/8 prompt_chars=7825
[2026-06-27 10:16:55] [API] request success agent=Evidence Agent attempt=1/8 elapsed=5.7s raw_chars=2437
[2026-06-27 10:16:55] [API] request start agent=Evidence Agent attempt=1/8 prompt_chars=7826
[2026-06-27 10:16:55] [API] request success agent=Evidence Agent attempt=1/8 elapsed=6.1s raw_chars=2468
[2026-06-27 10:17:01] [API] request success agent=Evidence Agent attempt=1/8 elapsed=6.2s raw_chars=2515
[2026-06-27 10:17:01] [API] request start agent=Claim Agent attempt=1/8 prompt_chars=8708
[2026-06-27 10:17:08] [API] request success agent=Claim Agent attempt=1/8 elapsed=6.8s raw_chars=2960
[2026-06-27 10:17:08] [API] request start agent=Review Manager Agent attempt=1/8 prompt_chars=9285[2026-06-27 10:17:08] [API] request start agent=Review Manager Agent attempt=1/8 prompt_chars=9285

[2026-06-27 10:17:17] [API] request success agent=Review Manager Agent attempt=1/8 elapsed=8.9s raw_chars=3725
[2026-06-27 10:17:17] [API] request start agent=Review Manager Agent attempt=1/8 prompt_chars=9285
[2026-06-27 10:17:19] [API] request success agent=Review Manager Agent attempt=1/8 elapsed=11.2s raw_chars=4685
[2026-06-27 10:17:19] [API] request start agent=Review Manager Agent attempt=1/8 prompt_chars=9285
[2026-06-27 10:17:25] [API] request success agent=Review Manager Agent attempt=1/8 elapsed=7.7s raw_chars=3147
[2026-06-27 10:17:29] [API] request success agent=Review Manager Agent attempt=1/8 elapsed=9.8s raw_chars=4031
[2026-06-27 10:17:29] [API] request start agent=Critique Agent attempt=1/8 prompt_chars=11797[2026-06-27 10:17:29] [API] request start agent=Critique Agent attempt=1/8 prompt_chars=11806

[2026-06-27 10:17:40] [API] request success agent=Critique Agent attempt=1/8 elapsed=11.1s raw_chars=4088
[2026-06-27 10:17:40] [API] request start agent=Critique Agent attempt=1/8 prompt_chars=11806
[2026-06-27 10:17:43] [API] request success agent=Critique Agent attempt=1/8 elapsed=13.8s raw_chars=6242
[2026-06-27 10:17:56] [API] request success agent=Critique Agent attempt=1/8 elapsed=15.3s raw_chars=6918
[2026-06-27 10:17:56] [API] request start agent=Evidence Agent attempt=1/8 prompt_chars=7826
[2026-06-27 10:18:03] [API] request success agent=Evidence Agent attempt=1/8 elapsed=6.8s raw_chars=2993
[2026-06-27 10:18:03] [API] request start agent=Review Manager Agent attempt=1/8 prompt_chars=9285[2026-06-27 10:18:03] [API] request start agent=Review Manager Agent attempt=1/8 prompt_chars=9279

[2026-06-27 10:18:11] [API] request success agent=Review Manager Agent attempt=1/8 elapsed=8.1s raw_chars=3540
[2026-06-27 10:18:11] [API] request start agent=Review Manager Agent attempt=1/8 prompt_chars=9284
[2026-06-27 10:18:13] [API] request success agent=Review Manager Agent attempt=1/8 elapsed=10.0s raw_chars=4124
[2026-06-27 10:18:13] [API] request start agent=Review Manager Agent attempt=1/8 prompt_chars=9285
[2026-06-27 10:18:21] [API] request success agent=Review Manager Agent attempt=1/8 elapsed=9.7s raw_chars=3956
[2026-06-27 10:18:21] [API] request success agent=Review Manager Agent attempt=1/8 elapsed=8.3s raw_chars=3552
[2026-06-27 10:18:23] [API] request start agent=Critique Agent attempt=1/8 prompt_chars=8030[2026-06-27 10:18:23] [API] request start agent=Critique Agent attempt=1/8 prompt_chars=8030

[2026-06-27 10:18:25] [API] request success agent=Critique Agent attempt=1/8 elapsed=2.2s raw_chars=456
[2026-06-27 10:18:26] [API] request success agent=Critique Agent attempt=1/8 elapsed=3.3s raw_chars=820
[2026-06-27 10:18:26] [API] request start agent=Evidence Agent attempt=1/8 prompt_chars=10657[2026-06-27 10:18:26] [API] request start agent=Evidence Agent attempt=1/8 prompt_chars=8593

[2026-06-27 10:18:30] [API] request success agent=Evidence Agent attempt=1/8 elapsed=3.6s raw_chars=1225
[2026-06-27 10:18:40] [API] request success agent=Evidence Agent attempt=1/8 elapsed=13.3s raw_chars=5496
[2026-06-27 10:18:40] [API] request start agent=Evidence Agent attempt=1/8 prompt_chars=8754[2026-06-27 10:18:40] [API] request start agent=Evidence Agent attempt=1/8 prompt_chars=8747

[2026-06-27 10:18:42] [API] request success agent=Evidence Agent attempt=1/8 elapsed=1.8s raw_chars=390
[2026-06-27 10:18:43] [API] request success agent=Evidence Agent attempt=1/8 elapsed=2.7s raw_chars=483
[2026-06-27 10:18:47] [API] request start agent=Review Manager Agent attempt=1/8 prompt_chars=9285[2026-06-27 10:18:47] [API] request start agent=Review Manager Agent attempt=1/8 prompt_chars=9285

[2026-06-27 10:18:55] [API] request success agent=Review Manager Agent attempt=1/8 elapsed=8.1s raw_chars=3414
[2026-06-27 10:18:55] [API] request start agent=Review Manager Agent attempt=1/8 prompt_chars=9281
[2026-06-27 10:18:55] [API] request success agent=Review Manager Agent attempt=1/8 elapsed=8.5s raw_chars=3523
[2026-06-27 10:18:55] [API] request start agent=Review Manager Agent attempt=1/8 prompt_chars=9285
[2026-06-27 10:19:04] [API] request success agent=Review Manager Agent attempt=1/8 elapsed=8.8s raw_chars=3805
[2026-06-27 10:19:05] [API] request success agent=Review Manager Agent attempt=1/8 elapsed=10.1s raw_chars=4117
[2026-06-27 10:19:06] [API] request start agent=Critique Agent attempt=1/8 prompt_chars=11673
[2026-06-27 10:19:06] [API] request start agent=Critique Agent attempt=1/8 prompt_chars=11673
[2026-06-27 10:19:10] [API] request success agent=Critique Agent attempt=1/8 elapsed=3.8s raw_chars=1244
[2026-06-27 10:19:10] [API] request start agent=Critique Agent attempt=1/8 prompt_chars=11673
[2026-06-27 10:19:11] [API] request success agent=Critique Agent attempt=1/8 elapsed=5.1s raw_chars=1324
[2026-06-27 10:19:12] [API] request success agent=Critique Agent attempt=1/8 elapsed=1.4s raw_chars=120
[2026-06-27 10:19:12] [API] request start agent=Evidence Agent attempt=1/8 prompt_chars=7826
[2026-06-27 10:19:16] [API] request success agent=Evidence Agent attempt=1/8 elapsed=4.5s raw_chars=1632
[review_reward][unknown][9zEBK3E9bX] reward=0.5445 breakdown={'decision': 0.0, 'section_presence': 1.0, 'length_score': 1.0, 'summary_align': 0.4354, 'strength_align': 0.3215, 'weakness_align': 0.2564, 'suggestion_align': 0.4491, 'global_align': 0.2873, 'critique': 1.0, 'stance_align': 0.9091, 'rating_align': 0.0, 'decision_line_bonus': 0.0, 'audit_id_leak_penalty': 0.0, 'penalty': 0.0, 'total': 0.5445, 'es_coverage': 0.3333, 'es_depth': 0.3333, 'es_empirical': 0.3333, 'es_independent': 0.3333, 'es_flaw_density': 0.6667, 'es_support_volume': 0.3333, 'evidence_support_score': 0.3833}
[review_reward][unknown][XyB4VvF01X] reward=0.6344 breakdown={'decision': 0.0, 'section_presence': 1.0, 'length_score': 1.0, 'summary_align': 0.2612, 'strength_align': 0.3274, 'weakness_align': 0.2961, 'suggestion_align': 0.5601, 'global_align': 0.2831, 'critique': 1.0, 'stance_align': 0.6653, 'rating_align': 0.0, 'decision_line_bonus': 0.0, 'audit_id_leak_penalty': 0.0, 'penalty': 0.0, 'total': 0.6344, 'es_coverage': 0.6667, 'es_depth': 0.6667, 'es_empirical': 0.6667, 'es_independent': 0.3333, 'es_flaw_density': 1.0, 'es_support_volume': 0.5, 'evidence_support_score': 0.6667}
[2026-06-27 10:19:21] [API] request start agent=Review Manager Agent attempt=1/8 prompt_chars=9285[2026-06-27 10:19:21] [API] request start agent=Review Manager Agent attempt=1/8 prompt_chars=9283

[2026-06-27 10:19:29] [API] request success agent=Review Manager Agent attempt=1/8 elapsed=8.1s raw_chars=3338
[2026-06-27 10:19:29] [API] request success agent=Review Manager Agent attempt=1/8 elapsed=8.1s raw_chars=3304
[2026-06-27 10:19:30] [API] request start agent=Evidence Agent attempt=1/8 prompt_chars=7826
[2026-06-27 10:19:36] [API] request success agent=Evidence Agent attempt=1/8 elapsed=6.2s raw_chars=2557
[2026-06-27 10:19:36] [API] request start agent=Critique Agent attempt=1/8 prompt_chars=11673
[2026-06-27 10:19:39] [API] request success agent=Critique Agent attempt=1/8 elapsed=2.8s raw_chars=740
[2026-06-27 10:19:39] [API] request start agent=Review Manager Agent attempt=1/8 prompt_chars=9285[2026-06-27 10:19:39] [API] request start agent=Review Manager Agent attempt=1/8 prompt_chars=9285

[2026-06-27 10:19:47] [API] request success agent=Review Manager Agent attempt=1/8 elapsed=7.9s raw_chars=3305
[2026-06-27 10:19:47] [API] request success agent=Review Manager Agent attempt=1/8 elapsed=8.5s raw_chars=3603
[2026-06-27 10:19:48] [API] request start agent=Critique Agent attempt=1/8 prompt_chars=11672
[2026-06-27 10:19:52] [API] request success agent=Critique Agent attempt=1/8 elapsed=4.7s raw_chars=1336
[2026-06-27 10:19:52] [API] request start agent=Evidence Agent attempt=1/8 prompt_chars=7826
[2026-06-27 10:19:59] [API] request success agent=Evidence Agent attempt=1/8 elapsed=6.6s raw_chars=2728
[review_reward][unknown][GE6iywJtsV] reward=0.5650 breakdown={'decision': 0.0, 'section_presence': 1.0, 'length_score': 1.0, 'summary_align': 0.2612, 'strength_align': 0.4269, 'weakness_align': 0.3176, 'suggestion_align': 0.5653, 'global_align': 0.2844, 'critique': 1.0, 'stance_align': 0.7232, 'rating_align': 0.0, 'decision_line_bonus': 0.0, 'audit_id_leak_penalty': 0.0, 'penalty': 0.0, 'total': 0.565, 'es_coverage': 0.6, 'es_depth': 0.6, 'es_empirical': 0.2, 'es_independent': 0.6, 'es_flaw_density': 0.0, 'es_support_volume': 0.7, 'evidence_support_score': 0.46}
[review_reward][unknown][WpXq5n8yLb] reward=0.5099 breakdown={'decision': 0.0, 'section_presence': 1.0, 'length_score': 1.0, 'summary_align': 0.3527, 'strength_align': 0.3731, 'weakness_align': 0.2167, 'suggestion_align': 0.3261, 'global_align': 0.1974, 'critique': 1.0, 'stance_align': 0.8581, 'rating_align': 0.0, 'decision_line_bonus': 0.0, 'audit_id_leak_penalty': 0.0, 'penalty': 0.0, 'total': 0.5099, 'es_coverage': 0.5, 'es_depth': 0.5, 'es_empirical': 0.5, 'es_independent': 0.0, 'es_flaw_density': 0.0, 'es_support_volume': 0.25, 'evidence_support_score': 0.35}
{"paper_id": "9zEBK3E9bX", "mode": "s4", "reward": 0.544545177238824, "final_decision": "reject", "model_adapter_mode": "small_model"}
{"paper_id": "XyB4VvF01X", "mode": "s4", "reward": 0.6344012089350459, "final_decision": "reject", "model_adapter_mode": "small_model"}
{"paper_id": "GE6iywJtsV", "mode": "s4", "reward": 0.5649700108202422, "final_decision": "reject", "model_adapter_mode": "small_model"}
{"paper_id": "WpXq5n8yLb", "mode": "s4", "reward": 0.5099393462529547, "final_decision": "reject", "model_adapter_mode": "small_model"}
[2026-06-27 10:20:01] [API] request start agent=Review Manager Agent attempt=1/8 prompt_chars=7991[2026-06-27 10:20:01] [API] request start agent=Review Manager Agent attempt=1/8 prompt_chars=7991

[2026-06-27 10:20:05] [API] request success agent=Review Manager Agent attempt=1/8 elapsed=4.2s raw_chars=1098
[2026-06-27 10:20:05] [API] request start agent=Review Manager Agent attempt=1/8 prompt_chars=7991
[2026-06-27 10:20:06] [API] request success agent=Review Manager Agent attempt=1/8 elapsed=5.0s raw_chars=1356
[2026-06-27 10:20:06] [API] request start agent=Review Manager Agent attempt=1/8 prompt_chars=7991
[2026-06-27 10:20:09] [API] request success agent=Review Manager Agent attempt=1/8 elapsed=4.3s raw_chars=1380
[2026-06-27 10:20:10] [API] request success agent=Review Manager Agent attempt=1/8 elapsed=4.3s raw_chars=1060
[2026-06-27 10:20:10] [API] request start agent=Claim Agent attempt=1/8 prompt_chars=8712[2026-06-27 10:20:10] [API] request start agent=Claim Agent attempt=1/8 prompt_chars=8711

[2026-06-27 10:20:18] [API] request success agent=Claim Agent attempt=1/8 elapsed=7.9s raw_chars=3304
[2026-06-27 10:20:18] [API] request start agent=Claim Agent attempt=1/8 prompt_chars=8712
[2026-06-27 10:20:20] [API] request success agent=Claim Agent attempt=1/8 elapsed=9.2s raw_chars=3140
[2026-06-27 10:20:20] [API] request start agent=Claim Agent attempt=1/8 prompt_chars=8711
[2026-06-27 10:20:26] [API] request success agent=Claim Agent attempt=1/8 elapsed=7.7s raw_chars=2551
[2026-06-27 10:20:27] [API] request success agent=Claim Agent attempt=1/8 elapsed=7.8s raw_chars=3115
[2026-06-27 10:20:28] [API] request start agent=Review Manager Agent attempt=1/8 prompt_chars=9285[2026-06-27 10:20:28] [API] request start agent=Review Manager Agent attempt=1/8 prompt_chars=9284

[2026-06-27 10:20:36] [API] request success agent=Review Manager Agent attempt=1/8 elapsed=8.2s raw_chars=3322
[2026-06-27 10:20:36] [API] request start agent=Review Manager Agent attempt=1/8 prompt_chars=9285
[2026-06-27 10:20:38] [API] request success agent=Review Manager Agent attempt=1/8 elapsed=10.1s raw_chars=4064
[2026-06-27 10:20:38] [API] request start agent=Review Manager Agent attempt=1/8 prompt_chars=9285
[2026-06-27 10:20:44] [API] request success agent=Review Manager Agent attempt=1/8 elapsed=8.4s raw_chars=3760
[2026-06-27 10:20:46] [API] request success agent=Review Manager Agent attempt=1/8 elapsed=8.5s raw_chars=3680
[2026-06-27 10:20:47] [API] request start agent=Evidence Agent attempt=1/8 prompt_chars=7826[2026-06-27 10:20:47] [API] request start agent=Evidence Agent attempt=1/8 prompt_chars=7826

[2026-06-27 10:20:55] [API] request success agent=Evidence Agent attempt=1/8 elapsed=8.1s raw_chars=3671
[2026-06-27 10:20:55] [API] request start agent=Evidence Agent attempt=1/8 prompt_chars=7826
[2026-06-27 10:20:55] [API] request success agent=Evidence Agent attempt=1/8 elapsed=8.6s raw_chars=3473
[2026-06-27 10:20:55] [API] request start agent=Evidence Agent attempt=1/8 prompt_chars=7826
[2026-06-27 10:20:59] [API] request success agent=Evidence Agent attempt=1/8 elapsed=4.3s raw_chars=1612
[2026-06-27 10:21:03] [API] request success agent=Evidence Agent attempt=1/8 elapsed=7.7s raw_chars=2906
[2026-06-27 10:21:03] [API] request start agent=Review Manager Agent attempt=1/8 prompt_chars=9285[2026-06-27 10:21:03] [API] request start agent=Review Manager Agent attempt=1/8 prompt_chars=9285

[2026-06-27 10:21:13] [API] request success agent=Review Manager Agent attempt=1/8 elapsed=9.8s raw_chars=4243
[2026-06-27 10:21:13] [API] request start agent=Review Manager Agent attempt=1/8 prompt_chars=9281
[2026-06-27 10:21:15] [API] request success agent=Review Manager Agent attempt=1/8 elapsed=11.8s raw_chars=4873
[2026-06-27 10:21:15] [API] request start agent=Review Manager Agent attempt=1/8 prompt_chars=9285
[2026-06-27 10:21:21] [API] request success agent=Review Manager Agent attempt=1/8 elapsed=7.8s raw_chars=3271
[2026-06-27 10:21:24] [API] request success agent=Review Manager Agent attempt=1/8 elapsed=9.1s raw_chars=4074
[2026-06-27 10:21:24] [API] request start agent=Critique Agent attempt=1/8 prompt_chars=11799
[2026-06-27 10:21:24] [API] request start agent=Critique Agent attempt=1/8 prompt_chars=11806
[2026-06-27 10:21:38] [API] request success agent=Critique Agent attempt=1/8 elapsed=13.5s raw_chars=6363
[2026-06-27 10:21:38] [API] request start agent=Critique Agent attempt=1/8 prompt_chars=11806
[2026-06-27 10:21:41] [API] request success agent=Critique Agent attempt=1/8 elapsed=16.5s raw_chars=7244
[2026-06-27 10:21:41] [API] request start agent=Critique Agent attempt=1/8 prompt_chars=11806
[2026-06-27 10:21:51] [API] request success agent=Critique Agent attempt=1/8 elapsed=9.7s raw_chars=4216
[2026-06-27 10:21:54] [API] request success agent=Critique Agent attempt=1/8 elapsed=16.1s raw_chars=6212
[2026-06-27 10:21:55] [API] request start agent=Review Manager Agent attempt=1/8 prompt_chars=9282
[2026-06-27 10:21:55] [API] request start agent=Review Manager Agent attempt=1/8 prompt_chars=9285
[2026-06-27 10:22:06] [API] request success agent=Review Manager Agent attempt=1/8 elapsed=11.3s raw_chars=4917
[2026-06-27 10:22:06] [API] request start agent=Review Manager Agent attempt=1/8 prompt_chars=9285
[2026-06-27 10:22:08] [API] request success agent=Review Manager Agent attempt=1/8 elapsed=12.9s raw_chars=5636
[2026-06-27 10:22:08] [API] request start agent=Review Manager Agent attempt=1/8 prompt_chars=9285
[2026-06-27 10:22:16] [API] request success agent=Review Manager Agent attempt=1/8 elapsed=8.4s raw_chars=3856
[2026-06-27 10:22:17] [API] request success agent=Review Manager Agent attempt=1/8 elapsed=11.0s raw_chars=4186
[2026-06-27 10:22:18] [API] request start agent=Evidence Agent attempt=1/8 prompt_chars=8593[2026-06-27 10:22:18] [API] request start agent=Evidence Agent attempt=1/8 prompt_chars=7826

[2026-06-27 10:22:20] [API] request success agent=Evidence Agent attempt=1/8 elapsed=2.3s raw_chars=475
[2026-06-27 10:22:20] [API] request start agent=Evidence Agent attempt=1/8 prompt_chars=8593
[2026-06-27 10:22:25] [API] request success agent=Evidence Agent attempt=1/8 elapsed=7.1s raw_chars=2479
[2026-06-27 10:22:25] [API] request success agent=Evidence Agent attempt=1/8 elapsed=5.3s raw_chars=1799
[2026-06-27 10:22:25] [API] request start agent=Critique Agent attempt=1/8 prompt_chars=8030
[2026-06-27 10:22:27] [API] request success agent=Critique Agent attempt=1/8 elapsed=2.1s raw_chars=367
[2026-06-27 10:22:28] [API] request start agent=Evidence Agent attempt=1/8 prompt_chars=8750
[2026-06-27 10:22:30] [API] request success agent=Evidence Agent attempt=1/8 elapsed=1.9s raw_chars=492
[2026-06-27 10:22:32] [API] request start agent=Review Manager Agent attempt=1/8 prompt_chars=9285
[2026-06-27 10:22:32] [API] request start agent=Review Manager Agent attempt=1/8 prompt_chars=9285
[2026-06-27 10:22:41] [API] request success agent=Review Manager Agent attempt=1/8 elapsed=9.2s raw_chars=3476
[2026-06-27 10:22:41] [API] request start agent=Review Manager Agent attempt=1/8 prompt_chars=9285
[2026-06-27 10:22:50] [API] request success agent=Review Manager Agent attempt=1/8 elapsed=17.4s raw_chars=6998
[2026-06-27 10:22:50] [API] request start agent=Review Manager Agent attempt=1/8 prompt_chars=9285
[2026-06-27 10:22:50] [API] request success agent=Review Manager Agent attempt=1/8 elapsed=8.8s raw_chars=3754
[2026-06-27 10:22:58] [API] request success agent=Review Manager Agent attempt=1/8 elapsed=8.9s raw_chars=3875
[2026-06-27 10:23:00] [API] request start agent=Evidence Agent attempt=1/8 prompt_chars=7826
[2026-06-27 10:23:00] [API] request start agent=Evidence Agent attempt=1/8 prompt_chars=8593
[2026-06-27 10:23:03] [API] request success agent=Evidence Agent attempt=1/8 elapsed=3.1s raw_chars=485
[2026-06-27 10:23:03] [API] request start agent=Evidence Agent attempt=1/8 prompt_chars=7826
[2026-06-27 10:23:06] [API] request success agent=Evidence Agent attempt=1/8 elapsed=6.0s raw_chars=2308
[2026-06-27 10:23:10] [API] request success agent=Evidence Agent attempt=1/8 elapsed=7.6s raw_chars=3102
[2026-06-27 10:23:10] [API] request start agent=Critique Agent attempt=1/8 prompt_chars=11667
[2026-06-27 10:23:13] [API] request success agent=Critique Agent attempt=1/8 elapsed=3.0s raw_chars=504
[2026-06-27 10:23:14] [API] request start agent=Review Manager Agent attempt=1/8 prompt_chars=9285[2026-06-27 10:23:14] [API] request start agent=Review Manager Agent attempt=1/8 prompt_chars=9285

[2026-06-27 10:23:22] [API] request success agent=Review Manager Agent attempt=1/8 elapsed=7.6s raw_chars=3608
[2026-06-27 10:23:22] [API] request start agent=Review Manager Agent attempt=1/8 prompt_chars=9285
[2026-06-27 10:23:28] [API] request success agent=Review Manager Agent attempt=1/8 elapsed=13.5s raw_chars=6138
[2026-06-27 10:23:28] [API] request start agent=Review Manager Agent attempt=1/8 prompt_chars=9285
[2026-06-27 10:23:35] [API] request success agent=Review Manager Agent attempt=1/8 elapsed=13.0s raw_chars=5545
[2026-06-27 10:23:36] [API] request success agent=Review Manager Agent attempt=1/8 elapsed=8.4s raw_chars=3876
[2026-06-27 10:23:37] [API] request start agent=Critique Agent attempt=1/8 prompt_chars=11673[2026-06-27 10:23:37] [API] request start agent=Critique Agent attempt=1/8 prompt_chars=8029

[2026-06-27 10:23:39] [API] request success agent=Critique Agent attempt=1/8 elapsed=2.5s raw_chars=458
[2026-06-27 10:23:39] [API] request start agent=Critique Agent attempt=1/8 prompt_chars=11673
[2026-06-27 10:23:40] [API] request success agent=Critique Agent attempt=1/8 elapsed=3.2s raw_chars=605
[2026-06-27 10:23:46] [API] request success agent=Critique Agent attempt=1/8 elapsed=6.5s raw_chars=1634
[2026-06-27 10:23:46] [API] request start agent=Evidence Agent attempt=1/8 prompt_chars=7826
[2026-06-27 10:23:54] [API] request success agent=Evidence Agent attempt=1/8 elapsed=7.5s raw_chars=2641
[2026-06-27 10:23:55] [API] request start agent=Evidence Agent attempt=1/8 prompt_chars=8753
[2026-06-27 10:23:57] [API] request success agent=Evidence Agent attempt=1/8 elapsed=2.0s raw_chars=446
[2026-06-27 10:24:01] [API] request start agent=Review Manager Agent attempt=1/8 prompt_chars=9285[2026-06-27 10:24:01] [API] request start agent=Review Manager Agent attempt=1/8 prompt_chars=9285

[2026-06-27 10:24:09] [API] request success agent=Review Manager Agent attempt=1/8 elapsed=8.4s raw_chars=3567
[2026-06-27 10:24:09] [API] request start agent=Review Manager Agent attempt=1/8 prompt_chars=9285
[2026-06-27 10:24:09] [API] request success agent=Review Manager Agent attempt=1/8 elapsed=8.8s raw_chars=3788
[2026-06-27 10:24:09] [API] request start agent=Review Manager Agent attempt=1/8 prompt_chars=9285
[2026-06-27 10:24:22] [API] request success agent=Review Manager Agent attempt=1/8 elapsed=12.6s raw_chars=4981
[2026-06-27 10:24:22] [API] request success agent=Review Manager Agent attempt=1/8 elapsed=12.3s raw_chars=5336
[2026-06-27 10:24:22] [API] request start agent=Evidence Agent attempt=1/8 prompt_chars=7826[2026-06-27 10:24:22] [API] request start agent=Evidence Agent attempt=1/8 prompt_chars=7826

[2026-06-27 10:24:29] [API] request success agent=Evidence Agent attempt=1/8 elapsed=6.7s raw_chars=2701
[2026-06-27 10:24:29] [API] request start agent=Evidence Agent attempt=1/8 prompt_chars=7824
[2026-06-27 10:24:30] [API] request success agent=Evidence Agent attempt=1/8 elapsed=7.3s raw_chars=2765
[2026-06-27 10:24:33] [API] request success agent=Evidence Agent attempt=1/8 elapsed=4.0s raw_chars=1419
[2026-06-27 10:24:33] [API] request start agent=Critique Agent attempt=1/8 prompt_chars=11673
[2026-06-27 10:24:35] [API] request success agent=Critique Agent attempt=1/8 elapsed=2.4s raw_chars=454
{"paper_id": "NnExMNiTHw", "mode": "s4", "reward": 0.6096650839542158, "final_decision": "reject", "model_adapter_mode": "small_model"}
{"paper_id": "a6SntIisgg", "mode": "s4", "reward": 0.6264355093807965, "final_decision": "reject", "model_adapter_mode": "small_model"}
{"paper_id": "cklg91aPGk", "mode": "s4", "reward": 0.49795868339674737, "final_decision": "reject", "model_adapter_mode": "small_model"}
{"paper_id": "HPuLU6q7xq", "mode": "s4", "reward": 0.6291958972355534, "final_decision": "reject", "model_adapter_mode": "small_model"}
[2026-06-27 10:24:40] [API] request start agent=Review Manager Agent attempt=1/8 prompt_chars=7991[2026-06-27 10:24:40] [API] request start agent=Review Manager Agent attempt=1/8 prompt_chars=7991

[2026-06-27 10:24:43] [API] request success agent=Review Manager Agent attempt=1/8 elapsed=3.4s raw_chars=991
[2026-06-27 10:24:43] [API] request start agent=Review Manager Agent attempt=1/8 prompt_chars=7991
[2026-06-27 10:24:45] [API] request success agent=Review Manager Agent attempt=1/8 elapsed=4.9s raw_chars=1453
[2026-06-27 10:24:45] [API] request start agent=Review Manager Agent attempt=1/8 prompt_chars=7991
[2026-06-27 10:24:47] [API] request success agent=Review Manager Agent attempt=1/8 elapsed=4.2s raw_chars=1306
[2026-06-27 10:24:49] [API] request success agent=Review Manager Agent attempt=1/8 elapsed=4.9s raw_chars=1456
[2026-06-27 10:24:50] [API] request start agent=Claim Agent attempt=1/8 prompt_chars=8712[2026-06-27 10:24:50] [API] request start agent=Claim Agent attempt=1/8 prompt_chars=8712

[2026-06-27 10:24:55] [API] request success agent=Claim Agent attempt=1/8 elapsed=5.4s raw_chars=2036
[2026-06-27 10:24:55] [API] request start agent=Claim Agent attempt=1/8 prompt_chars=8712
[2026-06-27 10:24:58] [API] request success agent=Claim Agent attempt=1/8 elapsed=7.9s raw_chars=3289
[2026-06-27 10:24:58] [API] request start agent=Claim Agent attempt=1/8 prompt_chars=8711
[2026-06-27 10:25:02] [API] request success agent=Claim Agent attempt=1/8 elapsed=6.5s raw_chars=2669
[2026-06-27 10:25:03] [API] request success agent=Claim Agent attempt=1/8 elapsed=5.8s raw_chars=1948
[2026-06-27 10:25:04] [API] request start agent=Review Manager Agent attempt=1/8 prompt_chars=9285[2026-06-27 10:25:04] [API] request start agent=Review Manager Agent attempt=1/8 prompt_chars=9285

[2026-06-27 10:25:13] [API] request success agent=Review Manager Agent attempt=1/8 elapsed=9.0s raw_chars=3455
[2026-06-27 10:25:13] [API] request start agent=Review Manager Agent attempt=1/8 prompt_chars=9285
[2026-06-27 10:25:13] [API] request success agent=Review Manager Agent attempt=1/8 elapsed=9.5s raw_chars=4096
[2026-06-27 10:25:13] [API] request start agent=Review Manager Agent attempt=1/8 prompt_chars=9285
[2026-06-27 10:25:21] [API] request success agent=Review Manager Agent attempt=1/8 elapsed=7.3s raw_chars=3396
[2026-06-27 10:25:22] [API] request success agent=Review Manager Agent attempt=1/8 elapsed=9.4s raw_chars=4009
[2026-06-27 10:25:22] [API] request start agent=Evidence Agent attempt=1/8 prompt_chars=7824
[2026-06-27 10:25:22] [API] request start agent=Evidence Agent attempt=1/8 prompt_chars=7826
[2026-06-27 10:25:29] [API] request success agent=Evidence Agent attempt=1/8 elapsed=6.3s raw_chars=2795
[2026-06-27 10:25:29] [API] request start agent=Evidence Agent attempt=1/8 prompt_chars=7826
[2026-06-27 10:25:29] [API] request success agent=Evidence Agent attempt=1/8 elapsed=6.8s raw_chars=2786
[2026-06-27 10:25:29] [API] request start agent=Evidence Agent attempt=1/8 prompt_chars=7826
[2026-06-27 10:25:33] [API] request success agent=Evidence Agent attempt=1/8 elapsed=3.9s raw_chars=1118
[2026-06-27 10:25:36] [API] request success agent=Evidence Agent attempt=1/8 elapsed=7.1s raw_chars=2974
[2026-06-27 10:25:36] [API] request start agent=Review Manager Agent attempt=1/8 prompt_chars=9279
[2026-06-27 10:25:36] [API] request start agent=Review Manager Agent attempt=1/8 prompt_chars=9285
[2026-06-27 10:25:45] [API] request success agent=Review Manager Agent attempt=1/8 elapsed=8.8s raw_chars=4077
[2026-06-27 10:25:45] [API] request start agent=Review Manager Agent attempt=1/8 prompt_chars=9285
[2026-06-27 10:25:47] [API] request success agent=Review Manager Agent attempt=1/8 elapsed=11.1s raw_chars=5152
[2026-06-27 10:25:47] [API] request start agent=Review Manager Agent attempt=1/8 prompt_chars=9285
[2026-06-27 10:25:53] [API] request success agent=Review Manager Agent attempt=1/8 elapsed=8.3s raw_chars=3952
[2026-06-27 10:25:54] [API] request success agent=Review Manager Agent attempt=1/8 elapsed=7.1s raw_chars=2914
[2026-06-27 10:25:55] [API] request start agent=Critique Agent attempt=1/8 prompt_chars=11806[2026-06-27 10:25:55] [API] request start agent=Critique Agent attempt=1/8 prompt_chars=11805

[2026-06-27 10:26:08] [API] request success agent=Critique Agent attempt=1/8 elapsed=13.6s raw_chars=6688
[2026-06-27 10:26:08] [API] request start agent=Critique Agent attempt=1/8 prompt_chars=11806
[2026-06-27 10:26:10] [API] request success agent=Critique Agent attempt=1/8 elapsed=15.1s raw_chars=6809
[2026-06-27 10:26:10] [API] request start agent=Critique Agent attempt=1/8 prompt_chars=11806
[2026-06-27 10:26:20] [API] request success agent=Critique Agent attempt=1/8 elapsed=11.7s raw_chars=4698
[2026-06-27 10:26:23] [API] request success agent=Critique Agent attempt=1/8 elapsed=13.7s raw_chars=6498
[2026-06-27 10:26:24] [API] request start agent=Review Manager Agent attempt=1/8 prompt_chars=9285
[2026-06-27 10:26:24] [API] request start agent=Review Manager Agent attempt=1/8 prompt_chars=9285
[2026-06-27 10:26:32] [API] request success agent=Review Manager Agent attempt=1/8 elapsed=8.1s raw_chars=3785
[2026-06-27 10:26:32] [API] request start agent=Review Manager Agent attempt=1/8 prompt_chars=9285
[2026-06-27 10:26:33] [API] request success agent=Review Manager Agent attempt=1/8 elapsed=9.3s raw_chars=4222
[2026-06-27 10:26:33] [API] request start agent=Review Manager Agent attempt=1/8 prompt_chars=9285
[2026-06-27 10:26:40] [API] request success agent=Review Manager Agent attempt=1/8 elapsed=8.2s raw_chars=3806
[2026-06-27 10:26:42] [API] request success agent=Review Manager Agent attempt=1/8 elapsed=8.3s raw_chars=3668
[2026-06-27 10:26:42] [API] request start agent=Evidence Agent attempt=1/8 prompt_chars=8593
[2026-06-27 10:26:42] [API] request start agent=Evidence Agent attempt=1/8 prompt_chars=8592
[2026-06-27 10:26:45] [API] request success agent=Evidence Agent attempt=1/8 elapsed=2.8s raw_chars=757
[2026-06-27 10:26:48] [API] request success agent=Evidence Agent attempt=1/8 elapsed=5.7s raw_chars=2042
[2026-06-27 10:26:48] [API] request start agent=Critique Agent attempt=1/8 prompt_chars=8030[2026-06-27 10:26:48] [API] request start agent=Critique Agent attempt=1/8 prompt_chars=8030

[2026-06-27 10:26:50] [API] request success agent=Critique Agent attempt=1/8 elapsed=1.9s raw_chars=471
[2026-06-27 10:26:50] [API] request success agent=Critique Agent attempt=1/8 elapsed=2.2s raw_chars=429
[2026-06-27 10:26:52] [API] request start agent=Evidence Agent attempt=1/8 prompt_chars=8754[2026-06-27 10:26:52] [API] request start agent=Evidence Agent attempt=1/8 prompt_chars=8754

[2026-06-27 10:26:54] [API] request success agent=Evidence Agent attempt=1/8 elapsed=2.6s raw_chars=526
[2026-06-27 10:26:54] [API] request success agent=Evidence Agent attempt=1/8 elapsed=2.8s raw_chars=708
[2026-06-27 10:26:58] [API] request start agent=Review Manager Agent attempt=1/8 prompt_chars=9285
[2026-06-27 10:26:58] [API] request start agent=Review Manager Agent attempt=1/8 prompt_chars=9285
[2026-06-27 10:27:04] [API] request success agent=Review Manager Agent attempt=1/8 elapsed=5.7s raw_chars=2153
[2026-06-27 10:27:04] [API] request start agent=Review Manager Agent attempt=1/8 prompt_chars=9285
[2026-06-27 10:27:09] [API] request success agent=Review Manager Agent attempt=1/8 elapsed=10.7s raw_chars=4418
[2026-06-27 10:27:09] [API] request start agent=Review Manager Agent attempt=1/8 prompt_chars=9285
[2026-06-27 10:27:14] [API] request success agent=Review Manager Agent attempt=1/8 elapsed=10.0s raw_chars=4108
[2026-06-27 10:27:17] [API] request success agent=Review Manager Agent attempt=1/8 elapsed=7.9s raw_chars=3450
[2026-06-27 10:27:19] [API] request start agent=Evidence Agent attempt=1/8 prompt_chars=7826[2026-06-27 10:27:19] [API] request start agent=Evidence Agent attempt=1/8 prompt_chars=7826

[2026-06-27 10:27:25] [API] request success agent=Evidence Agent attempt=1/8 elapsed=6.0s raw_chars=2352
[2026-06-27 10:27:27] [API] request success agent=Evidence Agent attempt=1/8 elapsed=8.4s raw_chars=3685
[2026-06-27 10:27:27] [API] request start agent=Critique Agent attempt=1/8 prompt_chars=11673[2026-06-27 10:27:27] [API] request start agent=Critique Agent attempt=1/8 prompt_chars=11673

[2026-06-27 10:27:31] [API] request success agent=Critique Agent attempt=1/8 elapsed=4.4s raw_chars=1489
[2026-06-27 10:27:31] [API] request success agent=Critique Agent attempt=1/8 elapsed=4.4s raw_chars=1357
[2026-06-27 10:27:38] [API] request start agent=Review Manager Agent attempt=1/8 prompt_chars=9285[2026-06-27 10:27:38] [API] request start agent=Review Manager Agent attempt=1/8 prompt_chars=9285

[2026-06-27 10:27:46] [API] request success agent=Review Manager Agent attempt=1/8 elapsed=7.9s raw_chars=3263
[2026-06-27 10:27:46] [API] request success agent=Review Manager Agent attempt=1/8 elapsed=8.0s raw_chars=3548
[2026-06-27 10:27:46] [API] request start agent=Critique Agent attempt=1/8 prompt_chars=11673[2026-06-27 10:27:46] [API] request start agent=Critique Agent attempt=1/8 prompt_chars=11673

[2026-06-27 10:27:48] [API] request success agent=Critique Agent attempt=1/8 elapsed=2.2s raw_chars=433
[2026-06-27 10:27:49] [API] request success agent=Critique Agent attempt=1/8 elapsed=2.8s raw_chars=604
[2026-06-27 10:27:50] [API] request start agent=Review Manager Agent attempt=1/8 prompt_chars=9285
[2026-06-27 10:27:50] [API] request start agent=Review Manager Agent attempt=1/8 prompt_chars=9282
[2026-06-27 10:27:57] [API] request success agent=Review Manager Agent attempt=1/8 elapsed=7.6s raw_chars=3292
[2026-06-27 10:28:01] [API] request success agent=Review Manager Agent attempt=1/8 elapsed=11.2s raw_chars=4595
[2026-06-27 10:28:01] [API] request start agent=Evidence Agent attempt=1/8 prompt_chars=7826[2026-06-27 10:28:01] [API] request start agent=Evidence Agent attempt=1/8 prompt_chars=7826

[2026-06-27 10:28:07] [API] request success agent=Evidence Agent attempt=1/8 elapsed=6.3s raw_chars=1840
[2026-06-27 10:28:13] [API] request success agent=Evidence Agent attempt=1/8 elapsed=11.7s raw_chars=4386
{"paper_id": "fGXyvmWpw6", "mode": "s4", "reward": 0.6296932856577968, "final_decision": "reject", "model_adapter_mode": "small_model"}
{"paper_id": "QAgwFiIY4p", "mode": "s4", "reward": 0.38660213812219546, "final_decision": "reject", "model_adapter_mode": "small_model"}
{"paper_id": "TPAj63ax4Y", "mode": "s4", "reward": 0.619470815108075, "final_decision": "reject", "model_adapter_mode": "small_model"}
{"paper_id": "mHv6wcBb0z", "mode": "s4", "reward": 0.5319711228606607, "final_decision": "reject", "model_adapter_mode": "small_model"}
[2026-06-27 10:28:14] [API] request start agent=Review Manager Agent attempt=1/8 prompt_chars=7991[2026-06-27 10:28:14] [API] request start agent=Review Manager Agent attempt=1/8 prompt_chars=7991

[2026-06-27 10:28:18] [API] request success agent=Review Manager Agent attempt=1/8 elapsed=3.5s raw_chars=1079
[2026-06-27 10:28:18] [API] request start agent=Review Manager Agent attempt=1/8 prompt_chars=7991
[2026-06-27 10:28:18] [API] request success agent=Review Manager Agent attempt=1/8 elapsed=3.9s raw_chars=1141
[2026-06-27 10:28:18] [API] request start agent=Review Manager Agent attempt=1/8 prompt_chars=7991
[2026-06-27 10:28:22] [API] request success agent=Review Manager Agent attempt=1/8 elapsed=3.8s raw_chars=1213
[2026-06-27 10:28:23] [API] request success agent=Review Manager Agent attempt=1/8 elapsed=4.6s raw_chars=1439
[2026-06-27 10:28:23] [API] request start agent=Claim Agent attempt=1/8 prompt_chars=8710[2026-06-27 10:28:23] [API] request start agent=Claim Agent attempt=1/8 prompt_chars=8711

[2026-06-27 10:28:28] [API] request success agent=Claim Agent attempt=1/8 elapsed=5.3s raw_chars=2259
[2026-06-27 10:28:28] [API] request start agent=Claim Agent attempt=1/8 prompt_chars=8712
[2026-06-27 10:28:31] [API] request success agent=Claim Agent attempt=1/8 elapsed=8.2s raw_chars=3305
[2026-06-27 10:28:31] [API] request start agent=Claim Agent attempt=1/8 prompt_chars=8711
[2026-06-27 10:28:35] [API] request success agent=Claim Agent attempt=1/8 elapsed=7.1s raw_chars=2694
[2026-06-27 10:28:37] [API] request success agent=Claim Agent attempt=1/8 elapsed=5.7s raw_chars=2161
[2026-06-27 10:28:37] [API] request start agent=Review Manager Agent attempt=1/8 prompt_chars=9282[2026-06-27 10:28:37] [API] request start agent=Review Manager Agent attempt=1/8 prompt_chars=9285

[2026-06-27 10:28:46] [API] request success agent=Review Manager Agent attempt=1/8 elapsed=8.6s raw_chars=3662
[2026-06-27 10:28:46] [API] request start agent=Review Manager Agent attempt=1/8 prompt_chars=9285
[2026-06-27 10:28:46] [API] request success agent=Review Manager Agent attempt=1/8 elapsed=8.7s raw_chars=3631
[2026-06-27 10:28:46] [API] request start agent=Review Manager Agent attempt=1/8 prompt_chars=9285
[2026-06-27 10:28:54] [API] request success agent=Review Manager Agent attempt=1/8 elapsed=8.9s raw_chars=3726
[2026-06-27 10:28:55] [API] request success agent=Review Manager Agent attempt=1/8 elapsed=9.6s raw_chars=4266
[2026-06-27 10:28:55] [API] request start agent=Evidence Agent attempt=1/8 prompt_chars=7823[2026-06-27 10:28:55] [API] request start agent=Evidence Agent attempt=1/8 prompt_chars=7826

[2026-06-27 10:29:01] [API] request success agent=Evidence Agent attempt=1/8 elapsed=5.7s raw_chars=2182
[2026-06-27 10:29:01] [API] request start agent=Evidence Agent attempt=1/8 prompt_chars=7821
[2026-06-27 10:29:04] [API] request success agent=Evidence Agent attempt=1/8 elapsed=9.1s raw_chars=2375
[2026-06-27 10:29:04] [API] request start agent=Evidence Agent attempt=1/8 prompt_chars=7826
[2026-06-27 10:29:08] [API] request success agent=Evidence Agent attempt=1/8 elapsed=7.1s raw_chars=2717
[2026-06-27 10:29:10] [API] request success agent=Evidence Agent attempt=1/8 elapsed=5.5s raw_chars=2457
[2026-06-27 10:29:10] [API] request start agent=Review Manager Agent attempt=1/8 prompt_chars=9285[2026-06-27 10:29:10] [API] request start agent=Review Manager Agent attempt=1/8 prompt_chars=9280

[2026-06-27 10:29:19] [API] request success agent=Review Manager Agent attempt=1/8 elapsed=8.9s raw_chars=4008
[2026-06-27 10:29:19] [API] request start agent=Review Manager Agent attempt=1/8 prompt_chars=9278
[2026-06-27 10:29:20] [API] request success agent=Review Manager Agent attempt=1/8 elapsed=9.3s raw_chars=4546
[2026-06-27 10:29:20] [API] request start agent=Review Manager Agent attempt=1/8 prompt_chars=9283
[2026-06-27 10:29:29] [API] request success agent=Review Manager Agent attempt=1/8 elapsed=9.0s raw_chars=4038
[2026-06-27 10:29:29] [API] request success agent=Review Manager Agent attempt=1/8 elapsed=10.3s raw_chars=4116
[2026-06-27 10:29:30] [API] request start agent=Critique Agent attempt=1/8 prompt_chars=11806
[2026-06-27 10:29:30] [API] request start agent=Critique Agent attempt=1/8 prompt_chars=11673
[2026-06-27 10:29:35] [API] request success agent=Critique Agent attempt=1/8 elapsed=5.1s raw_chars=1405
[2026-06-27 10:29:35] [API] request start agent=Critique Agent attempt=1/8 prompt_chars=11806
[2026-06-27 10:29:42] [API] request success agent=Critique Agent attempt=1/8 elapsed=12.6s raw_chars=4497
[2026-06-27 10:29:42] [API] request start agent=Critique Agent attempt=1/8 prompt_chars=11802
[2026-06-27 10:29:49] [API] request success agent=Critique Agent attempt=1/8 elapsed=14.6s raw_chars=6761
[2026-06-27 10:29:50] [API] request success agent=Critique Agent attempt=1/8 elapsed=7.3s raw_chars=3292
[2026-06-27 10:29:50] [API] request start agent=Review Manager Agent attempt=1/8 prompt_chars=9285
[2026-06-27 10:29:50] [API] request start agent=Review Manager Agent attempt=1/8 prompt_chars=9285
[2026-06-27 10:29:57] [API] request success agent=Review Manager Agent attempt=1/8 elapsed=7.2s raw_chars=3283
[2026-06-27 10:29:57] [API] request start agent=Review Manager Agent attempt=1/8 prompt_chars=9282
[2026-06-27 10:30:00] [API] request success agent=Review Manager Agent attempt=1/8 elapsed=10.1s raw_chars=4379
[2026-06-27 10:30:00] [API] request start agent=Review Manager Agent attempt=1/8 prompt_chars=9281
[2026-06-27 10:30:07] [API] request success agent=Review Manager Agent attempt=1/8 elapsed=9.6s raw_chars=4228
[2026-06-27 10:30:08] [API] request success agent=Review Manager Agent attempt=1/8 elapsed=8.5s raw_chars=3644
[2026-06-27 10:30:09] [API] request start agent=Evidence Agent attempt=1/8 prompt_chars=8593[2026-06-27 10:30:09] [API] request start agent=Evidence Agent attempt=1/8 prompt_chars=8593

[2026-06-27 10:30:14] [API] request success agent=Evidence Agent attempt=1/8 elapsed=5.1s raw_chars=1473
[2026-06-27 10:30:18] [API] request success agent=Evidence Agent attempt=1/8 elapsed=8.6s raw_chars=3241
[2026-06-27 10:30:18] [API] request start agent=Critique Agent attempt=1/8 prompt_chars=11806[2026-06-27 10:30:18] [API] request start agent=Critique Agent attempt=1/8 prompt_chars=8029

[2026-06-27 10:30:20] [API] request success agent=Critique Agent attempt=1/8 elapsed=2.6s raw_chars=549
[2026-06-27 10:30:32] [API] request success agent=Critique Agent attempt=1/8 elapsed=14.8s raw_chars=6488
[2026-06-27 10:30:33] [API] request start agent=Evidence Agent attempt=1/8 prompt_chars=8593
[2026-06-27 10:30:37] [API] request success agent=Evidence Agent attempt=1/8 elapsed=3.8s raw_chars=476
[2026-06-27 10:30:37] [API] request start agent=Review Manager Agent attempt=1/8 prompt_chars=9285
[2026-06-27 10:30:37] [API] request start agent=Review Manager Agent attempt=1/8 prompt_chars=9285
[2026-06-27 10:30:48] [API] request success agent=Review Manager Agent attempt=1/8 elapsed=10.5s raw_chars=4490
[2026-06-27 10:30:48] [API] request start agent=Review Manager Agent attempt=1/8 prompt_chars=9285
[2026-06-27 10:30:48] [API] request success agent=Review Manager Agent attempt=1/8 elapsed=10.9s raw_chars=3904
[2026-06-27 10:30:48] [API] request start agent=Review Manager Agent attempt=1/8 prompt_chars=9285
[2026-06-27 10:30:57] [API] request success agent=Review Manager Agent attempt=1/8 elapsed=8.7s raw_chars=4057
[2026-06-27 10:30:57] [API] request success agent=Review Manager Agent attempt=1/8 elapsed=9.0s raw_chars=3929
[2026-06-27 10:30:58] [API] request start agent=Evidence Agent attempt=1/8 prompt_chars=7825[2026-06-27 10:30:58] [API] request start agent=Evidence Agent attempt=1/8 prompt_chars=7826

[2026-06-27 10:31:05] [API] request success agent=Evidence Agent attempt=1/8 elapsed=6.8s raw_chars=2558
[2026-06-27 10:31:06] [API] request success agent=Evidence Agent attempt=1/8 elapsed=7.9s raw_chars=3313
[2026-06-27 10:31:06] [API] request start agent=Critique Agent attempt=1/8 prompt_chars=8030[2026-06-27 10:31:06] [API] request start agent=Critique Agent attempt=1/8 prompt_chars=11669

[2026-06-27 10:31:08] [API] request success agent=Critique Agent attempt=1/8 elapsed=2.4s raw_chars=471[2026-06-27 10:31:08] [API] request success agent=Critique Agent attempt=1/8 elapsed=2.4s raw_chars=581

[2026-06-27 10:31:09] [API] request start agent=Evidence Agent attempt=1/8 prompt_chars=8593
[2026-06-27 10:31:11] [API] request success agent=Evidence Agent attempt=1/8 elapsed=1.9s raw_chars=475
[2026-06-27 10:31:11] [API] request start agent=Review Manager Agent attempt=1/8 prompt_chars=9285
[2026-06-27 10:31:11] [API] request start agent=Review Manager Agent attempt=1/8 prompt_chars=9285
[2026-06-27 10:31:20] [API] request success agent=Review Manager Agent attempt=1/8 elapsed=8.4s raw_chars=3846
[2026-06-27 10:31:20] [API] request start agent=Review Manager Agent attempt=1/8 prompt_chars=9285
[2026-06-27 10:31:21] [API] request success agent=Review Manager Agent attempt=1/8 elapsed=10.2s raw_chars=4388
[2026-06-27 10:31:21] [API] request start agent=Review Manager Agent attempt=1/8 prompt_chars=9285
[2026-06-27 10:31:30] [API] request success agent=Review Manager Agent attempt=1/8 elapsed=10.0s raw_chars=4417
[2026-06-27 10:31:33] [API] request success agent=Review Manager Agent attempt=1/8 elapsed=11.3s raw_chars=5289
[2026-06-27 10:31:33] [API] request start agent=Critique Agent attempt=1/8 prompt_chars=8029[2026-06-27 10:31:33] [API] request start agent=Critique Agent attempt=1/8 prompt_chars=11673

[2026-06-27 10:31:36] [API] request success agent=Critique Agent attempt=1/8 elapsed=2.5s raw_chars=482
[2026-06-27 10:31:43] [API] request success agent=Critique Agent attempt=1/8 elapsed=9.6s raw_chars=3768
[2026-06-27 10:31:43] [API] request start agent=Evidence Agent attempt=1/8 prompt_chars=7820
[2026-06-27 10:31:49] [API] request success agent=Evidence Agent attempt=1/8 elapsed=6.0s raw_chars=1556
[2026-06-27 10:31:49] [API] request start agent=Evidence Agent attempt=1/8 prompt_chars=8754
[2026-06-27 10:31:52] [API] request success agent=Evidence Agent attempt=1/8 elapsed=3.0s raw_chars=614
[2026-06-27 10:31:53] [API] request start agent=Review Manager Agent attempt=1/8 prompt_chars=9285[2026-06-27 10:31:53] [API] request start agent=Review Manager Agent attempt=1/8 prompt_chars=9285

[2026-06-27 10:32:02] [API] request success agent=Review Manager Agent attempt=1/8 elapsed=8.8s raw_chars=3908
[2026-06-27 10:32:02] [API] request start agent=Review Manager Agent attempt=1/8 prompt_chars=9285
[2026-06-27 10:32:03] [API] request success agent=Review Manager Agent attempt=1/8 elapsed=9.5s raw_chars=4321
[2026-06-27 10:32:16] [API] request success agent=Review Manager Agent attempt=1/8 elapsed=13.8s raw_chars=5024
[2026-06-27 10:32:16] [API] request start agent=Evidence Agent attempt=1/8 prompt_chars=7826
[2026-06-27 10:32:24] [API] request success agent=Evidence Agent attempt=1/8 elapsed=8.2s raw_chars=2733
[2026-06-27 10:32:24] [API] request start agent=Critique Agent attempt=1/8 prompt_chars=11673
[2026-06-27 10:32:26] [API] request success agent=Critique Agent attempt=1/8 elapsed=1.8s raw_chars=421
{"paper_id": "xUe1YqEgd6", "mode": "s4", "reward": 0.6854692711950562, "final_decision": "reject", "model_adapter_mode": "small_model"}
{"paper_id": "YXn76HMetm", "mode": "s4", "reward": 0.513923281311457, "final_decision": "reject", "model_adapter_mode": "small_model"}
{"paper_id": "KOUAayk5Kx", "mode": "s4", "reward": 0.5236497032969725, "final_decision": "reject", "model_adapter_mode": "small_model"}
{"paper_id": "XH3OiIhtvf", "mode": "s4", "reward": 0.6597919880388532, "final_decision": "reject", "model_adapter_mode": "small_model"}
