[API] Initialized: model=mimo-v2.5, provider=mimo, base_url=https://api.xiaomimimo.com/v1, max_tokens=2048
[MAIN] Using API backend: model=mimo-v2.5
[MAIN] model_adapter_mode=small_model (requested=small_model)
[DEBUG] paper_id: ye3NrNrYOY, paper_text length: 34961
[DEBUG] paper_text snippet: \title{Temporal Causal Mechanism Transfer for Few-shot Action Recognition}  \begin{abstract} The goa...
[DEBUG] paper_id: WNxlJJIEVj, paper_text length: 48238
[DEBUG] paper_text snippet: \title{Contrastive Diffuser: Planning Towards High Return States via Contrastive Learning}  \begin{a...
[DEBUG] paper_id: uOrfve3prk, paper_text length: 44055
[DEBUG] paper_text snippet: \title{Towards Unifying Interpretability and Control: Evaluation via Intervention}  \begin{abstract}...
[DEBUG] paper_id: 7Dub7UXTXN, paper_text length: 17618
[DEBUG] paper_text snippet: \title{When Are Bias-Free ReLU Networks Effectively Linear Networks?}  \begin{abstract}  We investig...
[DEBUG] paper_id: 9zEBK3E9bX, paper_text length: 35496
[DEBUG] paper_text snippet: \title{SPOT: Scalable 3D Pre-training via Occupancy Prediction for Autonomous Driving}  \begin{abstr...
[DEBUG] paper_id: XyB4VvF01X, paper_text length: 32345
[DEBUG] paper_text snippet: \title{Graph2Tac: Learning hierarchical representations of math concepts in theorem proving}  \begin...
[DEBUG] paper_id: GE6iywJtsV, paper_text length: 30553
[DEBUG] paper_text snippet: \title{Diff-Shape: A Novel Constrained Diffusion Model for Shape-based De Novo Drug Design}  \begin{...
[DEBUG] paper_id: WpXq5n8yLb, paper_text length: 55540
[DEBUG] paper_text snippet: \title{Recurrent Drafter for Fast Speculative Decoding in Large Language Models}  \begin{abstract} W...
[DEBUG] paper_id: NnExMNiTHw, paper_text length: 37839
[DEBUG] paper_text snippet: \title{SpecDec++: Boosting Speculative Decoding via Adaptive Candidate Lengths}  \begin{abstract} Sp...
[DEBUG] paper_id: a6SntIisgg, paper_text length: 64928
[DEBUG] paper_text snippet: \title{LogoRA: Local-Global Representation Alignment for Robust Time Series Classification}  \begin{...
[DEBUG] paper_id: cklg91aPGk, paper_text length: 32511
[DEBUG] paper_text snippet: \title{Propagation Alone is Enough for Graph Contrastive Learning}  \begin{abstract} Graph contrasti...
[DEBUG] paper_id: HPuLU6q7xq, paper_text length: 38828
[DEBUG] paper_text snippet: \title{Orca: Enhancing Role-Playing Abilities of Large Language Models by Integrating Personality Tr...
[DEBUG] paper_id: fGXyvmWpw6, paper_text length: 47400
[DEBUG] paper_text snippet: \title{Federated Virtual Learning on Heterogeneous Data with Local-global Distillation}  \begin{abst...
[DEBUG] paper_id: QAgwFiIY4p, paper_text length: 49197
[DEBUG] paper_text snippet: \title{Graph as Point Set}  \begin{abstract} Graph is a fundamental data structure to model intercon...
[DEBUG] paper_id: TPAj63ax4Y, paper_text length: 49027
[DEBUG] paper_text snippet: \title{Segment, Select, Correct: A Framework for Weakly-Supervised Referring Segmentation}  \begin{a...
[DEBUG] paper_id: mHv6wcBb0z, paper_text length: 35109
[DEBUG] paper_text snippet: \title{Preventing Model Collapse in Deep Canonical Correlation Analysis by Noise Regularization}  \b...
[DEBUG] paper_id: xUe1YqEgd6, paper_text length: 34518
[DEBUG] paper_text snippet: \title{Unsupervised motion segmentation in one go: Smooth long-term model over a video}  \begin{abst...
[DEBUG] paper_id: YXn76HMetm, paper_text length: 36915
[DEBUG] paper_text snippet: \title{Hyperbolic Active Learning for Semantic Segmentation under Domain Shift}  \begin{abstract}  W...
[DEBUG] paper_id: KOUAayk5Kx, paper_text length: 32732
[DEBUG] paper_text snippet: \title{Defying Multi-model Forgetting: Orthogonal Gradient Learning to One-shot Neural Architecture ...
[DEBUG] paper_id: XH3OiIhtvf, paper_text length: 22365
[DEBUG] paper_text snippet: \title{Unsupervised Federated Learning for Privacy Preserving in Face Recognition System}  \begin{ab...
[2026-07-05 20:56:57] [API] request start agent=Review Manager Agent attempt=1/8 prompt_chars=7533[2026-07-05 20:56:57] [API] request start agent=Review Manager Agent attempt=1/8 prompt_chars=7533

[2026-07-05 20:56:57] [API] request start agent=Review Manager Agent attempt=1/8 prompt_chars=7533[2026-07-05 20:56:57] [API] request start agent=Review Manager Agent attempt=1/8 prompt_chars=7533

[2026-07-05 20:57:02] [API] request success agent=Review Manager Agent attempt=1/8 elapsed=4.3s raw_chars=1108
[2026-07-05 20:57:02] [API] request success agent=Review Manager Agent attempt=1/8 elapsed=4.3s raw_chars=1161
[2026-07-05 20:57:02] [API] request success agent=Review Manager Agent attempt=1/8 elapsed=4.6s raw_chars=1498
[2026-07-05 20:57:06] [API] request success agent=Review Manager Agent attempt=1/8 elapsed=8.1s raw_chars=3246
[2026-07-05 20:57:06] [API] request start agent=Claim Agent attempt=1/8 prompt_chars=8710[2026-07-05 20:57:06] [API] request start agent=Claim Agent attempt=1/8 prompt_chars=8712

[2026-07-05 20:57:06] [API] request start agent=Claim Agent attempt=1/8 prompt_chars=8712
[2026-07-05 20:57:06] [API] request start agent=Claim Agent attempt=1/8 prompt_chars=8712
[2026-07-05 20:57:11] [API] request success agent=Claim Agent attempt=1/8 elapsed=4.7s raw_chars=1883
[2026-07-05 20:57:12] [API] request success agent=Claim Agent attempt=1/8 elapsed=5.9s raw_chars=2318
[2026-07-05 20:57:12] [API] request success agent=Claim Agent attempt=1/8 elapsed=6.2s raw_chars=2330
[2026-07-05 20:57:13] [API] request success agent=Claim Agent attempt=1/8 elapsed=6.7s raw_chars=2764
[2026-07-05 20:57:13] [API] request start agent=Review Manager Agent attempt=1/8 prompt_chars=9278[2026-07-05 20:57:13] [API] request start agent=Review Manager Agent attempt=1/8 prompt_chars=9283

[2026-07-05 20:57:13] [API] request start agent=Review Manager Agent attempt=1/8 prompt_chars=9282[2026-07-05 20:57:13] [API] request start agent=Review Manager Agent attempt=1/8 prompt_chars=9284

[2026-07-05 20:57:20] [API] request success agent=Review Manager Agent attempt=1/8 elapsed=7.0s raw_chars=2873
[2026-07-05 20:57:21] [API] request success agent=Review Manager Agent attempt=1/8 elapsed=8.3s raw_chars=4003
[2026-07-05 20:57:22] [API] request success agent=Review Manager Agent attempt=1/8 elapsed=8.7s raw_chars=3740
[2026-07-05 20:57:22] [API] request success agent=Review Manager Agent attempt=1/8 elapsed=9.1s raw_chars=4020
[2026-07-05 20:57:23] [API] request start agent=Critique Agent attempt=1/8 prompt_chars=10909
[2026-07-05 20:57:25] [API] request success agent=Critique Agent attempt=1/8 elapsed=2.7s raw_chars=832
[2026-07-05 20:57:25] [API] request start agent=Evidence Agent attempt=1/8 prompt_chars=7826[2026-07-05 20:57:25] [API] request start agent=Evidence Agent attempt=1/8 prompt_chars=7822

[2026-07-05 20:57:25] [API] request start agent=Evidence Agent attempt=1/8 prompt_chars=7820
[2026-07-05 20:57:31] [API] request success agent=Evidence Agent attempt=1/8 elapsed=5.6s raw_chars=2711
[2026-07-05 20:57:31] [API] request success agent=Evidence Agent attempt=1/8 elapsed=5.7s raw_chars=2697
[2026-07-05 20:57:32] [API] request success agent=Evidence Agent attempt=1/8 elapsed=6.3s raw_chars=3019
[2026-07-05 20:57:33] [API] request start agent=Review Manager Agent attempt=1/8 prompt_chars=9279[2026-07-05 20:57:33] [API] request start agent=Review Manager Agent attempt=1/8 prompt_chars=9285

[2026-07-05 20:57:33] [API] request start agent=Review Manager Agent attempt=1/8 prompt_chars=9284
[2026-07-05 20:57:33] [API] request start agent=Review Manager Agent attempt=1/8 prompt_chars=9285
[2026-07-05 20:57:40] [API] request success agent=Review Manager Agent attempt=1/8 elapsed=7.5s raw_chars=3365
[2026-07-05 20:57:41] [API] request success agent=Review Manager Agent attempt=1/8 elapsed=8.4s raw_chars=3991
[2026-07-05 20:57:43] [API] request success agent=Review Manager Agent attempt=1/8 elapsed=10.5s raw_chars=4379
[2026-07-05 20:57:44] [API] request success agent=Review Manager Agent attempt=1/8 elapsed=11.5s raw_chars=4496
[2026-07-05 20:57:45] [API] request start agent=Evidence Agent attempt=1/8 prompt_chars=7826
[2026-07-05 20:57:45] [API] request start agent=Evidence Agent attempt=1/8 prompt_chars=7826[2026-07-05 20:57:45] [API] request start agent=Evidence Agent attempt=1/8 prompt_chars=7820

[2026-07-05 20:57:48] [API] request success agent=Evidence Agent attempt=1/8 elapsed=3.7s raw_chars=1453
[2026-07-05 20:57:49] [API] request success agent=Evidence Agent attempt=1/8 elapsed=4.2s raw_chars=1648
[2026-07-05 20:57:50] [API] request success agent=Evidence Agent attempt=1/8 elapsed=5.1s raw_chars=2134
[2026-07-05 20:57:51] [API] request start agent=Review Manager Agent attempt=1/8 prompt_chars=9285[2026-07-05 20:57:51] [API] request start agent=Review Manager Agent attempt=1/8 prompt_chars=9284

[2026-07-05 20:57:51] [API] request start agent=Review Manager Agent attempt=1/8 prompt_chars=9285[2026-07-05 20:57:51] [API] request start agent=Review Manager Agent attempt=1/8 prompt_chars=9285

[2026-07-05 20:57:59] [API] request success agent=Review Manager Agent attempt=1/8 elapsed=8.2s raw_chars=3793
[2026-07-05 20:58:00] [API] request success agent=Review Manager Agent attempt=1/8 elapsed=9.0s raw_chars=4120
[2026-07-05 20:58:01] [API] request success agent=Review Manager Agent attempt=1/8 elapsed=10.5s raw_chars=4777
[2026-07-05 20:58:02] [API] request success agent=Review Manager Agent attempt=1/8 elapsed=11.4s raw_chars=4869
[2026-07-05 20:58:03] [API] request start agent=Critique Agent attempt=1/8 prompt_chars=8030
[2026-07-05 20:58:03] [API] request start agent=Critique Agent attempt=1/8 prompt_chars=10909
[2026-07-05 20:58:03] [API] request start agent=Critique Agent attempt=1/8 prompt_chars=8030
[2026-07-05 20:58:04] [API] request success agent=Critique Agent attempt=1/8 elapsed=1.0s raw_chars=245
[2026-07-05 20:58:06] [API] request success agent=Critique Agent attempt=1/8 elapsed=3.2s raw_chars=1172
[2026-07-05 20:58:06] [API] request success agent=Critique Agent attempt=1/8 elapsed=3.5s raw_chars=827
[2026-07-05 20:58:07] [API] request start agent=Evidence Agent attempt=1/8 prompt_chars=7826
[2026-07-05 20:58:12] [API] request success agent=Evidence Agent attempt=1/8 elapsed=5.7s raw_chars=2462
[2026-07-05 20:58:13] [API] request start agent=Evidence Agent attempt=1/8 prompt_chars=8754
[2026-07-05 20:58:13] [API] request start agent=Evidence Agent attempt=1/8 prompt_chars=8754
[2026-07-05 20:58:15] [API] request success agent=Evidence Agent attempt=1/8 elapsed=1.9s raw_chars=486
[2026-07-05 20:58:15] [API] request success agent=Evidence Agent attempt=1/8 elapsed=2.3s raw_chars=398
[2026-07-05 20:58:17] [API] request start agent=Review Manager Agent attempt=1/8 prompt_chars=9281
[2026-07-05 20:58:17] [API] request start agent=Review Manager Agent attempt=1/8 prompt_chars=9284
[2026-07-05 20:58:17] [API] request start agent=Review Manager Agent attempt=1/8 prompt_chars=9285[2026-07-05 20:58:17] [API] request start agent=Review Manager Agent attempt=1/8 prompt_chars=9285

[2026-07-05 20:58:24] [API] request success agent=Review Manager Agent attempt=1/8 elapsed=7.6s raw_chars=3284
[2026-07-05 20:58:25] [API] request success agent=Review Manager Agent attempt=1/8 elapsed=8.6s raw_chars=3882
[2026-07-05 20:58:26] [API] request success agent=Review Manager Agent attempt=1/8 elapsed=9.2s raw_chars=4224
[2026-07-05 20:58:26] [API] request success agent=Review Manager Agent attempt=1/8 elapsed=9.6s raw_chars=4384
[2026-07-05 20:58:28] [API] request start agent=Critique Agent attempt=1/8 prompt_chars=11672
[2026-07-05 20:58:28] [API] request start agent=Critique Agent attempt=1/8 prompt_chars=11673[2026-07-05 20:58:28] [API] request start agent=Critique Agent attempt=1/8 prompt_chars=8030

[2026-07-05 20:58:29] [API] request success agent=Critique Agent attempt=1/8 elapsed=1.5s raw_chars=402
[2026-07-05 20:58:30] [API] request success agent=Critique Agent attempt=1/8 elapsed=1.6s raw_chars=369
[2026-07-05 20:58:32] [API] request success agent=Critique Agent attempt=1/8 elapsed=3.9s raw_chars=1319
[2026-07-05 20:58:32] [API] request start agent=Evidence Agent attempt=1/8 prompt_chars=7826
[2026-07-05 20:58:36] [API] request success agent=Evidence Agent attempt=1/8 elapsed=3.9s raw_chars=1649
[2026-07-05 20:58:36] [API] request start agent=Evidence Agent attempt=1/8 prompt_chars=8751
[2026-07-05 20:58:38] [API] request success agent=Evidence Agent attempt=1/8 elapsed=1.4s raw_chars=370
[review_reward][unknown][ye3NrNrYOY] reward=0.4963 breakdown={'decision': 0.0, 'section_presence': 1.0, 'length_score': 1.0, 'summary_align': 0.6089, 'strength_align': 0.3299, 'weakness_align': 0.2981, 'suggestion_align': 0.5255, 'global_align': 0.3189, 'critique': 1.0, 'stance_align': 0.7236, 'rating_align': 0.0, 'decision_line_bonus': 0.0, 'audit_id_leak_penalty': 0.0, 'penalty': 0.0, 'total': 0.4963, 'es_coverage': 0.25, 'es_depth': 0.25, 'es_empirical': 0.25, 'es_independent': 0.25, 'es_flaw_density': 0.3333, 'es_support_volume': 0.25, 'evidence_support_score': 0.2625}
[review_reward][unknown][uOrfve3prk] reward=0.6062 breakdown={'decision': 0.0, 'section_presence': 1.0, 'length_score': 1.0, 'summary_align': 0.397, 'strength_align': 0.3325, 'weakness_align': 0.1891, 'suggestion_align': 0.3953, 'global_align': 0.2041, 'critique': 1.0, 'stance_align': 0.6587, 'rating_align': 0.0, 'decision_line_bonus': 0.0, 'audit_id_leak_penalty': 0.0, 'penalty': 0.0, 'total': 0.6062, 'es_coverage': 0.75, 'es_depth': 0.75, 'es_empirical': 0.75, 'es_independent': 0.75, 'es_flaw_density': 0.0, 'es_support_volume': 0.75, 'evidence_support_score': 0.6375}
[2026-07-05 20:58:39] [API] request start agent=Review Manager Agent attempt=1/8 prompt_chars=9285[2026-07-05 20:58:39] [API] request start agent=Review Manager Agent attempt=1/8 prompt_chars=9285

[2026-07-05 20:58:47] [API] request success agent=Review Manager Agent attempt=1/8 elapsed=7.9s raw_chars=3688
[2026-07-05 20:58:49] [API] request success agent=Review Manager Agent attempt=1/8 elapsed=9.9s raw_chars=4406
[2026-07-05 20:58:50] [API] request start agent=Critique Agent attempt=1/8 prompt_chars=11673
[2026-07-05 20:58:50] [API] request start agent=Critique Agent attempt=1/8 prompt_chars=11669
[2026-07-05 20:58:52] [API] request success agent=Critique Agent attempt=1/8 elapsed=1.6s raw_chars=568
[2026-07-05 20:58:54] [API] request success agent=Critique Agent attempt=1/8 elapsed=3.7s raw_chars=1472
[review_reward][unknown][7Dub7UXTXN] reward=0.6553 breakdown={'decision': 0.0, 'section_presence': 1.0, 'length_score': 1.0, 'summary_align': 0.5382, 'strength_align': 0.3309, 'weakness_align': 0.1518, 'suggestion_align': 0.4518, 'global_align': 0.3063, 'critique': 1.0, 'stance_align': 0.5873, 'rating_align': 0.0, 'decision_line_bonus': 0.0, 'audit_id_leak_penalty': 0.0, 'penalty': 0.0, 'total': 0.6553, 'es_coverage': 1.0, 'es_depth': 0.875, 'es_empirical': 0.75, 'es_independent': 0.75, 'es_flaw_density': 0.0, 'es_support_volume': 0.875, 'evidence_support_score': 0.75}
[2026-07-05 20:58:55] [API] request start agent=Review Manager Agent attempt=1/8 prompt_chars=9285
[2026-07-05 20:59:04] [API] request success agent=Review Manager Agent attempt=1/8 elapsed=8.8s raw_chars=4045
[2026-07-05 20:59:04] [API] request start agent=Evidence Agent attempt=1/8 prompt_chars=7819
[2026-07-05 20:59:09] [API] request success agent=Evidence Agent attempt=1/8 elapsed=5.5s raw_chars=2451
[review_reward][unknown][WNxlJJIEVj] reward=0.4825 breakdown={'decision': 0.0, 'section_presence': 1.0, 'length_score': 1.0, 'summary_align': 0.446, 'strength_align': 0.2817, 'weakness_align': 0.2935, 'suggestion_align': 0.5823, 'global_align': 0.2532, 'critique': 1.0, 'stance_align': 0.85, 'rating_align': 0.0, 'decision_line_bonus': 0.0, 'audit_id_leak_penalty': 0.0, 'penalty': 0.0, 'total': 0.4825, 'es_coverage': 0.25, 'es_depth': 0.25, 'es_empirical': 0.25, 'es_independent': 0.25, 'es_flaw_density': 0.0, 'es_support_volume': 0.375, 'evidence_support_score': 0.225}
{"paper_id": "ye3NrNrYOY", "mode": "s4", "reward": 0.49632251765053503, "final_decision": "reject", "model_adapter_mode": "small_model"}
{"paper_id": "WNxlJJIEVj", "mode": "s4", "reward": 0.4825106064806233, "final_decision": "reject", "model_adapter_mode": "small_model"}
{"paper_id": "uOrfve3prk", "mode": "s4", "reward": 0.6062286999603629, "final_decision": "reject", "model_adapter_mode": "small_model"}
{"paper_id": "7Dub7UXTXN", "mode": "s4", "reward": 0.6552647800250871, "final_decision": "reject", "model_adapter_mode": "small_model"}
[2026-07-05 20:59:10] [API] request start agent=Review Manager Agent attempt=1/8 prompt_chars=7533[2026-07-05 20:59:10] [API] request start agent=Review Manager Agent attempt=1/8 prompt_chars=7533
[2026-07-05 20:59:10] [API] request start agent=Review Manager Agent attempt=1/8 prompt_chars=7533
[2026-07-05 20:59:10] [API] request start agent=Review Manager Agent attempt=1/8 prompt_chars=7533

[2026-07-05 20:59:13] [API] request success agent=Review Manager Agent attempt=1/8 elapsed=3.0s raw_chars=972
[2026-07-05 20:59:14] [API] request success agent=Review Manager Agent attempt=1/8 elapsed=3.8s raw_chars=1113
[2026-07-05 20:59:15] [API] request success agent=Review Manager Agent attempt=1/8 elapsed=5.2s raw_chars=1507
[2026-07-05 20:59:18] [API] request success agent=Review Manager Agent attempt=1/8 elapsed=8.5s raw_chars=3074
[2026-07-05 20:59:19] [API] request start agent=Claim Agent attempt=1/8 prompt_chars=8712[2026-07-05 20:59:19] [API] request start agent=Claim Agent attempt=1/8 prompt_chars=8712
[2026-07-05 20:59:19] [API] request start agent=Claim Agent attempt=1/8 prompt_chars=8710
[2026-07-05 20:59:19] [API] request start agent=Claim Agent attempt=1/8 prompt_chars=8712

[2026-07-05 20:59:24] [API] request success agent=Claim Agent attempt=1/8 elapsed=5.1s raw_chars=1872
[2026-07-05 20:59:24] [API] request success agent=Claim Agent attempt=1/8 elapsed=5.4s raw_chars=2298
[2026-07-05 20:59:24] [API] request success agent=Claim Agent attempt=1/8 elapsed=5.6s raw_chars=2308
[2026-07-05 20:59:26] [API] request success agent=Claim Agent attempt=1/8 elapsed=7.3s raw_chars=3071
[2026-07-05 20:59:27] [API] request start agent=Review Manager Agent attempt=1/8 prompt_chars=9285[2026-07-05 20:59:27] [API] request start agent=Review Manager Agent attempt=1/8 prompt_chars=9280[2026-07-05 20:59:27] [API] request start agent=Review Manager Agent attempt=1/8 prompt_chars=9285


[2026-07-05 20:59:27] [API] request start agent=Review Manager Agent attempt=1/8 prompt_chars=9285
[2026-07-05 20:59:34] [API] request success agent=Review Manager Agent attempt=1/8 elapsed=6.7s raw_chars=2864
[2026-07-05 20:59:35] [API] request success agent=Review Manager Agent attempt=1/8 elapsed=8.5s raw_chars=3540
[2026-07-05 20:59:36] [API] request success agent=Review Manager Agent attempt=1/8 elapsed=8.9s raw_chars=3818
[2026-07-05 20:59:36] [API] request success agent=Review Manager Agent attempt=1/8 elapsed=8.9s raw_chars=3958
[2026-07-05 20:59:37] [API] request start agent=Critique Agent attempt=1/8 prompt_chars=10909[2026-07-05 20:59:37] [API] request start agent=Critique Agent attempt=1/8 prompt_chars=10908

[2026-07-05 20:59:37] [API] request start agent=Critique Agent attempt=1/8 prompt_chars=10909
[2026-07-05 20:59:39] [API] request success agent=Critique Agent attempt=1/8 elapsed=2.8s raw_chars=854
[2026-07-05 20:59:40] [API] request success agent=Critique Agent attempt=1/8 elapsed=3.4s raw_chars=907
[2026-07-05 20:59:41] [API] request success agent=Critique Agent attempt=1/8 elapsed=4.6s raw_chars=1440
[2026-07-05 20:59:42] [API] request start agent=Evidence Agent attempt=1/8 prompt_chars=7826
[2026-07-05 20:59:48] [API] request success agent=Evidence Agent attempt=1/8 elapsed=6.8s raw_chars=2805
[2026-07-05 20:59:49] [API] request start agent=Review Manager Agent attempt=1/8 prompt_chars=9285[2026-07-05 20:59:49] [API] request start agent=Review Manager Agent attempt=1/8 prompt_chars=9285

[2026-07-05 20:59:49] [API] request start agent=Review Manager Agent attempt=1/8 prompt_chars=9285
[2026-07-05 20:59:49] [API] request start agent=Review Manager Agent attempt=1/8 prompt_chars=9285
[2026-07-05 20:59:58] [API] request success agent=Review Manager Agent attempt=1/8 elapsed=8.5s raw_chars=3769
[2026-07-05 20:59:58] [API] request success agent=Review Manager Agent attempt=1/8 elapsed=8.6s raw_chars=3570
[2026-07-05 20:59:58] [API] request success agent=Review Manager Agent attempt=1/8 elapsed=8.7s raw_chars=3921
[2026-07-05 21:00:00] [API] request success agent=Review Manager Agent attempt=1/8 elapsed=10.4s raw_chars=4789
[2026-07-05 21:00:01] [API] request start agent=Evidence Agent attempt=1/8 prompt_chars=7826
[2026-07-05 21:00:01] [API] request start agent=Evidence Agent attempt=1/8 prompt_chars=7825
[2026-07-05 21:00:01] [API] request start agent=Evidence Agent attempt=1/8 prompt_chars=7826
[2026-07-05 21:00:05] [API] request success agent=Evidence Agent attempt=1/8 elapsed=4.6s raw_chars=1420
[2026-07-05 21:00:06] [API] request success agent=Evidence Agent attempt=1/8 elapsed=5.7s raw_chars=1494
[2026-07-05 21:00:09] [API] request success agent=Evidence Agent attempt=1/8 elapsed=8.0s raw_chars=2135
[2026-07-05 21:00:09] [API] request start agent=Critique Agent attempt=1/8 prompt_chars=11673
[2026-07-05 21:00:12] [API] request success agent=Critique Agent attempt=1/8 elapsed=3.7s raw_chars=1214
[2026-07-05 21:00:13] [API] request start agent=Review Manager Agent attempt=1/8 prompt_chars=9285[2026-07-05 21:00:13] [API] request start agent=Review Manager Agent attempt=1/8 prompt_chars=9285

[2026-07-05 21:00:13] [API] request start agent=Review Manager Agent attempt=1/8 prompt_chars=9285
[2026-07-05 21:00:13] [API] request start agent=Review Manager Agent attempt=1/8 prompt_chars=9285
[2026-07-05 21:00:24] [API] request success agent=Review Manager Agent attempt=1/8 elapsed=10.2s raw_chars=3727
[2026-07-05 21:00:24] [API] request success agent=Review Manager Agent attempt=1/8 elapsed=10.3s raw_chars=3769
[2026-07-05 21:00:24] [API] request success agent=Review Manager Agent attempt=1/8 elapsed=10.8s raw_chars=4082
[2026-07-05 21:00:30] [API] request success agent=Review Manager Agent attempt=1/8 elapsed=16.1s raw_chars=6072
[2026-07-05 21:00:30] [API] request start agent=Critique Agent attempt=1/8 prompt_chars=8030[2026-07-05 21:00:30] [API] request start agent=Critique Agent attempt=1/8 prompt_chars=11673

[2026-07-05 21:00:30] [API] request start agent=Critique Agent attempt=1/8 prompt_chars=8030
[2026-07-05 21:00:33] [API] request success agent=Critique Agent attempt=1/8 elapsed=2.8s raw_chars=461
[2026-07-05 21:00:35] [API] request success agent=Critique Agent attempt=1/8 elapsed=4.3s raw_chars=528
[2026-07-05 21:00:36] [API] request success agent=Critique Agent attempt=1/8 elapsed=5.4s raw_chars=668
[2026-07-05 21:00:36] [API] request start agent=Evidence Agent attempt=1/8 prompt_chars=7826
[2026-07-05 21:00:39] [API] request success agent=Evidence Agent attempt=1/8 elapsed=2.6s raw_chars=610
[2026-07-05 21:00:39] [API] request start agent=Evidence Agent attempt=1/8 prompt_chars=8754[2026-07-05 21:00:39] [API] request start agent=Evidence Agent attempt=1/8 prompt_chars=8754

[2026-07-05 21:00:42] [API] request success agent=Evidence Agent attempt=1/8 elapsed=2.8s raw_chars=442
[2026-07-05 21:00:44] [API] request success agent=Evidence Agent attempt=1/8 elapsed=4.6s raw_chars=451
[2026-07-05 21:00:46] [API] request start agent=Review Manager Agent attempt=1/8 prompt_chars=9284[2026-07-05 21:00:46] [API] request start agent=Review Manager Agent attempt=1/8 prompt_chars=9285

[2026-07-05 21:00:46] [API] request start agent=Review Manager Agent attempt=1/8 prompt_chars=9285[2026-07-05 21:00:46] [API] request start agent=Review Manager Agent attempt=1/8 prompt_chars=9283

[2026-07-05 21:00:55] [API] request success agent=Review Manager Agent attempt=1/8 elapsed=9.1s raw_chars=3369
[2026-07-05 21:00:56] [API] request success agent=Review Manager Agent attempt=1/8 elapsed=9.2s raw_chars=3709
[2026-07-05 21:00:56] [API] request success agent=Review Manager Agent attempt=1/8 elapsed=9.6s raw_chars=4151
[2026-07-05 21:00:58] [API] request success agent=Review Manager Agent attempt=1/8 elapsed=11.3s raw_chars=4186
[2026-07-05 21:01:00] [API] request start agent=Critique Agent attempt=1/8 prompt_chars=11673[2026-07-05 21:01:00] [API] request start agent=Critique Agent attempt=1/8 prompt_chars=11673

[2026-07-05 21:01:00] [API] request start agent=Critique Agent attempt=1/8 prompt_chars=8030[2026-07-05 21:01:00] [API] request start agent=Critique Agent attempt=1/8 prompt_chars=8030

[2026-07-05 21:01:01] [API] request success agent=Critique Agent attempt=1/8 elapsed=1.7s raw_chars=474
[2026-07-05 21:01:05] [API] request success agent=Critique Agent attempt=1/8 elapsed=4.9s raw_chars=581
[2026-07-05 21:01:05] [API] request success agent=Critique Agent attempt=1/8 elapsed=5.2s raw_chars=1524
[2026-07-05 21:01:05] [API] request success agent=Critique Agent attempt=1/8 elapsed=5.3s raw_chars=486
[2026-07-05 21:01:06] [API] request start agent=Evidence Agent attempt=1/8 prompt_chars=8753
[2026-07-05 21:01:06] [API] request start agent=Evidence Agent attempt=1/8 prompt_chars=8754
[2026-07-05 21:01:08] [API] request success agent=Evidence Agent attempt=1/8 elapsed=2.2s raw_chars=513
[2026-07-05 21:01:09] [API] request success agent=Evidence Agent attempt=1/8 elapsed=2.5s raw_chars=650
[review_reward][unknown][9zEBK3E9bX] reward=0.5059 breakdown={'decision': 0.0, 'section_presence': 1.0, 'length_score': 1.0, 'summary_align': 0.5794, 'strength_align': 0.4102, 'weakness_align': 0.2648, 'suggestion_align': 0.4528, 'global_align': 0.3235, 'critique': 1.0, 'stance_align': 0.8617, 'rating_align': 0.0, 'decision_line_bonus': 0.0, 'audit_id_leak_penalty': 0.0, 'penalty': 0.0, 'total': 0.5059, 'es_coverage': 0.25, 'es_depth': 0.25, 'es_empirical': 0.25, 'es_independent': 0.25, 'es_flaw_density': 0.3333, 'es_support_volume': 0.25, 'evidence_support_score': 0.2625}
[2026-07-05 21:01:12] [API] request start agent=Review Manager Agent attempt=1/8 prompt_chars=9285
[2026-07-05 21:01:12] [API] request start agent=Review Manager Agent attempt=1/8 prompt_chars=9285[2026-07-05 21:01:12] [API] request start agent=Review Manager Agent attempt=1/8 prompt_chars=9285

[2026-07-05 21:01:20] [API] request success agent=Review Manager Agent attempt=1/8 elapsed=8.4s raw_chars=3024
[2026-07-05 21:01:23] [API] request success agent=Review Manager Agent attempt=1/8 elapsed=10.7s raw_chars=3673
[2026-07-05 21:01:23] [API] request success agent=Review Manager Agent attempt=1/8 elapsed=10.8s raw_chars=3869
[2026-07-05 21:01:24] [API] request start agent=Critique Agent attempt=1/8 prompt_chars=11672[2026-07-05 21:01:24] [API] request start agent=Critique Agent attempt=1/8 prompt_chars=8030

[2026-07-05 21:01:26] [API] request success agent=Critique Agent attempt=1/8 elapsed=1.9s raw_chars=475
[2026-07-05 21:01:26] [API] request success agent=Critique Agent attempt=1/8 elapsed=2.4s raw_chars=414
[2026-07-05 21:01:26] [API] request start agent=Evidence Agent attempt=1/8 prompt_chars=7825
[2026-07-05 21:01:31] [API] request success agent=Evidence Agent attempt=1/8 elapsed=5.1s raw_chars=2007
[2026-07-05 21:01:32] [API] request start agent=Evidence Agent attempt=1/8 prompt_chars=8754
[2026-07-05 21:01:36] [API] request success agent=Evidence Agent attempt=1/8 elapsed=4.4s raw_chars=679
[2026-07-05 21:01:37] [API] request start agent=Review Manager Agent attempt=1/8 prompt_chars=9285
[2026-07-05 21:01:37] [API] request start agent=Review Manager Agent attempt=1/8 prompt_chars=9285[2026-07-05 21:01:37] [API] request start agent=Review Manager Agent attempt=1/8 prompt_chars=9285

[2026-07-05 21:01:46] [API] request success agent=Review Manager Agent attempt=1/8 elapsed=8.8s raw_chars=3762
[2026-07-05 21:01:46] [API] request success agent=Review Manager Agent attempt=1/8 elapsed=9.0s raw_chars=3791
[2026-07-05 21:01:56] [API] request success agent=Review Manager Agent attempt=1/8 elapsed=18.8s raw_chars=7410
[2026-07-05 21:01:57] [API] request start agent=Evidence Agent attempt=1/8 prompt_chars=7826
[2026-07-05 21:01:57] [API] request start agent=Evidence Agent attempt=1/8 prompt_chars=7826[2026-07-05 21:01:57] [API] request start agent=Evidence Agent attempt=1/8 prompt_chars=7825

[2026-07-05 21:02:01] [API] request success agent=Evidence Agent attempt=1/8 elapsed=4.1s raw_chars=1444
[2026-07-05 21:02:04] [API] request success agent=Evidence Agent attempt=1/8 elapsed=7.3s raw_chars=2178
[2026-07-05 21:02:07] [API] request success agent=Evidence Agent attempt=1/8 elapsed=10.1s raw_chars=2567
[review_reward][unknown][XyB4VvF01X] reward=0.5606 breakdown={'decision': 0.0, 'section_presence': 1.0, 'length_score': 1.0, 'summary_align': 0.5639, 'strength_align': 0.3424, 'weakness_align': 0.2317, 'suggestion_align': 0.4277, 'global_align': 0.2638, 'critique': 1.0, 'stance_align': 0.7083, 'rating_align': 0.0, 'decision_line_bonus': 0.0, 'audit_id_leak_penalty': 0.0, 'penalty': 0.0, 'total': 0.5606, 'es_coverage': 0.6667, 'es_depth': 0.5, 'es_empirical': 0.3333, 'es_independent': 0.3333, 'es_flaw_density': 0.0, 'es_support_volume': 0.8333, 'evidence_support_score': 0.4667}
[review_reward][unknown][GE6iywJtsV] reward=0.3750 breakdown={'decision': 0.0, 'section_presence': 1.0, 'length_score': 1.0, 'summary_align': 0.4865, 'strength_align': 0.4261, 'weakness_align': 0.2238, 'suggestion_align': 0.4632, 'global_align': 0.2845, 'critique': 1.0, 'stance_align': 0.496, 'rating_align': 0.0, 'decision_line_bonus': 0.0, 'audit_id_leak_penalty': 0.0, 'penalty': 0.0, 'total': 0.375, 'es_coverage': 0.0, 'es_depth': 0.0, 'es_empirical': 0.0, 'es_independent': 0.0, 'es_flaw_density': 0.3333, 'es_support_volume': 0.0, 'evidence_support_score': 0.05}
[review_reward][unknown][WpXq5n8yLb] reward=0.6469 breakdown={'decision': 0.0, 'section_presence': 1.0, 'length_score': 0.9342, 'summary_align': 0.2612, 'strength_align': 0.3752, 'weakness_align': 0.2531, 'suggestion_align': 0.4243, 'global_align': 0.2644, 'critique': 1.0, 'stance_align': 0.7395, 'rating_align': 0.0, 'decision_line_bonus': 0.0, 'audit_id_leak_penalty': 0.0, 'penalty': 0.0, 'total': 0.6469, 'es_coverage': 0.8, 'es_depth': 0.8, 'es_empirical': 0.8, 'es_independent': 0.0, 'es_flaw_density': 1.0, 'es_support_volume': 0.4, 'evidence_support_score': 0.71}
{"paper_id": "9zEBK3E9bX", "mode": "s4", "reward": 0.5059449772114832, "final_decision": "reject", "model_adapter_mode": "small_model"}
{"paper_id": "XyB4VvF01X", "mode": "s4", "reward": 0.5605648871601129, "final_decision": "reject", "model_adapter_mode": "small_model"}
{"paper_id": "GE6iywJtsV", "mode": "s4", "reward": 0.37499387799070055, "final_decision": "reject", "model_adapter_mode": "small_model"}
{"paper_id": "WpXq5n8yLb", "mode": "s4", "reward": 0.6468853326787112, "final_decision": "reject", "model_adapter_mode": "small_model"}
[2026-07-05 21:02:09] [API] request start agent=Review Manager Agent attempt=1/8 prompt_chars=7533
[2026-07-05 21:02:09] [API] request start agent=Review Manager Agent attempt=1/8 prompt_chars=7533
[2026-07-05 21:02:09] [API] request start agent=Review Manager Agent attempt=1/8 prompt_chars=7533
[2026-07-05 21:02:09] [API] request start agent=Review Manager Agent attempt=1/8 prompt_chars=7533
[2026-07-05 21:02:14] [API] request success agent=Review Manager Agent attempt=1/8 elapsed=5.1s raw_chars=1501
[2026-07-05 21:02:16] [API] request success agent=Review Manager Agent attempt=1/8 elapsed=6.5s raw_chars=1331
[2026-07-05 21:02:16] [API] request success agent=Review Manager Agent attempt=1/8 elapsed=6.5s raw_chars=1411
[2026-07-05 21:02:22] [API] request success agent=Review Manager Agent attempt=1/8 elapsed=13.2s raw_chars=5129
[2026-07-05 21:02:23] [API] request start agent=Claim Agent attempt=1/8 prompt_chars=8712
[2026-07-05 21:02:23] [API] request start agent=Claim Agent attempt=1/8 prompt_chars=8712[2026-07-05 21:02:23] [API] request start agent=Claim Agent attempt=1/8 prompt_chars=8712

[2026-07-05 21:02:23] [API] request start agent=Claim Agent attempt=1/8 prompt_chars=8712
[2026-07-05 21:02:29] [API] request success agent=Claim Agent attempt=1/8 elapsed=6.0s raw_chars=2230
[2026-07-05 21:02:30] [API] request success agent=Claim Agent attempt=1/8 elapsed=7.0s raw_chars=2789
[2026-07-05 21:02:30] [API] request success agent=Claim Agent attempt=1/8 elapsed=7.1s raw_chars=2359
[2026-07-05 21:02:30] [API] request success agent=Claim Agent attempt=1/8 elapsed=7.1s raw_chars=2519
[2026-07-05 21:02:31] [API] request start agent=Review Manager Agent attempt=1/8 prompt_chars=9285[2026-07-05 21:02:31] [API] request start agent=Review Manager Agent attempt=1/8 prompt_chars=9285

[2026-07-05 21:02:31] [API] request start agent=Review Manager Agent attempt=1/8 prompt_chars=9285[2026-07-05 21:02:31] [API] request start agent=Review Manager Agent attempt=1/8 prompt_chars=9285

[2026-07-05 21:02:39] [API] request success agent=Review Manager Agent attempt=1/8 elapsed=8.8s raw_chars=3551
[2026-07-05 21:02:40] [API] request success agent=Review Manager Agent attempt=1/8 elapsed=9.2s raw_chars=3545
[2026-07-05 21:02:40] [API] request success agent=Review Manager Agent attempt=1/8 elapsed=9.7s raw_chars=3682
[2026-07-05 21:02:41] [API] request success agent=Review Manager Agent attempt=1/8 elapsed=9.9s raw_chars=3675
[2026-07-05 21:02:42] [API] request start agent=Critique Agent attempt=1/8 prompt_chars=10909
[2026-07-05 21:02:42] [API] request start agent=Critique Agent attempt=1/8 prompt_chars=10909[2026-07-05 21:02:42] [API] request start agent=Critique Agent attempt=1/8 prompt_chars=10909

[2026-07-05 21:02:45] [API] request success agent=Critique Agent attempt=1/8 elapsed=3.5s raw_chars=1067
[2026-07-05 21:02:46] [API] request success agent=Critique Agent attempt=1/8 elapsed=4.1s raw_chars=1229
[2026-07-05 21:02:48] [API] request success agent=Critique Agent attempt=1/8 elapsed=6.0s raw_chars=1865
[2026-07-05 21:02:48] [API] request start agent=Evidence Agent attempt=1/8 prompt_chars=7826
[2026-07-05 21:02:55] [API] request success agent=Evidence Agent attempt=1/8 elapsed=7.8s raw_chars=2904
[2026-07-05 21:02:57] [API] request start agent=Review Manager Agent attempt=1/8 prompt_chars=9285
[2026-07-05 21:02:57] [API] request start agent=Review Manager Agent attempt=1/8 prompt_chars=9285[2026-07-05 21:02:57] [API] request start agent=Review Manager Agent attempt=1/8 prompt_chars=9284
[2026-07-05 21:02:57] [API] request start agent=Review Manager Agent attempt=1/8 prompt_chars=9285

[2026-07-05 21:03:04] [API] request success agent=Review Manager Agent attempt=1/8 elapsed=7.4s raw_chars=3693
[2026-07-05 21:03:06] [API] request success agent=Review Manager Agent attempt=1/8 elapsed=9.0s raw_chars=4162
[2026-07-05 21:03:07] [API] request success agent=Review Manager Agent attempt=1/8 elapsed=10.0s raw_chars=3638
[2026-07-05 21:03:08] [API] request success agent=Review Manager Agent attempt=1/8 elapsed=11.3s raw_chars=60
[2026-07-05 21:03:09] [API] request start agent=Evidence Agent attempt=1/8 prompt_chars=7826
[2026-07-05 21:03:09] [API] request start agent=Evidence Agent attempt=1/8 prompt_chars=7826[2026-07-05 21:03:09] [API] request start agent=Evidence Agent attempt=1/8 prompt_chars=8593[2026-07-05 21:03:09] [API] request start agent=Evidence Agent attempt=1/8 prompt_chars=7825


[2026-07-05 21:03:11] [API] request success agent=Evidence Agent attempt=1/8 elapsed=2.4s raw_chars=473
[2026-07-05 21:03:12] [API] request success agent=Evidence Agent attempt=1/8 elapsed=3.1s raw_chars=932
[2026-07-05 21:03:14] [API] request success agent=Evidence Agent attempt=1/8 elapsed=5.3s raw_chars=2029
[2026-07-05 21:03:16] [API] request success agent=Evidence Agent attempt=1/8 elapsed=7.2s raw_chars=2741
[2026-07-05 21:03:17] [API] request start agent=Review Manager Agent attempt=1/8 prompt_chars=9285
[2026-07-05 21:03:17] [API] request start agent=Review Manager Agent attempt=1/8 prompt_chars=9284
[2026-07-05 21:03:17] [API] request start agent=Review Manager Agent attempt=1/8 prompt_chars=9285
[2026-07-05 21:03:17] [API] request start agent=Review Manager Agent attempt=1/8 prompt_chars=9285
[2026-07-05 21:03:27] [API] request success agent=Review Manager Agent attempt=1/8 elapsed=9.2s raw_chars=3528
[2026-07-05 21:03:27] [API] request success agent=Review Manager Agent attempt=1/8 elapsed=9.8s raw_chars=4110
[2026-07-05 21:03:28] [API] request success agent=Review Manager Agent attempt=1/8 elapsed=10.7s raw_chars=4230
[2026-07-05 21:03:29] [API] request success agent=Review Manager Agent attempt=1/8 elapsed=11.3s raw_chars=4657
[2026-07-05 21:03:30] [API] request start agent=Critique Agent attempt=1/8 prompt_chars=8030
[2026-07-05 21:03:30] [API] request start agent=Critique Agent attempt=1/8 prompt_chars=8030[2026-07-05 21:03:30] [API] request start agent=Critique Agent attempt=1/8 prompt_chars=11673

[2026-07-05 21:03:32] [API] request success agent=Critique Agent attempt=1/8 elapsed=2.0s raw_chars=385
[2026-07-05 21:03:32] [API] request success agent=Critique Agent attempt=1/8 elapsed=2.0s raw_chars=395
[2026-07-05 21:03:32] [API] request success agent=Critique Agent attempt=1/8 elapsed=2.3s raw_chars=506
[2026-07-05 21:03:34] [API] request start agent=Evidence Agent attempt=1/8 prompt_chars=7825
[2026-07-05 21:03:39] [API] request success agent=Evidence Agent attempt=1/8 elapsed=4.5s raw_chars=2311
[2026-07-05 21:03:40] [API] request start agent=Evidence Agent attempt=1/8 prompt_chars=8544
[2026-07-05 21:03:40] [API] request start agent=Evidence Agent attempt=1/8 prompt_chars=8747
[2026-07-05 21:03:43] [API] request success agent=Evidence Agent attempt=1/8 elapsed=3.2s raw_chars=719
[2026-07-05 21:03:44] [API] request success agent=Evidence Agent attempt=1/8 elapsed=3.9s raw_chars=872
[2026-07-05 21:03:49] [API] request start agent=Review Manager Agent attempt=1/8 prompt_chars=9285[2026-07-05 21:03:49] [API] request start agent=Review Manager Agent attempt=1/8 prompt_chars=9285

[2026-07-05 21:03:49] [API] request start agent=Review Manager Agent attempt=1/8 prompt_chars=9285
[2026-07-05 21:03:49] [API] request start agent=Review Manager Agent attempt=1/8 prompt_chars=9285
[2026-07-05 21:03:56] [API] request success agent=Review Manager Agent attempt=1/8 elapsed=7.5s raw_chars=3415
[2026-07-05 21:03:57] [API] request success agent=Review Manager Agent attempt=1/8 elapsed=8.0s raw_chars=3668
[2026-07-05 21:04:02] [API] request success agent=Review Manager Agent attempt=1/8 elapsed=12.9s raw_chars=5891
[2026-07-05 21:04:02] [API] request success agent=Review Manager Agent attempt=1/8 elapsed=13.8s raw_chars=5873
[2026-07-05 21:04:04] [API] request start agent=Critique Agent attempt=1/8 prompt_chars=8029
[2026-07-05 21:04:04] [API] request start agent=Critique Agent attempt=1/8 prompt_chars=11673[2026-07-05 21:04:04] [API] request start agent=Critique Agent attempt=1/8 prompt_chars=11673

[2026-07-05 21:04:07] [API] request success agent=Critique Agent attempt=1/8 elapsed=2.6s raw_chars=1025
[2026-07-05 21:04:07] [API] request success agent=Critique Agent attempt=1/8 elapsed=2.7s raw_chars=593
[2026-07-05 21:04:08] [API] request success agent=Critique Agent attempt=1/8 elapsed=4.1s raw_chars=1188
[2026-07-05 21:04:08] [API] request start agent=Evidence Agent attempt=1/8 prompt_chars=7826
[2026-07-05 21:04:13] [API] request success agent=Evidence Agent attempt=1/8 elapsed=4.5s raw_chars=1852
[2026-07-05 21:04:13] [API] request start agent=Evidence Agent attempt=1/8 prompt_chars=8549
[2026-07-05 21:04:17] [API] request success agent=Evidence Agent attempt=1/8 elapsed=3.7s raw_chars=1252
[2026-07-05 21:04:20] [API] request start agent=Review Manager Agent attempt=1/8 prompt_chars=9285[2026-07-05 21:04:20] [API] request start agent=Review Manager Agent attempt=1/8 prompt_chars=9285

[2026-07-05 21:04:20] [API] request start agent=Review Manager Agent attempt=1/8 prompt_chars=9285
[2026-07-05 21:04:28] [API] request success agent=Review Manager Agent attempt=1/8 elapsed=8.5s raw_chars=3453
[2026-07-05 21:04:29] [API] request success agent=Review Manager Agent attempt=1/8 elapsed=9.1s raw_chars=3466
[2026-07-05 21:04:32] [API] request success agent=Review Manager Agent attempt=1/8 elapsed=12.8s raw_chars=5095
[2026-07-05 21:04:34] [API] request start agent=Critique Agent attempt=1/8 prompt_chars=8030
[2026-07-05 21:04:34] [API] request start agent=Critique Agent attempt=1/8 prompt_chars=11673[2026-07-05 21:04:34] [API] request start agent=Critique Agent attempt=1/8 prompt_chars=8030

[2026-07-05 21:04:36] [API] request success agent=Critique Agent attempt=1/8 elapsed=2.2s raw_chars=541
[2026-07-05 21:04:36] [API] request success agent=Critique Agent attempt=1/8 elapsed=2.4s raw_chars=695
[2026-07-05 21:04:36] [API] request success agent=Critique Agent attempt=1/8 elapsed=2.8s raw_chars=579
[2026-07-05 21:04:37] [API] request start agent=Evidence Agent attempt=1/8 prompt_chars=8550[2026-07-05 21:04:37] [API] request start agent=Evidence Agent attempt=1/8 prompt_chars=8754

[2026-07-05 21:04:40] [API] request success agent=Evidence Agent attempt=1/8 elapsed=2.2s raw_chars=566
[2026-07-05 21:04:42] [API] request success agent=Evidence Agent attempt=1/8 elapsed=4.3s raw_chars=1539
[2026-07-05 21:04:44] [API] request start agent=Review Manager Agent attempt=1/8 prompt_chars=9285[2026-07-05 21:04:44] [API] request start agent=Review Manager Agent attempt=1/8 prompt_chars=9285

[2026-07-05 21:04:44] [API] request start agent=Review Manager Agent attempt=1/8 prompt_chars=9285
[2026-07-05 21:04:54] [API] request success agent=Review Manager Agent attempt=1/8 elapsed=10.0s raw_chars=4736
[2026-07-05 21:04:55] [API] request success agent=Review Manager Agent attempt=1/8 elapsed=10.6s raw_chars=4793
[2026-07-05 21:04:58] [API] request success agent=Review Manager Agent attempt=1/8 elapsed=13.7s raw_chars=5602
[2026-07-05 21:04:59] [API] request start agent=Evidence Agent attempt=1/8 prompt_chars=7826
[2026-07-05 21:04:59] [API] request start agent=Evidence Agent attempt=1/8 prompt_chars=7826
[2026-07-05 21:04:59] [API] request start agent=Evidence Agent attempt=1/8 prompt_chars=7826
[2026-07-05 21:05:01] [API] request success agent=Evidence Agent attempt=1/8 elapsed=2.2s raw_chars=604
[2026-07-05 21:05:05] [API] request success agent=Evidence Agent attempt=1/8 elapsed=6.0s raw_chars=2537
[2026-07-05 21:05:06] [API] request success agent=Evidence Agent attempt=1/8 elapsed=7.3s raw_chars=2551
{"paper_id": "NnExMNiTHw", "mode": "s4", "reward": 0.415987188435587, "final_decision": "reject", "model_adapter_mode": "small_model"}
{"paper_id": "a6SntIisgg", "mode": "s4", "reward": 0.425190864423715, "final_decision": "reject", "model_adapter_mode": "small_model"}
{"paper_id": "cklg91aPGk", "mode": "s4", "reward": 0.7260279112516095, "final_decision": "reject", "model_adapter_mode": "small_model"}
{"paper_id": "HPuLU6q7xq", "mode": "s4", "reward": 0.4771674123579964, "final_decision": "reject", "model_adapter_mode": "small_model"}
[2026-07-05 21:05:08] [API] request start agent=Review Manager Agent attempt=1/8 prompt_chars=7533[2026-07-05 21:05:08] [API] request start agent=Review Manager Agent attempt=1/8 prompt_chars=7533

[2026-07-05 21:05:08] [API] request start agent=Review Manager Agent attempt=1/8 prompt_chars=7533
[2026-07-05 21:05:08] [API] request start agent=Review Manager Agent attempt=1/8 prompt_chars=7533
[2026-07-05 21:05:12] [API] request success agent=Review Manager Agent attempt=1/8 elapsed=3.7s raw_chars=1029
[2026-07-05 21:05:13] [API] request success agent=Review Manager Agent attempt=1/8 elapsed=4.8s raw_chars=1213
[2026-07-05 21:05:14] [API] request success agent=Review Manager Agent attempt=1/8 elapsed=5.8s raw_chars=1449
[2026-07-05 21:05:18] [API] request success agent=Review Manager Agent attempt=1/8 elapsed=9.7s raw_chars=3253
[2026-07-05 21:05:18] [API] request start agent=Claim Agent attempt=1/8 prompt_chars=8712
[2026-07-05 21:05:18] [API] request start agent=Claim Agent attempt=1/8 prompt_chars=8712[2026-07-05 21:05:18] [API] request start agent=Claim Agent attempt=1/8 prompt_chars=8712

[2026-07-05 21:05:18] [API] request start agent=Claim Agent attempt=1/8 prompt_chars=8712
[2026-07-05 21:05:26] [API] request success agent=Claim Agent attempt=1/8 elapsed=7.5s raw_chars=2374
[2026-07-05 21:05:26] [API] request success agent=Claim Agent attempt=1/8 elapsed=8.0s raw_chars=2038
[2026-07-05 21:05:26] [API] request success agent=Claim Agent attempt=1/8 elapsed=8.1s raw_chars=2243
[2026-07-05 21:05:27] [API] request success agent=Claim Agent attempt=1/8 elapsed=8.9s raw_chars=3683
[2026-07-05 21:05:28] [API] request start agent=Review Manager Agent attempt=1/8 prompt_chars=9285[2026-07-05 21:05:28] [API] request start agent=Review Manager Agent attempt=1/8 prompt_chars=9280

[2026-07-05 21:05:28] [API] request start agent=Review Manager Agent attempt=1/8 prompt_chars=9285
[2026-07-05 21:05:28] [API] request start agent=Review Manager Agent attempt=1/8 prompt_chars=9285
[2026-07-05 21:05:37] [API] request success agent=Review Manager Agent attempt=1/8 elapsed=8.7s raw_chars=3732
[2026-07-05 21:05:37] [API] request success agent=Review Manager Agent attempt=1/8 elapsed=8.9s raw_chars=3685
[2026-07-05 21:05:37] [API] request success agent=Review Manager Agent attempt=1/8 elapsed=9.4s raw_chars=4091
[2026-07-05 21:05:38] [API] request success agent=Review Manager Agent attempt=1/8 elapsed=10.0s raw_chars=4148
[2026-07-05 21:05:40] [API] request start agent=Critique Agent attempt=1/8 prompt_chars=10909[2026-07-05 21:05:40] [API] request start agent=Critique Agent attempt=1/8 prompt_chars=10904
[2026-07-05 21:05:40] [API] request start agent=Critique Agent attempt=1/8 prompt_chars=10908

[2026-07-05 21:05:43] [API] request success agent=Critique Agent attempt=1/8 elapsed=2.3s raw_chars=731
[2026-07-05 21:05:43] [API] request success agent=Critique Agent attempt=1/8 elapsed=2.5s raw_chars=773
[2026-07-05 21:05:44] [API] request success agent=Critique Agent attempt=1/8 elapsed=3.2s raw_chars=1098
[2026-07-05 21:05:44] [API] request start agent=Evidence Agent attempt=1/8 prompt_chars=7826
[2026-07-05 21:05:49] [API] request success agent=Evidence Agent attempt=1/8 elapsed=5.0s raw_chars=2426
[2026-07-05 21:05:51] [API] request start agent=Review Manager Agent attempt=1/8 prompt_chars=9285[2026-07-05 21:05:51] [API] request start agent=Review Manager Agent attempt=1/8 prompt_chars=9285

[2026-07-05 21:05:51] [API] request start agent=Review Manager Agent attempt=1/8 prompt_chars=9284
[2026-07-05 21:05:51] [API] request start agent=Review Manager Agent attempt=1/8 prompt_chars=9285
[2026-07-05 21:05:58] [API] request success agent=Review Manager Agent attempt=1/8 elapsed=6.5s raw_chars=3034
[2026-07-05 21:06:00] [API] request success agent=Review Manager Agent attempt=1/8 elapsed=9.1s raw_chars=3932
[2026-07-05 21:06:00] [API] request success agent=Review Manager Agent attempt=1/8 elapsed=9.4s raw_chars=4111
[2026-07-05 21:06:01] [API] request success agent=Review Manager Agent attempt=1/8 elapsed=10.1s raw_chars=4435
[2026-07-05 21:06:03] [API] request start agent=Critique Agent attempt=1/8 prompt_chars=11673
[2026-07-05 21:06:03] [API] request start agent=Critique Agent attempt=1/8 prompt_chars=10909
[2026-07-05 21:06:07] [API] request success agent=Critique Agent attempt=1/8 elapsed=4.1s raw_chars=1055
[2026-07-05 21:06:08] [API] request success agent=Critique Agent attempt=1/8 elapsed=4.8s raw_chars=1384
[2026-07-05 21:06:08] [API] request start agent=Evidence Agent attempt=1/8 prompt_chars=7826[2026-07-05 21:06:08] [API] request start agent=Evidence Agent attempt=1/8 prompt_chars=7826

[2026-07-05 21:06:12] [API] request success agent=Evidence Agent attempt=1/8 elapsed=4.0s raw_chars=1301
[2026-07-05 21:06:12] [API] request success agent=Evidence Agent attempt=1/8 elapsed=4.8s raw_chars=1841
[2026-07-05 21:06:14] [API] request start agent=Review Manager Agent attempt=1/8 prompt_chars=9285[2026-07-05 21:06:14] [API] request start agent=Review Manager Agent attempt=1/8 prompt_chars=9285
[2026-07-05 21:06:14] [API] request start agent=Review Manager Agent attempt=1/8 prompt_chars=9285[2026-07-05 21:06:14] [API] request start agent=Review Manager Agent attempt=1/8 prompt_chars=9285


[2026-07-05 21:06:22] [API] request success agent=Review Manager Agent attempt=1/8 elapsed=7.9s raw_chars=3430
[2026-07-05 21:06:23] [API] request success agent=Review Manager Agent attempt=1/8 elapsed=8.6s raw_chars=3614
[2026-07-05 21:06:24] [API] request success agent=Review Manager Agent attempt=1/8 elapsed=9.6s raw_chars=4432
[2026-07-05 21:06:29] [API] request success agent=Review Manager Agent attempt=1/8 elapsed=14.9s raw_chars=5399
[2026-07-05 21:06:31] [API] request start agent=Evidence Agent attempt=1/8 prompt_chars=7826
[2026-07-05 21:06:36] [API] request success agent=Evidence Agent attempt=1/8 elapsed=4.7s raw_chars=1817
[2026-07-05 21:06:36] [API] request start agent=Critique Agent attempt=1/8 prompt_chars=8030[2026-07-05 21:06:36] [API] request start agent=Critique Agent attempt=1/8 prompt_chars=8030
[2026-07-05 21:06:36] [API] request start agent=Critique Agent attempt=1/8 prompt_chars=8030

[2026-07-05 21:06:37] [API] request success agent=Critique Agent attempt=1/8 elapsed=1.5s raw_chars=318
[2026-07-05 21:06:38] [API] request success agent=Critique Agent attempt=1/8 elapsed=2.2s raw_chars=484
[2026-07-05 21:06:39] [API] request success agent=Critique Agent attempt=1/8 elapsed=3.0s raw_chars=604
[2026-07-05 21:06:40] [API] request start agent=Evidence Agent attempt=1/8 prompt_chars=8751
[2026-07-05 21:06:40] [API] request start agent=Evidence Agent attempt=1/8 prompt_chars=8750[2026-07-05 21:06:40] [API] request start agent=Evidence Agent attempt=1/8 prompt_chars=8754

[2026-07-05 21:06:42] [API] request success agent=Evidence Agent attempt=1/8 elapsed=2.1s raw_chars=478
[2026-07-05 21:06:42] [API] request success agent=Evidence Agent attempt=1/8 elapsed=2.1s raw_chars=525
[2026-07-05 21:06:43] [API] request success agent=Evidence Agent attempt=1/8 elapsed=2.5s raw_chars=522
[2026-07-05 21:06:48] [API] request start agent=Review Manager Agent attempt=1/8 prompt_chars=9284[2026-07-05 21:06:48] [API] request start agent=Review Manager Agent attempt=1/8 prompt_chars=9284

[2026-07-05 21:06:48] [API] request start agent=Review Manager Agent attempt=1/8 prompt_chars=9285[2026-07-05 21:06:48] [API] request start agent=Review Manager Agent attempt=1/8 prompt_chars=9285

[2026-07-05 21:06:53] [API] request success agent=Review Manager Agent attempt=1/8 elapsed=4.8s raw_chars=2008
[2026-07-05 21:06:56] [API] request success agent=Review Manager Agent attempt=1/8 elapsed=8.0s raw_chars=3432
[2026-07-05 21:07:00] [API] request success agent=Review Manager Agent attempt=1/8 elapsed=11.4s raw_chars=5310
[2026-07-05 21:07:01] [API] request success agent=Review Manager Agent attempt=1/8 elapsed=12.5s raw_chars=5849
[2026-07-05 21:07:02] [API] request start agent=Critique Agent attempt=1/8 prompt_chars=8030
[2026-07-05 21:07:02] [API] request start agent=Critique Agent attempt=1/8 prompt_chars=11673[2026-07-05 21:07:02] [API] request start agent=Critique Agent attempt=1/8 prompt_chars=8030

[2026-07-05 21:07:04] [API] request success agent=Critique Agent attempt=1/8 elapsed=1.7s raw_chars=420
[2026-07-05 21:07:04] [API] request success agent=Critique Agent attempt=1/8 elapsed=2.0s raw_chars=464
[2026-07-05 21:07:05] [API] request success agent=Critique Agent attempt=1/8 elapsed=2.5s raw_chars=403
[2026-07-05 21:07:06] [API] request start agent=Evidence Agent attempt=1/8 prompt_chars=7826
[2026-07-05 21:07:15] [API] request success agent=Evidence Agent attempt=1/8 elapsed=9.2s raw_chars=2649
[2026-07-05 21:07:16] [API] request start agent=Evidence Agent attempt=1/8 prompt_chars=8549
[2026-07-05 21:07:16] [API] request start agent=Evidence Agent attempt=1/8 prompt_chars=8754
[2026-07-05 21:07:18] [API] request success agent=Evidence Agent attempt=1/8 elapsed=2.5s raw_chars=619
[2026-07-05 21:07:19] [API] request success agent=Evidence Agent attempt=1/8 elapsed=2.7s raw_chars=676
[2026-07-05 21:07:23] [API] request start agent=Review Manager Agent attempt=1/8 prompt_chars=9282
[2026-07-05 21:07:23] [API] request start agent=Review Manager Agent attempt=1/8 prompt_chars=9285[2026-07-05 21:07:23] [API] request start agent=Review Manager Agent attempt=1/8 prompt_chars=9279

[2026-07-05 21:07:33] [API] request success agent=Review Manager Agent attempt=1/8 elapsed=10.1s raw_chars=3867
[2026-07-05 21:07:34] [API] request success agent=Review Manager Agent attempt=1/8 elapsed=10.8s raw_chars=4111
[2026-07-05 21:07:37] [API] request success agent=Review Manager Agent attempt=1/8 elapsed=13.3s raw_chars=5432
[2026-07-05 21:07:38] [API] request start agent=Evidence Agent attempt=1/8 prompt_chars=7826
[2026-07-05 21:07:42] [API] request success agent=Evidence Agent attempt=1/8 elapsed=3.9s raw_chars=1341
[2026-07-05 21:07:42] [API] request start agent=Critique Agent attempt=1/8 prompt_chars=8030[2026-07-05 21:07:42] [API] request start agent=Critique Agent attempt=1/8 prompt_chars=8030

[2026-07-05 21:07:44] [API] request success agent=Critique Agent attempt=1/8 elapsed=2.0s raw_chars=456
[2026-07-05 21:07:44] [API] request success agent=Critique Agent attempt=1/8 elapsed=2.4s raw_chars=608
[2026-07-05 21:07:46] [API] request start agent=Evidence Agent attempt=1/8 prompt_chars=8593[2026-07-05 21:07:46] [API] request start agent=Evidence Agent attempt=1/8 prompt_chars=8754

[2026-07-05 21:07:48] [API] request success agent=Evidence Agent attempt=1/8 elapsed=1.7s raw_chars=498
[2026-07-05 21:07:48] [API] request success agent=Evidence Agent attempt=1/8 elapsed=2.0s raw_chars=757
[2026-07-05 21:07:53] [API] request start agent=Review Manager Agent attempt=1/8 prompt_chars=9285[2026-07-05 21:07:53] [API] request start agent=Review Manager Agent attempt=1/8 prompt_chars=9284

[2026-07-05 21:07:53] [API] request start agent=Review Manager Agent attempt=1/8 prompt_chars=9285
[2026-07-05 21:08:01] [API] request success agent=Review Manager Agent attempt=1/8 elapsed=7.4s raw_chars=3360
[2026-07-05 21:08:08] [API] request success agent=Review Manager Agent attempt=1/8 elapsed=14.5s raw_chars=5897
[2026-07-05 21:08:08] [API] request success agent=Review Manager Agent attempt=1/8 elapsed=14.6s raw_chars=6967
[2026-07-05 21:08:09] [API] request start agent=Critique Agent attempt=1/8 prompt_chars=8030[2026-07-05 21:08:09] [API] request start agent=Critique Agent attempt=1/8 prompt_chars=8029

[2026-07-05 21:08:11] [API] request success agent=Critique Agent attempt=1/8 elapsed=2.1s raw_chars=540
[2026-07-05 21:08:12] [API] request success agent=Critique Agent attempt=1/8 elapsed=3.0s raw_chars=709
[2026-07-05 21:08:13] [API] request start agent=Evidence Agent attempt=1/8 prompt_chars=7826
[2026-07-05 21:08:15] [API] request success agent=Evidence Agent attempt=1/8 elapsed=2.4s raw_chars=741
[2026-07-05 21:08:16] [API] request start agent=Evidence Agent attempt=1/8 prompt_chars=8754
[2026-07-05 21:08:16] [API] request start agent=Evidence Agent attempt=1/8 prompt_chars=8752
[2026-07-05 21:08:18] [API] request success agent=Evidence Agent attempt=1/8 elapsed=1.8s raw_chars=472
[2026-07-05 21:08:18] [API] request success agent=Evidence Agent attempt=1/8 elapsed=2.3s raw_chars=620
{"paper_id": "fGXyvmWpw6", "mode": "s4", "reward": 0.46691466169349516, "final_decision": "reject", "model_adapter_mode": "small_model"}
{"paper_id": "QAgwFiIY4p", "mode": "s4", "reward": 0.5279120062941058, "final_decision": "reject", "model_adapter_mode": "small_model"}
{"paper_id": "TPAj63ax4Y", "mode": "s4", "reward": 0.4650351843306223, "final_decision": "reject", "model_adapter_mode": "small_model"}
{"paper_id": "mHv6wcBb0z", "mode": "s4", "reward": 0.5259381155396553, "final_decision": "reject", "model_adapter_mode": "small_model"}
[2026-07-05 21:08:29] [API] request start agent=Review Manager Agent attempt=1/8 prompt_chars=7533
[2026-07-05 21:08:29] [API] request start agent=Review Manager Agent attempt=1/8 prompt_chars=7533[2026-07-05 21:08:29] [API] request start agent=Review Manager Agent attempt=1/8 prompt_chars=7533

[2026-07-05 21:08:29] [API] request start agent=Review Manager Agent attempt=1/8 prompt_chars=7533
[2026-07-05 21:08:33] [API] request success agent=Review Manager Agent attempt=1/8 elapsed=4.2s raw_chars=1337
[2026-07-05 21:08:34] [API] request success agent=Review Manager Agent attempt=1/8 elapsed=5.3s raw_chars=1582
[2026-07-05 21:08:34] [API] request success agent=Review Manager Agent attempt=1/8 elapsed=5.5s raw_chars=1602
[2026-07-05 21:08:40] [API] request success agent=Review Manager Agent attempt=1/8 elapsed=11.2s raw_chars=3989
[2026-07-05 21:08:40] [API] request start agent=Claim Agent attempt=1/8 prompt_chars=8712[2026-07-05 21:08:40] [API] request start agent=Claim Agent attempt=1/8 prompt_chars=8712

[2026-07-05 21:08:40] [API] request start agent=Claim Agent attempt=1/8 prompt_chars=8711[2026-07-05 21:08:40] [API] request start agent=Claim Agent attempt=1/8 prompt_chars=8712

[2026-07-05 21:08:46] [API] request success agent=Claim Agent attempt=1/8 elapsed=5.9s raw_chars=2439
[2026-07-05 21:08:46] [API] request success agent=Claim Agent attempt=1/8 elapsed=6.1s raw_chars=2430
[2026-07-05 21:08:47] [API] request success agent=Claim Agent attempt=1/8 elapsed=6.8s raw_chars=2704
[2026-07-05 21:08:48] [API] request success agent=Claim Agent attempt=1/8 elapsed=7.6s raw_chars=3203
[2026-07-05 21:08:48] [API] request start agent=Review Manager Agent attempt=1/8 prompt_chars=9285
[2026-07-05 21:08:48] [API] request start agent=Review Manager Agent attempt=1/8 prompt_chars=9285[2026-07-05 21:08:48] [API] request start agent=Review Manager Agent attempt=1/8 prompt_chars=9284

[2026-07-05 21:08:48] [API] request start agent=Review Manager Agent attempt=1/8 prompt_chars=9285
[2026-07-05 21:08:56] [API] request success agent=Review Manager Agent attempt=1/8 elapsed=7.6s raw_chars=3528
[2026-07-05 21:08:57] [API] request success agent=Review Manager Agent attempt=1/8 elapsed=8.4s raw_chars=3916
[2026-07-05 21:08:57] [API] request success agent=Review Manager Agent attempt=1/8 elapsed=8.4s raw_chars=3728
[2026-07-05 21:08:57] [API] request success agent=Review Manager Agent attempt=1/8 elapsed=8.9s raw_chars=4015
[2026-07-05 21:08:58] [API] request start agent=Evidence Agent attempt=1/8 prompt_chars=7825[2026-07-05 21:08:58] [API] request start agent=Evidence Agent attempt=1/8 prompt_chars=7826

[2026-07-05 21:09:05] [API] request success agent=Evidence Agent attempt=1/8 elapsed=7.0s raw_chars=2842
[2026-07-05 21:09:07] [API] request success agent=Evidence Agent attempt=1/8 elapsed=9.0s raw_chars=3932
[2026-07-05 21:09:07] [API] request start agent=Critique Agent attempt=1/8 prompt_chars=10909
[2026-07-05 21:09:07] [API] request start agent=Critique Agent attempt=1/8 prompt_chars=10909
[2026-07-05 21:09:10] [API] request success agent=Critique Agent attempt=1/8 elapsed=2.7s raw_chars=772
[2026-07-05 21:09:10] [API] request success agent=Critique Agent attempt=1/8 elapsed=3.3s raw_chars=744
[2026-07-05 21:09:11] [API] request start agent=Review Manager Agent attempt=1/8 prompt_chars=9285[2026-07-05 21:09:11] [API] request start agent=Review Manager Agent attempt=1/8 prompt_chars=9285

[2026-07-05 21:09:11] [API] request start agent=Review Manager Agent attempt=1/8 prompt_chars=9281
[2026-07-05 21:09:11] [API] request start agent=Review Manager Agent attempt=1/8 prompt_chars=9280
[2026-07-05 21:09:18] [API] request success agent=Review Manager Agent attempt=1/8 elapsed=7.1s raw_chars=2765
[2026-07-05 21:09:21] [API] request success agent=Review Manager Agent attempt=1/8 elapsed=10.0s raw_chars=4379
[2026-07-05 21:09:21] [API] request success agent=Review Manager Agent attempt=1/8 elapsed=10.1s raw_chars=4490
[2026-07-05 21:09:21] [API] request success agent=Review Manager Agent attempt=1/8 elapsed=10.3s raw_chars=4677
[2026-07-05 21:09:22] [API] request start agent=Evidence Agent attempt=1/8 prompt_chars=8593[2026-07-05 21:09:22] [API] request start agent=Evidence Agent attempt=1/8 prompt_chars=7826

[2026-07-05 21:09:22] [API] request start agent=Evidence Agent attempt=1/8 prompt_chars=8593[2026-07-05 21:09:22] [API] request start agent=Evidence Agent attempt=1/8 prompt_chars=7825

[2026-07-05 21:09:24] [API] request success agent=Evidence Agent attempt=1/8 elapsed=1.8s raw_chars=473
[2026-07-05 21:09:27] [API] request success agent=Evidence Agent attempt=1/8 elapsed=4.8s raw_chars=1582
[2026-07-05 21:09:27] [API] request success agent=Evidence Agent attempt=1/8 elapsed=5.0s raw_chars=1655
[2026-07-05 21:09:29] [API] request success agent=Evidence Agent attempt=1/8 elapsed=6.5s raw_chars=2829
[2026-07-05 21:09:30] [API] request start agent=Review Manager Agent attempt=1/8 prompt_chars=9285
[2026-07-05 21:09:30] [API] request start agent=Review Manager Agent attempt=1/8 prompt_chars=9285
[2026-07-05 21:09:30] [API] request start agent=Review Manager Agent attempt=1/8 prompt_chars=9285
[2026-07-05 21:09:30] [API] request start agent=Review Manager Agent attempt=1/8 prompt_chars=9285
[2026-07-05 21:09:39] [API] request success agent=Review Manager Agent attempt=1/8 elapsed=9.3s raw_chars=3993
[2026-07-05 21:09:40] [API] request success agent=Review Manager Agent attempt=1/8 elapsed=10.6s raw_chars=3953
[2026-07-05 21:09:41] [API] request success agent=Review Manager Agent attempt=1/8 elapsed=11.0s raw_chars=5232
[2026-07-05 21:09:41] [API] request success agent=Review Manager Agent attempt=1/8 elapsed=11.5s raw_chars=5022
[2026-07-05 21:09:42] [API] request start agent=Evidence Agent attempt=1/8 prompt_chars=7826[2026-07-05 21:09:42] [API] request start agent=Evidence Agent attempt=1/8 prompt_chars=7826

[2026-07-05 21:09:42] [API] request start agent=Evidence Agent attempt=1/8 prompt_chars=7819
[2026-07-05 21:09:46] [API] request success agent=Evidence Agent attempt=1/8 elapsed=3.8s raw_chars=1597
[2026-07-05 21:09:46] [API] request success agent=Evidence Agent attempt=1/8 elapsed=3.9s raw_chars=1618
[2026-07-05 21:09:47] [API] request success agent=Evidence Agent attempt=1/8 elapsed=5.2s raw_chars=2377
[2026-07-05 21:09:47] [API] request start agent=Critique Agent attempt=1/8 prompt_chars=8030
[2026-07-05 21:09:49] [API] request success agent=Critique Agent attempt=1/8 elapsed=2.4s raw_chars=692
[2026-07-05 21:09:50] [API] request start agent=Evidence Agent attempt=1/8 prompt_chars=8754
[2026-07-05 21:09:52] [API] request success agent=Evidence Agent attempt=1/8 elapsed=2.0s raw_chars=602
[2026-07-05 21:09:55] [API] request start agent=Review Manager Agent attempt=1/8 prompt_chars=9283[2026-07-05 21:09:55] [API] request start agent=Review Manager Agent attempt=1/8 prompt_chars=9285

[2026-07-05 21:09:55] [API] request start agent=Review Manager Agent attempt=1/8 prompt_chars=9285[2026-07-05 21:09:55] [API] request start agent=Review Manager Agent attempt=1/8 prompt_chars=9285

[2026-07-05 21:10:02] [API] request success agent=Review Manager Agent attempt=1/8 elapsed=7.4s raw_chars=3515
[2026-07-05 21:10:05] [API] request success agent=Review Manager Agent attempt=1/8 elapsed=9.9s raw_chars=4900
[2026-07-05 21:10:05] [API] request success agent=Review Manager Agent attempt=1/8 elapsed=10.3s raw_chars=5310
[2026-07-05 21:10:05] [API] request success agent=Review Manager Agent attempt=1/8 elapsed=10.5s raw_chars=4751
[2026-07-05 21:10:06] [API] request start agent=Critique Agent attempt=1/8 prompt_chars=11673
[2026-07-05 21:10:06] [API] request start agent=Critique Agent attempt=1/8 prompt_chars=11668[2026-07-05 21:10:06] [API] request start agent=Critique Agent attempt=1/8 prompt_chars=11673

[2026-07-05 21:10:09] [API] request success agent=Critique Agent attempt=1/8 elapsed=2.7s raw_chars=584
[2026-07-05 21:10:11] [API] request success agent=Critique Agent attempt=1/8 elapsed=4.4s raw_chars=1649
[2026-07-05 21:10:11] [API] request success agent=Critique Agent attempt=1/8 elapsed=5.1s raw_chars=1600
[2026-07-05 21:10:11] [API] request start agent=Evidence Agent attempt=1/8 prompt_chars=7826
[2026-07-05 21:10:15] [API] request success agent=Evidence Agent attempt=1/8 elapsed=3.2s raw_chars=1275
[2026-07-05 21:10:16] [API] request start agent=Review Manager Agent attempt=1/8 prompt_chars=9285
[2026-07-05 21:10:16] [API] request start agent=Review Manager Agent attempt=1/8 prompt_chars=9285[2026-07-05 21:10:16] [API] request start agent=Review Manager Agent attempt=1/8 prompt_chars=9285

[2026-07-05 21:10:16] [API] request start agent=Review Manager Agent attempt=1/8 prompt_chars=9285
[2026-07-05 21:10:21] [API] request success agent=Review Manager Agent attempt=1/8 elapsed=5.3s raw_chars=2059
[2026-07-05 21:10:23] [API] request success agent=Review Manager Agent attempt=1/8 elapsed=7.6s raw_chars=3697
[2026-07-05 21:10:25] [API] request success agent=Review Manager Agent attempt=1/8 elapsed=9.1s raw_chars=3588
[2026-07-05 21:10:33] [API] request success agent=Review Manager Agent attempt=1/8 elapsed=17.6s raw_chars=7451
[2026-07-05 21:10:34] [API] request start agent=Critique Agent attempt=1/8 prompt_chars=8029[2026-07-05 21:10:34] [API] request start agent=Critique Agent attempt=1/8 prompt_chars=8030
[2026-07-05 21:10:34] [API] request start agent=Critique Agent attempt=1/8 prompt_chars=8030

[2026-07-05 21:10:36] [API] request success agent=Critique Agent attempt=1/8 elapsed=1.5s raw_chars=448
[2026-07-05 21:10:36] [API] request success agent=Critique Agent attempt=1/8 elapsed=1.8s raw_chars=462
[2026-07-05 21:10:38] [API] request success agent=Critique Agent attempt=1/8 elapsed=3.5s raw_chars=409
[2026-07-05 21:10:38] [API] request start agent=Evidence Agent attempt=1/8 prompt_chars=7826
[2026-07-05 21:10:41] [API] request success agent=Evidence Agent attempt=1/8 elapsed=3.0s raw_chars=1354
[2026-07-05 21:10:41] [API] request start agent=Evidence Agent attempt=1/8 prompt_chars=8754
[2026-07-05 21:10:41] [API] request start agent=Evidence Agent attempt=1/8 prompt_chars=8754[2026-07-05 21:10:41] [API] request start agent=Evidence Agent attempt=1/8 prompt_chars=8754

[2026-07-05 21:10:43] [API] request success agent=Evidence Agent attempt=1/8 elapsed=1.5s raw_chars=435
[2026-07-05 21:10:43] [API] request success agent=Evidence Agent attempt=1/8 elapsed=1.8s raw_chars=464
[2026-07-05 21:10:44] [API] request success agent=Evidence Agent attempt=1/8 elapsed=2.5s raw_chars=610
[2026-07-05 21:10:46] [API] request start agent=Review Manager Agent attempt=1/8 prompt_chars=9285
[2026-07-05 21:10:46] [API] request start agent=Review Manager Agent attempt=1/8 prompt_chars=9285[2026-07-05 21:10:46] [API] request start agent=Review Manager Agent attempt=1/8 prompt_chars=9285[2026-07-05 21:10:46] [API] request start agent=Review Manager Agent attempt=1/8 prompt_chars=9284


[2026-07-05 21:10:50] [API] request success agent=Review Manager Agent attempt=1/8 elapsed=3.7s raw_chars=1432
[2026-07-05 21:10:55] [API] request success agent=Review Manager Agent attempt=1/8 elapsed=9.0s raw_chars=4223
[2026-07-05 21:10:56] [API] request success agent=Review Manager Agent attempt=1/8 elapsed=9.6s raw_chars=4060
[2026-07-05 21:11:04] [API] request success agent=Review Manager Agent attempt=1/8 elapsed=17.7s raw_chars=7329
[2026-07-05 21:11:05] [API] request start agent=Evidence Agent attempt=1/8 prompt_chars=7826
[2026-07-05 21:11:09] [API] request success agent=Evidence Agent attempt=1/8 elapsed=3.9s raw_chars=1472
[2026-07-05 21:11:09] [API] request start agent=Critique Agent attempt=1/8 prompt_chars=11673[2026-07-05 21:11:09] [API] request start agent=Critique Agent attempt=1/8 prompt_chars=11673
[2026-07-05 21:11:09] [API] request start agent=Critique Agent attempt=1/8 prompt_chars=8030

[2026-07-05 21:11:11] [API] request success agent=Critique Agent attempt=1/8 elapsed=1.9s raw_chars=479
[2026-07-05 21:11:12] [API] request success agent=Critique Agent attempt=1/8 elapsed=2.7s raw_chars=580
[2026-07-05 21:11:12] [API] request success agent=Critique Agent attempt=1/8 elapsed=2.8s raw_chars=381
[2026-07-05 21:11:12] [API] request start agent=Evidence Agent attempt=1/8 prompt_chars=8754
[2026-07-05 21:11:14] [API] request success agent=Evidence Agent attempt=1/8 elapsed=1.7s raw_chars=390
{"paper_id": "xUe1YqEgd6", "mode": "s4", "reward": 0.6617677774092496, "final_decision": "reject", "model_adapter_mode": "small_model"}
{"paper_id": "YXn76HMetm", "mode": "s4", "reward": 0.5421945644428827, "final_decision": "reject", "model_adapter_mode": "small_model"}
{"paper_id": "KOUAayk5Kx", "mode": "s4", "reward": 0.6744864312166217, "final_decision": "reject", "model_adapter_mode": "small_model"}
{"paper_id": "XH3OiIhtvf", "mode": "s4", "reward": 0.4811687349737896, "final_decision": "reject", "model_adapter_mode": "small_model"}
