[API] Initialized: model=mimo-v2.5, provider=mimo, base_url=https://api.xiaomimimo.com/v1, max_tokens=1536
[MAIN] Using API backend: model=mimo-v2.5
[MAIN] model_adapter_mode=small_model (requested=small_model)
[DEBUG] paper_id: ye3NrNrYOY, paper_text length: 34961
[DEBUG] paper_text snippet: \title{Temporal Causal Mechanism Transfer for Few-shot Action Recognition}  \begin{abstract} The goa...
[DEBUG] paper_id: WNxlJJIEVj, paper_text length: 48238
[DEBUG] paper_text snippet: \title{Contrastive Diffuser: Planning Towards High Return States via Contrastive Learning}  \begin{a...
[DEBUG] paper_id: uOrfve3prk, paper_text length: 44055
[DEBUG] paper_text snippet: \title{Towards Unifying Interpretability and Control: Evaluation via Intervention}  \begin{abstract}...
[DEBUG] paper_id: 7Dub7UXTXN, paper_text length: 17618
[DEBUG] paper_text snippet: \title{When Are Bias-Free ReLU Networks Effectively Linear Networks?}  \begin{abstract}  We investig...
[DEBUG] paper_id: 9zEBK3E9bX, paper_text length: 35496
[DEBUG] paper_text snippet: \title{SPOT: Scalable 3D Pre-training via Occupancy Prediction for Autonomous Driving}  \begin{abstr...
[DEBUG] paper_id: XyB4VvF01X, paper_text length: 32345
[DEBUG] paper_text snippet: \title{Graph2Tac: Learning hierarchical representations of math concepts in theorem proving}  \begin...
[DEBUG] paper_id: GE6iywJtsV, paper_text length: 30553
[DEBUG] paper_text snippet: \title{Diff-Shape: A Novel Constrained Diffusion Model for Shape-based De Novo Drug Design}  \begin{...
[DEBUG] paper_id: WpXq5n8yLb, paper_text length: 55540
[DEBUG] paper_text snippet: \title{Recurrent Drafter for Fast Speculative Decoding in Large Language Models}  \begin{abstract} W...
[DEBUG] paper_id: NnExMNiTHw, paper_text length: 37839
[DEBUG] paper_text snippet: \title{SpecDec++: Boosting Speculative Decoding via Adaptive Candidate Lengths}  \begin{abstract} Sp...
[DEBUG] paper_id: a6SntIisgg, paper_text length: 64928
[DEBUG] paper_text snippet: \title{LogoRA: Local-Global Representation Alignment for Robust Time Series Classification}  \begin{...
[DEBUG] paper_id: cklg91aPGk, paper_text length: 32511
[DEBUG] paper_text snippet: \title{Propagation Alone is Enough for Graph Contrastive Learning}  \begin{abstract} Graph contrasti...
[DEBUG] paper_id: HPuLU6q7xq, paper_text length: 38828
[DEBUG] paper_text snippet: \title{Orca: Enhancing Role-Playing Abilities of Large Language Models by Integrating Personality Tr...
[DEBUG] paper_id: fGXyvmWpw6, paper_text length: 47400
[DEBUG] paper_text snippet: \title{Federated Virtual Learning on Heterogeneous Data with Local-global Distillation}  \begin{abst...
[DEBUG] paper_id: QAgwFiIY4p, paper_text length: 49197
[DEBUG] paper_text snippet: \title{Graph as Point Set}  \begin{abstract} Graph is a fundamental data structure to model intercon...
[DEBUG] paper_id: TPAj63ax4Y, paper_text length: 49027
[DEBUG] paper_text snippet: \title{Segment, Select, Correct: A Framework for Weakly-Supervised Referring Segmentation}  \begin{a...
[DEBUG] paper_id: mHv6wcBb0z, paper_text length: 35109
[DEBUG] paper_text snippet: \title{Preventing Model Collapse in Deep Canonical Correlation Analysis by Noise Regularization}  \b...
[DEBUG] paper_id: xUe1YqEgd6, paper_text length: 34518
[DEBUG] paper_text snippet: \title{Unsupervised motion segmentation in one go: Smooth long-term model over a video}  \begin{abst...
[DEBUG] paper_id: YXn76HMetm, paper_text length: 36915
[DEBUG] paper_text snippet: \title{Hyperbolic Active Learning for Semantic Segmentation under Domain Shift}  \begin{abstract}  W...
[DEBUG] paper_id: KOUAayk5Kx, paper_text length: 32732
[DEBUG] paper_text snippet: \title{Defying Multi-model Forgetting: Orthogonal Gradient Learning to One-shot Neural Architecture ...
[DEBUG] paper_id: XH3OiIhtvf, paper_text length: 22365
[DEBUG] paper_text snippet: \title{Unsupervised Federated Learning for Privacy Preserving in Face Recognition System}  \begin{ab...
[2026-07-04 11:55:49] [API] request start agent=Review Manager Agent attempt=1/8 prompt_chars=7991
[2026-07-04 11:55:49] [API] request start agent=Review Manager Agent attempt=1/8 prompt_chars=7991
[2026-07-04 11:55:49] [API] request start agent=Review Manager Agent attempt=1/8 prompt_chars=7991[2026-07-04 11:55:49] [API] request start agent=Review Manager Agent attempt=1/8 prompt_chars=7991

[2026-07-04 11:55:52] [API] request success agent=Review Manager Agent attempt=1/8 elapsed=3.1s raw_chars=1120
[2026-07-04 11:55:52] [API] request success agent=Review Manager Agent attempt=1/8 elapsed=3.8s raw_chars=1219
[2026-07-04 11:55:53] [API] request success agent=Review Manager Agent attempt=1/8 elapsed=4.5s raw_chars=1517
[2026-07-04 11:55:54] [API] request success agent=Review Manager Agent attempt=1/8 elapsed=5.0s raw_chars=1814
[2026-07-04 11:55:54] [API] request start agent=Claim Agent attempt=1/8 prompt_chars=8711[2026-07-04 11:55:54] [API] request start agent=Claim Agent attempt=1/8 prompt_chars=8712[2026-07-04 11:55:54] [API] request start agent=Claim Agent attempt=1/8 prompt_chars=8712

[2026-07-04 11:55:54] [API] request start agent=Claim Agent attempt=1/8 prompt_chars=8712

[2026-07-04 11:55:59] [API] request success agent=Claim Agent attempt=1/8 elapsed=5.4s raw_chars=2016
[2026-07-04 11:56:01] [API] request success agent=Claim Agent attempt=1/8 elapsed=6.8s raw_chars=2484
[2026-07-04 11:56:01] [API] request success agent=Claim Agent attempt=1/8 elapsed=7.5s raw_chars=3055
[2026-07-04 11:56:03] [API] request success agent=Claim Agent attempt=1/8 elapsed=8.8s raw_chars=3561
[2026-07-04 11:56:03] [API] request start agent=Review Manager Agent attempt=1/8 prompt_chars=9285
[2026-07-04 11:56:03] [API] request start agent=Review Manager Agent attempt=1/8 prompt_chars=9285[2026-07-04 11:56:03] [API] request start agent=Review Manager Agent attempt=1/8 prompt_chars=9285
[2026-07-04 11:56:03] [API] request start agent=Review Manager Agent attempt=1/8 prompt_chars=9285

[2026-07-04 11:56:10] [API] request success agent=Review Manager Agent attempt=1/8 elapsed=7.2s raw_chars=3107
[2026-07-04 11:56:11] [API] request success agent=Review Manager Agent attempt=1/8 elapsed=7.4s raw_chars=3711
[2026-07-04 11:56:11] [API] request success agent=Review Manager Agent attempt=1/8 elapsed=7.8s raw_chars=3642
[2026-07-04 11:56:11] [API] request success agent=Review Manager Agent attempt=1/8 elapsed=8.3s raw_chars=4011
[2026-07-04 11:56:12] [API] request start agent=Critique Agent attempt=1/8 prompt_chars=10410
[2026-07-04 11:56:16] [API] request success agent=Critique Agent attempt=1/8 elapsed=4.0s raw_chars=1403
[2026-07-04 11:56:16] [API] request start agent=Evidence Agent attempt=1/8 prompt_chars=7826[2026-07-04 11:56:16] [API] request start agent=Evidence Agent attempt=1/8 prompt_chars=7826
[2026-07-04 11:56:16] [API] request start agent=Evidence Agent attempt=1/8 prompt_chars=7826

[2026-07-04 11:56:21] [API] request success agent=Evidence Agent attempt=1/8 elapsed=5.1s raw_chars=2563
[2026-07-04 11:56:22] [API] request success agent=Evidence Agent attempt=1/8 elapsed=5.8s raw_chars=2536
[2026-07-04 11:56:24] [API] request success agent=Evidence Agent attempt=1/8 elapsed=7.9s raw_chars=3341
[2026-07-04 11:56:25] [API] request start agent=Review Manager Agent attempt=1/8 prompt_chars=9285[2026-07-04 11:56:25] [API] request start agent=Review Manager Agent attempt=1/8 prompt_chars=9285

[2026-07-04 11:56:25] [API] request start agent=Review Manager Agent attempt=1/8 prompt_chars=9285
[2026-07-04 11:56:25] [API] request start agent=Review Manager Agent attempt=1/8 prompt_chars=9285
[2026-07-04 11:56:33] [API] request success agent=Review Manager Agent attempt=1/8 elapsed=8.3s raw_chars=4000
[2026-07-04 11:56:34] [API] request success agent=Review Manager Agent attempt=1/8 elapsed=9.7s raw_chars=4001
[2026-07-04 11:56:35] [API] request success agent=Review Manager Agent attempt=1/8 elapsed=10.0s raw_chars=4578
[2026-07-04 11:56:36] [API] request success agent=Review Manager Agent attempt=1/8 elapsed=11.1s raw_chars=4424
[2026-07-04 11:56:36] [API] request start agent=Critique Agent attempt=1/8 prompt_chars=11672[2026-07-04 11:56:36] [API] request start agent=Critique Agent attempt=1/8 prompt_chars=10410
[2026-07-04 11:56:36] [API] request start agent=Critique Agent attempt=1/8 prompt_chars=10410
[2026-07-04 11:56:36] [API] request start agent=Critique Agent attempt=1/8 prompt_chars=10409

[2026-07-04 11:56:39] [API] request success agent=Critique Agent attempt=1/8 elapsed=2.1s raw_chars=470
[2026-07-04 11:56:39] [API] request success agent=Critique Agent attempt=1/8 elapsed=2.7s raw_chars=832
[2026-07-04 11:56:40] [API] request success agent=Critique Agent attempt=1/8 elapsed=3.4s raw_chars=1170
[2026-07-04 11:56:41] [API] request success agent=Critique Agent attempt=1/8 elapsed=4.5s raw_chars=1240
[2026-07-04 11:56:42] [API] request start agent=Review Manager Agent attempt=1/8 prompt_chars=9282
[2026-07-04 11:56:42] [API] request start agent=Review Manager Agent attempt=1/8 prompt_chars=9285[2026-07-04 11:56:42] [API] request start agent=Review Manager Agent attempt=1/8 prompt_chars=9285
[2026-07-04 11:56:42] [API] request start agent=Review Manager Agent attempt=1/8 prompt_chars=9285

[2026-07-04 11:56:49] [API] request success agent=Review Manager Agent attempt=1/8 elapsed=7.1s raw_chars=3278
[2026-07-04 11:56:50] [API] request success agent=Review Manager Agent attempt=1/8 elapsed=7.9s raw_chars=3532
[2026-07-04 11:56:50] [API] request success agent=Review Manager Agent attempt=1/8 elapsed=8.4s raw_chars=3844
[2026-07-04 11:56:51] [API] request success agent=Review Manager Agent attempt=1/8 elapsed=8.8s raw_chars=4286
[2026-07-04 11:56:51] [API] request start agent=Evidence Agent attempt=1/8 prompt_chars=7826
[2026-07-04 11:56:51] [API] request start agent=Evidence Agent attempt=1/8 prompt_chars=8593[2026-07-04 11:56:51] [API] request start agent=Evidence Agent attempt=1/8 prompt_chars=8593

[2026-07-04 11:56:53] [API] request success agent=Evidence Agent attempt=1/8 elapsed=1.6s raw_chars=480
[2026-07-04 11:56:53] [API] request success agent=Evidence Agent attempt=1/8 elapsed=1.6s raw_chars=480
[2026-07-04 11:56:57] [API] request success agent=Evidence Agent attempt=1/8 elapsed=5.8s raw_chars=2346
[2026-07-04 11:56:58] [API] request start agent=Review Manager Agent attempt=1/8 prompt_chars=9284[2026-07-04 11:56:58] [API] request start agent=Review Manager Agent attempt=1/8 prompt_chars=9285
[2026-07-04 11:56:58] [API] request start agent=Review Manager Agent attempt=1/8 prompt_chars=9285
[2026-07-04 11:56:58] [API] request start agent=Review Manager Agent attempt=1/8 prompt_chars=9281

[2026-07-04 11:57:06] [API] request success agent=Review Manager Agent attempt=1/8 elapsed=8.3s raw_chars=3523
[2026-07-04 11:57:07] [API] request success agent=Review Manager Agent attempt=1/8 elapsed=8.5s raw_chars=3992
[2026-07-04 11:57:07] [API] request success agent=Review Manager Agent attempt=1/8 elapsed=9.2s raw_chars=4001
[2026-07-04 11:57:07] [API] request success agent=Review Manager Agent attempt=1/8 elapsed=9.3s raw_chars=4525
[2026-07-04 11:57:08] [API] request start agent=Critique Agent attempt=1/8 prompt_chars=8030
[2026-07-04 11:57:10] [API] request success agent=Critique Agent attempt=1/8 elapsed=1.6s raw_chars=506
[2026-07-04 11:57:10] [API] request start agent=Evidence Agent attempt=1/8 prompt_chars=7826[2026-07-04 11:57:10] [API] request start agent=Evidence Agent attempt=1/8 prompt_chars=7826
[2026-07-04 11:57:10] [API] request start agent=Evidence Agent attempt=1/8 prompt_chars=7826

[2026-07-04 11:57:13] [API] request success agent=Evidence Agent attempt=1/8 elapsed=2.7s raw_chars=1117
[2026-07-04 11:57:13] [API] request success agent=Evidence Agent attempt=1/8 elapsed=3.3s raw_chars=1410
[2026-07-04 11:57:17] [API] request success agent=Evidence Agent attempt=1/8 elapsed=6.6s raw_chars=3170
[2026-07-04 11:57:17] [API] request start agent=Evidence Agent attempt=1/8 prompt_chars=8754
[2026-07-04 11:57:19] [API] request success agent=Evidence Agent attempt=1/8 elapsed=1.8s raw_chars=465
[2026-07-04 11:57:20] [API] request start agent=Review Manager Agent attempt=1/8 prompt_chars=9285[2026-07-04 11:57:20] [API] request start agent=Review Manager Agent attempt=1/8 prompt_chars=9285

[2026-07-04 11:57:20] [API] request start agent=Review Manager Agent attempt=1/8 prompt_chars=9282[2026-07-04 11:57:20] [API] request start agent=Review Manager Agent attempt=1/8 prompt_chars=9285

[2026-07-04 11:57:28] [API] request success agent=Review Manager Agent attempt=1/8 elapsed=7.3s raw_chars=3460
[2026-07-04 11:57:28] [API] request success agent=Review Manager Agent attempt=1/8 elapsed=8.1s raw_chars=3754
[2026-07-04 11:57:28] [API] request success agent=Review Manager Agent attempt=1/8 elapsed=8.2s raw_chars=3941
[2026-07-04 11:57:30] [API] request success agent=Review Manager Agent attempt=1/8 elapsed=9.9s raw_chars=4818
[2026-07-04 11:57:31] [API] request start agent=Evidence Agent attempt=1/8 prompt_chars=8593
[2026-07-04 11:57:33] [API] request success agent=Evidence Agent attempt=1/8 elapsed=1.5s raw_chars=480
[2026-07-04 11:57:33] [API] request start agent=Critique Agent attempt=1/8 prompt_chars=11673[2026-07-04 11:57:33] [API] request start agent=Critique Agent attempt=1/8 prompt_chars=11673

[2026-07-04 11:57:33] [API] request start agent=Critique Agent attempt=1/8 prompt_chars=11673
[2026-07-04 11:57:35] [API] request success agent=Critique Agent attempt=1/8 elapsed=2.0s raw_chars=544
[2026-07-04 11:57:36] [API] request success agent=Critique Agent attempt=1/8 elapsed=3.9s raw_chars=1678
[2026-07-04 11:57:37] [API] request success agent=Critique Agent attempt=1/8 elapsed=4.1s raw_chars=1506
[2026-07-04 11:57:38] [API] request start agent=Review Manager Agent attempt=1/8 prompt_chars=9285[2026-07-04 11:57:38] [API] request start agent=Review Manager Agent attempt=1/8 prompt_chars=9285[2026-07-04 11:57:38] [API] request start agent=Review Manager Agent attempt=1/8 prompt_chars=9285


[2026-07-04 11:57:38] [API] request start agent=Review Manager Agent attempt=1/8 prompt_chars=9284
[2026-07-04 11:57:46] [API] request success agent=Review Manager Agent attempt=1/8 elapsed=8.1s raw_chars=3609
[2026-07-04 11:57:47] [API] request success agent=Review Manager Agent attempt=1/8 elapsed=9.5s raw_chars=3786
[2026-07-04 11:57:49] [API] request success agent=Review Manager Agent attempt=1/8 elapsed=11.2s raw_chars=5019
[2026-07-04 11:57:49] [API] request success agent=Review Manager Agent attempt=1/8 elapsed=11.9s raw_chars=5454
[2026-07-04 11:57:51] [API] request start agent=Critique Agent attempt=1/8 prompt_chars=11673[2026-07-04 11:57:51] [API] request start agent=Critique Agent attempt=1/8 prompt_chars=11673

[2026-07-04 11:57:51] [API] request start agent=Critique Agent attempt=1/8 prompt_chars=11673
[2026-07-04 11:57:52] [API] request success agent=Critique Agent attempt=1/8 elapsed=1.6s raw_chars=534
[2026-07-04 11:57:53] [API] request success agent=Critique Agent attempt=1/8 elapsed=1.8s raw_chars=537
[2026-07-04 11:57:57] [API] request success agent=Critique Agent attempt=1/8 elapsed=6.6s raw_chars=2784
[2026-07-04 11:57:57] [API] request start agent=Evidence Agent attempt=1/8 prompt_chars=7826
[2026-07-04 11:58:01] [API] request success agent=Evidence Agent attempt=1/8 elapsed=3.8s raw_chars=1672
[review_reward][unknown][ye3NrNrYOY] reward=0.4454 breakdown={'decision': 0.0, 'section_presence': 1.0, 'length_score': 1.0, 'summary_align': 0.4159, 'strength_align': 0.3467, 'weakness_align': 0.2455, 'suggestion_align': 0.4124, 'global_align': 0.2971, 'critique': 1.0, 'stance_align': 0.6222, 'rating_align': 0.0, 'decision_line_bonus': 0.0, 'audit_id_leak_penalty': 0.0, 'penalty': 0.0, 'total': 0.4454, 'es_coverage': 0.25, 'es_depth': 0.125, 'es_empirical': 0.0, 'es_independent': 0.0, 'es_flaw_density': 0.6667, 'es_support_volume': 0.125, 'evidence_support_score': 0.2125}
[review_reward][unknown][WNxlJJIEVj] reward=0.6614 breakdown={'decision': 0.0, 'section_presence': 1.0, 'length_score': 1.0, 'summary_align': 0.3209, 'strength_align': 0.2905, 'weakness_align': 0.1663, 'suggestion_align': 0.3863, 'global_align': 0.2205, 'critique': 1.0, 'stance_align': 0.7714, 'rating_align': 0.0, 'decision_line_bonus': 0.0, 'audit_id_leak_penalty': 0.0, 'penalty': 0.0, 'total': 0.6614, 'es_coverage': 1.0, 'es_depth': 0.8333, 'es_empirical': 0.6667, 'es_independent': 0.6667, 'es_flaw_density': 0.3333, 'es_support_volume': 0.8333, 'evidence_support_score': 0.7667}
[review_reward][unknown][uOrfve3prk] reward=0.6907 breakdown={'decision': 0.0, 'section_presence': 1.0, 'length_score': 1.0, 'summary_align': 0.482, 'strength_align': 0.4015, 'weakness_align': 0.2596, 'suggestion_align': 0.6039, 'global_align': 0.2518, 'critique': 1.0, 'stance_align': 0.7778, 'rating_align': 0.0, 'decision_line_bonus': 0.0, 'audit_id_leak_penalty': 0.0, 'penalty': 0.0, 'total': 0.6907, 'es_coverage': 1.0, 'es_depth': 1.0, 'es_empirical': 1.0, 'es_independent': 0.3333, 'es_flaw_density': 0.0, 'es_support_volume': 0.6667, 'evidence_support_score': 0.75}
[review_reward][unknown][7Dub7UXTXN] reward=0.5995 breakdown={'decision': 0.0, 'section_presence': 1.0, 'length_score': 1.0, 'summary_align': 0.5581, 'strength_align': 0.3261, 'weakness_align': 0.2987, 'suggestion_align': 0.3162, 'global_align': 0.3754, 'critique': 1.0, 'stance_align': 0.8081, 'rating_align': 0.0, 'decision_line_bonus': 0.0, 'audit_id_leak_penalty': 0.0, 'penalty': 0.0, 'total': 0.5995, 'es_coverage': 0.75, 'es_depth': 0.75, 'es_empirical': 0.5, 'es_independent': 0.25, 'es_flaw_density': 0.0, 'es_support_volume': 0.5, 'evidence_support_score': 0.525}
{"paper_id": "ye3NrNrYOY", "mode": "s4", "reward": 0.4453787033611138, "final_decision": "reject", "model_adapter_mode": "small_model"}
{"paper_id": "WNxlJJIEVj", "mode": "s4", "reward": 0.6613553334707319, "final_decision": "reject", "model_adapter_mode": "small_model"}
{"paper_id": "uOrfve3prk", "mode": "s4", "reward": 0.6906990101381221, "final_decision": "reject", "model_adapter_mode": "small_model"}
{"paper_id": "7Dub7UXTXN", "mode": "s4", "reward": 0.5994652711269557, "final_decision": "reject", "model_adapter_mode": "small_model"}
[2026-07-04 11:58:05] [API] request start agent=Review Manager Agent attempt=1/8 prompt_chars=7991[2026-07-04 11:58:05] [API] request start agent=Review Manager Agent attempt=1/8 prompt_chars=7991

[2026-07-04 11:58:05] [API] request start agent=Review Manager Agent attempt=1/8 prompt_chars=7991
[2026-07-04 11:58:05] [API] request start agent=Review Manager Agent attempt=1/8 prompt_chars=7991
[2026-07-04 11:58:08] [API] request success agent=Review Manager Agent attempt=1/8 elapsed=3.2s raw_chars=1073
[2026-07-04 11:58:08] [API] request success agent=Review Manager Agent attempt=1/8 elapsed=3.3s raw_chars=1142
[2026-07-04 11:58:09] [API] request success agent=Review Manager Agent attempt=1/8 elapsed=3.9s raw_chars=1222
[2026-07-04 11:58:09] [API] request success agent=Review Manager Agent attempt=1/8 elapsed=4.1s raw_chars=1440
[2026-07-04 11:58:09] [API] request start agent=Claim Agent attempt=1/8 prompt_chars=8711
[2026-07-04 11:58:09] [API] request start agent=Claim Agent attempt=1/8 prompt_chars=8711
[2026-07-04 11:58:09] [API] request start agent=Claim Agent attempt=1/8 prompt_chars=8712[2026-07-04 11:58:09] [API] request start agent=Claim Agent attempt=1/8 prompt_chars=8712

[2026-07-04 11:58:14] [API] request success agent=Claim Agent attempt=1/8 elapsed=5.5s raw_chars=2528
[2026-07-04 11:58:15] [API] request success agent=Claim Agent attempt=1/8 elapsed=5.5s raw_chars=2503
[2026-07-04 11:58:15] [API] request success agent=Claim Agent attempt=1/8 elapsed=6.2s raw_chars=2687
[2026-07-04 11:58:17] [API] request success agent=Claim Agent attempt=1/8 elapsed=8.3s raw_chars=3734
[2026-07-04 11:58:18] [API] request start agent=Review Manager Agent attempt=1/8 prompt_chars=9280
[2026-07-04 11:58:18] [API] request start agent=Review Manager Agent attempt=1/8 prompt_chars=9285
[2026-07-04 11:58:18] [API] request start agent=Review Manager Agent attempt=1/8 prompt_chars=9285[2026-07-04 11:58:18] [API] request start agent=Review Manager Agent attempt=1/8 prompt_chars=9285

[2026-07-04 11:58:26] [API] request success agent=Review Manager Agent attempt=1/8 elapsed=7.7s raw_chars=3684
[2026-07-04 11:58:26] [API] request success agent=Review Manager Agent attempt=1/8 elapsed=8.0s raw_chars=3745
[2026-07-04 11:58:26] [API] request success agent=Review Manager Agent attempt=1/8 elapsed=8.2s raw_chars=3964
[2026-07-04 11:58:26] [API] request success agent=Review Manager Agent attempt=1/8 elapsed=8.5s raw_chars=4293
[2026-07-04 11:58:27] [API] request start agent=Critique Agent attempt=1/8 prompt_chars=10410[2026-07-04 11:58:27] [API] request start agent=Critique Agent attempt=1/8 prompt_chars=10410

[2026-07-04 11:58:27] [API] request start agent=Critique Agent attempt=1/8 prompt_chars=10410
[2026-07-04 11:58:30] [API] request success agent=Critique Agent attempt=1/8 elapsed=2.6s raw_chars=897
[2026-07-04 11:58:30] [API] request success agent=Critique Agent attempt=1/8 elapsed=3.0s raw_chars=1017
[2026-07-04 11:58:30] [API] request success agent=Critique Agent attempt=1/8 elapsed=3.0s raw_chars=1132
[2026-07-04 11:58:30] [API] request start agent=Evidence Agent attempt=1/8 prompt_chars=7822
[2026-07-04 11:58:36] [API] request success agent=Evidence Agent attempt=1/8 elapsed=5.7s raw_chars=2323
[2026-07-04 11:58:37] [API] request start agent=Review Manager Agent attempt=1/8 prompt_chars=9285[2026-07-04 11:58:37] [API] request start agent=Review Manager Agent attempt=1/8 prompt_chars=9285

[2026-07-04 11:58:37] [API] request start agent=Review Manager Agent attempt=1/8 prompt_chars=9285[2026-07-04 11:58:37] [API] request start agent=Review Manager Agent attempt=1/8 prompt_chars=9285

[2026-07-04 11:58:45] [API] request success agent=Review Manager Agent attempt=1/8 elapsed=7.8s raw_chars=3426
[2026-07-04 11:58:46] [API] request success agent=Review Manager Agent attempt=1/8 elapsed=8.8s raw_chars=4094
[2026-07-04 11:58:46] [API] request success agent=Review Manager Agent attempt=1/8 elapsed=9.4s raw_chars=3993
[2026-07-04 11:58:47] [API] request success agent=Review Manager Agent attempt=1/8 elapsed=9.6s raw_chars=4619
[2026-07-04 11:58:48] [API] request start agent=Critique Agent attempt=1/8 prompt_chars=11672[2026-07-04 11:58:48] [API] request start agent=Critique Agent attempt=1/8 prompt_chars=10410
[2026-07-04 11:58:48] [API] request start agent=Critique Agent attempt=1/8 prompt_chars=11673
[2026-07-04 11:58:48] [API] request start agent=Critique Agent attempt=1/8 prompt_chars=11673

[2026-07-04 11:58:49] [API] request success agent=Critique Agent attempt=1/8 elapsed=1.8s raw_chars=501
[2026-07-04 11:58:50] [API] request success agent=Critique Agent attempt=1/8 elapsed=2.0s raw_chars=673
[2026-07-04 11:58:51] [API] request success agent=Critique Agent attempt=1/8 elapsed=3.1s raw_chars=1329
[2026-07-04 11:58:51] [API] request success agent=Critique Agent attempt=1/8 elapsed=3.5s raw_chars=1434
[2026-07-04 11:58:53] [API] request start agent=Review Manager Agent attempt=1/8 prompt_chars=9285[2026-07-04 11:58:53] [API] request start agent=Review Manager Agent attempt=1/8 prompt_chars=9285

[2026-07-04 11:58:53] [API] request start agent=Review Manager Agent attempt=1/8 prompt_chars=9285[2026-07-04 11:58:53] [API] request start agent=Review Manager Agent attempt=1/8 prompt_chars=9283

[2026-07-04 11:59:00] [API] request success agent=Review Manager Agent attempt=1/8 elapsed=7.5s raw_chars=3771
[2026-07-04 11:59:02] [API] request success agent=Review Manager Agent attempt=1/8 elapsed=9.0s raw_chars=4414
[2026-07-04 11:59:02] [API] request success agent=Review Manager Agent attempt=1/8 elapsed=9.1s raw_chars=4376
[2026-07-04 11:59:02] [API] request success agent=Review Manager Agent attempt=1/8 elapsed=9.6s raw_chars=4518
[2026-07-04 11:59:04] [API] request start agent=Critique Agent attempt=1/8 prompt_chars=8030
[2026-07-04 11:59:06] [API] request success agent=Critique Agent attempt=1/8 elapsed=1.8s raw_chars=416
[2026-07-04 11:59:07] [API] request start agent=Evidence Agent attempt=1/8 prompt_chars=8593[2026-07-04 11:59:07] [API] request start agent=Evidence Agent attempt=1/8 prompt_chars=8593

[2026-07-04 11:59:07] [API] request start agent=Evidence Agent attempt=1/8 prompt_chars=8593
[2026-07-04 11:59:08] [API] request success agent=Evidence Agent attempt=1/8 elapsed=1.4s raw_chars=473
[2026-07-04 11:59:09] [API] request success agent=Evidence Agent attempt=1/8 elapsed=2.1s raw_chars=767
[2026-07-04 11:59:14] [API] request success agent=Evidence Agent attempt=1/8 elapsed=7.1s raw_chars=2662
[2026-07-04 11:59:15] [API] request start agent=Evidence Agent attempt=1/8 prompt_chars=8754
[2026-07-04 11:59:18] [API] request success agent=Evidence Agent attempt=1/8 elapsed=2.8s raw_chars=831
[2026-07-04 11:59:26] [API] request start agent=Review Manager Agent attempt=1/8 prompt_chars=9285[2026-07-04 11:59:26] [API] request start agent=Review Manager Agent attempt=1/8 prompt_chars=9282
[2026-07-04 11:59:26] [API] request start agent=Review Manager Agent attempt=1/8 prompt_chars=9285
[2026-07-04 11:59:26] [API] request start agent=Review Manager Agent attempt=1/8 prompt_chars=9285

[2026-07-04 11:59:34] [API] request success agent=Review Manager Agent attempt=1/8 elapsed=8.2s raw_chars=3630
[2026-07-04 11:59:34] [API] request success agent=Review Manager Agent attempt=1/8 elapsed=8.4s raw_chars=4040
[2026-07-04 11:59:38] [API] request success agent=Review Manager Agent attempt=1/8 elapsed=11.9s raw_chars=5299
[2026-07-04 11:59:38] [API] request success agent=Review Manager Agent attempt=1/8 elapsed=12.5s raw_chars=5507
[2026-07-04 11:59:41] [API] request start agent=Evidence Agent attempt=1/8 prompt_chars=7826[2026-07-04 11:59:41] [API] request start agent=Evidence Agent attempt=1/8 prompt_chars=7825

[2026-07-04 11:59:41] [API] request start agent=Evidence Agent attempt=1/8 prompt_chars=7825
[2026-07-04 11:59:46] [API] request success agent=Evidence Agent attempt=1/8 elapsed=5.4s raw_chars=2207
[2026-07-04 11:59:46] [API] request success agent=Evidence Agent attempt=1/8 elapsed=5.9s raw_chars=2386
[2026-07-04 11:59:47] [API] request success agent=Evidence Agent attempt=1/8 elapsed=6.8s raw_chars=3446
[2026-07-04 11:59:47] [API] request start agent=Critique Agent attempt=1/8 prompt_chars=8030
[2026-07-04 11:59:50] [API] request success agent=Critique Agent attempt=1/8 elapsed=2.4s raw_chars=678
[2026-07-04 11:59:50] [API] request start agent=Evidence Agent attempt=1/8 prompt_chars=8593
[2026-07-04 11:59:53] [API] request success agent=Evidence Agent attempt=1/8 elapsed=2.2s raw_chars=836
[2026-07-04 11:59:56] [API] request start agent=Review Manager Agent attempt=1/8 prompt_chars=9285[2026-07-04 11:59:56] [API] request start agent=Review Manager Agent attempt=1/8 prompt_chars=9283

[2026-07-04 11:59:56] [API] request start agent=Review Manager Agent attempt=1/8 prompt_chars=9284[2026-07-04 11:59:56] [API] request start agent=Review Manager Agent attempt=1/8 prompt_chars=9285

[2026-07-04 12:00:02] [API] request success agent=Review Manager Agent attempt=1/8 elapsed=6.3s raw_chars=3147
[2026-07-04 12:00:04] [API] request success agent=Review Manager Agent attempt=1/8 elapsed=8.4s raw_chars=3660
[2026-07-04 12:00:04] [API] request success agent=Review Manager Agent attempt=1/8 elapsed=8.7s raw_chars=4197
[2026-07-04 12:00:05] [API] request success agent=Review Manager Agent attempt=1/8 elapsed=9.1s raw_chars=4355
[2026-07-04 12:00:06] [API] request start agent=Critique Agent attempt=1/8 prompt_chars=8030
[2026-07-04 12:00:06] [API] request start agent=Critique Agent attempt=1/8 prompt_chars=11673
[2026-07-04 12:00:06] [API] request start agent=Critique Agent attempt=1/8 prompt_chars=11673[2026-07-04 12:00:06] [API] request start agent=Critique Agent attempt=1/8 prompt_chars=8030

[2026-07-04 12:00:09] [API] request success agent=Critique Agent attempt=1/8 elapsed=2.6s raw_chars=436
[2026-07-04 12:00:09] [API] request success agent=Critique Agent attempt=1/8 elapsed=2.7s raw_chars=477
[2026-07-04 12:00:10] [API] request success agent=Critique Agent attempt=1/8 elapsed=3.7s raw_chars=567
[2026-07-04 12:00:12] [API] request success agent=Critique Agent attempt=1/8 elapsed=5.3s raw_chars=1402
[2026-07-04 12:00:14] [API] request start agent=Evidence Agent attempt=1/8 prompt_chars=8754
[2026-07-04 12:00:14] [API] request start agent=Evidence Agent attempt=1/8 prompt_chars=8754
[2026-07-04 12:00:17] [API] request success agent=Evidence Agent attempt=1/8 elapsed=2.8s raw_chars=513
[2026-07-04 12:00:17] [API] request success agent=Evidence Agent attempt=1/8 elapsed=2.8s raw_chars=555
[review_reward][unknown][GE6iywJtsV] reward=0.4381 breakdown={'decision': 0.0, 'section_presence': 1.0, 'length_score': 0.9908, 'summary_align': 0.4952, 'strength_align': 0.5024, 'weakness_align': 0.2626, 'suggestion_align': 0.4745, 'global_align': 0.306, 'critique': 1.0, 'stance_align': 0.6333, 'rating_align': 0.0, 'decision_line_bonus': 0.0, 'audit_id_leak_penalty': 0.0, 'penalty': 0.0, 'total': 0.4381, 'es_coverage': 0.0, 'es_depth': 0.0, 'es_empirical': 0.0, 'es_independent': 0.0, 'es_flaw_density': 1.0, 'es_support_volume': 0.0, 'evidence_support_score': 0.15}
[2026-07-04 12:00:30] [API] request start agent=Review Manager Agent attempt=1/8 prompt_chars=9285
[2026-07-04 12:00:30] [API] request start agent=Review Manager Agent attempt=1/8 prompt_chars=9285
[2026-07-04 12:00:30] [API] request start agent=Review Manager Agent attempt=1/8 prompt_chars=9285
[2026-07-04 12:00:39] [API] request success agent=Review Manager Agent attempt=1/8 elapsed=8.1s raw_chars=3552
[2026-07-04 12:00:40] [API] request success agent=Review Manager Agent attempt=1/8 elapsed=9.3s raw_chars=3849
[2026-07-04 12:00:49] [API] request success agent=Review Manager Agent attempt=1/8 elapsed=18.3s raw_chars=6538
[2026-07-04 12:00:50] [API] request start agent=Critique Agent attempt=1/8 prompt_chars=8030
[2026-07-04 12:00:52] [API] request success agent=Critique Agent attempt=1/8 elapsed=2.0s raw_chars=496
[2026-07-04 12:00:54] [API] request start agent=Evidence Agent attempt=1/8 prompt_chars=7823[2026-07-04 12:00:54] [API] request start agent=Evidence Agent attempt=1/8 prompt_chars=7826

[2026-07-04 12:00:59] [API] request success agent=Evidence Agent attempt=1/8 elapsed=4.2s raw_chars=1478
[2026-07-04 12:01:01] [API] request success agent=Evidence Agent attempt=1/8 elapsed=6.6s raw_chars=2306
[2026-07-04 12:01:03] [API] request start agent=Evidence Agent attempt=1/8 prompt_chars=8754
[2026-07-04 12:01:05] [API] request success agent=Evidence Agent attempt=1/8 elapsed=2.4s raw_chars=544
[review_reward][unknown][9zEBK3E9bX] reward=0.5926 breakdown={'decision': 0.0, 'section_presence': 1.0, 'length_score': 0.9217, 'summary_align': 0.4648, 'strength_align': 0.3574, 'weakness_align': 0.3554, 'suggestion_align': 0.3887, 'global_align': 0.4079, 'critique': 1.0, 'stance_align': 0.7927, 'rating_align': 0.0, 'decision_line_bonus': 0.0, 'audit_id_leak_penalty': 0.0, 'penalty': 0.0, 'total': 0.5926, 'es_coverage': 0.5, 'es_depth': 0.5, 'es_empirical': 0.5, 'es_independent': 0.0, 'es_flaw_density': 1.0, 'es_support_volume': 0.25, 'evidence_support_score': 0.5}
[review_reward][unknown][XyB4VvF01X] reward=0.5228 breakdown={'decision': 0.0, 'section_presence': 1.0, 'length_score': 1.0, 'summary_align': 0.4321, 'strength_align': 0.3863, 'weakness_align': 0.2208, 'suggestion_align': 0.4089, 'global_align': 0.2587, 'critique': 1.0, 'stance_align': 0.6645, 'rating_align': 0.0, 'decision_line_bonus': 0.0, 'audit_id_leak_penalty': 0.0, 'penalty': 0.0, 'total': 0.5228, 'es_coverage': 0.5, 'es_depth': 0.375, 'es_empirical': 0.25, 'es_independent': 0.25, 'es_flaw_density': 0.3333, 'es_support_volume': 0.625, 'evidence_support_score': 0.4}
[review_reward][unknown][WpXq5n8yLb] reward=0.6106 breakdown={'decision': 0.0, 'section_presence': 1.0, 'length_score': 1.0, 'summary_align': 0.4193, 'strength_align': 0.3081, 'weakness_align': 0.2658, 'suggestion_align': 0.3783, 'global_align': 0.3138, 'critique': 1.0, 'stance_align': 0.8308, 'rating_align': 0.0, 'decision_line_bonus': 0.0, 'audit_id_leak_penalty': 0.0, 'penalty': 0.0, 'total': 0.6106, 'es_coverage': 0.75, 'es_depth': 0.75, 'es_empirical': 0.75, 'es_independent': 0.0, 'es_flaw_density': 0.3333, 'es_support_volume': 0.375, 'evidence_support_score': 0.575}
{"paper_id": "9zEBK3E9bX", "mode": "s4", "reward": 0.5926133165530951, "final_decision": "reject", "model_adapter_mode": "small_model"}
{"paper_id": "XyB4VvF01X", "mode": "s4", "reward": 0.5228209183448826, "final_decision": "reject", "model_adapter_mode": "small_model"}
{"paper_id": "GE6iywJtsV", "mode": "s4", "reward": 0.4381209251948775, "final_decision": "reject", "model_adapter_mode": "small_model"}
{"paper_id": "WpXq5n8yLb", "mode": "s4", "reward": 0.610624303515605, "final_decision": "reject", "model_adapter_mode": "small_model"}
[2026-07-04 12:01:22] [API] request start agent=Review Manager Agent attempt=1/8 prompt_chars=7991[2026-07-04 12:01:22] [API] request start agent=Review Manager Agent attempt=1/8 prompt_chars=7991

[2026-07-04 12:01:22] [API] request start agent=Review Manager Agent attempt=1/8 prompt_chars=7991
[2026-07-04 12:01:22] [API] request start agent=Review Manager Agent attempt=1/8 prompt_chars=7991
[2026-07-04 12:01:26] [API] request success agent=Review Manager Agent attempt=1/8 elapsed=3.8s raw_chars=1126
[2026-07-04 12:01:27] [API] request success agent=Review Manager Agent attempt=1/8 elapsed=4.2s raw_chars=1177
[2026-07-04 12:01:27] [API] request success agent=Review Manager Agent attempt=1/8 elapsed=4.5s raw_chars=1280
[2026-07-04 12:01:27] [API] request success agent=Review Manager Agent attempt=1/8 elapsed=4.8s raw_chars=1370
[2026-07-04 12:01:28] [API] request start agent=Claim Agent attempt=1/8 prompt_chars=8712[2026-07-04 12:01:28] [API] request start agent=Claim Agent attempt=1/8 prompt_chars=8711

[2026-07-04 12:01:28] [API] request start agent=Claim Agent attempt=1/8 prompt_chars=8711
[2026-07-04 12:01:28] [API] request start agent=Claim Agent attempt=1/8 prompt_chars=8711
[2026-07-04 12:01:34] [API] request success agent=Claim Agent attempt=1/8 elapsed=6.8s raw_chars=3212
[2026-07-04 12:01:34] [API] request success agent=Claim Agent attempt=1/8 elapsed=6.8s raw_chars=2757
[2026-07-04 12:01:35] [API] request success agent=Claim Agent attempt=1/8 elapsed=7.6s raw_chars=3037
[2026-07-04 12:01:37] [API] request success agent=Claim Agent attempt=1/8 elapsed=9.1s raw_chars=4169
[2026-07-04 12:01:37] [API] request start agent=Review Manager Agent attempt=1/8 prompt_chars=9285[2026-07-04 12:01:37] [API] request start agent=Review Manager Agent attempt=1/8 prompt_chars=9284

[2026-07-04 12:01:37] [API] request start agent=Review Manager Agent attempt=1/8 prompt_chars=9285
[2026-07-04 12:01:37] [API] request start agent=Review Manager Agent attempt=1/8 prompt_chars=9285
[2026-07-04 12:01:44] [API] request success agent=Review Manager Agent attempt=1/8 elapsed=6.9s raw_chars=3179
[2026-07-04 12:01:45] [API] request success agent=Review Manager Agent attempt=1/8 elapsed=7.4s raw_chars=3296
[2026-07-04 12:01:45] [API] request success agent=Review Manager Agent attempt=1/8 elapsed=7.7s raw_chars=3474
[2026-07-04 12:01:45] [API] request success agent=Review Manager Agent attempt=1/8 elapsed=8.2s raw_chars=3834
[2026-07-04 12:01:46] [API] request start agent=Critique Agent attempt=1/8 prompt_chars=10410[2026-07-04 12:01:46] [API] request start agent=Critique Agent attempt=1/8 prompt_chars=10410

[2026-07-04 12:01:50] [API] request success agent=Critique Agent attempt=1/8 elapsed=3.7s raw_chars=1027
[2026-07-04 12:01:51] [API] request success agent=Critique Agent attempt=1/8 elapsed=4.7s raw_chars=1163
[2026-07-04 12:01:51] [API] request start agent=Evidence Agent attempt=1/8 prompt_chars=7826[2026-07-04 12:01:51] [API] request start agent=Evidence Agent attempt=1/8 prompt_chars=7826

[2026-07-04 12:01:57] [API] request success agent=Evidence Agent attempt=1/8 elapsed=5.8s raw_chars=2364
[2026-07-04 12:02:01] [API] request success agent=Evidence Agent attempt=1/8 elapsed=10.5s raw_chars=4196
[2026-07-04 12:02:02] [API] request start agent=Review Manager Agent attempt=1/8 prompt_chars=9285
[2026-07-04 12:02:02] [API] request start agent=Review Manager Agent attempt=1/8 prompt_chars=9285[2026-07-04 12:02:02] [API] request start agent=Review Manager Agent attempt=1/8 prompt_chars=9285

[2026-07-04 12:02:02] [API] request start agent=Review Manager Agent attempt=1/8 prompt_chars=9285
[2026-07-04 12:02:10] [API] request success agent=Review Manager Agent attempt=1/8 elapsed=7.6s raw_chars=3318
[2026-07-04 12:02:11] [API] request success agent=Review Manager Agent attempt=1/8 elapsed=8.3s raw_chars=3682
[2026-07-04 12:02:13] [API] request success agent=Review Manager Agent attempt=1/8 elapsed=10.4s raw_chars=4459
[2026-07-04 12:02:13] [API] request success agent=Review Manager Agent attempt=1/8 elapsed=11.1s raw_chars=4665
[2026-07-04 12:02:14] [API] request start agent=Critique Agent attempt=1/8 prompt_chars=11673
[2026-07-04 12:02:14] [API] request start agent=Critique Agent attempt=1/8 prompt_chars=11673[2026-07-04 12:02:14] [API] request start agent=Critique Agent attempt=1/8 prompt_chars=10410

[2026-07-04 12:02:14] [API] request start agent=Critique Agent attempt=1/8 prompt_chars=10410
[2026-07-04 12:02:16] [API] request success agent=Critique Agent attempt=1/8 elapsed=1.8s raw_chars=361
[2026-07-04 12:02:16] [API] request success agent=Critique Agent attempt=1/8 elapsed=1.8s raw_chars=459
[2026-07-04 12:02:17] [API] request success agent=Critique Agent attempt=1/8 elapsed=2.2s raw_chars=537
[2026-07-04 12:02:17] [API] request success agent=Critique Agent attempt=1/8 elapsed=2.2s raw_chars=497
[2026-07-04 12:02:18] [API] request start agent=Review Manager Agent attempt=1/8 prompt_chars=9285[2026-07-04 12:02:18] [API] request start agent=Review Manager Agent attempt=1/8 prompt_chars=9284[2026-07-04 12:02:18] [API] request start agent=Review Manager Agent attempt=1/8 prompt_chars=9285


[2026-07-04 12:02:18] [API] request start agent=Review Manager Agent attempt=1/8 prompt_chars=9285
[2026-07-04 12:02:25] [API] request success agent=Review Manager Agent attempt=1/8 elapsed=7.0s raw_chars=3363
[2026-07-04 12:02:26] [API] request success agent=Review Manager Agent attempt=1/8 elapsed=8.1s raw_chars=3552
[2026-07-04 12:02:26] [API] request success agent=Review Manager Agent attempt=1/8 elapsed=8.5s raw_chars=3766
[2026-07-04 12:02:29] [API] request success agent=Review Manager Agent attempt=1/8 elapsed=11.7s raw_chars=5089
[2026-07-04 12:02:31] [API] request start agent=Evidence Agent attempt=1/8 prompt_chars=8592[2026-07-04 12:02:31] [API] request start agent=Evidence Agent attempt=1/8 prompt_chars=8593
[2026-07-04 12:02:31] [API] request start agent=Evidence Agent attempt=1/8 prompt_chars=7823

[2026-07-04 12:02:32] [API] request success agent=Evidence Agent attempt=1/8 elapsed=1.6s raw_chars=475
[2026-07-04 12:02:33] [API] request success agent=Evidence Agent attempt=1/8 elapsed=2.0s raw_chars=759
[2026-07-04 12:02:34] [API] request success agent=Evidence Agent attempt=1/8 elapsed=3.9s raw_chars=1607
[2026-07-04 12:02:34] [API] request start agent=Critique Agent attempt=1/8 prompt_chars=8030
[2026-07-04 12:02:36] [API] request success agent=Critique Agent attempt=1/8 elapsed=1.8s raw_chars=418
[2026-07-04 12:02:37] [API] request start agent=Evidence Agent attempt=1/8 prompt_chars=8754
[2026-07-04 12:02:39] [API] request success agent=Evidence Agent attempt=1/8 elapsed=2.2s raw_chars=631
[2026-07-04 12:02:42] [API] request start agent=Review Manager Agent attempt=1/8 prompt_chars=9285[2026-07-04 12:02:42] [API] request start agent=Review Manager Agent attempt=1/8 prompt_chars=9285

[2026-07-04 12:02:42] [API] request start agent=Review Manager Agent attempt=1/8 prompt_chars=9285[2026-07-04 12:02:42] [API] request start agent=Review Manager Agent attempt=1/8 prompt_chars=9285

[2026-07-04 12:02:50] [API] request success agent=Review Manager Agent attempt=1/8 elapsed=8.4s raw_chars=3422
[2026-07-04 12:02:51] [API] request success agent=Review Manager Agent attempt=1/8 elapsed=9.5s raw_chars=4220
[2026-07-04 12:02:51] [API] request success agent=Review Manager Agent attempt=1/8 elapsed=9.8s raw_chars=4534
[2026-07-04 12:02:54] [API] request success agent=Review Manager Agent attempt=1/8 elapsed=12.0s raw_chars=5564
[2026-07-04 12:02:55] [API] request start agent=Evidence Agent attempt=1/8 prompt_chars=7826
[2026-07-04 12:02:55] [API] request start agent=Evidence Agent attempt=1/8 prompt_chars=7826[2026-07-04 12:02:55] [API] request start agent=Evidence Agent attempt=1/8 prompt_chars=7826

[2026-07-04 12:02:59] [API] request success agent=Evidence Agent attempt=1/8 elapsed=4.3s raw_chars=1589
[2026-07-04 12:03:00] [API] request success agent=Evidence Agent attempt=1/8 elapsed=5.3s raw_chars=1501
[2026-07-04 12:03:02] [API] request success agent=Evidence Agent attempt=1/8 elapsed=7.5s raw_chars=2803
[2026-07-04 12:03:02] [API] request start agent=Critique Agent attempt=1/8 prompt_chars=11672
[2026-07-04 12:03:04] [API] request success agent=Critique Agent attempt=1/8 elapsed=1.3s raw_chars=359
[2026-07-04 12:03:06] [API] request start agent=Review Manager Agent attempt=1/8 prompt_chars=9285[2026-07-04 12:03:06] [API] request start agent=Review Manager Agent attempt=1/8 prompt_chars=9284

[2026-07-04 12:03:06] [API] request start agent=Review Manager Agent attempt=1/8 prompt_chars=9285
[2026-07-04 12:03:13] [API] request success agent=Review Manager Agent attempt=1/8 elapsed=7.2s raw_chars=2836
[2026-07-04 12:03:15] [API] request success agent=Review Manager Agent attempt=1/8 elapsed=8.9s raw_chars=4035
[2026-07-04 12:03:15] [API] request success agent=Review Manager Agent attempt=1/8 elapsed=9.2s raw_chars=3801
[2026-07-04 12:03:16] [API] request start agent=Critique Agent attempt=1/8 prompt_chars=8030
[2026-07-04 12:03:16] [API] request start agent=Critique Agent attempt=1/8 prompt_chars=11673
[2026-07-04 12:03:18] [API] request success agent=Critique Agent attempt=1/8 elapsed=2.4s raw_chars=776
[2026-07-04 12:03:18] [API] request success agent=Critique Agent attempt=1/8 elapsed=2.5s raw_chars=688
[2026-07-04 12:03:19] [API] request start agent=Evidence Agent attempt=1/8 prompt_chars=7826
[2026-07-04 12:03:26] [API] request success agent=Evidence Agent attempt=1/8 elapsed=6.9s raw_chars=2819
[2026-07-04 12:03:26] [API] request start agent=Evidence Agent attempt=1/8 prompt_chars=8550
[2026-07-04 12:03:33] [API] request success agent=Evidence Agent attempt=1/8 elapsed=6.7s raw_chars=2277
[2026-07-04 12:03:35] [API] request start agent=Review Manager Agent attempt=1/8 prompt_chars=9285
[2026-07-04 12:03:35] [API] request start agent=Review Manager Agent attempt=1/8 prompt_chars=9285
[2026-07-04 12:03:35] [API] request start agent=Review Manager Agent attempt=1/8 prompt_chars=9285
[2026-07-04 12:03:43] [API] request success agent=Review Manager Agent attempt=1/8 elapsed=8.2s raw_chars=3595
[2026-07-04 12:03:44] [API] request success agent=Review Manager Agent attempt=1/8 elapsed=8.9s raw_chars=4214
[2026-07-04 12:03:45] [API] request success agent=Review Manager Agent attempt=1/8 elapsed=10.8s raw_chars=5068
[2026-07-04 12:03:46] [API] request start agent=Critique Agent attempt=1/8 prompt_chars=11673
[2026-07-04 12:03:46] [API] request start agent=Critique Agent attempt=1/8 prompt_chars=11672
[2026-07-04 12:03:48] [API] request success agent=Critique Agent attempt=1/8 elapsed=1.6s raw_chars=464
[2026-07-04 12:03:49] [API] request success agent=Critique Agent attempt=1/8 elapsed=2.9s raw_chars=920
[2026-07-04 12:03:49] [API] request start agent=Evidence Agent attempt=1/8 prompt_chars=7825
[2026-07-04 12:03:52] [API] request success agent=Evidence Agent attempt=1/8 elapsed=3.3s raw_chars=1433
{"paper_id": "NnExMNiTHw", "mode": "s4", "reward": 0.38580806205714224, "final_decision": "reject", "model_adapter_mode": "small_model"}
{"paper_id": "a6SntIisgg", "mode": "s4", "reward": 0.48511463768358615, "final_decision": "reject", "model_adapter_mode": "small_model"}
{"paper_id": "cklg91aPGk", "mode": "s4", "reward": 0.673574784698409, "final_decision": "reject", "model_adapter_mode": "small_model"}
{"paper_id": "HPuLU6q7xq", "mode": "s4", "reward": 0.6582986426014232, "final_decision": "reject", "model_adapter_mode": "small_model"}
[2026-07-04 12:03:54] [API] request start agent=Review Manager Agent attempt=1/8 prompt_chars=7991
[2026-07-04 12:03:54] [API] request start agent=Review Manager Agent attempt=1/8 prompt_chars=7991
[2026-07-04 12:03:54] [API] request start agent=Review Manager Agent attempt=1/8 prompt_chars=7991[2026-07-04 12:03:54] [API] request start agent=Review Manager Agent attempt=1/8 prompt_chars=7991

[2026-07-04 12:03:57] [API] request success agent=Review Manager Agent attempt=1/8 elapsed=2.9s raw_chars=1126
[2026-07-04 12:03:58] [API] request success agent=Review Manager Agent attempt=1/8 elapsed=3.9s raw_chars=1328
[2026-07-04 12:03:58] [API] request success agent=Review Manager Agent attempt=1/8 elapsed=3.9s raw_chars=1317
[2026-07-04 12:04:00] [API] request success agent=Review Manager Agent attempt=1/8 elapsed=6.0s raw_chars=2348
[2026-07-04 12:04:00] [API] request start agent=Claim Agent attempt=1/8 prompt_chars=8712[2026-07-04 12:04:00] [API] request start agent=Claim Agent attempt=1/8 prompt_chars=8712
[2026-07-04 12:04:00] [API] request start agent=Claim Agent attempt=1/8 prompt_chars=8712
[2026-07-04 12:04:00] [API] request start agent=Claim Agent attempt=1/8 prompt_chars=8711

[2026-07-04 12:04:06] [API] request success agent=Claim Agent attempt=1/8 elapsed=6.0s raw_chars=2198
[2026-07-04 12:04:07] [API] request success agent=Claim Agent attempt=1/8 elapsed=6.5s raw_chars=2610
[2026-07-04 12:04:07] [API] request success agent=Claim Agent attempt=1/8 elapsed=7.1s raw_chars=2401
[2026-07-04 12:04:08] [API] request success agent=Claim Agent attempt=1/8 elapsed=8.4s raw_chars=3556
[2026-07-04 12:04:09] [API] request start agent=Review Manager Agent attempt=1/8 prompt_chars=9285
[2026-07-04 12:04:09] [API] request start agent=Review Manager Agent attempt=1/8 prompt_chars=9285
[2026-07-04 12:04:09] [API] request start agent=Review Manager Agent attempt=1/8 prompt_chars=9285
[2026-07-04 12:04:09] [API] request start agent=Review Manager Agent attempt=1/8 prompt_chars=9285
[2026-07-04 12:04:18] [API] request success agent=Review Manager Agent attempt=1/8 elapsed=8.6s raw_chars=3266
[2026-07-04 12:04:18] [API] request success agent=Review Manager Agent attempt=1/8 elapsed=8.6s raw_chars=3244
[2026-07-04 12:04:18] [API] request success agent=Review Manager Agent attempt=1/8 elapsed=8.9s raw_chars=4111
[2026-07-04 12:04:18] [API] request success agent=Review Manager Agent attempt=1/8 elapsed=9.1s raw_chars=3718
[2026-07-04 12:04:20] [API] request start agent=Critique Agent attempt=1/8 prompt_chars=10410[2026-07-04 12:04:20] [API] request start agent=Critique Agent attempt=1/8 prompt_chars=10410

[2026-07-04 12:04:23] [API] request success agent=Critique Agent attempt=1/8 elapsed=2.5s raw_chars=922
[2026-07-04 12:04:23] [API] request success agent=Critique Agent attempt=1/8 elapsed=3.0s raw_chars=1021
[2026-07-04 12:04:23] [API] request start agent=Evidence Agent attempt=1/8 prompt_chars=7825[2026-07-04 12:04:23] [API] request start agent=Evidence Agent attempt=1/8 prompt_chars=7826

[2026-07-04 12:04:30] [API] request success agent=Evidence Agent attempt=1/8 elapsed=6.5s raw_chars=2563
[2026-07-04 12:04:31] [API] request success agent=Evidence Agent attempt=1/8 elapsed=7.7s raw_chars=3294
[2026-07-04 12:04:34] [API] request start agent=Review Manager Agent attempt=1/8 prompt_chars=9285[2026-07-04 12:04:34] [API] request start agent=Review Manager Agent attempt=1/8 prompt_chars=9285

[2026-07-04 12:04:34] [API] request start agent=Review Manager Agent attempt=1/8 prompt_chars=9285[2026-07-04 12:04:34] [API] request start agent=Review Manager Agent attempt=1/8 prompt_chars=9285

[2026-07-04 12:04:38] [API] request success agent=Review Manager Agent attempt=1/8 elapsed=4.6s raw_chars=1743
[2026-07-04 12:04:40] [API] request success agent=Review Manager Agent attempt=1/8 elapsed=6.1s raw_chars=2239
[2026-07-04 12:04:41] [API] request success agent=Review Manager Agent attempt=1/8 elapsed=7.4s raw_chars=3209
[2026-07-04 12:04:43] [API] request success agent=Review Manager Agent attempt=1/8 elapsed=9.0s raw_chars=3867
[2026-07-04 12:04:45] [API] request start agent=Critique Agent attempt=1/8 prompt_chars=11673[2026-07-04 12:04:45] [API] request start agent=Critique Agent attempt=1/8 prompt_chars=11671
[2026-07-04 12:04:45] [API] request start agent=Critique Agent attempt=1/8 prompt_chars=10410

[2026-07-04 12:04:47] [API] request success agent=Critique Agent attempt=1/8 elapsed=2.1s raw_chars=499
[2026-07-04 12:04:48] [API] request success agent=Critique Agent attempt=1/8 elapsed=2.5s raw_chars=394
[2026-07-04 12:04:48] [API] request success agent=Critique Agent attempt=1/8 elapsed=3.0s raw_chars=843
[2026-07-04 12:04:48] [API] request start agent=Evidence Agent attempt=1/8 prompt_chars=7825
[2026-07-04 12:04:52] [API] request success agent=Evidence Agent attempt=1/8 elapsed=3.4s raw_chars=1092
[2026-07-04 12:04:54] [API] request start agent=Review Manager Agent attempt=1/8 prompt_chars=9285
[2026-07-04 12:04:54] [API] request start agent=Review Manager Agent attempt=1/8 prompt_chars=9285[2026-07-04 12:04:54] [API] request start agent=Review Manager Agent attempt=1/8 prompt_chars=9285

[2026-07-04 12:04:54] [API] request start agent=Review Manager Agent attempt=1/8 prompt_chars=9285
[2026-07-04 12:05:06] [API] request success agent=Review Manager Agent attempt=1/8 elapsed=11.5s raw_chars=3859
[2026-07-04 12:05:06] [API] request success agent=Review Manager Agent attempt=1/8 elapsed=11.6s raw_chars=4729
[2026-07-04 12:05:07] [API] request success agent=Review Manager Agent attempt=1/8 elapsed=12.4s raw_chars=4881
[2026-07-04 12:05:07] [API] request success agent=Review Manager Agent attempt=1/8 elapsed=13.0s raw_chars=5292
[2026-07-04 12:05:10] [API] request start agent=Evidence Agent attempt=1/8 prompt_chars=8593
[2026-07-04 12:05:10] [API] request start agent=Evidence Agent attempt=1/8 prompt_chars=8592
[2026-07-04 12:05:12] [API] request success agent=Evidence Agent attempt=1/8 elapsed=2.3s raw_chars=822
[2026-07-04 12:05:13] [API] request success agent=Evidence Agent attempt=1/8 elapsed=2.9s raw_chars=806
[2026-07-04 12:05:13] [API] request start agent=Critique Agent attempt=1/8 prompt_chars=11673[2026-07-04 12:05:13] [API] request start agent=Critique Agent attempt=1/8 prompt_chars=8029

[2026-07-04 12:05:14] [API] request success agent=Critique Agent attempt=1/8 elapsed=1.6s raw_chars=462
[2026-07-04 12:05:17] [API] request success agent=Critique Agent attempt=1/8 elapsed=4.6s raw_chars=1375
[2026-07-04 12:05:17] [API] request start agent=Evidence Agent attempt=1/8 prompt_chars=8753
[2026-07-04 12:05:19] [API] request success agent=Evidence Agent attempt=1/8 elapsed=2.1s raw_chars=490
[2026-07-04 12:05:24] [API] request start agent=Review Manager Agent attempt=1/8 prompt_chars=9285
[2026-07-04 12:05:24] [API] request start agent=Review Manager Agent attempt=1/8 prompt_chars=9285[2026-07-04 12:05:24] [API] request start agent=Review Manager Agent attempt=1/8 prompt_chars=9285
[2026-07-04 12:05:24] [API] request start agent=Review Manager Agent attempt=1/8 prompt_chars=9282

[2026-07-04 12:05:32] [API] request success agent=Review Manager Agent attempt=1/8 elapsed=8.9s raw_chars=3776
[2026-07-04 12:05:33] [API] request success agent=Review Manager Agent attempt=1/8 elapsed=9.9s raw_chars=3786
[2026-07-04 12:05:34] [API] request success agent=Review Manager Agent attempt=1/8 elapsed=10.0s raw_chars=4140
[2026-07-04 12:05:35] [API] request success agent=Review Manager Agent attempt=1/8 elapsed=11.9s raw_chars=5533
[2026-07-04 12:05:41] [API] request start agent=Critique Agent attempt=1/8 prompt_chars=8030
[2026-07-04 12:05:41] [API] request start agent=Critique Agent attempt=1/8 prompt_chars=8030
[2026-07-04 12:05:41] [API] request start agent=Critique Agent attempt=1/8 prompt_chars=11673
[2026-07-04 12:05:43] [API] request success agent=Critique Agent attempt=1/8 elapsed=2.0s raw_chars=438
[2026-07-04 12:05:43] [API] request success agent=Critique Agent attempt=1/8 elapsed=2.2s raw_chars=416
[2026-07-04 12:05:44] [API] request success agent=Critique Agent attempt=1/8 elapsed=3.1s raw_chars=765
[2026-07-04 12:05:50] [API] request start agent=Evidence Agent attempt=1/8 prompt_chars=7822
[2026-07-04 12:05:55] [API] request success agent=Evidence Agent attempt=1/8 elapsed=4.7s raw_chars=1505
[2026-07-04 12:06:01] [API] request start agent=Evidence Agent attempt=1/8 prompt_chars=8754[2026-07-04 12:06:01] [API] request start agent=Evidence Agent attempt=1/8 prompt_chars=8754

[2026-07-04 12:06:04] [API] request success agent=Evidence Agent attempt=1/8 elapsed=2.6s raw_chars=796
[2026-07-04 12:06:04] [API] request success agent=Evidence Agent attempt=1/8 elapsed=2.7s raw_chars=650
[2026-07-04 12:06:21] [API] request start agent=Review Manager Agent attempt=1/8 prompt_chars=9285[2026-07-04 12:06:21] [API] request start agent=Review Manager Agent attempt=1/8 prompt_chars=9285

[2026-07-04 12:06:21] [API] request start agent=Review Manager Agent attempt=1/8 prompt_chars=9285
[2026-07-04 12:06:29] [API] request success agent=Review Manager Agent attempt=1/8 elapsed=7.5s raw_chars=3443
[2026-07-04 12:06:31] [API] request success agent=Review Manager Agent attempt=1/8 elapsed=9.3s raw_chars=3852
[2026-07-04 12:06:34] [API] request success agent=Review Manager Agent attempt=1/8 elapsed=12.0s raw_chars=5182
[2026-07-04 12:06:41] [API] request start agent=Critique Agent attempt=1/8 prompt_chars=11673
[2026-07-04 12:06:41] [API] request start agent=Critique Agent attempt=1/8 prompt_chars=8030[2026-07-04 12:06:41] [API] request start agent=Critique Agent attempt=1/8 prompt_chars=11673

[2026-07-04 12:06:43] [API] request success agent=Critique Agent attempt=1/8 elapsed=1.9s raw_chars=538
[2026-07-04 12:06:43] [API] request success agent=Critique Agent attempt=1/8 elapsed=2.0s raw_chars=442
[2026-07-04 12:06:44] [API] request success agent=Critique Agent attempt=1/8 elapsed=3.4s raw_chars=1041
[2026-07-04 12:06:45] [API] request start agent=Evidence Agent attempt=1/8 prompt_chars=8754
[2026-07-04 12:06:47] [API] request success agent=Evidence Agent attempt=1/8 elapsed=2.0s raw_chars=411
[2026-07-04 12:07:00] [API] request start agent=Review Manager Agent attempt=1/8 prompt_chars=9285
[2026-07-04 12:07:09] [API] request success agent=Review Manager Agent attempt=1/8 elapsed=9.5s raw_chars=4036
[2026-07-04 12:07:10] [API] request start agent=Critique Agent attempt=1/8 prompt_chars=11673
[2026-07-04 12:07:14] [API] request success agent=Critique Agent attempt=1/8 elapsed=4.6s raw_chars=1255
{"paper_id": "fGXyvmWpw6", "mode": "s4", "reward": 0.40589466332450047, "final_decision": "reject", "model_adapter_mode": "small_model"}
{"paper_id": "QAgwFiIY4p", "mode": "s4", "reward": 0.6047592096661614, "final_decision": "reject", "model_adapter_mode": "small_model"}
{"paper_id": "TPAj63ax4Y", "mode": "s4", "reward": 0.40282789662083107, "final_decision": "reject", "model_adapter_mode": "small_model"}
{"paper_id": "mHv6wcBb0z", "mode": "s4", "reward": 0.4848974583501553, "final_decision": "reject", "model_adapter_mode": "small_model"}
[2026-07-04 12:07:15] [API] request start agent=Review Manager Agent attempt=1/8 prompt_chars=7991[2026-07-04 12:07:15] [API] request start agent=Review Manager Agent attempt=1/8 prompt_chars=7991

[2026-07-04 12:07:15] [API] request start agent=Review Manager Agent attempt=1/8 prompt_chars=7991
[2026-07-04 12:07:15] [API] request start agent=Review Manager Agent attempt=1/8 prompt_chars=7991
[2026-07-04 12:07:19] [API] request success agent=Review Manager Agent attempt=1/8 elapsed=3.5s raw_chars=1063
[2026-07-04 12:07:19] [API] request success agent=Review Manager Agent attempt=1/8 elapsed=3.5s raw_chars=1250
[2026-07-04 12:07:19] [API] request success agent=Review Manager Agent attempt=1/8 elapsed=3.6s raw_chars=1234
[2026-07-04 12:07:19] [API] request success agent=Review Manager Agent attempt=1/8 elapsed=4.0s raw_chars=1255
[2026-07-04 12:07:19] [API] request start agent=Claim Agent attempt=1/8 prompt_chars=8712
[2026-07-04 12:07:19] [API] request start agent=Claim Agent attempt=1/8 prompt_chars=8711
[2026-07-04 12:07:19] [API] request start agent=Claim Agent attempt=1/8 prompt_chars=8712[2026-07-04 12:07:19] [API] request start agent=Claim Agent attempt=1/8 prompt_chars=8712

[2026-07-04 12:07:26] [API] request success agent=Claim Agent attempt=1/8 elapsed=6.1s raw_chars=2282
[2026-07-04 12:07:27] [API] request success agent=Claim Agent attempt=1/8 elapsed=7.4s raw_chars=2977
[2026-07-04 12:07:27] [API] request success agent=Claim Agent attempt=1/8 elapsed=7.5s raw_chars=2543
[2026-07-04 12:07:28] [API] request success agent=Claim Agent attempt=1/8 elapsed=8.1s raw_chars=2625
[2026-07-04 12:07:28] [API] request start agent=Review Manager Agent attempt=1/8 prompt_chars=9285[2026-07-04 12:07:28] [API] request start agent=Review Manager Agent attempt=1/8 prompt_chars=9284

[2026-07-04 12:07:28] [API] request start agent=Review Manager Agent attempt=1/8 prompt_chars=9285[2026-07-04 12:07:28] [API] request start agent=Review Manager Agent attempt=1/8 prompt_chars=9285

[2026-07-04 12:07:36] [API] request success agent=Review Manager Agent attempt=1/8 elapsed=7.6s raw_chars=3157
[2026-07-04 12:07:36] [API] request success agent=Review Manager Agent attempt=1/8 elapsed=8.2s raw_chars=3667
[2026-07-04 12:07:36] [API] request success agent=Review Manager Agent attempt=1/8 elapsed=8.3s raw_chars=3434
[2026-07-04 12:07:38] [API] request success agent=Review Manager Agent attempt=1/8 elapsed=9.6s raw_chars=3856
[2026-07-04 12:07:38] [API] request start agent=Evidence Agent attempt=1/8 prompt_chars=7826[2026-07-04 12:07:38] [API] request start agent=Evidence Agent attempt=1/8 prompt_chars=7826

[2026-07-04 12:07:38] [API] request start agent=Evidence Agent attempt=1/8 prompt_chars=7826
[2026-07-04 12:07:42] [API] request success agent=Evidence Agent attempt=1/8 elapsed=4.1s raw_chars=1657
[2026-07-04 12:07:43] [API] request success agent=Evidence Agent attempt=1/8 elapsed=4.8s raw_chars=2284
[2026-07-04 12:07:46] [API] request success agent=Evidence Agent attempt=1/8 elapsed=7.5s raw_chars=2769
[2026-07-04 12:07:46] [API] request start agent=Critique Agent attempt=1/8 prompt_chars=10410
[2026-07-04 12:07:50] [API] request success agent=Critique Agent attempt=1/8 elapsed=4.6s raw_chars=1324
[2026-07-04 12:07:51] [API] request start agent=Review Manager Agent attempt=1/8 prompt_chars=9279[2026-07-04 12:07:51] [API] request start agent=Review Manager Agent attempt=1/8 prompt_chars=9285
[2026-07-04 12:07:51] [API] request start agent=Review Manager Agent attempt=1/8 prompt_chars=9284
[2026-07-04 12:07:51] [API] request start agent=Review Manager Agent attempt=1/8 prompt_chars=9280

[2026-07-04 12:07:59] [API] request success agent=Review Manager Agent attempt=1/8 elapsed=7.4s raw_chars=3057
[2026-07-04 12:07:59] [API] request success agent=Review Manager Agent attempt=1/8 elapsed=7.4s raw_chars=3005
[2026-07-04 12:08:00] [API] request success agent=Review Manager Agent attempt=1/8 elapsed=8.8s raw_chars=3790
[2026-07-04 12:08:01] [API] request success agent=Review Manager Agent attempt=1/8 elapsed=9.5s raw_chars=3851
[2026-07-04 12:08:01] [API] request start agent=Critique Agent attempt=1/8 prompt_chars=10410[2026-07-04 12:08:01] [API] request start agent=Critique Agent attempt=1/8 prompt_chars=11673
[2026-07-04 12:08:01] [API] request start agent=Critique Agent attempt=1/8 prompt_chars=10410

[2026-07-04 12:08:04] [API] request success agent=Critique Agent attempt=1/8 elapsed=2.9s raw_chars=910
[2026-07-04 12:08:06] [API] request success agent=Critique Agent attempt=1/8 elapsed=4.3s raw_chars=1522
[2026-07-04 12:08:08] [API] request success agent=Critique Agent attempt=1/8 elapsed=6.8s raw_chars=2768
[2026-07-04 12:08:08] [API] request start agent=Evidence Agent attempt=1/8 prompt_chars=7826
[2026-07-04 12:08:12] [API] request success agent=Evidence Agent attempt=1/8 elapsed=3.9s raw_chars=1593
[2026-07-04 12:08:13] [API] request start agent=Review Manager Agent attempt=1/8 prompt_chars=9285
[2026-07-04 12:08:13] [API] request start agent=Review Manager Agent attempt=1/8 prompt_chars=9280[2026-07-04 12:08:13] [API] request start agent=Review Manager Agent attempt=1/8 prompt_chars=9285
[2026-07-04 12:08:13] [API] request start agent=Review Manager Agent attempt=1/8 prompt_chars=9285

[2026-07-04 12:08:20] [API] request success agent=Review Manager Agent attempt=1/8 elapsed=7.5s raw_chars=3127
[2026-07-04 12:08:21] [API] request success agent=Review Manager Agent attempt=1/8 elapsed=8.6s raw_chars=3704
[2026-07-04 12:08:23] [API] request success agent=Review Manager Agent attempt=1/8 elapsed=10.4s raw_chars=4269
[2026-07-04 12:08:23] [API] request success agent=Review Manager Agent attempt=1/8 elapsed=10.4s raw_chars=4582
[2026-07-04 12:08:24] [API] request start agent=Evidence Agent attempt=1/8 prompt_chars=8591[2026-07-04 12:08:24] [API] request start agent=Evidence Agent attempt=1/8 prompt_chars=7825

[2026-07-04 12:08:25] [API] request success agent=Evidence Agent attempt=1/8 elapsed=1.6s raw_chars=475
[2026-07-04 12:08:30] [API] request success agent=Evidence Agent attempt=1/8 elapsed=6.1s raw_chars=2712
[2026-07-04 12:08:30] [API] request start agent=Critique Agent attempt=1/8 prompt_chars=8030[2026-07-04 12:08:30] [API] request start agent=Critique Agent attempt=1/8 prompt_chars=11673

[2026-07-04 12:08:31] [API] request success agent=Critique Agent attempt=1/8 elapsed=1.0s raw_chars=180
[2026-07-04 12:08:32] [API] request success agent=Critique Agent attempt=1/8 elapsed=2.1s raw_chars=575
[2026-07-04 12:08:32] [API] request start agent=Evidence Agent attempt=1/8 prompt_chars=8753
[2026-07-04 12:08:34] [API] request success agent=Evidence Agent attempt=1/8 elapsed=1.8s raw_chars=487
[2026-07-04 12:08:36] [API] request start agent=Review Manager Agent attempt=1/8 prompt_chars=9285[2026-07-04 12:08:36] [API] request start agent=Review Manager Agent attempt=1/8 prompt_chars=9285

[2026-07-04 12:08:36] [API] request start agent=Review Manager Agent attempt=1/8 prompt_chars=9285[2026-07-04 12:08:36] [API] request start agent=Review Manager Agent attempt=1/8 prompt_chars=9284

[2026-07-04 12:08:45] [API] request success agent=Review Manager Agent attempt=1/8 elapsed=8.8s raw_chars=3987
[2026-07-04 12:08:46] [API] request success agent=Review Manager Agent attempt=1/8 elapsed=9.4s raw_chars=4174
[2026-07-04 12:08:46] [API] request success agent=Review Manager Agent attempt=1/8 elapsed=9.8s raw_chars=3809
[2026-07-04 12:08:46] [API] request success agent=Review Manager Agent attempt=1/8 elapsed=10.1s raw_chars=4380
[2026-07-04 12:08:47] [API] request start agent=Evidence Agent attempt=1/8 prompt_chars=7826[2026-07-04 12:08:47] [API] request start agent=Evidence Agent attempt=1/8 prompt_chars=8593
[2026-07-04 12:08:47] [API] request start agent=Evidence Agent attempt=1/8 prompt_chars=7826

[2026-07-04 12:08:49] [API] request success agent=Evidence Agent attempt=1/8 elapsed=1.6s raw_chars=476
[2026-07-04 12:08:52] [API] request success agent=Evidence Agent attempt=1/8 elapsed=4.7s raw_chars=1333
[2026-07-04 12:08:54] [API] request success agent=Evidence Agent attempt=1/8 elapsed=7.1s raw_chars=2448
[2026-07-04 12:08:54] [API] request start agent=Critique Agent attempt=1/8 prompt_chars=11673
[2026-07-04 12:08:59] [API] request success agent=Critique Agent attempt=1/8 elapsed=4.4s raw_chars=1647
[2026-07-04 12:09:00] [API] request start agent=Review Manager Agent attempt=1/8 prompt_chars=9285[2026-07-04 12:09:00] [API] request start agent=Review Manager Agent attempt=1/8 prompt_chars=9285

[2026-07-04 12:09:00] [API] request start agent=Review Manager Agent attempt=1/8 prompt_chars=9284[2026-07-04 12:09:00] [API] request start agent=Review Manager Agent attempt=1/8 prompt_chars=9285

[2026-07-04 12:09:06] [API] request success agent=Review Manager Agent attempt=1/8 elapsed=6.9s raw_chars=3167
[2026-07-04 12:09:08] [API] request success agent=Review Manager Agent attempt=1/8 elapsed=7.9s raw_chars=3831
[2026-07-04 12:09:09] [API] request success agent=Review Manager Agent attempt=1/8 elapsed=9.7s raw_chars=4205
[2026-07-04 12:09:11] [API] request success agent=Review Manager Agent attempt=1/8 elapsed=11.7s raw_chars=4794
[2026-07-04 12:09:12] [API] request start agent=Critique Agent attempt=1/8 prompt_chars=11673[2026-07-04 12:09:12] [API] request start agent=Critique Agent attempt=1/8 prompt_chars=11673

[2026-07-04 12:09:14] [API] request success agent=Critique Agent attempt=1/8 elapsed=1.9s raw_chars=458
[2026-07-04 12:09:17] [API] request success agent=Critique Agent attempt=1/8 elapsed=4.7s raw_chars=1927
[2026-07-04 12:09:17] [API] request start agent=Evidence Agent attempt=1/8 prompt_chars=7825[2026-07-04 12:09:17] [API] request start agent=Evidence Agent attempt=1/8 prompt_chars=8593

[2026-07-04 12:09:18] [API] request success agent=Evidence Agent attempt=1/8 elapsed=1.3s raw_chars=480
[2026-07-04 12:09:23] [API] request success agent=Evidence Agent attempt=1/8 elapsed=6.0s raw_chars=2178
[2026-07-04 12:09:24] [API] request start agent=Review Manager Agent attempt=1/8 prompt_chars=9279
[2026-07-04 12:09:24] [API] request start agent=Review Manager Agent attempt=1/8 prompt_chars=9281
[2026-07-04 12:09:24] [API] request start agent=Review Manager Agent attempt=1/8 prompt_chars=9285[2026-07-04 12:09:24] [API] request start agent=Review Manager Agent attempt=1/8 prompt_chars=9285

[2026-07-04 12:09:32] [API] request success agent=Review Manager Agent attempt=1/8 elapsed=8.1s raw_chars=3604
[2026-07-04 12:09:33] [API] request success agent=Review Manager Agent attempt=1/8 elapsed=8.5s raw_chars=3687
[2026-07-04 12:09:35] [API] request success agent=Review Manager Agent attempt=1/8 elapsed=10.8s raw_chars=4625
[2026-07-04 12:09:36] [API] request success agent=Review Manager Agent attempt=1/8 elapsed=12.4s raw_chars=4646
[2026-07-04 12:09:37] [API] request start agent=Critique Agent attempt=1/8 prompt_chars=11673[2026-07-04 12:09:37] [API] request start agent=Critique Agent attempt=1/8 prompt_chars=8029

[2026-07-04 12:09:37] [API] request start agent=Critique Agent attempt=1/8 prompt_chars=11673
[2026-07-04 12:09:37] [API] request start agent=Critique Agent attempt=1/8 prompt_chars=8029
[2026-07-04 12:09:39] [API] request success agent=Critique Agent attempt=1/8 elapsed=1.9s raw_chars=534
[2026-07-04 12:09:41] [API] request success agent=Critique Agent attempt=1/8 elapsed=3.3s raw_chars=749
[2026-07-04 12:09:42] [API] request success agent=Critique Agent attempt=1/8 elapsed=4.5s raw_chars=1557
[2026-07-04 12:09:42] [API] request success agent=Critique Agent attempt=1/8 elapsed=4.9s raw_chars=559
[2026-07-04 12:09:43] [API] request start agent=Evidence Agent attempt=1/8 prompt_chars=8750
[2026-07-04 12:09:43] [API] request start agent=Evidence Agent attempt=1/8 prompt_chars=8753
[2026-07-04 12:09:44] [API] request success agent=Evidence Agent attempt=1/8 elapsed=1.6s raw_chars=428
[2026-07-04 12:09:45] [API] request success agent=Evidence Agent attempt=1/8 elapsed=2.1s raw_chars=490
{"paper_id": "xUe1YqEgd6", "mode": "s4", "reward": 0.5270496434318467, "final_decision": "reject", "model_adapter_mode": "small_model"}
{"paper_id": "YXn76HMetm", "mode": "s4", "reward": 0.466818229467779, "final_decision": "reject", "model_adapter_mode": "small_model"}
{"paper_id": "KOUAayk5Kx", "mode": "s4", "reward": 0.4898890810013258, "final_decision": "reject", "model_adapter_mode": "small_model"}
{"paper_id": "XH3OiIhtvf", "mode": "s4", "reward": 0.6804199234469523, "final_decision": "reject", "model_adapter_mode": "small_model"}
