[API] Initialized: model=mimo-v2.5, provider=mimo, base_url=https://api.xiaomimimo.com/v1, max_tokens=1536
[MAIN] Using API backend: model=mimo-v2.5
[MAIN] model_adapter_mode=small_model (requested=small_model)
[DEBUG] paper_id: ye3NrNrYOY, paper_text length: 34961
[DEBUG] paper_text snippet: \title{Temporal Causal Mechanism Transfer for Few-shot Action Recognition}  \begin{abstract} The goa...
[DEBUG] paper_id: WNxlJJIEVj, paper_text length: 48238
[DEBUG] paper_text snippet: \title{Contrastive Diffuser: Planning Towards High Return States via Contrastive Learning}  \begin{a...
[DEBUG] paper_id: uOrfve3prk, paper_text length: 44055
[DEBUG] paper_text snippet: \title{Towards Unifying Interpretability and Control: Evaluation via Intervention}  \begin{abstract}...
[DEBUG] paper_id: 7Dub7UXTXN, paper_text length: 17618
[DEBUG] paper_text snippet: \title{When Are Bias-Free ReLU Networks Effectively Linear Networks?}  \begin{abstract}  We investig...
[DEBUG] paper_id: 9zEBK3E9bX, paper_text length: 35496
[DEBUG] paper_text snippet: \title{SPOT: Scalable 3D Pre-training via Occupancy Prediction for Autonomous Driving}  \begin{abstr...
[DEBUG] paper_id: XyB4VvF01X, paper_text length: 32345
[DEBUG] paper_text snippet: \title{Graph2Tac: Learning hierarchical representations of math concepts in theorem proving}  \begin...
[DEBUG] paper_id: GE6iywJtsV, paper_text length: 30553
[DEBUG] paper_text snippet: \title{Diff-Shape: A Novel Constrained Diffusion Model for Shape-based De Novo Drug Design}  \begin{...
[DEBUG] paper_id: WpXq5n8yLb, paper_text length: 55540
[DEBUG] paper_text snippet: \title{Recurrent Drafter for Fast Speculative Decoding in Large Language Models}  \begin{abstract} W...
[DEBUG] paper_id: NnExMNiTHw, paper_text length: 37839
[DEBUG] paper_text snippet: \title{SpecDec++: Boosting Speculative Decoding via Adaptive Candidate Lengths}  \begin{abstract} Sp...
[DEBUG] paper_id: a6SntIisgg, paper_text length: 64928
[DEBUG] paper_text snippet: \title{LogoRA: Local-Global Representation Alignment for Robust Time Series Classification}  \begin{...
[DEBUG] paper_id: cklg91aPGk, paper_text length: 32511
[DEBUG] paper_text snippet: \title{Propagation Alone is Enough for Graph Contrastive Learning}  \begin{abstract} Graph contrasti...
[DEBUG] paper_id: HPuLU6q7xq, paper_text length: 38828
[DEBUG] paper_text snippet: \title{Orca: Enhancing Role-Playing Abilities of Large Language Models by Integrating Personality Tr...
[DEBUG] paper_id: fGXyvmWpw6, paper_text length: 47400
[DEBUG] paper_text snippet: \title{Federated Virtual Learning on Heterogeneous Data with Local-global Distillation}  \begin{abst...
[DEBUG] paper_id: QAgwFiIY4p, paper_text length: 49197
[DEBUG] paper_text snippet: \title{Graph as Point Set}  \begin{abstract} Graph is a fundamental data structure to model intercon...
[DEBUG] paper_id: TPAj63ax4Y, paper_text length: 49027
[DEBUG] paper_text snippet: \title{Segment, Select, Correct: A Framework for Weakly-Supervised Referring Segmentation}  \begin{a...
[DEBUG] paper_id: mHv6wcBb0z, paper_text length: 35109
[DEBUG] paper_text snippet: \title{Preventing Model Collapse in Deep Canonical Correlation Analysis by Noise Regularization}  \b...
[DEBUG] paper_id: xUe1YqEgd6, paper_text length: 34518
[DEBUG] paper_text snippet: \title{Unsupervised motion segmentation in one go: Smooth long-term model over a video}  \begin{abst...
[DEBUG] paper_id: YXn76HMetm, paper_text length: 36915
[DEBUG] paper_text snippet: \title{Hyperbolic Active Learning for Semantic Segmentation under Domain Shift}  \begin{abstract}  W...
[DEBUG] paper_id: KOUAayk5Kx, paper_text length: 32732
[DEBUG] paper_text snippet: \title{Defying Multi-model Forgetting: Orthogonal Gradient Learning to One-shot Neural Architecture ...
[DEBUG] paper_id: XH3OiIhtvf, paper_text length: 22365
[DEBUG] paper_text snippet: \title{Unsupervised Federated Learning for Privacy Preserving in Face Recognition System}  \begin{ab...
[2026-06-30 19:49:13] [API] request start agent=Review Manager Agent attempt=1/8 prompt_chars=7991
[2026-06-30 19:49:13] [API] request start agent=Review Manager Agent attempt=1/8 prompt_chars=7991
[2026-06-30 19:49:16] [API] request success agent=Review Manager Agent attempt=1/8 elapsed=3.6s raw_chars=1333
[2026-06-30 19:49:16] [API] request start agent=Review Manager Agent attempt=1/8 prompt_chars=7991
[2026-06-30 19:49:19] [API] request success agent=Review Manager Agent attempt=1/8 elapsed=6.5s raw_chars=2356
[2026-06-30 19:49:19] [API] request start agent=Review Manager Agent attempt=1/8 prompt_chars=7991
[2026-06-30 19:49:21] [API] request success agent=Review Manager Agent attempt=1/8 elapsed=4.2s raw_chars=1559
[2026-06-30 19:49:24] [API] request success agent=Review Manager Agent attempt=1/8 elapsed=4.1s raw_chars=1400
[2026-06-30 19:49:24] [API] request start agent=Claim Agent attempt=1/8 prompt_chars=8712
[2026-06-30 19:49:24] [API] request start agent=Claim Agent attempt=1/8 prompt_chars=8711
[2026-06-30 19:49:29] [API] request success agent=Claim Agent attempt=1/8 elapsed=4.7s raw_chars=1942
[2026-06-30 19:49:29] [API] request start agent=Claim Agent attempt=1/8 prompt_chars=8712
[2026-06-30 19:49:30] [API] request success agent=Claim Agent attempt=1/8 elapsed=5.9s raw_chars=2033
[2026-06-30 19:49:30] [API] request start agent=Claim Agent attempt=1/8 prompt_chars=8711
[2026-06-30 19:49:35] [API] request success agent=Claim Agent attempt=1/8 elapsed=5.7s raw_chars=2504
[2026-06-30 19:49:35] [API] request success agent=Claim Agent attempt=1/8 elapsed=6.9s raw_chars=2940
[2026-06-30 19:49:39] [API] request start agent=Review Manager Agent attempt=1/8 prompt_chars=9285
[2026-06-30 19:49:39] [API] request start agent=Review Manager Agent attempt=1/8 prompt_chars=9283
[2026-06-30 19:49:45] [API] request success agent=Review Manager Agent attempt=1/8 elapsed=6.7s raw_chars=2906
[2026-06-30 19:49:45] [API] request start agent=Review Manager Agent attempt=1/8 prompt_chars=9281
[2026-06-30 19:49:47] [API] request success agent=Review Manager Agent attempt=1/8 elapsed=8.1s raw_chars=3129
[2026-06-30 19:49:47] [API] request start agent=Review Manager Agent attempt=1/8 prompt_chars=9285
[2026-06-30 19:49:53] [API] request success agent=Review Manager Agent attempt=1/8 elapsed=6.5s raw_chars=3245
[2026-06-30 19:49:54] [API] request success agent=Review Manager Agent attempt=1/8 elapsed=8.6s raw_chars=3458
[2026-06-30 19:49:58] [API] request start agent=Evidence Agent attempt=1/8 prompt_chars=7826
[2026-06-30 19:49:58] [API] request start agent=Evidence Agent attempt=1/8 prompt_chars=7826
[2026-06-30 19:50:02] [API] request success agent=Evidence Agent attempt=1/8 elapsed=3.5s raw_chars=1174
[2026-06-30 19:50:02] [API] request start agent=Evidence Agent attempt=1/8 prompt_chars=7822
[2026-06-30 19:50:05] [API] request success agent=Evidence Agent attempt=1/8 elapsed=6.3s raw_chars=2735
[2026-06-30 19:50:10] [API] request success agent=Evidence Agent attempt=1/8 elapsed=8.6s raw_chars=2657
[2026-06-30 19:50:10] [API] request start agent=Claim Agent attempt=1/8 prompt_chars=8712
[2026-06-30 19:50:17] [API] request success agent=Claim Agent attempt=1/8 elapsed=6.7s raw_chars=2652
[2026-06-30 19:50:25] [API] request start agent=Review Manager Agent attempt=1/8 prompt_chars=9282
[2026-06-30 19:50:25] [API] request start agent=Review Manager Agent attempt=1/8 prompt_chars=9285
[2026-06-30 19:50:33] [API] request success agent=Review Manager Agent attempt=1/8 elapsed=7.5s raw_chars=3526
[2026-06-30 19:50:33] [API] request start agent=Review Manager Agent attempt=1/8 prompt_chars=9285
[2026-06-30 19:50:35] [API] request success agent=Review Manager Agent attempt=1/8 elapsed=10.4s raw_chars=4213
[2026-06-30 19:50:35] [API] request start agent=Review Manager Agent attempt=1/8 prompt_chars=9282
[2026-06-30 19:50:41] [API] request success agent=Review Manager Agent attempt=1/8 elapsed=8.9s raw_chars=3237
[2026-06-30 19:50:44] [API] request success agent=Review Manager Agent attempt=1/8 elapsed=8.5s raw_chars=3271
[2026-06-30 19:50:46] [API] request start agent=Critique Agent attempt=1/8 prompt_chars=8030[2026-06-30 19:50:46] [API] request start agent=Critique Agent attempt=1/8 prompt_chars=18105

[2026-06-30 19:50:48] [API] request success agent=Critique Agent attempt=1/8 elapsed=2.1s raw_chars=302
[2026-06-30 19:50:48] [API] request start agent=Critique Agent attempt=1/8 prompt_chars=18103
[2026-06-30 19:50:59] [API] request success agent=Critique Agent attempt=1/8 elapsed=10.8s raw_chars=5500
[2026-06-30 19:51:03] [API] request success agent=Critique Agent attempt=1/8 elapsed=16.6s raw_chars=7143
[2026-06-30 19:51:04] [API] request start agent=Evidence Agent attempt=1/8 prompt_chars=7826
[2026-06-30 19:51:14] [API] request success agent=Evidence Agent attempt=1/8 elapsed=10.3s raw_chars=3011
[2026-06-30 19:51:15] [API] request start agent=Evidence Agent attempt=1/8 prompt_chars=8754
[2026-06-30 19:51:17] [API] request success agent=Evidence Agent attempt=1/8 elapsed=1.4s raw_chars=407
[2026-06-30 19:51:28] [API] request start agent=Review Manager Agent attempt=1/8 prompt_chars=9285[2026-06-30 19:51:28] [API] request start agent=Review Manager Agent attempt=1/8 prompt_chars=9285

[2026-06-30 19:51:38] [API] request success agent=Review Manager Agent attempt=1/8 elapsed=9.9s raw_chars=3929
[2026-06-30 19:51:38] [API] request start agent=Review Manager Agent attempt=1/8 prompt_chars=9285
[2026-06-30 19:51:39] [API] request success agent=Review Manager Agent attempt=1/8 elapsed=11.0s raw_chars=4760
[2026-06-30 19:51:39] [API] request start agent=Review Manager Agent attempt=1/8 prompt_chars=9285
[2026-06-30 19:51:46] [API] request success agent=Review Manager Agent attempt=1/8 elapsed=7.6s raw_chars=3523
[2026-06-30 19:51:49] [API] request success agent=Review Manager Agent attempt=1/8 elapsed=9.5s raw_chars=3903
[2026-06-30 19:52:03] [API] request start agent=Critique Agent attempt=1/8 prompt_chars=11673
[2026-06-30 19:52:06] [API] request success agent=Critique Agent attempt=1/8 elapsed=2.7s raw_chars=605
[2026-06-30 19:52:06] [API] request start agent=Evidence Agent attempt=1/8 prompt_chars=11187
[2026-06-30 19:52:21] [API] request success agent=Evidence Agent attempt=1/8 elapsed=14.7s raw_chars=6062
[review_reward][unknown][ye3NrNrYOY] reward=0.6012 breakdown={'decision': 0.0, 'section_presence': 1.0, 'length_score': 1.0, 'summary_align': 0.4998, 'strength_align': 0.4362, 'weakness_align': 0.2925, 'suggestion_align': 0.4328, 'global_align': 0.4353, 'critique': 1.0, 'stance_align': 0.5507, 'rating_align': 0.0, 'decision_line_bonus': 0.0, 'audit_id_leak_penalty': 0.0, 'penalty': 0.0, 'total': 0.6012, 'es_coverage': 0.6667, 'es_depth': 0.6667, 'es_empirical': 0.6667, 'es_independent': 0.3333, 'es_flaw_density': 0.3333, 'es_support_volume': 0.5, 'evidence_support_score': 0.5667}
[2026-06-30 19:52:36] [API] request start agent=Review Manager Agent attempt=1/8 prompt_chars=9285
[2026-06-30 19:52:36] [API] request start agent=Review Manager Agent attempt=1/8 prompt_chars=9285
[2026-06-30 19:52:44] [API] request success agent=Review Manager Agent attempt=1/8 elapsed=7.7s raw_chars=3722
[2026-06-30 19:52:44] [API] request start agent=Review Manager Agent attempt=1/8 prompt_chars=9285
[2026-06-30 19:52:45] [API] request success agent=Review Manager Agent attempt=1/8 elapsed=8.3s raw_chars=3723
[2026-06-30 19:52:52] [API] request success agent=Review Manager Agent attempt=1/8 elapsed=7.7s raw_chars=3593
[2026-06-30 19:53:07] [API] request start agent=Evidence Agent attempt=1/8 prompt_chars=8592[2026-06-30 19:53:07] [API] request start agent=Evidence Agent attempt=1/8 prompt_chars=7826

[2026-06-30 19:53:09] [API] request success agent=Evidence Agent attempt=1/8 elapsed=2.6s raw_chars=925
[2026-06-30 19:53:13] [API] request success agent=Evidence Agent attempt=1/8 elapsed=6.8s raw_chars=2614
[2026-06-30 19:53:13] [API] request start agent=Critique Agent attempt=1/8 prompt_chars=11673
[2026-06-30 19:53:15] [API] request success agent=Critique Agent attempt=1/8 elapsed=2.1s raw_chars=565
[2026-06-30 19:53:26] [API] request start agent=Review Manager Agent attempt=1/8 prompt_chars=9285
[2026-06-30 19:53:26] [API] request start agent=Review Manager Agent attempt=1/8 prompt_chars=9285
[2026-06-30 19:53:32] [API] request success agent=Review Manager Agent attempt=1/8 elapsed=5.9s raw_chars=2300
[2026-06-30 19:53:32] [API] request start agent=Review Manager Agent attempt=1/8 prompt_chars=9285
[2026-06-30 19:53:37] [API] request success agent=Review Manager Agent attempt=1/8 elapsed=11.4s raw_chars=4449
[2026-06-30 19:53:42] [API] request success agent=Review Manager Agent attempt=1/8 elapsed=10.4s raw_chars=3757
[2026-06-30 19:54:05] [API] request start agent=Evidence Agent attempt=1/8 prompt_chars=8593[2026-06-30 19:54:05] [API] request start agent=Evidence Agent attempt=1/8 prompt_chars=7821

[2026-06-30 19:54:07] [API] request success agent=Evidence Agent attempt=1/8 elapsed=2.4s raw_chars=959
[2026-06-30 19:54:10] [API] request success agent=Evidence Agent attempt=1/8 elapsed=5.8s raw_chars=2574
[2026-06-30 19:54:10] [API] request start agent=Critique Agent attempt=1/8 prompt_chars=8030
[2026-06-30 19:54:14] [API] request success agent=Critique Agent attempt=1/8 elapsed=3.3s raw_chars=434
[2026-06-30 19:54:16] [API] request start agent=Evidence Agent attempt=1/8 prompt_chars=8754
[2026-06-30 19:54:18] [API] request success agent=Evidence Agent attempt=1/8 elapsed=2.7s raw_chars=538
[2026-06-30 19:54:32] [API] request start agent=Review Manager Agent attempt=1/8 prompt_chars=9285
[2026-06-30 19:54:32] [API] request start agent=Review Manager Agent attempt=1/8 prompt_chars=9285
[2026-06-30 19:54:38] [API] request success agent=Review Manager Agent attempt=1/8 elapsed=5.6s raw_chars=2127
[2026-06-30 19:54:38] [API] request start agent=Review Manager Agent attempt=1/8 prompt_chars=9281
[2026-06-30 19:54:44] [API] request success agent=Review Manager Agent attempt=1/8 elapsed=11.1s raw_chars=4977
[2026-06-30 19:54:48] [API] request success agent=Review Manager Agent attempt=1/8 elapsed=9.6s raw_chars=3939
[2026-06-30 19:55:09] [API] request start agent=Critique Agent attempt=1/8 prompt_chars=11673
[2026-06-30 19:55:09] [API] request start agent=Critique Agent attempt=1/8 prompt_chars=11672
[2026-06-30 19:55:13] [API] request success agent=Critique Agent attempt=1/8 elapsed=3.5s raw_chars=728
[2026-06-30 19:55:13] [API] request success agent=Critique Agent attempt=1/8 elapsed=4.4s raw_chars=1441
[2026-06-30 19:55:13] [API] request start agent=Evidence Agent attempt=1/8 prompt_chars=7826
[2026-06-30 19:55:21] [API] request success agent=Evidence Agent attempt=1/8 elapsed=7.4s raw_chars=2620
[review_reward][unknown][WNxlJJIEVj] reward=0.5945 breakdown={'decision': 0.0, 'section_presence': 1.0, 'length_score': 1.0, 'summary_align': 0.1744, 'strength_align': 0.1903, 'weakness_align': 0.2094, 'suggestion_align': 0.3013, 'global_align': 0.1804, 'critique': 1.0, 'stance_align': 0.7625, 'rating_align': 0.0, 'decision_line_bonus': 0.0, 'audit_id_leak_penalty': 0.0, 'penalty': 0.0, 'total': 0.5945, 'es_coverage': 0.75, 'es_depth': 0.75, 'es_empirical': 0.75, 'es_independent': 0.75, 'es_flaw_density': 0.0, 'es_support_volume': 0.75, 'evidence_support_score': 0.6375}
[review_reward][unknown][uOrfve3prk] reward=0.5483 breakdown={'decision': 0.0, 'section_presence': 1.0, 'length_score': 1.0, 'summary_align': 0.2916, 'strength_align': 0.3089, 'weakness_align': 0.2224, 'suggestion_align': 0.4336, 'global_align': 0.2222, 'critique': 1.0, 'stance_align': 0.6319, 'rating_align': 0.0, 'decision_line_bonus': 0.0, 'audit_id_leak_penalty': 0.0, 'penalty': 0.0, 'total': 0.5483, 'es_coverage': 0.75, 'es_depth': 0.625, 'es_empirical': 0.5, 'es_independent': 0.25, 'es_flaw_density': 0.0, 'es_support_volume': 0.5, 'evidence_support_score': 0.5}
[review_reward][unknown][7Dub7UXTXN] reward=0.5894 breakdown={'decision': 0.0, 'section_presence': 1.0, 'length_score': 1.0, 'summary_align': 0.4759, 'strength_align': 0.3526, 'weakness_align': 0.2455, 'suggestion_align': 0.2506, 'global_align': 0.3289, 'critique': 1.0, 'stance_align': 0.6444, 'rating_align': 0.0, 'decision_line_bonus': 0.0, 'audit_id_leak_penalty': 0.0, 'penalty': 0.0, 'total': 0.5894, 'es_coverage': 0.75, 'es_depth': 0.75, 'es_empirical': 0.75, 'es_independent': 0.25, 'es_flaw_density': 0.0, 'es_support_volume': 0.625, 'evidence_support_score': 0.575}
{"paper_id": "ye3NrNrYOY", "mode": "s4", "reward": 0.6011955739281173, "final_decision": "reject", "model_adapter_mode": "small_model"}
{"paper_id": "WNxlJJIEVj", "mode": "s4", "reward": 0.5945083155617111, "final_decision": "reject", "model_adapter_mode": "small_model"}
{"paper_id": "uOrfve3prk", "mode": "s4", "reward": 0.5482505186140909, "final_decision": "reject", "model_adapter_mode": "small_model"}
{"paper_id": "7Dub7UXTXN", "mode": "s4", "reward": 0.5893895051505076, "final_decision": "reject", "model_adapter_mode": "small_model"}
[2026-06-30 19:55:48] [API] request start agent=Review Manager Agent attempt=1/8 prompt_chars=7991[2026-06-30 19:55:48] [API] request start agent=Review Manager Agent attempt=1/8 prompt_chars=7991

[2026-06-30 19:55:51] [API] request success agent=Review Manager Agent attempt=1/8 elapsed=3.2s raw_chars=1034
[2026-06-30 19:55:51] [API] request start agent=Review Manager Agent attempt=1/8 prompt_chars=7991
[2026-06-30 19:55:52] [API] request success agent=Review Manager Agent attempt=1/8 elapsed=4.0s raw_chars=1206
[2026-06-30 19:55:52] [API] request start agent=Review Manager Agent attempt=1/8 prompt_chars=7991
[2026-06-30 19:55:55] [API] request success agent=Review Manager Agent attempt=1/8 elapsed=4.2s raw_chars=1222
[2026-06-30 19:56:01] [API] request success agent=Review Manager Agent attempt=1/8 elapsed=9.0s raw_chars=3691
[2026-06-30 19:56:01] [API] request start agent=Claim Agent attempt=1/8 prompt_chars=8712[2026-06-30 19:56:01] [API] request start agent=Claim Agent attempt=1/8 prompt_chars=8712

[2026-06-30 19:56:09] [API] request success agent=Claim Agent attempt=1/8 elapsed=7.8s raw_chars=2473
[2026-06-30 19:56:09] [API] request start agent=Claim Agent attempt=1/8 prompt_chars=8712
[2026-06-30 19:56:10] [API] request success agent=Claim Agent attempt=1/8 elapsed=8.5s raw_chars=2869
[2026-06-30 19:56:10] [API] request start agent=Claim Agent attempt=1/8 prompt_chars=8712
[2026-06-30 19:56:17] [API] request success agent=Claim Agent attempt=1/8 elapsed=6.9s raw_chars=2996
[2026-06-30 19:56:17] [API] request success agent=Claim Agent attempt=1/8 elapsed=8.1s raw_chars=3399
[2026-06-30 19:56:34] [API] request start agent=Review Manager Agent attempt=1/8 prompt_chars=9285
[2026-06-30 19:56:34] [API] request start agent=Review Manager Agent attempt=1/8 prompt_chars=9285
[2026-06-30 19:56:42] [API] request success agent=Review Manager Agent attempt=1/8 elapsed=8.4s raw_chars=3511
[2026-06-30 19:56:42] [API] request start agent=Review Manager Agent attempt=1/8 prompt_chars=9285
[2026-06-30 19:56:43] [API] request success agent=Review Manager Agent attempt=1/8 elapsed=9.0s raw_chars=3829
[2026-06-30 19:56:43] [API] request start agent=Review Manager Agent attempt=1/8 prompt_chars=9285
[2026-06-30 19:56:52] [API] request success agent=Review Manager Agent attempt=1/8 elapsed=9.7s raw_chars=4053
[2026-06-30 19:56:55] [API] request success agent=Review Manager Agent attempt=1/8 elapsed=11.8s raw_chars=4427
[2026-06-30 19:57:09] [API] request start agent=Critique Agent attempt=1/8 prompt_chars=11673
[2026-06-30 19:57:09] [API] request start agent=Critique Agent attempt=1/8 prompt_chars=11672
[2026-06-30 19:57:13] [API] request success agent=Critique Agent attempt=1/8 elapsed=3.5s raw_chars=1219
[2026-06-30 19:57:13] [API] request start agent=Critique Agent attempt=1/8 prompt_chars=11672
[2026-06-30 19:57:13] [API] request success agent=Critique Agent attempt=1/8 elapsed=4.1s raw_chars=1369
[2026-06-30 19:57:15] [API] request success agent=Critique Agent attempt=1/8 elapsed=1.8s raw_chars=454
[2026-06-30 19:57:15] [API] request start agent=Evidence Agent attempt=1/8 prompt_chars=7826
[2026-06-30 19:57:22] [API] request success agent=Evidence Agent attempt=1/8 elapsed=7.5s raw_chars=2789
[2026-06-30 19:57:57] [API] request start agent=Review Manager Agent attempt=1/8 prompt_chars=9285
[2026-06-30 19:57:57] [API] request start agent=Review Manager Agent attempt=1/8 prompt_chars=9285
[2026-06-30 19:58:05] [API] request success agent=Review Manager Agent attempt=1/8 elapsed=8.7s raw_chars=3664
[2026-06-30 19:58:05] [API] request start agent=Review Manager Agent attempt=1/8 prompt_chars=9285
[2026-06-30 19:58:07] [API] request success agent=Review Manager Agent attempt=1/8 elapsed=9.9s raw_chars=4344
[2026-06-30 19:58:07] [API] request start agent=Review Manager Agent attempt=1/8 prompt_chars=9285
[2026-06-30 19:58:14] [API] request success agent=Review Manager Agent attempt=1/8 elapsed=8.3s raw_chars=3970
[2026-06-30 19:58:18] [API] request success agent=Review Manager Agent attempt=1/8 elapsed=11.2s raw_chars=4356
[2026-06-30 19:58:31] [API] request start agent=Critique Agent attempt=1/8 prompt_chars=18105[2026-06-30 19:58:31] [API] request start agent=Critique Agent attempt=1/8 prompt_chars=18105

[2026-06-30 19:58:44] [API] request success agent=Critique Agent attempt=1/8 elapsed=12.8s raw_chars=6005
[2026-06-30 19:58:44] [API] request start agent=Critique Agent attempt=1/8 prompt_chars=18105
[2026-06-30 19:58:47] [API] request success agent=Critique Agent attempt=1/8 elapsed=15.5s raw_chars=7072
[2026-06-30 19:58:59] [API] request success agent=Critique Agent attempt=1/8 elapsed=15.4s raw_chars=6317
[2026-06-30 19:59:00] [API] request start agent=Evidence Agent attempt=1/8 prompt_chars=7826
[2026-06-30 19:59:04] [API] request success agent=Evidence Agent attempt=1/8 elapsed=4.0s raw_chars=1269
[2026-06-30 19:59:36] [API] request start agent=Review Manager Agent attempt=1/8 prompt_chars=9285[2026-06-30 19:59:36] [API] request start agent=Review Manager Agent attempt=1/8 prompt_chars=9285

[2026-06-30 19:59:45] [API] request success agent=Review Manager Agent attempt=1/8 elapsed=8.8s raw_chars=3867
[2026-06-30 19:59:45] [API] request start agent=Review Manager Agent attempt=1/8 prompt_chars=9285
[2026-06-30 19:59:45] [API] request success agent=Review Manager Agent attempt=1/8 elapsed=8.8s raw_chars=3860
[2026-06-30 19:59:45] [API] request start agent=Review Manager Agent attempt=1/8 prompt_chars=9285
[2026-06-30 19:59:56] [API] request success agent=Review Manager Agent attempt=1/8 elapsed=11.3s raw_chars=4273
[2026-06-30 19:59:57] [API] request success agent=Review Manager Agent attempt=1/8 elapsed=12.0s raw_chars=5262
[2026-06-30 20:00:14] [API] request start agent=Evidence Agent attempt=1/8 prompt_chars=8592[2026-06-30 20:00:14] [API] request start agent=Evidence Agent attempt=1/8 prompt_chars=8593

[2026-06-30 20:00:17] [API] request success agent=Evidence Agent attempt=1/8 elapsed=2.9s raw_chars=473
[2026-06-30 20:00:17] [API] request start agent=Evidence Agent attempt=1/8 prompt_chars=8593
[2026-06-30 20:00:20] [API] request success agent=Evidence Agent attempt=1/8 elapsed=5.1s raw_chars=1313
[2026-06-30 20:00:24] [API] request success agent=Evidence Agent attempt=1/8 elapsed=6.6s raw_chars=2316
[2026-06-30 20:00:24] [API] request start agent=Critique Agent attempt=1/8 prompt_chars=11672
[2026-06-30 20:00:29] [API] request success agent=Critique Agent attempt=1/8 elapsed=5.3s raw_chars=1295
[2026-06-30 20:01:08] [API] request start agent=Review Manager Agent attempt=1/8 prompt_chars=9279
[2026-06-30 20:01:08] [API] request start agent=Review Manager Agent attempt=1/8 prompt_chars=9285
[2026-06-30 20:01:20] [API] request success agent=Review Manager Agent attempt=1/8 elapsed=12.5s raw_chars=3921
[2026-06-30 20:01:20] [API] request start agent=Review Manager Agent attempt=1/8 prompt_chars=9285
[2026-06-30 20:01:21] [API] request success agent=Review Manager Agent attempt=1/8 elapsed=12.9s raw_chars=3884
[2026-06-30 20:01:21] [API] request start agent=Review Manager Agent attempt=1/8 prompt_chars=9278
[2026-06-30 20:01:33] [API] request success agent=Review Manager Agent attempt=1/8 elapsed=12.1s raw_chars=4950
[2026-06-30 20:01:33] [API] request success agent=Review Manager Agent attempt=1/8 elapsed=12.6s raw_chars=5470
[2026-06-30 20:01:50] [API] request start agent=Critique Agent attempt=1/8 prompt_chars=8030
[2026-06-30 20:01:50] [API] request start agent=Critique Agent attempt=1/8 prompt_chars=8030
[2026-06-30 20:01:52] [API] request success agent=Critique Agent attempt=1/8 elapsed=1.9s raw_chars=422
[2026-06-30 20:01:54] [API] request success agent=Critique Agent attempt=1/8 elapsed=3.6s raw_chars=556
[2026-06-30 20:02:04] [API] request start agent=Evidence Agent attempt=1/8 prompt_chars=7826[2026-06-30 20:02:04] [API] request start agent=Evidence Agent attempt=1/8 prompt_chars=7826

[2026-06-30 20:02:09] [API] request success agent=Evidence Agent attempt=1/8 elapsed=4.3s raw_chars=1419
[2026-06-30 20:02:10] [API] request success agent=Evidence Agent attempt=1/8 elapsed=5.7s raw_chars=2091
[2026-06-30 20:02:21] [API] request start agent=Evidence Agent attempt=1/8 prompt_chars=8745[2026-06-30 20:02:21] [API] request start agent=Evidence Agent attempt=1/8 prompt_chars=8754

[2026-06-30 20:02:23] [API] request success agent=Evidence Agent attempt=1/8 elapsed=2.1s raw_chars=503
[2026-06-30 20:02:23] [API] request success agent=Evidence Agent attempt=1/8 elapsed=2.3s raw_chars=573
[2026-06-30 20:03:29] [API] request start agent=Review Manager Agent attempt=1/8 prompt_chars=9285
[2026-06-30 20:03:29] [API] request start agent=Review Manager Agent attempt=1/8 prompt_chars=9285
[2026-06-30 20:03:40] [API] request success agent=Review Manager Agent attempt=1/8 elapsed=11.0s raw_chars=4159
[2026-06-30 20:03:40] [API] request start agent=Review Manager Agent attempt=1/8 prompt_chars=9278
[2026-06-30 20:03:40] [API] request success agent=Review Manager Agent attempt=1/8 elapsed=11.3s raw_chars=4675
[2026-06-30 20:03:40] [API] request start agent=Review Manager Agent attempt=1/8 prompt_chars=9285
[2026-06-30 20:03:49] [API] request success agent=Review Manager Agent attempt=1/8 elapsed=8.8s raw_chars=3964
[2026-06-30 20:03:51] [API] request success agent=Review Manager Agent attempt=1/8 elapsed=10.8s raw_chars=4235
[2026-06-30 20:04:20] [API] request start agent=Critique Agent attempt=1/8 prompt_chars=11673[2026-06-30 20:04:20] [API] request start agent=Critique Agent attempt=1/8 prompt_chars=11673

[2026-06-30 20:04:24] [API] request success agent=Critique Agent attempt=1/8 elapsed=4.1s raw_chars=1444
[2026-06-30 20:04:24] [API] request start agent=Critique Agent attempt=1/8 prompt_chars=11673
[2026-06-30 20:04:25] [API] request success agent=Critique Agent attempt=1/8 elapsed=4.5s raw_chars=1428
[2026-06-30 20:04:27] [API] request success agent=Critique Agent attempt=1/8 elapsed=3.0s raw_chars=603
[2026-06-30 20:04:27] [API] request start agent=Evidence Agent attempt=1/8 prompt_chars=7826
[2026-06-30 20:04:31] [API] request success agent=Evidence Agent attempt=1/8 elapsed=3.6s raw_chars=1105
[review_reward][unknown][9zEBK3E9bX] reward=0.4098 breakdown={'decision': 0.0, 'section_presence': 1.0, 'length_score': 1.0, 'summary_align': 0.5335, 'strength_align': 0.4303, 'weakness_align': 0.2363, 'suggestion_align': 0.5063, 'global_align': 0.3301, 'critique': 1.0, 'stance_align': 0.7619, 'rating_align': 0.0, 'decision_line_bonus': 0.0, 'audit_id_leak_penalty': 0.0, 'penalty': 0.0, 'total': 0.4098, 'es_coverage': 0.0, 'es_depth': 0.0, 'es_empirical': 0.0, 'es_independent': 0.0, 'es_flaw_density': 0.3333, 'es_support_volume': 0.0, 'evidence_support_score': 0.05}
[2026-06-30 20:05:44] [API] request start agent=Review Manager Agent attempt=1/8 prompt_chars=9284
[2026-06-30 20:05:44] [API] request start agent=Review Manager Agent attempt=1/8 prompt_chars=9285
[2026-06-30 20:05:53] [API] request success agent=Review Manager Agent attempt=1/8 elapsed=8.9s raw_chars=3849
[2026-06-30 20:05:53] [API] request start agent=Review Manager Agent attempt=1/8 prompt_chars=9283
[2026-06-30 20:05:56] [API] request success agent=Review Manager Agent attempt=1/8 elapsed=11.4s raw_chars=4478
[2026-06-30 20:06:07] [API] request success agent=Review Manager Agent attempt=1/8 elapsed=13.7s raw_chars=5430
[2026-06-30 20:06:11] [API] request start agent=Evidence Agent attempt=1/8 prompt_chars=7826
[2026-06-30 20:06:16] [API] request success agent=Evidence Agent attempt=1/8 elapsed=4.7s raw_chars=1558
[2026-06-30 20:06:16] [API] request start agent=Critique Agent attempt=1/8 prompt_chars=11672[2026-06-30 20:06:16] [API] request start agent=Critique Agent attempt=1/8 prompt_chars=8030

[2026-06-30 20:06:18] [API] request success agent=Critique Agent attempt=1/8 elapsed=2.5s raw_chars=724
[2026-06-30 20:06:20] [API] request success agent=Critique Agent attempt=1/8 elapsed=4.6s raw_chars=1637
[2026-06-30 20:06:40] [API] request start agent=Evidence Agent attempt=1/8 prompt_chars=8754
[2026-06-30 20:06:42] [API] request success agent=Evidence Agent attempt=1/8 elapsed=1.9s raw_chars=450
[review_reward][unknown][XyB4VvF01X] reward=0.4350 breakdown={'decision': 0.0, 'section_presence': 1.0, 'length_score': 1.0, 'summary_align': 0.4736, 'strength_align': 0.1853, 'weakness_align': 0.2362, 'suggestion_align': 0.2973, 'global_align': 0.2707, 'critique': 1.0, 'stance_align': 0.75, 'rating_align': 0.0, 'decision_line_bonus': 0.0, 'audit_id_leak_penalty': 0.0, 'penalty': 0.0, 'total': 0.435, 'es_coverage': 0.25, 'es_depth': 0.25, 'es_empirical': 0.25, 'es_independent': 0.0, 'es_flaw_density': 0.0, 'es_support_volume': 0.25, 'evidence_support_score': 0.1875}
[review_reward][unknown][GE6iywJtsV] reward=0.4175 breakdown={'decision': 0.0, 'section_presence': 1.0, 'length_score': 1.0, 'summary_align': 0.537, 'strength_align': 0.5252, 'weakness_align': 0.2181, 'suggestion_align': 0.4226, 'global_align': 0.2768, 'critique': 1.0, 'stance_align': 0.6763, 'rating_align': 0.0, 'decision_line_bonus': 0.0, 'audit_id_leak_penalty': 0.0, 'penalty': 0.0, 'total': 0.4175, 'es_coverage': 0.0, 'es_depth': 0.0, 'es_empirical': 0.0, 'es_independent': 0.0, 'es_flaw_density': 0.6667, 'es_support_volume': 0.0, 'evidence_support_score': 0.1}
[review_reward][unknown][WpXq5n8yLb] reward=0.5126 breakdown={'decision': 0.0, 'section_presence': 1.0, 'length_score': 1.0, 'summary_align': 0.3162, 'strength_align': 0.2644, 'weakness_align': 0.2076, 'suggestion_align': 0.4268, 'global_align': 0.2012, 'critique': 1.0, 'stance_align': 0.7944, 'rating_align': 0.0, 'decision_line_bonus': 0.0, 'audit_id_leak_penalty': 0.0, 'penalty': 0.0, 'total': 0.5126, 'es_coverage': 0.4, 'es_depth': 0.4, 'es_empirical': 0.4, 'es_independent': 0.0, 'es_flaw_density': 0.6667, 'es_support_volume': 0.2, 'evidence_support_score': 0.38}
{"paper_id": "9zEBK3E9bX", "mode": "s4", "reward": 0.40983263742055825, "final_decision": "reject", "model_adapter_mode": "small_model"}
{"paper_id": "XyB4VvF01X", "mode": "s4", "reward": 0.4349675869425009, "final_decision": "reject", "model_adapter_mode": "small_model"}
{"paper_id": "GE6iywJtsV", "mode": "s4", "reward": 0.417518828942994, "final_decision": "reject", "model_adapter_mode": "small_model"}
{"paper_id": "WpXq5n8yLb", "mode": "s4", "reward": 0.5126330066976842, "final_decision": "reject", "model_adapter_mode": "small_model"}
[2026-06-30 20:09:24] [API] request start agent=Review Manager Agent attempt=1/8 prompt_chars=7991[2026-06-30 20:09:24] [API] request start agent=Review Manager Agent attempt=1/8 prompt_chars=7991

[2026-06-30 20:09:28] [API] request success agent=Review Manager Agent attempt=1/8 elapsed=3.5s raw_chars=1249
[2026-06-30 20:09:28] [API] request start agent=Review Manager Agent attempt=1/8 prompt_chars=7991
[2026-06-30 20:09:28] [API] request success agent=Review Manager Agent attempt=1/8 elapsed=4.0s raw_chars=1336
[2026-06-30 20:09:28] [API] request start agent=Review Manager Agent attempt=1/8 prompt_chars=7991
[2026-06-30 20:09:31] [API] request success agent=Review Manager Agent attempt=1/8 elapsed=3.8s raw_chars=1439
[2026-06-30 20:09:32] [API] request success agent=Review Manager Agent attempt=1/8 elapsed=4.0s raw_chars=1241
[2026-06-30 20:09:33] [API] request start agent=Claim Agent attempt=1/8 prompt_chars=8711[2026-06-30 20:09:33] [API] request start agent=Claim Agent attempt=1/8 prompt_chars=8711

[2026-06-30 20:09:38] [API] request success agent=Claim Agent attempt=1/8 elapsed=5.4s raw_chars=60
[2026-06-30 20:09:38] [API] request start agent=Claim Agent attempt=1/8 prompt_chars=8712
[2026-06-30 20:09:40] [API] request success agent=Claim Agent attempt=1/8 elapsed=7.8s raw_chars=3009
[2026-06-30 20:09:40] [API] request start agent=Claim Agent attempt=1/8 prompt_chars=8711
[2026-06-30 20:09:43] [API] request success agent=Claim Agent attempt=1/8 elapsed=4.6s raw_chars=1707
[2026-06-30 20:09:46] [API] request success agent=Claim Agent attempt=1/8 elapsed=5.1s raw_chars=1870
[2026-06-30 20:09:50] [API] request start agent=Review Manager Agent attempt=1/8 prompt_chars=9283[2026-06-30 20:09:50] [API] request start agent=Review Manager Agent attempt=1/8 prompt_chars=9285

[2026-06-30 20:09:57] [API] request success agent=Review Manager Agent attempt=1/8 elapsed=7.6s raw_chars=2689
[2026-06-30 20:09:57] [API] request start agent=Review Manager Agent attempt=1/8 prompt_chars=9285
[2026-06-30 20:10:00] [API] request success agent=Review Manager Agent attempt=1/8 elapsed=10.0s raw_chars=3955
[2026-06-30 20:10:00] [API] request start agent=Review Manager Agent attempt=1/8 prompt_chars=9285
[2026-06-30 20:10:05] [API] request success agent=Review Manager Agent attempt=1/8 elapsed=8.1s raw_chars=2969
[2026-06-30 20:10:07] [API] request success agent=Review Manager Agent attempt=1/8 elapsed=7.4s raw_chars=3029
[2026-06-30 20:10:13] [API] request start agent=Critique Agent attempt=1/8 prompt_chars=11667
[2026-06-30 20:10:18] [API] request success agent=Critique Agent attempt=1/8 elapsed=4.6s raw_chars=1505
[2026-06-30 20:10:18] [API] request start agent=Claim Agent attempt=1/8 prompt_chars=8705
[2026-06-30 20:10:24] [API] request success agent=Claim Agent attempt=1/8 elapsed=6.2s raw_chars=2705
[2026-06-30 20:10:24] [API] request start agent=Evidence Agent attempt=1/8 prompt_chars=7826[2026-06-30 20:10:24] [API] request start agent=Evidence Agent attempt=1/8 prompt_chars=7822

[2026-06-30 20:10:29] [API] request success agent=Evidence Agent attempt=1/8 elapsed=5.1s raw_chars=1864
[2026-06-30 20:10:33] [API] request success agent=Evidence Agent attempt=1/8 elapsed=9.1s raw_chars=4028
[2026-06-30 20:10:48] [API] request start agent=Review Manager Agent attempt=1/8 prompt_chars=9285
[2026-06-30 20:10:48] [API] request start agent=Review Manager Agent attempt=1/8 prompt_chars=9285
[2026-06-30 20:10:57] [API] request success agent=Review Manager Agent attempt=1/8 elapsed=8.5s raw_chars=3905
[2026-06-30 20:10:57] [API] request start agent=Review Manager Agent attempt=1/8 prompt_chars=9284
[2026-06-30 20:10:58] [API] request success agent=Review Manager Agent attempt=1/8 elapsed=9.9s raw_chars=4118
[2026-06-30 20:10:58] [API] request start agent=Review Manager Agent attempt=1/8 prompt_chars=9285
[2026-06-30 20:11:06] [API] request success agent=Review Manager Agent attempt=1/8 elapsed=8.9s raw_chars=3292
[2026-06-30 20:11:08] [API] request success agent=Review Manager Agent attempt=1/8 elapsed=9.9s raw_chars=3718
[2026-06-30 20:11:17] [API] request start agent=Evidence Agent attempt=1/8 prompt_chars=7826
[2026-06-30 20:11:23] [API] request success agent=Evidence Agent attempt=1/8 elapsed=6.2s raw_chars=2480
[2026-06-30 20:11:23] [API] request start agent=Critique Agent attempt=1/8 prompt_chars=11672[2026-06-30 20:11:23] [API] request start agent=Critique Agent attempt=1/8 prompt_chars=18105

[2026-06-30 20:11:28] [API] request success agent=Critique Agent attempt=1/8 elapsed=5.5s raw_chars=1960
[2026-06-30 20:11:28] [API] request start agent=Critique Agent attempt=1/8 prompt_chars=18105
[2026-06-30 20:11:39] [API] request success agent=Critique Agent attempt=1/8 elapsed=15.7s raw_chars=6937
[2026-06-30 20:11:47] [API] request success agent=Critique Agent attempt=1/8 elapsed=18.3s raw_chars=6654
[2026-06-30 20:12:06] [API] request start agent=Review Manager Agent attempt=1/8 prompt_chars=9283
[2026-06-30 20:12:06] [API] request start agent=Review Manager Agent attempt=1/8 prompt_chars=9285
[2026-06-30 20:12:14] [API] request success agent=Review Manager Agent attempt=1/8 elapsed=8.1s raw_chars=3576
[2026-06-30 20:12:14] [API] request start agent=Review Manager Agent attempt=1/8 prompt_chars=9284
[2026-06-30 20:12:16] [API] request success agent=Review Manager Agent attempt=1/8 elapsed=9.8s raw_chars=4439
[2026-06-30 20:12:16] [API] request start agent=Review Manager Agent attempt=1/8 prompt_chars=9285
[2026-06-30 20:12:21] [API] request success agent=Review Manager Agent attempt=1/8 elapsed=7.1s raw_chars=3212
[2026-06-30 20:12:24] [API] request success agent=Review Manager Agent attempt=1/8 elapsed=8.0s raw_chars=3409
[2026-06-30 20:12:34] [API] request start agent=Critique Agent attempt=1/8 prompt_chars=8026[2026-06-30 20:12:34] [API] request start agent=Critique Agent attempt=1/8 prompt_chars=8030

[2026-06-30 20:12:36] [API] request success agent=Critique Agent attempt=1/8 elapsed=2.5s raw_chars=458
[2026-06-30 20:12:37] [API] request success agent=Critique Agent attempt=1/8 elapsed=3.2s raw_chars=439
[2026-06-30 20:12:41] [API] request start agent=Evidence Agent attempt=1/8 prompt_chars=7826[2026-06-30 20:12:41] [API] request start agent=Evidence Agent attempt=1/8 prompt_chars=7826

[2026-06-30 20:12:46] [API] request success agent=Evidence Agent attempt=1/8 elapsed=5.1s raw_chars=1060
[2026-06-30 20:12:52] [API] request success agent=Evidence Agent attempt=1/8 elapsed=10.6s raw_chars=2508
[2026-06-30 20:12:54] [API] request start agent=Evidence Agent attempt=1/8 prompt_chars=8754[2026-06-30 20:12:54] [API] request start agent=Evidence Agent attempt=1/8 prompt_chars=8754

[2026-06-30 20:12:56] [API] request success agent=Evidence Agent attempt=1/8 elapsed=2.3s raw_chars=431
[2026-06-30 20:12:59] [API] request success agent=Evidence Agent attempt=1/8 elapsed=5.1s raw_chars=871
[2026-06-30 20:13:26] [API] request start agent=Review Manager Agent attempt=1/8 prompt_chars=9285
[2026-06-30 20:13:26] [API] request start agent=Review Manager Agent attempt=1/8 prompt_chars=9285
[2026-06-30 20:13:36] [API] request success agent=Review Manager Agent attempt=1/8 elapsed=9.8s raw_chars=4287
[2026-06-30 20:13:36] [API] request start agent=Review Manager Agent attempt=1/8 prompt_chars=9285
[2026-06-30 20:13:38] [API] request success agent=Review Manager Agent attempt=1/8 elapsed=11.9s raw_chars=5312
[2026-06-30 20:13:38] [API] request start agent=Review Manager Agent attempt=1/8 prompt_chars=9285
[2026-06-30 20:13:43] [API] request success agent=Review Manager Agent attempt=1/8 elapsed=7.0s raw_chars=3121
[2026-06-30 20:13:52] [API] request success agent=Review Manager Agent attempt=1/8 elapsed=14.1s raw_chars=5052
[2026-06-30 20:14:04] [API] request start agent=Evidence Agent attempt=1/8 prompt_chars=7822
[2026-06-30 20:14:11] [API] request success agent=Evidence Agent attempt=1/8 elapsed=6.6s raw_chars=2396
[2026-06-30 20:14:11] [API] request start agent=Critique Agent attempt=1/8 prompt_chars=8030[2026-06-30 20:14:11] [API] request start agent=Critique Agent attempt=1/8 prompt_chars=11672

[2026-06-30 20:14:13] [API] request success agent=Critique Agent attempt=1/8 elapsed=1.7s raw_chars=420
[2026-06-30 20:14:13] [API] request start agent=Critique Agent attempt=1/8 prompt_chars=11673
[2026-06-30 20:14:13] [API] request success agent=Critique Agent attempt=1/8 elapsed=2.1s raw_chars=526
[2026-06-30 20:14:17] [API] request success agent=Critique Agent attempt=1/8 elapsed=4.8s raw_chars=517
[2026-06-30 20:14:28] [API] request start agent=Evidence Agent attempt=1/8 prompt_chars=8754
[2026-06-30 20:14:30] [API] request success agent=Evidence Agent attempt=1/8 elapsed=1.9s raw_chars=376
[2026-06-30 20:15:24] [API] request start agent=Review Manager Agent attempt=1/8 prompt_chars=9285
[2026-06-30 20:15:24] [API] request start agent=Review Manager Agent attempt=1/8 prompt_chars=9285
[2026-06-30 20:15:33] [API] request success agent=Review Manager Agent attempt=1/8 elapsed=9.3s raw_chars=3670
[2026-06-30 20:15:34] [API] request success agent=Review Manager Agent attempt=1/8 elapsed=10.3s raw_chars=3652
[2026-06-30 20:15:41] [API] request start agent=Evidence Agent attempt=1/8 prompt_chars=7826
[2026-06-30 20:15:41] [API] request start agent=Evidence Agent attempt=1/8 prompt_chars=8593
[2026-06-30 20:15:43] [API] request success agent=Evidence Agent attempt=1/8 elapsed=2.3s raw_chars=760
[2026-06-30 20:15:48] [API] request success agent=Evidence Agent attempt=1/8 elapsed=6.8s raw_chars=2575
[2026-06-30 20:16:01] [API] request start agent=Review Manager Agent attempt=1/8 prompt_chars=9285
[2026-06-30 20:16:01] [API] request start agent=Review Manager Agent attempt=1/8 prompt_chars=9285
[2026-06-30 20:16:11] [API] request success agent=Review Manager Agent attempt=1/8 elapsed=9.3s raw_chars=4003
[2026-06-30 20:16:12] [API] request success agent=Review Manager Agent attempt=1/8 elapsed=10.3s raw_chars=4356
[2026-06-30 20:16:22] [API] request start agent=Critique Agent attempt=1/8 prompt_chars=8030[2026-06-30 20:16:22] [API] request start agent=Critique Agent attempt=1/8 prompt_chars=11673

[2026-06-30 20:16:24] [API] request success agent=Critique Agent attempt=1/8 elapsed=2.2s raw_chars=540
[2026-06-30 20:16:24] [API] request success agent=Critique Agent attempt=1/8 elapsed=2.6s raw_chars=395
[2026-06-30 20:16:32] [API] request start agent=Evidence Agent attempt=1/8 prompt_chars=8751
[2026-06-30 20:16:34] [API] request success agent=Evidence Agent attempt=1/8 elapsed=2.5s raw_chars=467
{"paper_id": "NnExMNiTHw", "mode": "s4", "reward": 0.5323786569409107, "final_decision": "reject", "model_adapter_mode": "small_model"}
{"paper_id": "a6SntIisgg", "mode": "s4", "reward": 0.5400695861102766, "final_decision": "reject", "model_adapter_mode": "small_model"}
{"paper_id": "cklg91aPGk", "mode": "s4", "reward": 0.5066815424875125, "final_decision": "reject", "model_adapter_mode": "small_model"}
{"paper_id": "HPuLU6q7xq", "mode": "s4", "reward": 0.553061223368363, "final_decision": "reject", "model_adapter_mode": "small_model"}
[2026-06-30 20:17:44] [API] request start agent=Review Manager Agent attempt=1/8 prompt_chars=7991
[2026-06-30 20:17:44] [API] request start agent=Review Manager Agent attempt=1/8 prompt_chars=7991
[2026-06-30 20:17:48] [API] request success agent=Review Manager Agent attempt=1/8 elapsed=4.0s raw_chars=1398
[2026-06-30 20:17:48] [API] request start agent=Review Manager Agent attempt=1/8 prompt_chars=7991
[2026-06-30 20:17:49] [API] request success agent=Review Manager Agent attempt=1/8 elapsed=4.9s raw_chars=1652
[2026-06-30 20:17:49] [API] request start agent=Review Manager Agent attempt=1/8 prompt_chars=7991
[2026-06-30 20:17:53] [API] request success agent=Review Manager Agent attempt=1/8 elapsed=4.2s raw_chars=1509
[2026-06-30 20:17:56] [API] request success agent=Review Manager Agent attempt=1/8 elapsed=7.2s raw_chars=1256
[2026-06-30 20:17:57] [API] request start agent=Claim Agent attempt=1/8 prompt_chars=8712[2026-06-30 20:17:57] [API] request start agent=Claim Agent attempt=1/8 prompt_chars=8712

[2026-06-30 20:18:04] [API] request success agent=Claim Agent attempt=1/8 elapsed=7.3s raw_chars=2893
[2026-06-30 20:18:04] [API] request start agent=Claim Agent attempt=1/8 prompt_chars=8711
[2026-06-30 20:18:05] [API] request success agent=Claim Agent attempt=1/8 elapsed=8.0s raw_chars=3160
[2026-06-30 20:18:05] [API] request start agent=Claim Agent attempt=1/8 prompt_chars=8712
[2026-06-30 20:18:13] [API] request success agent=Claim Agent attempt=1/8 elapsed=9.0s raw_chars=2835
[2026-06-30 20:18:13] [API] request success agent=Claim Agent attempt=1/8 elapsed=8.7s raw_chars=2896
[2026-06-30 20:18:24] [API] request start agent=Review Manager Agent attempt=1/8 prompt_chars=9284
[2026-06-30 20:18:24] [API] request start agent=Review Manager Agent attempt=1/8 prompt_chars=9285
[2026-06-30 20:18:32] [API] request success agent=Review Manager Agent attempt=1/8 elapsed=8.1s raw_chars=3738
[2026-06-30 20:18:32] [API] request start agent=Review Manager Agent attempt=1/8 prompt_chars=9285
[2026-06-30 20:18:33] [API] request success agent=Review Manager Agent attempt=1/8 elapsed=9.1s raw_chars=4187
[2026-06-30 20:18:33] [API] request start agent=Review Manager Agent attempt=1/8 prompt_chars=9285
[2026-06-30 20:18:41] [API] request success agent=Review Manager Agent attempt=1/8 elapsed=8.7s raw_chars=3883
[2026-06-30 20:18:42] [API] request success agent=Review Manager Agent attempt=1/8 elapsed=8.6s raw_chars=3700
[2026-06-30 20:18:57] [API] request start agent=Critique Agent attempt=1/8 prompt_chars=11673[2026-06-30 20:18:57] [API] request start agent=Critique Agent attempt=1/8 prompt_chars=11673

[2026-06-30 20:19:01] [API] request success agent=Critique Agent attempt=1/8 elapsed=4.3s raw_chars=1334
[2026-06-30 20:19:02] [API] request success agent=Critique Agent attempt=1/8 elapsed=5.2s raw_chars=1411
[2026-06-30 20:19:02] [API] request start agent=Evidence Agent attempt=1/8 prompt_chars=7826[2026-06-30 20:19:02] [API] request start agent=Evidence Agent attempt=1/8 prompt_chars=7826

[2026-06-30 20:19:10] [API] request success agent=Evidence Agent attempt=1/8 elapsed=8.3s raw_chars=2912
[2026-06-30 20:19:14] [API] request success agent=Evidence Agent attempt=1/8 elapsed=11.5s raw_chars=4084
[2026-06-30 20:19:42] [API] request start agent=Review Manager Agent attempt=1/8 prompt_chars=9278
[2026-06-30 20:19:42] [API] request start agent=Review Manager Agent attempt=1/8 prompt_chars=9282
[2026-06-30 20:19:52] [API] request success agent=Review Manager Agent attempt=1/8 elapsed=10.1s raw_chars=3976
[2026-06-30 20:19:52] [API] request start agent=Review Manager Agent attempt=1/8 prompt_chars=9285
[2026-06-30 20:19:53] [API] request success agent=Review Manager Agent attempt=1/8 elapsed=11.2s raw_chars=4645
[2026-06-30 20:19:53] [API] request start agent=Review Manager Agent attempt=1/8 prompt_chars=9285
[2026-06-30 20:20:01] [API] request success agent=Review Manager Agent attempt=1/8 elapsed=9.3s raw_chars=4310
[2026-06-30 20:20:04] [API] request success agent=Review Manager Agent attempt=1/8 elapsed=11.1s raw_chars=4676
[2026-06-30 20:20:12] [API] request start agent=Evidence Agent attempt=1/8 prompt_chars=7825
[2026-06-30 20:20:22] [API] request success agent=Evidence Agent attempt=1/8 elapsed=9.6s raw_chars=2194
[2026-06-30 20:20:22] [API] request start agent=Critique Agent attempt=1/8 prompt_chars=18102
[2026-06-30 20:20:22] [API] request start agent=Critique Agent attempt=1/8 prompt_chars=8030
[2026-06-30 20:20:24] [API] request success agent=Critique Agent attempt=1/8 elapsed=2.8s raw_chars=683
[2026-06-30 20:20:24] [API] request start agent=Critique Agent attempt=1/8 prompt_chars=8030
[2026-06-30 20:20:27] [API] request success agent=Critique Agent attempt=1/8 elapsed=2.8s raw_chars=672
[2026-06-30 20:20:37] [API] request success agent=Critique Agent attempt=1/8 elapsed=15.8s raw_chars=7083
[2026-06-30 20:20:52] [API] request start agent=Evidence Agent attempt=1/8 prompt_chars=11188
[2026-06-30 20:20:52] [API] request start agent=Evidence Agent attempt=1/8 prompt_chars=8754
[2026-06-30 20:20:56] [API] request success agent=Evidence Agent attempt=1/8 elapsed=3.3s raw_chars=487
[2026-06-30 20:20:56] [API] request start agent=Evidence Agent attempt=1/8 prompt_chars=8745
[2026-06-30 20:20:58] [API] request success agent=Evidence Agent attempt=1/8 elapsed=2.7s raw_chars=480
[2026-06-30 20:21:04] [API] request success agent=Evidence Agent attempt=1/8 elapsed=11.7s raw_chars=3931
[2026-06-30 20:21:43] [API] request start agent=Review Manager Agent attempt=1/8 prompt_chars=9285[2026-06-30 20:21:43] [API] request start agent=Review Manager Agent attempt=1/8 prompt_chars=9285

[2026-06-30 20:21:54] [API] request success agent=Review Manager Agent attempt=1/8 elapsed=11.0s raw_chars=4817
[2026-06-30 20:21:54] [API] request start agent=Review Manager Agent attempt=1/8 prompt_chars=9284
[2026-06-30 20:21:54] [API] request success agent=Review Manager Agent attempt=1/8 elapsed=11.5s raw_chars=5152
[2026-06-30 20:21:54] [API] request start agent=Review Manager Agent attempt=1/8 prompt_chars=9285
[2026-06-30 20:22:03] [API] request success agent=Review Manager Agent attempt=1/8 elapsed=8.9s raw_chars=3899
[2026-06-30 20:22:03] [API] request success agent=Review Manager Agent attempt=1/8 elapsed=9.5s raw_chars=4693
[2026-06-30 20:22:10] [API] request start agent=Critique Agent attempt=1/8 prompt_chars=8029
[2026-06-30 20:22:10] [API] request start agent=Critique Agent attempt=1/8 prompt_chars=8030
[2026-06-30 20:22:13] [API] request success agent=Critique Agent attempt=1/8 elapsed=2.2s raw_chars=556
[2026-06-30 20:22:13] [API] request start agent=Critique Agent attempt=1/8 prompt_chars=11673
[2026-06-30 20:22:13] [API] request success agent=Critique Agent attempt=1/8 elapsed=2.4s raw_chars=521
[2026-06-30 20:22:13] [API] request start agent=Critique Agent attempt=1/8 prompt_chars=11673
[2026-06-30 20:22:14] [API] request success agent=Critique Agent attempt=1/8 elapsed=1.8s raw_chars=414
[2026-06-30 20:22:17] [API] request success agent=Critique Agent attempt=1/8 elapsed=4.1s raw_chars=1444
[2026-06-30 20:22:28] [API] request start agent=Evidence Agent attempt=1/8 prompt_chars=8754[2026-06-30 20:22:28] [API] request start agent=Evidence Agent attempt=1/8 prompt_chars=8754

[2026-06-30 20:22:31] [API] request success agent=Evidence Agent attempt=1/8 elapsed=3.1s raw_chars=441
[2026-06-30 20:22:31] [API] request success agent=Evidence Agent attempt=1/8 elapsed=3.2s raw_chars=511
[2026-06-30 20:23:24] [API] request start agent=Review Manager Agent attempt=1/8 prompt_chars=9285[2026-06-30 20:23:24] [API] request start agent=Review Manager Agent attempt=1/8 prompt_chars=9282

[2026-06-30 20:23:35] [API] request success agent=Review Manager Agent attempt=1/8 elapsed=11.3s raw_chars=4741
[2026-06-30 20:23:35] [API] request start agent=Review Manager Agent attempt=1/8 prompt_chars=9285
[2026-06-30 20:23:38] [API] request success agent=Review Manager Agent attempt=1/8 elapsed=13.6s raw_chars=5225
[2026-06-30 20:23:45] [API] request success agent=Review Manager Agent attempt=1/8 elapsed=9.9s raw_chars=4563
[2026-06-30 20:23:49] [API] request start agent=Critique Agent attempt=1/8 prompt_chars=8030[2026-06-30 20:23:49] [API] request start agent=Critique Agent attempt=1/8 prompt_chars=8030

[2026-06-30 20:23:51] [API] request success agent=Critique Agent attempt=1/8 elapsed=2.1s raw_chars=432
[2026-06-30 20:23:51] [API] request success agent=Critique Agent attempt=1/8 elapsed=2.2s raw_chars=516
[2026-06-30 20:24:03] [API] request start agent=Evidence Agent attempt=1/8 prompt_chars=7826
[2026-06-30 20:24:08] [API] request success agent=Evidence Agent attempt=1/8 elapsed=5.0s raw_chars=1336
[2026-06-30 20:24:19] [API] request start agent=Evidence Agent attempt=1/8 prompt_chars=8754[2026-06-30 20:24:19] [API] request start agent=Evidence Agent attempt=1/8 prompt_chars=8754

[2026-06-30 20:24:21] [API] request success agent=Evidence Agent attempt=1/8 elapsed=2.1s raw_chars=418
[2026-06-30 20:24:21] [API] request success agent=Evidence Agent attempt=1/8 elapsed=2.4s raw_chars=557
[2026-06-30 20:25:22] [API] request start agent=Review Manager Agent attempt=1/8 prompt_chars=9285[2026-06-30 20:25:22] [API] request start agent=Review Manager Agent attempt=1/8 prompt_chars=9284

[2026-06-30 20:25:30] [API] request success agent=Review Manager Agent attempt=1/8 elapsed=8.0s raw_chars=3621
[2026-06-30 20:25:30] [API] request start agent=Review Manager Agent attempt=1/8 prompt_chars=9284
[2026-06-30 20:25:35] [API] request success agent=Review Manager Agent attempt=1/8 elapsed=13.0s raw_chars=5857
[2026-06-30 20:25:37] [API] request success agent=Review Manager Agent attempt=1/8 elapsed=7.2s raw_chars=1938
[2026-06-30 20:25:48] [API] request start agent=Critique Agent attempt=1/8 prompt_chars=11673[2026-06-30 20:25:48] [API] request start agent=Critique Agent attempt=1/8 prompt_chars=18105

[2026-06-30 20:25:51] [API] request success agent=Critique Agent attempt=1/8 elapsed=3.0s raw_chars=956
[2026-06-30 20:25:54] [API] request success agent=Critique Agent attempt=1/8 elapsed=6.5s raw_chars=1584
[2026-06-30 20:25:56] [API] request start agent=Evidence Agent attempt=1/8 prompt_chars=7826
[2026-06-30 20:26:01] [API] request success agent=Evidence Agent attempt=1/8 elapsed=4.6s raw_chars=1239
[2026-06-30 20:26:02] [API] request start agent=Evidence Agent attempt=1/8 prompt_chars=11188
[2026-06-30 20:26:15] [API] request success agent=Evidence Agent attempt=1/8 elapsed=13.2s raw_chars=5427
[2026-06-30 20:26:57] [API] request start agent=Review Manager Agent attempt=1/8 prompt_chars=9285
[2026-06-30 20:26:57] [API] request start agent=Review Manager Agent attempt=1/8 prompt_chars=9285
[2026-06-30 20:27:06] [API] request success agent=Review Manager Agent attempt=1/8 elapsed=9.1s raw_chars=3628
[2026-06-30 20:27:07] [API] request success agent=Review Manager Agent attempt=1/8 elapsed=9.5s raw_chars=3671
[2026-06-30 20:27:09] [API] request start agent=Evidence Agent attempt=1/8 prompt_chars=7826
[2026-06-30 20:27:13] [API] request success agent=Evidence Agent attempt=1/8 elapsed=3.4s raw_chars=1139
[2026-06-30 20:27:13] [API] request start agent=Critique Agent attempt=1/8 prompt_chars=8030
[2026-06-30 20:27:15] [API] request success agent=Critique Agent attempt=1/8 elapsed=2.2s raw_chars=572
[2026-06-30 20:27:16] [API] request start agent=Evidence Agent attempt=1/8 prompt_chars=8754
[2026-06-30 20:27:19] [API] request success agent=Evidence Agent attempt=1/8 elapsed=2.6s raw_chars=434
{"paper_id": "fGXyvmWpw6", "mode": "s4", "reward": 0.6318206881362586, "final_decision": "reject", "model_adapter_mode": "small_model"}
{"paper_id": "QAgwFiIY4p", "mode": "s4", "reward": 0.5814899315497083, "final_decision": "reject", "model_adapter_mode": "small_model"}
{"paper_id": "TPAj63ax4Y", "mode": "s4", "reward": 0.49404241898877377, "final_decision": "reject", "model_adapter_mode": "small_model"}
{"paper_id": "mHv6wcBb0z", "mode": "s4", "reward": 0.689344164251132, "final_decision": "reject", "model_adapter_mode": "small_model"}
[2026-06-30 20:27:56] [API] request start agent=Review Manager Agent attempt=1/8 prompt_chars=7991[2026-06-30 20:27:56] [API] request start agent=Review Manager Agent attempt=1/8 prompt_chars=7991

[2026-06-30 20:27:59] [API] request success agent=Review Manager Agent attempt=1/8 elapsed=3.6s raw_chars=1086
[2026-06-30 20:27:59] [API] request start agent=Review Manager Agent attempt=1/8 prompt_chars=7991
[2026-06-30 20:28:00] [API] request success agent=Review Manager Agent attempt=1/8 elapsed=4.2s raw_chars=1323
[2026-06-30 20:28:00] [API] request start agent=Review Manager Agent attempt=1/8 prompt_chars=7991
[2026-06-30 20:28:04] [API] request success agent=Review Manager Agent attempt=1/8 elapsed=4.4s raw_chars=1531
[2026-06-30 20:28:04] [API] request success agent=Review Manager Agent attempt=1/8 elapsed=4.6s raw_chars=1303
[2026-06-30 20:28:05] [API] request start agent=Claim Agent attempt=1/8 prompt_chars=8711[2026-06-30 20:28:05] [API] request start agent=Claim Agent attempt=1/8 prompt_chars=8712

[2026-06-30 20:28:11] [API] request success agent=Claim Agent attempt=1/8 elapsed=6.0s raw_chars=2250
[2026-06-30 20:28:11] [API] request start agent=Claim Agent attempt=1/8 prompt_chars=8712
[2026-06-30 20:28:14] [API] request success agent=Claim Agent attempt=1/8 elapsed=9.8s raw_chars=3886
[2026-06-30 20:28:14] [API] request start agent=Claim Agent attempt=1/8 prompt_chars=8712
[2026-06-30 20:28:18] [API] request success agent=Claim Agent attempt=1/8 elapsed=7.5s raw_chars=2437
[2026-06-30 20:28:19] [API] request success agent=Claim Agent attempt=1/8 elapsed=4.9s raw_chars=1812
[2026-06-30 20:28:22] [API] request start agent=Review Manager Agent attempt=1/8 prompt_chars=9285[2026-06-30 20:28:22] [API] request start agent=Review Manager Agent attempt=1/8 prompt_chars=9284

[2026-06-30 20:28:32] [API] request success agent=Review Manager Agent attempt=1/8 elapsed=9.9s raw_chars=3675
[2026-06-30 20:28:32] [API] request start agent=Review Manager Agent attempt=1/8 prompt_chars=9285
[2026-06-30 20:28:33] [API] request success agent=Review Manager Agent attempt=1/8 elapsed=10.5s raw_chars=3631
[2026-06-30 20:28:33] [API] request start agent=Review Manager Agent attempt=1/8 prompt_chars=9285
[2026-06-30 20:28:42] [API] request success agent=Review Manager Agent attempt=1/8 elapsed=9.0s raw_chars=3852
[2026-06-30 20:28:42] [API] request success agent=Review Manager Agent attempt=1/8 elapsed=9.9s raw_chars=3502
[2026-06-30 20:28:47] [API] request start agent=Evidence Agent attempt=1/8 prompt_chars=7826[2026-06-30 20:28:47] [API] request start agent=Evidence Agent attempt=1/8 prompt_chars=7826

[2026-06-30 20:28:55] [API] request success agent=Evidence Agent attempt=1/8 elapsed=8.0s raw_chars=3050
[2026-06-30 20:28:55] [API] request success agent=Evidence Agent attempt=1/8 elapsed=8.5s raw_chars=2718
[2026-06-30 20:28:55] [API] request start agent=Critique Agent attempt=1/8 prompt_chars=11670
[2026-06-30 20:28:58] [API] request success agent=Critique Agent attempt=1/8 elapsed=2.7s raw_chars=636
[2026-06-30 20:28:58] [API] request start agent=Claim Agent attempt=1/8 prompt_chars=8712
[2026-06-30 20:29:06] [API] request success agent=Claim Agent attempt=1/8 elapsed=8.2s raw_chars=3409
[2026-06-30 20:29:16] [API] request start agent=Review Manager Agent attempt=1/8 prompt_chars=9284[2026-06-30 20:29:16] [API] request start agent=Review Manager Agent attempt=1/8 prompt_chars=9285

[2026-06-30 20:29:25] [API] request success agent=Review Manager Agent attempt=1/8 elapsed=9.2s raw_chars=3600
[2026-06-30 20:29:25] [API] request start agent=Review Manager Agent attempt=1/8 prompt_chars=9284
[2026-06-30 20:29:26] [API] request success agent=Review Manager Agent attempt=1/8 elapsed=10.2s raw_chars=4051
[2026-06-30 20:29:26] [API] request start agent=Review Manager Agent attempt=1/8 prompt_chars=9285
[2026-06-30 20:29:35] [API] request success agent=Review Manager Agent attempt=1/8 elapsed=9.8s raw_chars=3921
[2026-06-30 20:29:41] [API] request success agent=Review Manager Agent attempt=1/8 elapsed=15.3s raw_chars=5193
[2026-06-30 20:29:46] [API] request start agent=Critique Agent attempt=1/8 prompt_chars=18105[2026-06-30 20:29:46] [API] request start agent=Critique Agent attempt=1/8 prompt_chars=18105

[2026-06-30 20:30:02] [API] request success agent=Critique Agent attempt=1/8 elapsed=16.0s raw_chars=6705
[2026-06-30 20:30:02] [API] request start agent=Critique Agent attempt=1/8 prompt_chars=18104
[2026-06-30 20:30:02] [API] request success agent=Critique Agent attempt=1/8 elapsed=16.3s raw_chars=6463
[2026-06-30 20:30:18] [API] request success agent=Critique Agent attempt=1/8 elapsed=16.7s raw_chars=6675
[2026-06-30 20:30:19] [API] request start agent=Evidence Agent attempt=1/8 prompt_chars=7826
[2026-06-30 20:30:26] [API] request success agent=Evidence Agent attempt=1/8 elapsed=7.0s raw_chars=2022
[2026-06-30 20:30:34] [API] request start agent=Review Manager Agent attempt=1/8 prompt_chars=9285[2026-06-30 20:30:34] [API] request start agent=Review Manager Agent attempt=1/8 prompt_chars=9285

[2026-06-30 20:30:44] [API] request success agent=Review Manager Agent attempt=1/8 elapsed=9.5s raw_chars=3847
[2026-06-30 20:30:44] [API] request start agent=Review Manager Agent attempt=1/8 prompt_chars=9285
[2026-06-30 20:30:44] [API] request success agent=Review Manager Agent attempt=1/8 elapsed=9.9s raw_chars=4316
[2026-06-30 20:30:44] [API] request start agent=Review Manager Agent attempt=1/8 prompt_chars=9279
[2026-06-30 20:30:53] [API] request success agent=Review Manager Agent attempt=1/8 elapsed=9.3s raw_chars=3945
[2026-06-30 20:30:59] [API] request success agent=Review Manager Agent attempt=1/8 elapsed=14.2s raw_chars=4715
[2026-06-30 20:31:04] [API] request start agent=Critique Agent attempt=1/8 prompt_chars=8029
[2026-06-30 20:31:06] [API] request success agent=Critique Agent attempt=1/8 elapsed=2.5s raw_chars=701
[2026-06-30 20:31:08] [API] request start agent=Evidence Agent attempt=1/8 prompt_chars=8593
[2026-06-30 20:31:08] [API] request start agent=Evidence Agent attempt=1/8 prompt_chars=8593
[2026-06-30 20:31:11] [API] request success agent=Evidence Agent attempt=1/8 elapsed=3.8s raw_chars=757
[2026-06-30 20:31:11] [API] request start agent=Evidence Agent attempt=1/8 prompt_chars=7826
[2026-06-30 20:31:14] [API] request success agent=Evidence Agent attempt=1/8 elapsed=6.7s raw_chars=2457
[2026-06-30 20:31:18] [API] request success agent=Evidence Agent attempt=1/8 elapsed=6.2s raw_chars=2425
[2026-06-30 20:31:19] [API] request start agent=Evidence Agent attempt=1/8 prompt_chars=8754
[2026-06-30 20:31:21] [API] request success agent=Evidence Agent attempt=1/8 elapsed=1.8s raw_chars=505
[2026-06-30 20:31:41] [API] request start agent=Review Manager Agent attempt=1/8 prompt_chars=9281
[2026-06-30 20:31:41] [API] request start agent=Review Manager Agent attempt=1/8 prompt_chars=9285
[2026-06-30 20:31:51] [API] request success agent=Review Manager Agent attempt=1/8 elapsed=9.4s raw_chars=3876
[2026-06-30 20:31:51] [API] request start agent=Review Manager Agent attempt=1/8 prompt_chars=9285
[2026-06-30 20:31:52] [API] request success agent=Review Manager Agent attempt=1/8 elapsed=10.6s raw_chars=3735
[2026-06-30 20:31:52] [API] request start agent=Review Manager Agent attempt=1/8 prompt_chars=9285
[2026-06-30 20:32:02] [API] request success agent=Review Manager Agent attempt=1/8 elapsed=10.9s raw_chars=4680
[2026-06-30 20:32:05] [API] request success agent=Review Manager Agent attempt=1/8 elapsed=12.7s raw_chars=4405
[2026-06-30 20:32:16] [API] request start agent=Critique Agent attempt=1/8 prompt_chars=11673
[2026-06-30 20:32:16] [API] request start agent=Critique Agent attempt=1/8 prompt_chars=11668
[2026-06-30 20:32:18] [API] request success agent=Critique Agent attempt=1/8 elapsed=1.7s raw_chars=415
[2026-06-30 20:32:18] [API] request start agent=Critique Agent attempt=1/8 prompt_chars=18103
[2026-06-30 20:32:18] [API] request success agent=Critique Agent attempt=1/8 elapsed=2.3s raw_chars=407
[2026-06-30 20:32:27] [API] request success agent=Critique Agent attempt=1/8 elapsed=9.5s raw_chars=4487
[2026-06-30 20:32:27] [API] request start agent=Evidence Agent attempt=1/8 prompt_chars=7826
[2026-06-30 20:32:32] [API] request success agent=Evidence Agent attempt=1/8 elapsed=5.1s raw_chars=1881
[2026-06-30 20:32:53] [API] request start agent=Review Manager Agent attempt=1/8 prompt_chars=9285[2026-06-30 20:32:53] [API] request start agent=Review Manager Agent attempt=1/8 prompt_chars=9285

[2026-06-30 20:33:02] [API] request success agent=Review Manager Agent attempt=1/8 elapsed=9.1s raw_chars=3852
[2026-06-30 20:33:02] [API] request start agent=Review Manager Agent attempt=1/8 prompt_chars=9285
[2026-06-30 20:33:08] [API] request success agent=Review Manager Agent attempt=1/8 elapsed=14.9s raw_chars=5652
[2026-06-30 20:33:16] [API] request success agent=Review Manager Agent attempt=1/8 elapsed=13.1s raw_chars=5214
[2026-06-30 20:33:18] [API] request start agent=Critique Agent attempt=1/8 prompt_chars=8030[2026-06-30 20:33:18] [API] request start agent=Critique Agent attempt=1/8 prompt_chars=11673

[2026-06-30 20:33:23] [API] request success agent=Critique Agent attempt=1/8 elapsed=4.1s raw_chars=606
[2026-06-30 20:33:23] [API] request start agent=Critique Agent attempt=1/8 prompt_chars=8029
[2026-06-30 20:33:24] [API] request success agent=Critique Agent attempt=1/8 elapsed=1.8s raw_chars=466
[2026-06-30 20:33:27] [API] request success agent=Critique Agent attempt=1/8 elapsed=8.3s raw_chars=1283
[2026-06-30 20:33:32] [API] request start agent=Evidence Agent attempt=1/8 prompt_chars=8754[2026-06-30 20:33:32] [API] request start agent=Evidence Agent attempt=1/8 prompt_chars=8754

[2026-06-30 20:33:34] [API] request success agent=Evidence Agent attempt=1/8 elapsed=2.4s raw_chars=513
[2026-06-30 20:33:34] [API] request success agent=Evidence Agent attempt=1/8 elapsed=2.4s raw_chars=556
[2026-06-30 20:33:56] [API] request start agent=Review Manager Agent attempt=1/8 prompt_chars=9285[2026-06-30 20:33:56] [API] request start agent=Review Manager Agent attempt=1/8 prompt_chars=9285

[2026-06-30 20:34:06] [API] request success agent=Review Manager Agent attempt=1/8 elapsed=9.8s raw_chars=3733
[2026-06-30 20:34:06] [API] request start agent=Review Manager Agent attempt=1/8 prompt_chars=9282
[2026-06-30 20:34:07] [API] request success agent=Review Manager Agent attempt=1/8 elapsed=11.4s raw_chars=4979
[2026-06-30 20:34:20] [API] request success agent=Review Manager Agent attempt=1/8 elapsed=14.5s raw_chars=5866
[2026-06-30 20:34:28] [API] request start agent=Critique Agent attempt=1/8 prompt_chars=11673[2026-06-30 20:34:28] [API] request start agent=Critique Agent attempt=1/8 prompt_chars=8030

[2026-06-30 20:34:32] [API] request success agent=Critique Agent attempt=1/8 elapsed=3.6s raw_chars=634
[2026-06-30 20:34:34] [API] request success agent=Critique Agent attempt=1/8 elapsed=5.2s raw_chars=1610
[2026-06-30 20:34:35] [API] request start agent=Evidence Agent attempt=1/8 prompt_chars=7826
[2026-06-30 20:34:40] [API] request success agent=Evidence Agent attempt=1/8 elapsed=4.9s raw_chars=1489
[2026-06-30 20:34:42] [API] request start agent=Evidence Agent attempt=1/8 prompt_chars=8754
[2026-06-30 20:34:44] [API] request success agent=Evidence Agent attempt=1/8 elapsed=1.9s raw_chars=453
{"paper_id": "xUe1YqEgd6", "mode": "s4", "reward": 0.5346682008757642, "final_decision": "reject", "model_adapter_mode": "small_model"}
{"paper_id": "YXn76HMetm", "mode": "s4", "reward": 0.45395131202691985, "final_decision": "reject", "model_adapter_mode": "small_model"}
{"paper_id": "KOUAayk5Kx", "mode": "s4", "reward": 0.5103734866135333, "final_decision": "reject", "model_adapter_mode": "small_model"}
{"paper_id": "XH3OiIhtvf", "mode": "s4", "reward": 0.5147433686894748, "final_decision": "reject", "model_adapter_mode": "small_model"}
