[API] Initialized: model=mimo-v2.5, provider=mimo, base_url=https://api.xiaomimimo.com/v1, max_tokens=1536
[MAIN] Using API backend: model=mimo-v2.5
[MAIN] model_adapter_mode=small_model (requested=small_model)
[DEBUG] paper_id: ye3NrNrYOY, paper_text length: 34961
[DEBUG] paper_text snippet: \title{Temporal Causal Mechanism Transfer for Few-shot Action Recognition}  \begin{abstract} The goa...
[DEBUG] paper_id: WNxlJJIEVj, paper_text length: 48238
[DEBUG] paper_text snippet: \title{Contrastive Diffuser: Planning Towards High Return States via Contrastive Learning}  \begin{a...
[DEBUG] paper_id: uOrfve3prk, paper_text length: 44055
[DEBUG] paper_text snippet: \title{Towards Unifying Interpretability and Control: Evaluation via Intervention}  \begin{abstract}...
[DEBUG] paper_id: 7Dub7UXTXN, paper_text length: 17618
[DEBUG] paper_text snippet: \title{When Are Bias-Free ReLU Networks Effectively Linear Networks?}  \begin{abstract}  We investig...
[DEBUG] paper_id: 9zEBK3E9bX, paper_text length: 35496
[DEBUG] paper_text snippet: \title{SPOT: Scalable 3D Pre-training via Occupancy Prediction for Autonomous Driving}  \begin{abstr...
[DEBUG] paper_id: XyB4VvF01X, paper_text length: 32345
[DEBUG] paper_text snippet: \title{Graph2Tac: Learning hierarchical representations of math concepts in theorem proving}  \begin...
[DEBUG] paper_id: GE6iywJtsV, paper_text length: 30553
[DEBUG] paper_text snippet: \title{Diff-Shape: A Novel Constrained Diffusion Model for Shape-based De Novo Drug Design}  \begin{...
[DEBUG] paper_id: WpXq5n8yLb, paper_text length: 55540
[DEBUG] paper_text snippet: \title{Recurrent Drafter for Fast Speculative Decoding in Large Language Models}  \begin{abstract} W...
[DEBUG] paper_id: NnExMNiTHw, paper_text length: 37839
[DEBUG] paper_text snippet: \title{SpecDec++: Boosting Speculative Decoding via Adaptive Candidate Lengths}  \begin{abstract} Sp...
[DEBUG] paper_id: a6SntIisgg, paper_text length: 64928
[DEBUG] paper_text snippet: \title{LogoRA: Local-Global Representation Alignment for Robust Time Series Classification}  \begin{...
[DEBUG] paper_id: cklg91aPGk, paper_text length: 32511
[DEBUG] paper_text snippet: \title{Propagation Alone is Enough for Graph Contrastive Learning}  \begin{abstract} Graph contrasti...
[DEBUG] paper_id: HPuLU6q7xq, paper_text length: 38828
[DEBUG] paper_text snippet: \title{Orca: Enhancing Role-Playing Abilities of Large Language Models by Integrating Personality Tr...
[DEBUG] paper_id: fGXyvmWpw6, paper_text length: 47400
[DEBUG] paper_text snippet: \title{Federated Virtual Learning on Heterogeneous Data with Local-global Distillation}  \begin{abst...
[DEBUG] paper_id: QAgwFiIY4p, paper_text length: 49197
[DEBUG] paper_text snippet: \title{Graph as Point Set}  \begin{abstract} Graph is a fundamental data structure to model intercon...
[DEBUG] paper_id: TPAj63ax4Y, paper_text length: 49027
[DEBUG] paper_text snippet: \title{Segment, Select, Correct: A Framework for Weakly-Supervised Referring Segmentation}  \begin{a...
[DEBUG] paper_id: mHv6wcBb0z, paper_text length: 35109
[DEBUG] paper_text snippet: \title{Preventing Model Collapse in Deep Canonical Correlation Analysis by Noise Regularization}  \b...
[DEBUG] paper_id: xUe1YqEgd6, paper_text length: 34518
[DEBUG] paper_text snippet: \title{Unsupervised motion segmentation in one go: Smooth long-term model over a video}  \begin{abst...
[DEBUG] paper_id: YXn76HMetm, paper_text length: 36915
[DEBUG] paper_text snippet: \title{Hyperbolic Active Learning for Semantic Segmentation under Domain Shift}  \begin{abstract}  W...
[DEBUG] paper_id: KOUAayk5Kx, paper_text length: 32732
[DEBUG] paper_text snippet: \title{Defying Multi-model Forgetting: Orthogonal Gradient Learning to One-shot Neural Architecture ...
[DEBUG] paper_id: XH3OiIhtvf, paper_text length: 22365
[DEBUG] paper_text snippet: \title{Unsupervised Federated Learning for Privacy Preserving in Face Recognition System}  \begin{ab...
[2026-07-03 23:17:50] [API] request start agent=Review Manager Agent attempt=1/8 prompt_chars=7991[2026-07-03 23:17:50] [API] request start agent=Review Manager Agent attempt=1/8 prompt_chars=7991

[2026-07-03 23:17:50] [API] request start agent=Review Manager Agent attempt=1/8 prompt_chars=7991
[2026-07-03 23:17:50] [API] request start agent=Review Manager Agent attempt=1/8 prompt_chars=7991
[2026-07-03 23:17:54] [API] request success agent=Review Manager Agent attempt=1/8 elapsed=3.9s raw_chars=1098
[2026-07-03 23:17:54] [API] request success agent=Review Manager Agent attempt=1/8 elapsed=4.0s raw_chars=1416
[2026-07-03 23:17:55] [API] request success agent=Review Manager Agent attempt=1/8 elapsed=4.6s raw_chars=1289
[2026-07-03 23:17:55] [API] request success agent=Review Manager Agent attempt=1/8 elapsed=4.7s raw_chars=1280
[2026-07-03 23:17:55] [API] request start agent=Claim Agent attempt=1/8 prompt_chars=8712[2026-07-03 23:17:55] [API] request start agent=Claim Agent attempt=1/8 prompt_chars=8712
[2026-07-03 23:17:55] [API] request start agent=Claim Agent attempt=1/8 prompt_chars=8711
[2026-07-03 23:17:55] [API] request start agent=Claim Agent attempt=1/8 prompt_chars=8711

[2026-07-03 23:18:00] [API] request success agent=Claim Agent attempt=1/8 elapsed=5.4s raw_chars=2457
[2026-07-03 23:18:00] [API] request success agent=Claim Agent attempt=1/8 elapsed=5.5s raw_chars=2480
[2026-07-03 23:18:01] [API] request success agent=Claim Agent attempt=1/8 elapsed=5.7s raw_chars=2599
[2026-07-03 23:18:01] [API] request success agent=Claim Agent attempt=1/8 elapsed=6.0s raw_chars=2519
[2026-07-03 23:18:01] [API] request start agent=Review Manager Agent attempt=1/8 prompt_chars=9284[2026-07-03 23:18:01] [API] request start agent=Review Manager Agent attempt=1/8 prompt_chars=9285

[2026-07-03 23:18:01] [API] request start agent=Review Manager Agent attempt=1/8 prompt_chars=9280
[2026-07-03 23:18:01] [API] request start agent=Review Manager Agent attempt=1/8 prompt_chars=9279
[2026-07-03 23:18:08] [API] request success agent=Review Manager Agent attempt=1/8 elapsed=6.4s raw_chars=3162
[2026-07-03 23:18:08] [API] request success agent=Review Manager Agent attempt=1/8 elapsed=6.6s raw_chars=3251
[2026-07-03 23:18:09] [API] request success agent=Review Manager Agent attempt=1/8 elapsed=7.4s raw_chars=3504
[2026-07-03 23:18:09] [API] request success agent=Review Manager Agent attempt=1/8 elapsed=7.6s raw_chars=3657
[2026-07-03 23:18:10] [API] request start agent=Critique Agent attempt=1/8 prompt_chars=11673
[2026-07-03 23:18:11] [API] request success agent=Critique Agent attempt=1/8 elapsed=1.5s raw_chars=415
[2026-07-03 23:18:11] [API] request start agent=Evidence Agent attempt=1/8 prompt_chars=7826[2026-07-03 23:18:11] [API] request start agent=Evidence Agent attempt=1/8 prompt_chars=7826

[2026-07-03 23:18:11] [API] request start agent=Evidence Agent attempt=1/8 prompt_chars=7826
[2026-07-03 23:18:14] [API] request success agent=Evidence Agent attempt=1/8 elapsed=2.5s raw_chars=1017
[2026-07-03 23:18:16] [API] request success agent=Evidence Agent attempt=1/8 elapsed=5.1s raw_chars=2242
[2026-07-03 23:18:17] [API] request success agent=Evidence Agent attempt=1/8 elapsed=6.1s raw_chars=2478
[2026-07-03 23:18:18] [API] request start agent=Review Manager Agent attempt=1/8 prompt_chars=9285[2026-07-03 23:18:18] [API] request start agent=Review Manager Agent attempt=1/8 prompt_chars=9285

[2026-07-03 23:18:18] [API] request start agent=Review Manager Agent attempt=1/8 prompt_chars=9285[2026-07-03 23:18:18] [API] request start agent=Review Manager Agent attempt=1/8 prompt_chars=9285

[2026-07-03 23:18:23] [API] request success agent=Review Manager Agent attempt=1/8 elapsed=4.8s raw_chars=2100
[2026-07-03 23:18:24] [API] request success agent=Review Manager Agent attempt=1/8 elapsed=6.1s raw_chars=2972
[2026-07-03 23:18:25] [API] request success agent=Review Manager Agent attempt=1/8 elapsed=7.1s raw_chars=3540
[2026-07-03 23:18:26] [API] request success agent=Review Manager Agent attempt=1/8 elapsed=8.6s raw_chars=3824
[2026-07-03 23:18:27] [API] request start agent=Critique Agent attempt=1/8 prompt_chars=10410
[2026-07-03 23:18:27] [API] request start agent=Critique Agent attempt=1/8 prompt_chars=10410[2026-07-03 23:18:27] [API] request start agent=Critique Agent attempt=1/8 prompt_chars=10410[2026-07-03 23:18:27] [API] request start agent=Critique Agent attempt=1/8 prompt_chars=10410


[2026-07-03 23:18:30] [API] request success agent=Critique Agent attempt=1/8 elapsed=2.8s raw_chars=1006
[2026-07-03 23:18:30] [API] request success agent=Critique Agent attempt=1/8 elapsed=2.9s raw_chars=485
[2026-07-03 23:18:31] [API] request success agent=Critique Agent attempt=1/8 elapsed=3.9s raw_chars=1234
[2026-07-03 23:18:34] [API] request success agent=Critique Agent attempt=1/8 elapsed=6.9s raw_chars=2273
[2026-07-03 23:18:35] [API] request start agent=Review Manager Agent attempt=1/8 prompt_chars=9285
[2026-07-03 23:18:35] [API] request start agent=Review Manager Agent attempt=1/8 prompt_chars=9285[2026-07-03 23:18:35] [API] request start agent=Review Manager Agent attempt=1/8 prompt_chars=9285

[2026-07-03 23:18:35] [API] request start agent=Review Manager Agent attempt=1/8 prompt_chars=9285
[2026-07-03 23:18:41] [API] request success agent=Review Manager Agent attempt=1/8 elapsed=6.7s raw_chars=3327
[2026-07-03 23:18:42] [API] request success agent=Review Manager Agent attempt=1/8 elapsed=7.7s raw_chars=3638
[2026-07-03 23:18:42] [API] request success agent=Review Manager Agent attempt=1/8 elapsed=7.8s raw_chars=3677
[2026-07-03 23:18:43] [API] request success agent=Review Manager Agent attempt=1/8 elapsed=8.7s raw_chars=4005
[2026-07-03 23:18:44] [API] request start agent=Critique Agent attempt=1/8 prompt_chars=8030
[2026-07-03 23:18:46] [API] request success agent=Critique Agent attempt=1/8 elapsed=1.5s raw_chars=556
[2026-07-03 23:18:46] [API] request start agent=Evidence Agent attempt=1/8 prompt_chars=8593
[2026-07-03 23:18:46] [API] request start agent=Evidence Agent attempt=1/8 prompt_chars=8593[2026-07-03 23:18:46] [API] request start agent=Evidence Agent attempt=1/8 prompt_chars=8593

[2026-07-03 23:18:48] [API] request success agent=Evidence Agent attempt=1/8 elapsed=1.4s raw_chars=480
[2026-07-03 23:18:48] [API] request success agent=Evidence Agent attempt=1/8 elapsed=1.7s raw_chars=475
[2026-07-03 23:18:48] [API] request success agent=Evidence Agent attempt=1/8 elapsed=2.1s raw_chars=791
[2026-07-03 23:18:49] [API] request start agent=Evidence Agent attempt=1/8 prompt_chars=8754
[2026-07-03 23:18:51] [API] request success agent=Evidence Agent attempt=1/8 elapsed=2.2s raw_chars=336
[2026-07-03 23:18:52] [API] request start agent=Review Manager Agent attempt=1/8 prompt_chars=9281
[2026-07-03 23:18:52] [API] request start agent=Review Manager Agent attempt=1/8 prompt_chars=9285[2026-07-03 23:18:52] [API] request start agent=Review Manager Agent attempt=1/8 prompt_chars=9281
[2026-07-03 23:18:52] [API] request start agent=Review Manager Agent attempt=1/8 prompt_chars=9285

[2026-07-03 23:18:59] [API] request success agent=Review Manager Agent attempt=1/8 elapsed=6.5s raw_chars=3403
[2026-07-03 23:18:59] [API] request success agent=Review Manager Agent attempt=1/8 elapsed=7.0s raw_chars=3413
[2026-07-03 23:18:59] [API] request success agent=Review Manager Agent attempt=1/8 elapsed=7.0s raw_chars=3506
[2026-07-03 23:19:01] [API] request success agent=Review Manager Agent attempt=1/8 elapsed=8.2s raw_chars=4055
[2026-07-03 23:19:02] [API] request start agent=Evidence Agent attempt=1/8 prompt_chars=8593[2026-07-03 23:19:02] [API] request start agent=Evidence Agent attempt=1/8 prompt_chars=7826
[2026-07-03 23:19:02] [API] request start agent=Evidence Agent attempt=1/8 prompt_chars=7826
[2026-07-03 23:19:02] [API] request start agent=Evidence Agent attempt=1/8 prompt_chars=7826

[2026-07-03 23:19:03] [API] request success agent=Evidence Agent attempt=1/8 elapsed=1.6s raw_chars=475
[2026-07-03 23:19:07] [API] request success agent=Evidence Agent attempt=1/8 elapsed=5.0s raw_chars=2544
[2026-07-03 23:19:08] [API] request success agent=Evidence Agent attempt=1/8 elapsed=6.4s raw_chars=3105
[2026-07-03 23:19:08] [API] request success agent=Evidence Agent attempt=1/8 elapsed=6.8s raw_chars=3052
[2026-07-03 23:19:09] [API] request start agent=Review Manager Agent attempt=1/8 prompt_chars=9284[2026-07-03 23:19:09] [API] request start agent=Review Manager Agent attempt=1/8 prompt_chars=9285
[2026-07-03 23:19:09] [API] request start agent=Review Manager Agent attempt=1/8 prompt_chars=9285

[2026-07-03 23:19:09] [API] request start agent=Review Manager Agent attempt=1/8 prompt_chars=9285
[2026-07-03 23:19:18] [API] request success agent=Review Manager Agent attempt=1/8 elapsed=8.7s raw_chars=4410
[2026-07-03 23:19:18] [API] request success agent=Review Manager Agent attempt=1/8 elapsed=9.0s raw_chars=4616
[2026-07-03 23:19:19] [API] request success agent=Review Manager Agent attempt=1/8 elapsed=9.3s raw_chars=4020
[2026-07-03 23:19:19] [API] request success agent=Review Manager Agent attempt=1/8 elapsed=9.3s raw_chars=4215
[2026-07-03 23:19:20] [API] request start agent=Critique Agent attempt=1/8 prompt_chars=11673
[2026-07-03 23:19:20] [API] request start agent=Critique Agent attempt=1/8 prompt_chars=11673[2026-07-03 23:19:20] [API] request start agent=Critique Agent attempt=1/8 prompt_chars=11673

[2026-07-03 23:19:20] [API] request start agent=Critique Agent attempt=1/8 prompt_chars=11666
[2026-07-03 23:19:21] [API] request success agent=Critique Agent attempt=1/8 elapsed=1.6s raw_chars=433
[2026-07-03 23:19:22] [API] request success agent=Critique Agent attempt=1/8 elapsed=2.4s raw_chars=899
[2026-07-03 23:19:23] [API] request success agent=Critique Agent attempt=1/8 elapsed=2.8s raw_chars=806
[2026-07-03 23:19:23] [API] request success agent=Critique Agent attempt=1/8 elapsed=2.9s raw_chars=603
[2026-07-03 23:19:24] [API] request start agent=Review Manager Agent attempt=1/8 prompt_chars=9279[2026-07-03 23:19:24] [API] request start agent=Review Manager Agent attempt=1/8 prompt_chars=9285
[2026-07-03 23:19:24] [API] request start agent=Review Manager Agent attempt=1/8 prompt_chars=9285
[2026-07-03 23:19:24] [API] request start agent=Review Manager Agent attempt=1/8 prompt_chars=9285

[2026-07-03 23:19:31] [API] request success agent=Review Manager Agent attempt=1/8 elapsed=7.5s raw_chars=3925
[2026-07-03 23:19:33] [API] request success agent=Review Manager Agent attempt=1/8 elapsed=9.3s raw_chars=4098
[2026-07-03 23:19:34] [API] request success agent=Review Manager Agent attempt=1/8 elapsed=9.9s raw_chars=4269
[2026-07-03 23:19:35] [API] request success agent=Review Manager Agent attempt=1/8 elapsed=10.5s raw_chars=5108
[2026-07-03 23:19:35] [API] request start agent=Evidence Agent attempt=1/8 prompt_chars=7826[2026-07-03 23:19:35] [API] request start agent=Evidence Agent attempt=1/8 prompt_chars=7826
[2026-07-03 23:19:35] [API] request start agent=Evidence Agent attempt=1/8 prompt_chars=7826
[2026-07-03 23:19:35] [API] request start agent=Evidence Agent attempt=1/8 prompt_chars=7826

[2026-07-03 23:19:37] [API] request success agent=Evidence Agent attempt=1/8 elapsed=2.2s raw_chars=630
[2026-07-03 23:19:39] [API] request success agent=Evidence Agent attempt=1/8 elapsed=4.2s raw_chars=2220
[2026-07-03 23:19:41] [API] request success agent=Evidence Agent attempt=1/8 elapsed=6.2s raw_chars=2118
[2026-07-03 23:19:42] [API] request success agent=Evidence Agent attempt=1/8 elapsed=7.3s raw_chars=3838
[review_reward][unknown][ye3NrNrYOY] reward=0.5515 breakdown={'decision': 0.0, 'section_presence': 1.0, 'length_score': 0.8125, 'summary_align': 0.542, 'strength_align': 0.4199, 'weakness_align': 0.2954, 'suggestion_align': 0.525, 'global_align': 0.3247, 'critique': 1.0, 'stance_align': 0.5891, 'rating_align': 0.0, 'decision_line_bonus': 0.0, 'audit_id_leak_penalty': 0.0, 'penalty': 0.0, 'total': 0.5515, 'es_coverage': 0.5, 'es_depth': 0.5, 'es_empirical': 0.5, 'es_independent': 0.0, 'es_flaw_density': 0.6667, 'es_support_volume': 0.25, 'evidence_support_score': 0.45}
[review_reward][unknown][WNxlJJIEVj] reward=0.6204 breakdown={'decision': 0.0, 'section_presence': 1.0, 'length_score': 1.0, 'summary_align': 0.4499, 'strength_align': 0.2808, 'weakness_align': 0.1947, 'suggestion_align': 0.4463, 'global_align': 0.2246, 'critique': 1.0, 'stance_align': 0.9083, 'rating_align': 0.0, 'decision_line_bonus': 0.0, 'audit_id_leak_penalty': 0.0, 'penalty': 0.0, 'total': 0.6204, 'es_coverage': 0.6667, 'es_depth': 0.6667, 'es_empirical': 0.6667, 'es_independent': 0.6667, 'es_flaw_density': 0.0, 'es_support_volume': 1.0, 'evidence_support_score': 0.6}
[review_reward][unknown][uOrfve3prk] reward=0.5648 breakdown={'decision': 0.0, 'section_presence': 1.0, 'length_score': 1.0, 'summary_align': 0.2612, 'strength_align': 0.3039, 'weakness_align': 0.2437, 'suggestion_align': 0.5744, 'global_align': 0.2626, 'critique': 1.0, 'stance_align': 0.5694, 'rating_align': 0.0, 'decision_line_bonus': 0.0, 'audit_id_leak_penalty': 0.0, 'penalty': 0.0, 'total': 0.5648, 'es_coverage': 1.0, 'es_depth': 0.6667, 'es_empirical': 0.3333, 'es_independent': 0.0, 'es_flaw_density': 0.0, 'es_support_volume': 0.5, 'evidence_support_score': 0.5333}
[review_reward][unknown][7Dub7UXTXN] reward=0.4523 breakdown={'decision': 0.0, 'section_presence': 1.0, 'length_score': 1.0, 'summary_align': 0.5937, 'strength_align': 0.2981, 'weakness_align': 0.3058, 'suggestion_align': 0.3313, 'global_align': 0.3565, 'critique': 1.0, 'stance_align': 0.6778, 'rating_align': 0.0, 'decision_line_bonus': 0.0, 'audit_id_leak_penalty': 0.0, 'penalty': 0.0, 'total': 0.4523, 'es_coverage': 0.25, 'es_depth': 0.25, 'es_empirical': 0.0, 'es_independent': 0.25, 'es_flaw_density': 0.0, 'es_support_volume': 0.375, 'evidence_support_score': 0.1875}
{"paper_id": "ye3NrNrYOY", "mode": "s4", "reward": 0.5515344612509909, "final_decision": "reject", "model_adapter_mode": "small_model"}
{"paper_id": "WNxlJJIEVj", "mode": "s4", "reward": 0.6203814742838132, "final_decision": "reject", "model_adapter_mode": "small_model"}
{"paper_id": "uOrfve3prk", "mode": "s4", "reward": 0.5647506248662221, "final_decision": "reject", "model_adapter_mode": "small_model"}
{"paper_id": "7Dub7UXTXN", "mode": "s4", "reward": 0.4523394421649682, "final_decision": "reject", "model_adapter_mode": "small_model"}
[2026-07-03 23:19:44] [API] request start agent=Review Manager Agent attempt=1/8 prompt_chars=7991[2026-07-03 23:19:44] [API] request start agent=Review Manager Agent attempt=1/8 prompt_chars=7991

[2026-07-03 23:19:44] [API] request start agent=Review Manager Agent attempt=1/8 prompt_chars=7991
[2026-07-03 23:19:44] [API] request start agent=Review Manager Agent attempt=1/8 prompt_chars=7991
[2026-07-03 23:19:47] [API] request success agent=Review Manager Agent attempt=1/8 elapsed=3.0s raw_chars=1135[2026-07-03 23:19:47] [API] request success agent=Review Manager Agent attempt=1/8 elapsed=3.0s raw_chars=1002

[2026-07-03 23:19:48] [API] request success agent=Review Manager Agent attempt=1/8 elapsed=3.6s raw_chars=1302
[2026-07-03 23:19:49] [API] request success agent=Review Manager Agent attempt=1/8 elapsed=4.3s raw_chars=1420
[2026-07-03 23:19:49] [API] request start agent=Claim Agent attempt=1/8 prompt_chars=8712[2026-07-03 23:19:49] [API] request start agent=Claim Agent attempt=1/8 prompt_chars=8712[2026-07-03 23:19:49] [API] request start agent=Claim Agent attempt=1/8 prompt_chars=8712


[2026-07-03 23:19:49] [API] request start agent=Claim Agent attempt=1/8 prompt_chars=8711
[2026-07-03 23:19:51] [API] request success agent=Claim Agent attempt=1/8 elapsed=1.7s raw_chars=524
[2026-07-03 23:19:54] [API] request success agent=Claim Agent attempt=1/8 elapsed=4.9s raw_chars=2068
[2026-07-03 23:19:55] [API] request success agent=Claim Agent attempt=1/8 elapsed=6.1s raw_chars=2717
[2026-07-03 23:19:56] [API] request success agent=Claim Agent attempt=1/8 elapsed=6.7s raw_chars=3136
[2026-07-03 23:19:56] [API] request start agent=Review Manager Agent attempt=1/8 prompt_chars=9285
[2026-07-03 23:19:56] [API] request start agent=Review Manager Agent attempt=1/8 prompt_chars=9285[2026-07-03 23:19:56] [API] request start agent=Review Manager Agent attempt=1/8 prompt_chars=9285

[2026-07-03 23:19:56] [API] request start agent=Review Manager Agent attempt=1/8 prompt_chars=9279
[2026-07-03 23:20:03] [API] request success agent=Review Manager Agent attempt=1/8 elapsed=6.2s raw_chars=3157
[2026-07-03 23:20:04] [API] request success agent=Review Manager Agent attempt=1/8 elapsed=7.7s raw_chars=3588
[2026-07-03 23:20:04] [API] request success agent=Review Manager Agent attempt=1/8 elapsed=7.7s raw_chars=3777
[2026-07-03 23:20:05] [API] request success agent=Review Manager Agent attempt=1/8 elapsed=8.5s raw_chars=4003
[2026-07-03 23:20:06] [API] request start agent=Evidence Agent attempt=1/8 prompt_chars=7826[2026-07-03 23:20:06] [API] request start agent=Evidence Agent attempt=1/8 prompt_chars=7821

[2026-07-03 23:20:11] [API] request success agent=Evidence Agent attempt=1/8 elapsed=5.9s raw_chars=2743
[2026-07-03 23:20:12] [API] request success agent=Evidence Agent attempt=1/8 elapsed=6.1s raw_chars=2659
[2026-07-03 23:20:12] [API] request start agent=Critique Agent attempt=1/8 prompt_chars=10410[2026-07-03 23:20:12] [API] request start agent=Critique Agent attempt=1/8 prompt_chars=11673

[2026-07-03 23:20:15] [API] request success agent=Critique Agent attempt=1/8 elapsed=3.5s raw_chars=1423
[2026-07-03 23:20:18] [API] request success agent=Critique Agent attempt=1/8 elapsed=5.9s raw_chars=2568
[2026-07-03 23:20:19] [API] request start agent=Review Manager Agent attempt=1/8 prompt_chars=9280
[2026-07-03 23:20:19] [API] request start agent=Review Manager Agent attempt=1/8 prompt_chars=9285[2026-07-03 23:20:19] [API] request start agent=Review Manager Agent attempt=1/8 prompt_chars=9285
[2026-07-03 23:20:19] [API] request start agent=Review Manager Agent attempt=1/8 prompt_chars=9285

[2026-07-03 23:20:26] [API] request success agent=Review Manager Agent attempt=1/8 elapsed=7.0s raw_chars=3440
[2026-07-03 23:20:27] [API] request success agent=Review Manager Agent attempt=1/8 elapsed=7.9s raw_chars=3956
[2026-07-03 23:20:27] [API] request success agent=Review Manager Agent attempt=1/8 elapsed=8.8s raw_chars=3975
[2026-07-03 23:20:30] [API] request success agent=Review Manager Agent attempt=1/8 elapsed=11.1s raw_chars=5297
[2026-07-03 23:20:30] [API] request start agent=Critique Agent attempt=1/8 prompt_chars=8030
[2026-07-03 23:20:32] [API] request success agent=Critique Agent attempt=1/8 elapsed=1.5s raw_chars=442
[2026-07-03 23:20:32] [API] request start agent=Evidence Agent attempt=1/8 prompt_chars=7826
[2026-07-03 23:20:32] [API] request start agent=Evidence Agent attempt=1/8 prompt_chars=8592[2026-07-03 23:20:32] [API] request start agent=Evidence Agent attempt=1/8 prompt_chars=7825

[2026-07-03 23:20:34] [API] request success agent=Evidence Agent attempt=1/8 elapsed=1.9s raw_chars=518
[2026-07-03 23:20:37] [API] request success agent=Evidence Agent attempt=1/8 elapsed=5.1s raw_chars=2236
[2026-07-03 23:20:38] [API] request success agent=Evidence Agent attempt=1/8 elapsed=6.0s raw_chars=2597
[2026-07-03 23:20:38] [API] request start agent=Evidence Agent attempt=1/8 prompt_chars=8747
[2026-07-03 23:20:41] [API] request success agent=Evidence Agent attempt=1/8 elapsed=3.3s raw_chars=1029
[2026-07-03 23:20:43] [API] request start agent=Review Manager Agent attempt=1/8 prompt_chars=9285
[2026-07-03 23:20:43] [API] request start agent=Review Manager Agent attempt=1/8 prompt_chars=9281[2026-07-03 23:20:43] [API] request start agent=Review Manager Agent attempt=1/8 prompt_chars=9282
[2026-07-03 23:20:43] [API] request start agent=Review Manager Agent attempt=1/8 prompt_chars=9280

[2026-07-03 23:20:51] [API] request success agent=Review Manager Agent attempt=1/8 elapsed=8.4s raw_chars=3595
[2026-07-03 23:20:51] [API] request success agent=Review Manager Agent attempt=1/8 elapsed=8.8s raw_chars=4054
[2026-07-03 23:20:52] [API] request success agent=Review Manager Agent attempt=1/8 elapsed=9.5s raw_chars=4227
[2026-07-03 23:20:54] [API] request success agent=Review Manager Agent attempt=1/8 elapsed=11.7s raw_chars=5173
[2026-07-03 23:20:55] [API] request start agent=Critique Agent attempt=1/8 prompt_chars=11673
[2026-07-03 23:20:55] [API] request start agent=Critique Agent attempt=1/8 prompt_chars=11673[2026-07-03 23:20:55] [API] request start agent=Critique Agent attempt=1/8 prompt_chars=8029

[2026-07-03 23:20:56] [API] request success agent=Critique Agent attempt=1/8 elapsed=1.4s raw_chars=284
[2026-07-03 23:20:57] [API] request success agent=Critique Agent attempt=1/8 elapsed=1.9s raw_chars=514
[2026-07-03 23:20:58] [API] request success agent=Critique Agent attempt=1/8 elapsed=2.9s raw_chars=798
[2026-07-03 23:20:58] [API] request start agent=Evidence Agent attempt=1/8 prompt_chars=7826
[2026-07-03 23:21:00] [API] request success agent=Evidence Agent attempt=1/8 elapsed=2.1s raw_chars=608
[2026-07-03 23:21:00] [API] request start agent=Evidence Agent attempt=1/8 prompt_chars=8754
[2026-07-03 23:21:02] [API] request success agent=Evidence Agent attempt=1/8 elapsed=1.9s raw_chars=637
[review_reward][unknown][9zEBK3E9bX] reward=0.5643 breakdown={'decision': 0.0, 'section_presence': 1.0, 'length_score': 1.0, 'summary_align': 0.4506, 'strength_align': 0.3452, 'weakness_align': 0.2857, 'suggestion_align': 0.4531, 'global_align': 0.314, 'critique': 1.0, 'stance_align': 0.8429, 'rating_align': 0.0, 'decision_line_bonus': 0.0, 'audit_id_leak_penalty': 0.0, 'penalty': 0.0, 'total': 0.5643, 'es_coverage': 0.6667, 'es_depth': 0.5, 'es_empirical': 0.3333, 'es_independent': 0.0, 'es_flaw_density': 0.3333, 'es_support_volume': 0.3333, 'evidence_support_score': 0.4333}
[2026-07-03 23:21:04] [API] request start agent=Review Manager Agent attempt=1/8 prompt_chars=9285
[2026-07-03 23:21:04] [API] request start agent=Review Manager Agent attempt=1/8 prompt_chars=9279[2026-07-03 23:21:04] [API] request start agent=Review Manager Agent attempt=1/8 prompt_chars=9285

[2026-07-03 23:21:11] [API] request success agent=Review Manager Agent attempt=1/8 elapsed=7.1s raw_chars=2187
[2026-07-03 23:21:12] [API] request success agent=Review Manager Agent attempt=1/8 elapsed=7.4s raw_chars=2990
[2026-07-03 23:21:13] [API] request success agent=Review Manager Agent attempt=1/8 elapsed=9.4s raw_chars=4350
[2026-07-03 23:21:14] [API] request start agent=Evidence Agent attempt=1/8 prompt_chars=7825
[2026-07-03 23:21:20] [API] request success agent=Evidence Agent attempt=1/8 elapsed=6.3s raw_chars=2713
[2026-07-03 23:21:20] [API] request start agent=Critique Agent attempt=1/8 prompt_chars=8030[2026-07-03 23:21:20] [API] request start agent=Critique Agent attempt=1/8 prompt_chars=10410

[2026-07-03 23:21:22] [API] request success agent=Critique Agent attempt=1/8 elapsed=1.6s raw_chars=318
[2026-07-03 23:21:24] [API] request success agent=Critique Agent attempt=1/8 elapsed=3.6s raw_chars=1515
[2026-07-03 23:21:24] [API] request start agent=Evidence Agent attempt=1/8 prompt_chars=8550
[2026-07-03 23:21:27] [API] request success agent=Evidence Agent attempt=1/8 elapsed=3.0s raw_chars=1112
[review_reward][unknown][WpXq5n8yLb] reward=0.4144 breakdown={'decision': 0.0, 'section_presence': 1.0, 'length_score': 1.0, 'summary_align': 0.3266, 'strength_align': 0.333, 'weakness_align': 0.229, 'suggestion_align': 0.2885, 'global_align': 0.2108, 'critique': 1.0, 'stance_align': 0.7351, 'rating_align': 0.0, 'decision_line_bonus': 0.0, 'audit_id_leak_penalty': 0.0, 'penalty': 0.0, 'total': 0.4144, 'es_coverage': 0.0, 'es_depth': 0.0, 'es_empirical': 0.0, 'es_independent': 0.0, 'es_flaw_density': 1.0, 'es_support_volume': 0.0, 'evidence_support_score': 0.15}
[2026-07-03 23:21:28] [API] request start agent=Review Manager Agent attempt=1/8 prompt_chars=9285
[2026-07-03 23:21:28] [API] request start agent=Review Manager Agent attempt=1/8 prompt_chars=9282
[2026-07-03 23:21:34] [API] request success agent=Review Manager Agent attempt=1/8 elapsed=5.9s raw_chars=3012
[2026-07-03 23:21:39] [API] request success agent=Review Manager Agent attempt=1/8 elapsed=10.3s raw_chars=5080
[2026-07-03 23:21:39] [API] request start agent=Critique Agent attempt=1/8 prompt_chars=8029[2026-07-03 23:21:39] [API] request start agent=Critique Agent attempt=1/8 prompt_chars=11673

[2026-07-03 23:21:41] [API] request success agent=Critique Agent attempt=1/8 elapsed=1.4s raw_chars=386
[2026-07-03 23:21:42] [API] request success agent=Critique Agent attempt=1/8 elapsed=3.3s raw_chars=1311
[2026-07-03 23:21:43] [API] request start agent=Evidence Agent attempt=1/8 prompt_chars=8754
[2026-07-03 23:21:44] [API] request success agent=Evidence Agent attempt=1/8 elapsed=1.6s raw_chars=520
[review_reward][unknown][GE6iywJtsV] reward=0.3929 breakdown={'decision': 0.0, 'section_presence': 1.0, 'length_score': 1.0, 'summary_align': 0.5189, 'strength_align': 0.5419, 'weakness_align': 0.2488, 'suggestion_align': 0.6204, 'global_align': 0.236, 'critique': 1.0, 'stance_align': 0.7212, 'rating_align': 0.0, 'decision_line_bonus': 0.0, 'audit_id_leak_penalty': 0.0, 'penalty': 0.0, 'total': 0.3929, 'es_coverage': 0.0, 'es_depth': 0.0, 'es_empirical': 0.0, 'es_independent': 0.0, 'es_flaw_density': 0.0, 'es_support_volume': 0.0, 'evidence_support_score': 0.0}
[2026-07-03 23:21:46] [API] request start agent=Review Manager Agent attempt=1/8 prompt_chars=9285
[2026-07-03 23:21:53] [API] request success agent=Review Manager Agent attempt=1/8 elapsed=7.4s raw_chars=3889
[2026-07-03 23:21:54] [API] request start agent=Critique Agent attempt=1/8 prompt_chars=8029
[2026-07-03 23:21:56] [API] request success agent=Critique Agent attempt=1/8 elapsed=2.3s raw_chars=822
[2026-07-03 23:21:57] [API] request start agent=Evidence Agent attempt=1/8 prompt_chars=8754
[2026-07-03 23:21:58] [API] request success agent=Evidence Agent attempt=1/8 elapsed=1.2s raw_chars=440
[review_reward][unknown][XyB4VvF01X] reward=0.5079 breakdown={'decision': 0.0, 'section_presence': 1.0, 'length_score': 1.0, 'summary_align': 0.5377, 'strength_align': 0.3607, 'weakness_align': 0.1942, 'suggestion_align': 0.3962, 'global_align': 0.2411, 'critique': 1.0, 'stance_align': 0.5673, 'rating_align': 0.0, 'decision_line_bonus': 0.0, 'audit_id_leak_penalty': 0.0, 'penalty': 0.0, 'total': 0.5079, 'es_coverage': 0.5, 'es_depth': 0.375, 'es_empirical': 0.25, 'es_independent': 0.25, 'es_flaw_density': 0.3333, 'es_support_volume': 0.5, 'evidence_support_score': 0.3875}
{"paper_id": "9zEBK3E9bX", "mode": "s4", "reward": 0.5643324019744219, "final_decision": "reject", "model_adapter_mode": "small_model"}
{"paper_id": "XyB4VvF01X", "mode": "s4", "reward": 0.5079298930830256, "final_decision": "reject", "model_adapter_mode": "small_model"}
{"paper_id": "GE6iywJtsV", "mode": "s4", "reward": 0.39286275013031036, "final_decision": "reject", "model_adapter_mode": "small_model"}
{"paper_id": "WpXq5n8yLb", "mode": "s4", "reward": 0.4143580360755369, "final_decision": "reject", "model_adapter_mode": "small_model"}
[2026-07-03 23:22:00] [API] request start agent=Review Manager Agent attempt=1/8 prompt_chars=7991[2026-07-03 23:22:00] [API] request start agent=Review Manager Agent attempt=1/8 prompt_chars=7991

[2026-07-03 23:22:00] [API] request start agent=Review Manager Agent attempt=1/8 prompt_chars=7991[2026-07-03 23:22:00] [API] request start agent=Review Manager Agent attempt=1/8 prompt_chars=7991

[2026-07-03 23:22:03] [API] request success agent=Review Manager Agent attempt=1/8 elapsed=3.0s raw_chars=1072
[2026-07-03 23:22:03] [API] request success agent=Review Manager Agent attempt=1/8 elapsed=3.5s raw_chars=1046
[2026-07-03 23:22:04] [API] request success agent=Review Manager Agent attempt=1/8 elapsed=3.8s raw_chars=1256
[2026-07-03 23:22:06] [API] request success agent=Review Manager Agent attempt=1/8 elapsed=6.3s raw_chars=2543
[2026-07-03 23:22:07] [API] request start agent=Claim Agent attempt=1/8 prompt_chars=8709
[2026-07-03 23:22:07] [API] request start agent=Claim Agent attempt=1/8 prompt_chars=8712[2026-07-03 23:22:07] [API] request start agent=Claim Agent attempt=1/8 prompt_chars=8712

[2026-07-03 23:22:07] [API] request start agent=Claim Agent attempt=1/8 prompt_chars=8712
[2026-07-03 23:22:11] [API] request success agent=Claim Agent attempt=1/8 elapsed=4.7s raw_chars=2026
[2026-07-03 23:22:13] [API] request success agent=Claim Agent attempt=1/8 elapsed=6.0s raw_chars=2158
[2026-07-03 23:22:13] [API] request success agent=Claim Agent attempt=1/8 elapsed=6.3s raw_chars=2316
[2026-07-03 23:22:14] [API] request success agent=Claim Agent attempt=1/8 elapsed=7.1s raw_chars=3225
[2026-07-03 23:22:14] [API] request start agent=Review Manager Agent attempt=1/8 prompt_chars=9282[2026-07-03 23:22:14] [API] request start agent=Review Manager Agent attempt=1/8 prompt_chars=9285
[2026-07-03 23:22:14] [API] request start agent=Review Manager Agent attempt=1/8 prompt_chars=9285
[2026-07-03 23:22:14] [API] request start agent=Review Manager Agent attempt=1/8 prompt_chars=9285

[2026-07-03 23:22:22] [API] request success agent=Review Manager Agent attempt=1/8 elapsed=7.8s raw_chars=3514
[2026-07-03 23:22:22] [API] request success agent=Review Manager Agent attempt=1/8 elapsed=8.0s raw_chars=3471
[2026-07-03 23:22:23] [API] request success agent=Review Manager Agent attempt=1/8 elapsed=8.9s raw_chars=3767
[2026-07-03 23:22:24] [API] request success agent=Review Manager Agent attempt=1/8 elapsed=9.4s raw_chars=3955
[2026-07-03 23:22:25] [API] request start agent=Critique Agent attempt=1/8 prompt_chars=11673[2026-07-03 23:22:25] [API] request start agent=Critique Agent attempt=1/8 prompt_chars=11673

[2026-07-03 23:22:27] [API] request success agent=Critique Agent attempt=1/8 elapsed=2.5s raw_chars=525
[2026-07-03 23:22:29] [API] request success agent=Critique Agent attempt=1/8 elapsed=3.9s raw_chars=1556
[2026-07-03 23:22:29] [API] request start agent=Evidence Agent attempt=1/8 prompt_chars=7826[2026-07-03 23:22:29] [API] request start agent=Evidence Agent attempt=1/8 prompt_chars=7826

[2026-07-03 23:22:32] [API] request success agent=Evidence Agent attempt=1/8 elapsed=3.1s raw_chars=1343
[2026-07-03 23:22:35] [API] request success agent=Evidence Agent attempt=1/8 elapsed=6.0s raw_chars=2782
[2026-07-03 23:22:36] [API] request start agent=Review Manager Agent attempt=1/8 prompt_chars=9285[2026-07-03 23:22:36] [API] request start agent=Review Manager Agent attempt=1/8 prompt_chars=9285

[2026-07-03 23:22:36] [API] request start agent=Review Manager Agent attempt=1/8 prompt_chars=9285[2026-07-03 23:22:36] [API] request start agent=Review Manager Agent attempt=1/8 prompt_chars=9285

[2026-07-03 23:22:43] [API] request success agent=Review Manager Agent attempt=1/8 elapsed=7.1s raw_chars=3395
[2026-07-03 23:22:44] [API] request success agent=Review Manager Agent attempt=1/8 elapsed=8.1s raw_chars=4028
[2026-07-03 23:22:44] [API] request success agent=Review Manager Agent attempt=1/8 elapsed=8.1s raw_chars=3765
[2026-07-03 23:22:47] [API] request success agent=Review Manager Agent attempt=1/8 elapsed=11.3s raw_chars=4986
[2026-07-03 23:22:48] [API] request start agent=Evidence Agent attempt=1/8 prompt_chars=7824
[2026-07-03 23:22:55] [API] request success agent=Evidence Agent attempt=1/8 elapsed=6.9s raw_chars=2760
[2026-07-03 23:22:55] [API] request start agent=Critique Agent attempt=1/8 prompt_chars=11672[2026-07-03 23:22:55] [API] request start agent=Critique Agent attempt=1/8 prompt_chars=10403
[2026-07-03 23:22:55] [API] request start agent=Critique Agent attempt=1/8 prompt_chars=10409

[2026-07-03 23:22:58] [API] request success agent=Critique Agent attempt=1/8 elapsed=3.7s raw_chars=933
[2026-07-03 23:22:59] [API] request success agent=Critique Agent attempt=1/8 elapsed=4.3s raw_chars=1050
[2026-07-03 23:23:00] [API] request success agent=Critique Agent attempt=1/8 elapsed=5.3s raw_chars=1580
[2026-07-03 23:23:01] [API] request start agent=Review Manager Agent attempt=1/8 prompt_chars=9285
[2026-07-03 23:23:01] [API] request start agent=Review Manager Agent attempt=1/8 prompt_chars=9285
[2026-07-03 23:23:01] [API] request start agent=Review Manager Agent attempt=1/8 prompt_chars=9285[2026-07-03 23:23:01] [API] request start agent=Review Manager Agent attempt=1/8 prompt_chars=9285

[2026-07-03 23:23:06] [API] request success agent=Review Manager Agent attempt=1/8 elapsed=5.4s raw_chars=2349
[2026-07-03 23:23:10] [API] request success agent=Review Manager Agent attempt=1/8 elapsed=8.8s raw_chars=3943
[2026-07-03 23:23:10] [API] request success agent=Review Manager Agent attempt=1/8 elapsed=9.2s raw_chars=4307
[2026-07-03 23:23:11] [API] request success agent=Review Manager Agent attempt=1/8 elapsed=9.7s raw_chars=4317
[2026-07-03 23:23:12] [API] request start agent=Critique Agent attempt=1/8 prompt_chars=8030[2026-07-03 23:23:12] [API] request start agent=Critique Agent attempt=1/8 prompt_chars=10410

[2026-07-03 23:23:14] [API] request success agent=Critique Agent attempt=1/8 elapsed=2.3s raw_chars=490
[2026-07-03 23:23:14] [API] request success agent=Critique Agent attempt=1/8 elapsed=2.3s raw_chars=712
[2026-07-03 23:23:15] [API] request start agent=Evidence Agent attempt=1/8 prompt_chars=8592[2026-07-03 23:23:15] [API] request start agent=Evidence Agent attempt=1/8 prompt_chars=7825

[2026-07-03 23:23:17] [API] request success agent=Evidence Agent attempt=1/8 elapsed=1.9s raw_chars=757
[2026-07-03 23:23:21] [API] request success agent=Evidence Agent attempt=1/8 elapsed=6.4s raw_chars=2963
[2026-07-03 23:23:22] [API] request start agent=Evidence Agent attempt=1/8 prompt_chars=8754
[2026-07-03 23:23:22] [API] request start agent=Evidence Agent attempt=1/8 prompt_chars=11188
[2026-07-03 23:23:24] [API] request success agent=Evidence Agent attempt=1/8 elapsed=2.3s raw_chars=492
[2026-07-03 23:23:34] [API] request success agent=Evidence Agent attempt=1/8 elapsed=11.5s raw_chars=5286
[2026-07-03 23:23:37] [API] request start agent=Review Manager Agent attempt=1/8 prompt_chars=9285[2026-07-03 23:23:37] [API] request start agent=Review Manager Agent attempt=1/8 prompt_chars=9284

[2026-07-03 23:23:37] [API] request start agent=Review Manager Agent attempt=1/8 prompt_chars=9285[2026-07-03 23:23:37] [API] request start agent=Review Manager Agent attempt=1/8 prompt_chars=9285

[2026-07-03 23:23:44] [API] request success agent=Review Manager Agent attempt=1/8 elapsed=6.6s raw_chars=3432
[2026-07-03 23:23:44] [API] request success agent=Review Manager Agent attempt=1/8 elapsed=7.4s raw_chars=3599
[2026-07-03 23:23:45] [API] request success agent=Review Manager Agent attempt=1/8 elapsed=8.0s raw_chars=2795
[2026-07-03 23:23:48] [API] request success agent=Review Manager Agent attempt=1/8 elapsed=11.3s raw_chars=5482
[2026-07-03 23:23:49] [API] request start agent=Evidence Agent attempt=1/8 prompt_chars=7826[2026-07-03 23:23:49] [API] request start agent=Evidence Agent attempt=1/8 prompt_chars=7826

[2026-07-03 23:23:54] [API] request success agent=Evidence Agent attempt=1/8 elapsed=4.5s raw_chars=1820
[2026-07-03 23:23:55] [API] request success agent=Evidence Agent attempt=1/8 elapsed=6.1s raw_chars=2967
[2026-07-03 23:23:55] [API] request start agent=Critique Agent attempt=1/8 prompt_chars=8030[2026-07-03 23:23:55] [API] request start agent=Critique Agent attempt=1/8 prompt_chars=11673

[2026-07-03 23:23:57] [API] request success agent=Critique Agent attempt=1/8 elapsed=1.9s raw_chars=559
[2026-07-03 23:23:58] [API] request success agent=Critique Agent attempt=1/8 elapsed=2.3s raw_chars=726
[2026-07-03 23:23:58] [API] request start agent=Evidence Agent attempt=1/8 prompt_chars=8754
[2026-07-03 23:24:00] [API] request success agent=Evidence Agent attempt=1/8 elapsed=2.5s raw_chars=627
[2026-07-03 23:24:02] [API] request start agent=Review Manager Agent attempt=1/8 prompt_chars=9285
[2026-07-03 23:24:02] [API] request start agent=Review Manager Agent attempt=1/8 prompt_chars=9285[2026-07-03 23:24:02] [API] request start agent=Review Manager Agent attempt=1/8 prompt_chars=9285

[2026-07-03 23:24:02] [API] request start agent=Review Manager Agent attempt=1/8 prompt_chars=9285
[2026-07-03 23:24:09] [API] request success agent=Review Manager Agent attempt=1/8 elapsed=7.3s raw_chars=3316
[2026-07-03 23:24:10] [API] request success agent=Review Manager Agent attempt=1/8 elapsed=7.8s raw_chars=3459
[2026-07-03 23:24:15] [API] request success agent=Review Manager Agent attempt=1/8 elapsed=12.7s raw_chars=5492
[2026-07-03 23:24:16] [API] request success agent=Review Manager Agent attempt=1/8 elapsed=13.5s raw_chars=5894
[2026-07-03 23:24:17] [API] request start agent=Critique Agent attempt=1/8 prompt_chars=11673[2026-07-03 23:24:17] [API] request start agent=Critique Agent attempt=1/8 prompt_chars=11673

[2026-07-03 23:24:19] [API] request success agent=Critique Agent attempt=1/8 elapsed=1.4s raw_chars=512
[2026-07-03 23:24:19] [API] request success agent=Critique Agent attempt=1/8 elapsed=2.1s raw_chars=636
[2026-07-03 23:24:19] [API] request start agent=Evidence Agent attempt=1/8 prompt_chars=8593[2026-07-03 23:24:19] [API] request start agent=Evidence Agent attempt=1/8 prompt_chars=7826

[2026-07-03 23:24:22] [API] request success agent=Evidence Agent attempt=1/8 elapsed=2.5s raw_chars=765
[2026-07-03 23:24:24] [API] request success agent=Evidence Agent attempt=1/8 elapsed=4.6s raw_chars=1620
[2026-07-03 23:24:26] [API] request start agent=Review Manager Agent attempt=1/8 prompt_chars=9283[2026-07-03 23:24:26] [API] request start agent=Review Manager Agent attempt=1/8 prompt_chars=9285[2026-07-03 23:24:26] [API] request start agent=Review Manager Agent attempt=1/8 prompt_chars=9285

[2026-07-03 23:24:26] [API] request start agent=Review Manager Agent attempt=1/8 prompt_chars=9285

[2026-07-03 23:24:33] [API] request success agent=Review Manager Agent attempt=1/8 elapsed=7.7s raw_chars=3525
[2026-07-03 23:24:34] [API] request success agent=Review Manager Agent attempt=1/8 elapsed=8.4s raw_chars=3891
[2026-07-03 23:24:35] [API] request success agent=Review Manager Agent attempt=1/8 elapsed=9.2s raw_chars=3898
[2026-07-03 23:24:38] [API] request success agent=Review Manager Agent attempt=1/8 elapsed=11.9s raw_chars=5285
[2026-07-03 23:24:39] [API] request start agent=Evidence Agent attempt=1/8 prompt_chars=7826
[2026-07-03 23:24:42] [API] request success agent=Evidence Agent attempt=1/8 elapsed=3.5s raw_chars=1277
[2026-07-03 23:24:42] [API] request start agent=Critique Agent attempt=1/8 prompt_chars=11673[2026-07-03 23:24:42] [API] request start agent=Critique Agent attempt=1/8 prompt_chars=11673

[2026-07-03 23:24:42] [API] request start agent=Critique Agent attempt=1/8 prompt_chars=11673
[2026-07-03 23:24:44] [API] request success agent=Critique Agent attempt=1/8 elapsed=1.5s raw_chars=385
[2026-07-03 23:24:45] [API] request success agent=Critique Agent attempt=1/8 elapsed=2.5s raw_chars=514
[2026-07-03 23:24:45] [API] request success agent=Critique Agent attempt=1/8 elapsed=2.7s raw_chars=763
{"paper_id": "NnExMNiTHw", "mode": "s4", "reward": 0.6765140958359475, "final_decision": "reject", "model_adapter_mode": "small_model"}
{"paper_id": "a6SntIisgg", "mode": "s4", "reward": 0.524418369576398, "final_decision": "reject", "model_adapter_mode": "small_model"}
{"paper_id": "cklg91aPGk", "mode": "s4", "reward": 0.5409758739636004, "final_decision": "reject", "model_adapter_mode": "small_model"}
{"paper_id": "HPuLU6q7xq", "mode": "s4", "reward": 0.6477053672944131, "final_decision": "reject", "model_adapter_mode": "small_model"}
[2026-07-03 23:24:48] [API] request start agent=Review Manager Agent attempt=1/8 prompt_chars=7991[2026-07-03 23:24:48] [API] request start agent=Review Manager Agent attempt=1/8 prompt_chars=7991
[2026-07-03 23:24:48] [API] request start agent=Review Manager Agent attempt=1/8 prompt_chars=7991

[2026-07-03 23:24:48] [API] request start agent=Review Manager Agent attempt=1/8 prompt_chars=7991
[2026-07-03 23:24:51] [API] request success agent=Review Manager Agent attempt=1/8 elapsed=2.8s raw_chars=1096
[2026-07-03 23:24:52] [API] request success agent=Review Manager Agent attempt=1/8 elapsed=3.5s raw_chars=1259
[2026-07-03 23:24:52] [API] request success agent=Review Manager Agent attempt=1/8 elapsed=3.9s raw_chars=1558
[2026-07-03 23:24:54] [API] request success agent=Review Manager Agent attempt=1/8 elapsed=6.0s raw_chars=2797
[2026-07-03 23:24:54] [API] request start agent=Claim Agent attempt=1/8 prompt_chars=8712[2026-07-03 23:24:54] [API] request start agent=Claim Agent attempt=1/8 prompt_chars=8712

[2026-07-03 23:24:54] [API] request start agent=Claim Agent attempt=1/8 prompt_chars=8711
[2026-07-03 23:24:54] [API] request start agent=Claim Agent attempt=1/8 prompt_chars=8712
[2026-07-03 23:25:00] [API] request success agent=Claim Agent attempt=1/8 elapsed=6.0s raw_chars=2825
[2026-07-03 23:25:01] [API] request success agent=Claim Agent attempt=1/8 elapsed=6.4s raw_chars=2895
[2026-07-03 23:25:01] [API] request success agent=Claim Agent attempt=1/8 elapsed=6.4s raw_chars=2975
[2026-07-03 23:25:01] [API] request success agent=Claim Agent attempt=1/8 elapsed=6.9s raw_chars=2957
[2026-07-03 23:25:02] [API] request start agent=Review Manager Agent attempt=1/8 prompt_chars=9285[2026-07-03 23:25:02] [API] request start agent=Review Manager Agent attempt=1/8 prompt_chars=9278
[2026-07-03 23:25:02] [API] request start agent=Review Manager Agent attempt=1/8 prompt_chars=9285
[2026-07-03 23:25:02] [API] request start agent=Review Manager Agent attempt=1/8 prompt_chars=9285

[2026-07-03 23:25:10] [API] request success agent=Review Manager Agent attempt=1/8 elapsed=8.2s raw_chars=4174
[2026-07-03 23:25:10] [API] request success agent=Review Manager Agent attempt=1/8 elapsed=8.3s raw_chars=4264
[2026-07-03 23:25:10] [API] request success agent=Review Manager Agent attempt=1/8 elapsed=8.4s raw_chars=3581
[2026-07-03 23:25:11] [API] request success agent=Review Manager Agent attempt=1/8 elapsed=8.6s raw_chars=3995
[2026-07-03 23:25:12] [API] request start agent=Critique Agent attempt=1/8 prompt_chars=11672[2026-07-03 23:25:12] [API] request start agent=Critique Agent attempt=1/8 prompt_chars=11673

[2026-07-03 23:25:12] [API] request start agent=Critique Agent attempt=1/8 prompt_chars=10410
[2026-07-03 23:25:15] [API] request success agent=Critique Agent attempt=1/8 elapsed=3.3s raw_chars=1400
[2026-07-03 23:25:15] [API] request success agent=Critique Agent attempt=1/8 elapsed=3.5s raw_chars=1587
[2026-07-03 23:25:18] [API] request success agent=Critique Agent attempt=1/8 elapsed=6.1s raw_chars=2668
[2026-07-03 23:25:18] [API] request start agent=Evidence Agent attempt=1/8 prompt_chars=7826
[2026-07-03 23:25:23] [API] request success agent=Evidence Agent attempt=1/8 elapsed=5.3s raw_chars=2642
[2026-07-03 23:25:25] [API] request start agent=Review Manager Agent attempt=1/8 prompt_chars=9278[2026-07-03 23:25:25] [API] request start agent=Review Manager Agent attempt=1/8 prompt_chars=9285

[2026-07-03 23:25:25] [API] request start agent=Review Manager Agent attempt=1/8 prompt_chars=9285[2026-07-03 23:25:25] [API] request start agent=Review Manager Agent attempt=1/8 prompt_chars=9285

[2026-07-03 23:25:30] [API] request success agent=Review Manager Agent attempt=1/8 elapsed=5.6s raw_chars=2276
[2026-07-03 23:25:32] [API] request success agent=Review Manager Agent attempt=1/8 elapsed=7.0s raw_chars=3629
[2026-07-03 23:25:33] [API] request success agent=Review Manager Agent attempt=1/8 elapsed=8.6s raw_chars=4115
[2026-07-03 23:25:33] [API] request success agent=Review Manager Agent attempt=1/8 elapsed=8.8s raw_chars=4043
[2026-07-03 23:25:34] [API] request start agent=Evidence Agent attempt=1/8 prompt_chars=7826
[2026-07-03 23:25:39] [API] request success agent=Evidence Agent attempt=1/8 elapsed=4.8s raw_chars=1409
[2026-07-03 23:25:39] [API] request start agent=Critique Agent attempt=1/8 prompt_chars=8029[2026-07-03 23:25:39] [API] request start agent=Critique Agent attempt=1/8 prompt_chars=10410
[2026-07-03 23:25:39] [API] request start agent=Critique Agent attempt=1/8 prompt_chars=11673

[2026-07-03 23:25:41] [API] request success agent=Critique Agent attempt=1/8 elapsed=1.8s raw_chars=478
[2026-07-03 23:25:42] [API] request success agent=Critique Agent attempt=1/8 elapsed=3.2s raw_chars=963
[2026-07-03 23:25:44] [API] request success agent=Critique Agent attempt=1/8 elapsed=4.9s raw_chars=1322
[2026-07-03 23:25:45] [API] request start agent=Evidence Agent attempt=1/8 prompt_chars=8752
[2026-07-03 23:25:47] [API] request success agent=Evidence Agent attempt=1/8 elapsed=2.0s raw_chars=444
[2026-07-03 23:25:49] [API] request start agent=Review Manager Agent attempt=1/8 prompt_chars=9284
[2026-07-03 23:25:49] [API] request start agent=Review Manager Agent attempt=1/8 prompt_chars=9285[2026-07-03 23:25:49] [API] request start agent=Review Manager Agent attempt=1/8 prompt_chars=9285

[2026-07-03 23:25:49] [API] request start agent=Review Manager Agent attempt=1/8 prompt_chars=9285
[2026-07-03 23:25:56] [API] request success agent=Review Manager Agent attempt=1/8 elapsed=6.8s raw_chars=3652
[2026-07-03 23:25:59] [API] request success agent=Review Manager Agent attempt=1/8 elapsed=10.0s raw_chars=3761
[2026-07-03 23:25:59] [API] request success agent=Review Manager Agent attempt=1/8 elapsed=10.2s raw_chars=3907
[2026-07-03 23:26:00] [API] request success agent=Review Manager Agent attempt=1/8 elapsed=10.7s raw_chars=4634
[2026-07-03 23:26:02] [API] request start agent=Critique Agent attempt=1/8 prompt_chars=8030
[2026-07-03 23:26:02] [API] request start agent=Critique Agent attempt=1/8 prompt_chars=10408
[2026-07-03 23:26:04] [API] request success agent=Critique Agent attempt=1/8 elapsed=2.2s raw_chars=470
[2026-07-03 23:26:05] [API] request success agent=Critique Agent attempt=1/8 elapsed=2.9s raw_chars=995
[2026-07-03 23:26:06] [API] request start agent=Evidence Agent attempt=1/8 prompt_chars=8592
[2026-07-03 23:26:06] [API] request start agent=Evidence Agent attempt=1/8 prompt_chars=8593
[2026-07-03 23:26:07] [API] request success agent=Evidence Agent attempt=1/8 elapsed=1.7s raw_chars=480
[2026-07-03 23:26:08] [API] request success agent=Evidence Agent attempt=1/8 elapsed=2.8s raw_chars=842
[2026-07-03 23:26:09] [API] request start agent=Evidence Agent attempt=1/8 prompt_chars=8751
[2026-07-03 23:26:12] [API] request success agent=Evidence Agent attempt=1/8 elapsed=2.8s raw_chars=664
[2026-07-03 23:26:16] [API] request start agent=Review Manager Agent attempt=1/8 prompt_chars=9284[2026-07-03 23:26:16] [API] request start agent=Review Manager Agent attempt=1/8 prompt_chars=9285
[2026-07-03 23:26:16] [API] request start agent=Review Manager Agent attempt=1/8 prompt_chars=9285

[2026-07-03 23:26:24] [API] request success agent=Review Manager Agent attempt=1/8 elapsed=8.4s raw_chars=3879
[2026-07-03 23:26:26] [API] request success agent=Review Manager Agent attempt=1/8 elapsed=10.0s raw_chars=4430
[2026-07-03 23:26:26] [API] request success agent=Review Manager Agent attempt=1/8 elapsed=10.6s raw_chars=3525
[2026-07-03 23:26:28] [API] request start agent=Critique Agent attempt=1/8 prompt_chars=11673
[2026-07-03 23:26:32] [API] request success agent=Critique Agent attempt=1/8 elapsed=4.4s raw_chars=1688
[2026-07-03 23:26:32] [API] request start agent=Evidence Agent attempt=1/8 prompt_chars=7826[2026-07-03 23:26:32] [API] request start agent=Evidence Agent attempt=1/8 prompt_chars=7826

[2026-07-03 23:26:38] [API] request success agent=Evidence Agent attempt=1/8 elapsed=5.5s raw_chars=2498
[2026-07-03 23:26:38] [API] request success agent=Evidence Agent attempt=1/8 elapsed=5.6s raw_chars=3101
[2026-07-03 23:26:40] [API] request start agent=Review Manager Agent attempt=1/8 prompt_chars=9279[2026-07-03 23:26:40] [API] request start agent=Review Manager Agent attempt=1/8 prompt_chars=9285

[2026-07-03 23:26:51] [API] request success agent=Review Manager Agent attempt=1/8 elapsed=10.8s raw_chars=4426
[2026-07-03 23:26:51] [API] request success agent=Review Manager Agent attempt=1/8 elapsed=10.8s raw_chars=5401
[2026-07-03 23:26:51] [API] request start agent=Critique Agent attempt=1/8 prompt_chars=11673
[2026-07-03 23:26:53] [API] request success agent=Critique Agent attempt=1/8 elapsed=1.8s raw_chars=555
[2026-07-03 23:26:53] [API] request start agent=Evidence Agent attempt=1/8 prompt_chars=7821
[2026-07-03 23:26:58] [API] request success agent=Evidence Agent attempt=1/8 elapsed=4.7s raw_chars=2096
[2026-07-03 23:26:58] [API] request start agent=Review Manager Agent attempt=1/8 prompt_chars=9285[2026-07-03 23:26:58] [API] request start agent=Review Manager Agent attempt=1/8 prompt_chars=9282

[2026-07-03 23:27:08] [API] request success agent=Review Manager Agent attempt=1/8 elapsed=10.1s raw_chars=4696
[2026-07-03 23:27:09] [API] request success agent=Review Manager Agent attempt=1/8 elapsed=10.7s raw_chars=5165
[2026-07-03 23:27:10] [API] request start agent=Critique Agent attempt=1/8 prompt_chars=11673[2026-07-03 23:27:10] [API] request start agent=Critique Agent attempt=1/8 prompt_chars=8030

[2026-07-03 23:27:12] [API] request success agent=Critique Agent attempt=1/8 elapsed=2.0s raw_chars=380
[2026-07-03 23:27:14] [API] request success agent=Critique Agent attempt=1/8 elapsed=4.5s raw_chars=1612
[2026-07-03 23:27:14] [API] request start agent=Evidence Agent attempt=1/8 prompt_chars=8754
[2026-07-03 23:27:17] [API] request success agent=Evidence Agent attempt=1/8 elapsed=2.7s raw_chars=484
{"paper_id": "fGXyvmWpw6", "mode": "s4", "reward": 0.39645656749197605, "final_decision": "reject", "model_adapter_mode": "small_model"}
{"paper_id": "QAgwFiIY4p", "mode": "s4", "reward": 0.37675643818169596, "final_decision": "reject", "model_adapter_mode": "small_model"}
{"paper_id": "TPAj63ax4Y", "mode": "s4", "reward": 0.5063409713877137, "final_decision": "reject", "model_adapter_mode": "small_model"}
{"paper_id": "mHv6wcBb0z", "mode": "s4", "reward": 0.5786819911486811, "final_decision": "reject", "model_adapter_mode": "small_model"}
[2026-07-03 23:27:18] [API] request start agent=Review Manager Agent attempt=1/8 prompt_chars=7991[2026-07-03 23:27:18] [API] request start agent=Review Manager Agent attempt=1/8 prompt_chars=7991

[2026-07-03 23:27:18] [API] request start agent=Review Manager Agent attempt=1/8 prompt_chars=7991
[2026-07-03 23:27:18] [API] request start agent=Review Manager Agent attempt=1/8 prompt_chars=7991
[2026-07-03 23:27:22] [API] request success agent=Review Manager Agent attempt=1/8 elapsed=3.7s raw_chars=1047
[2026-07-03 23:27:22] [API] request success agent=Review Manager Agent attempt=1/8 elapsed=3.7s raw_chars=1213
[2026-07-03 23:27:23] [API] request success agent=Review Manager Agent attempt=1/8 elapsed=4.7s raw_chars=1334
[2026-07-03 23:27:25] [API] request success agent=Review Manager Agent attempt=1/8 elapsed=7.0s raw_chars=3116
[2026-07-03 23:27:26] [API] request start agent=Claim Agent attempt=1/8 prompt_chars=8712[2026-07-03 23:27:26] [API] request start agent=Claim Agent attempt=1/8 prompt_chars=8712

[2026-07-03 23:27:26] [API] request start agent=Claim Agent attempt=1/8 prompt_chars=8712
[2026-07-03 23:27:26] [API] request start agent=Claim Agent attempt=1/8 prompt_chars=8712
[2026-07-03 23:27:31] [API] request success agent=Claim Agent attempt=1/8 elapsed=5.1s raw_chars=2032
[2026-07-03 23:27:31] [API] request success agent=Claim Agent attempt=1/8 elapsed=5.2s raw_chars=2068
[2026-07-03 23:27:32] [API] request success agent=Claim Agent attempt=1/8 elapsed=6.0s raw_chars=1889
[2026-07-03 23:27:32] [API] request success agent=Claim Agent attempt=1/8 elapsed=6.6s raw_chars=2934
[2026-07-03 23:27:33] [API] request start agent=Review Manager Agent attempt=1/8 prompt_chars=9285[2026-07-03 23:27:33] [API] request start agent=Review Manager Agent attempt=1/8 prompt_chars=9285

[2026-07-03 23:27:33] [API] request start agent=Review Manager Agent attempt=1/8 prompt_chars=9285
[2026-07-03 23:27:33] [API] request start agent=Review Manager Agent attempt=1/8 prompt_chars=9284
[2026-07-03 23:27:40] [API] request success agent=Review Manager Agent attempt=1/8 elapsed=7.1s raw_chars=3596
[2026-07-03 23:27:40] [API] request success agent=Review Manager Agent attempt=1/8 elapsed=7.1s raw_chars=3221
[2026-07-03 23:27:40] [API] request success agent=Review Manager Agent attempt=1/8 elapsed=7.2s raw_chars=3316
[2026-07-03 23:27:41] [API] request success agent=Review Manager Agent attempt=1/8 elapsed=8.0s raw_chars=3419
[2026-07-03 23:27:41] [API] request start agent=Evidence Agent attempt=1/8 prompt_chars=7826
[2026-07-03 23:27:41] [API] request start agent=Evidence Agent attempt=1/8 prompt_chars=7826[2026-07-03 23:27:41] [API] request start agent=Evidence Agent attempt=1/8 prompt_chars=7826

[2026-07-03 23:27:47] [API] request success agent=Evidence Agent attempt=1/8 elapsed=5.8s raw_chars=2376
[2026-07-03 23:27:49] [API] request success agent=Evidence Agent attempt=1/8 elapsed=7.5s raw_chars=3016
[2026-07-03 23:27:49] [API] request success agent=Evidence Agent attempt=1/8 elapsed=8.0s raw_chars=3148
[2026-07-03 23:27:49] [API] request start agent=Critique Agent attempt=1/8 prompt_chars=11673
[2026-07-03 23:27:51] [API] request success agent=Critique Agent attempt=1/8 elapsed=2.3s raw_chars=511
[2026-07-03 23:27:52] [API] request start agent=Review Manager Agent attempt=1/8 prompt_chars=9285
[2026-07-03 23:27:52] [API] request start agent=Review Manager Agent attempt=1/8 prompt_chars=9285[2026-07-03 23:27:52] [API] request start agent=Review Manager Agent attempt=1/8 prompt_chars=9285

[2026-07-03 23:27:52] [API] request start agent=Review Manager Agent attempt=1/8 prompt_chars=9285
[2026-07-03 23:28:01] [API] request success agent=Review Manager Agent attempt=1/8 elapsed=8.4s raw_chars=3653
[2026-07-03 23:28:01] [API] request success agent=Review Manager Agent attempt=1/8 elapsed=8.4s raw_chars=3538
[2026-07-03 23:28:01] [API] request success agent=Review Manager Agent attempt=1/8 elapsed=8.9s raw_chars=3855
[2026-07-03 23:28:03] [API] request success agent=Review Manager Agent attempt=1/8 elapsed=11.2s raw_chars=5035
[2026-07-03 23:28:04] [API] request start agent=Critique Agent attempt=1/8 prompt_chars=10410
[2026-07-03 23:28:04] [API] request start agent=Critique Agent attempt=1/8 prompt_chars=10409[2026-07-03 23:28:04] [API] request start agent=Critique Agent attempt=1/8 prompt_chars=10410

[2026-07-03 23:28:04] [API] request start agent=Critique Agent attempt=1/8 prompt_chars=10409
[2026-07-03 23:28:05] [API] request success agent=Critique Agent attempt=1/8 elapsed=1.5s raw_chars=347
[2026-07-03 23:28:07] [API] request success agent=Critique Agent attempt=1/8 elapsed=3.0s raw_chars=1010
[2026-07-03 23:28:07] [API] request success agent=Critique Agent attempt=1/8 elapsed=3.3s raw_chars=806
[2026-07-03 23:28:10] [API] request success agent=Critique Agent attempt=1/8 elapsed=5.9s raw_chars=1617
[2026-07-03 23:28:11] [API] request start agent=Review Manager Agent attempt=1/8 prompt_chars=9285[2026-07-03 23:28:11] [API] request start agent=Review Manager Agent attempt=1/8 prompt_chars=9282

[2026-07-03 23:28:11] [API] request start agent=Review Manager Agent attempt=1/8 prompt_chars=9284[2026-07-03 23:28:11] [API] request start agent=Review Manager Agent attempt=1/8 prompt_chars=9285

[2026-07-03 23:28:18] [API] request success agent=Review Manager Agent attempt=1/8 elapsed=7.3s raw_chars=3341
[2026-07-03 23:28:18] [API] request success agent=Review Manager Agent attempt=1/8 elapsed=7.6s raw_chars=3613
[2026-07-03 23:28:19] [API] request success agent=Review Manager Agent attempt=1/8 elapsed=8.8s raw_chars=3982
[2026-07-03 23:28:20] [API] request success agent=Review Manager Agent attempt=1/8 elapsed=8.9s raw_chars=4109
[2026-07-03 23:28:20] [API] request start agent=Evidence Agent attempt=1/8 prompt_chars=8593
[2026-07-03 23:28:20] [API] request start agent=Evidence Agent attempt=1/8 prompt_chars=8593[2026-07-03 23:28:20] [API] request start agent=Evidence Agent attempt=1/8 prompt_chars=8593

[2026-07-03 23:28:22] [API] request success agent=Evidence Agent attempt=1/8 elapsed=1.5s raw_chars=475
[2026-07-03 23:28:22] [API] request success agent=Evidence Agent attempt=1/8 elapsed=1.5s raw_chars=480
[2026-07-03 23:28:22] [API] request success agent=Evidence Agent attempt=1/8 elapsed=2.0s raw_chars=775
[2026-07-03 23:28:22] [API] request start agent=Critique Agent attempt=1/8 prompt_chars=8030
[2026-07-03 23:28:26] [API] request success agent=Critique Agent attempt=1/8 elapsed=3.1s raw_chars=694
[2026-07-03 23:28:26] [API] request start agent=Evidence Agent attempt=1/8 prompt_chars=8754
[2026-07-03 23:28:28] [API] request success agent=Evidence Agent attempt=1/8 elapsed=2.1s raw_chars=494
[2026-07-03 23:28:29] [API] request start agent=Review Manager Agent attempt=1/8 prompt_chars=9285
[2026-07-03 23:28:29] [API] request start agent=Review Manager Agent attempt=1/8 prompt_chars=9285[2026-07-03 23:28:29] [API] request start agent=Review Manager Agent attempt=1/8 prompt_chars=9285[2026-07-03 23:28:29] [API] request start agent=Review Manager Agent attempt=1/8 prompt_chars=9285


[2026-07-03 23:28:37] [API] request success agent=Review Manager Agent attempt=1/8 elapsed=7.3s raw_chars=3586
[2026-07-03 23:28:38] [API] request success agent=Review Manager Agent attempt=1/8 elapsed=8.4s raw_chars=3763
[2026-07-03 23:28:38] [API] request success agent=Review Manager Agent attempt=1/8 elapsed=8.7s raw_chars=3979
[2026-07-03 23:28:38] [API] request success agent=Review Manager Agent attempt=1/8 elapsed=8.9s raw_chars=3999
[2026-07-03 23:28:39] [API] request start agent=Critique Agent attempt=1/8 prompt_chars=11673[2026-07-03 23:28:39] [API] request start agent=Critique Agent attempt=1/8 prompt_chars=11673

[2026-07-03 23:28:41] [API] request success agent=Critique Agent attempt=1/8 elapsed=1.7s raw_chars=522
[2026-07-03 23:28:41] [API] request success agent=Critique Agent attempt=1/8 elapsed=2.1s raw_chars=538
[2026-07-03 23:28:41] [API] request start agent=Evidence Agent attempt=1/8 prompt_chars=7819[2026-07-03 23:28:41] [API] request start agent=Evidence Agent attempt=1/8 prompt_chars=7826

[2026-07-03 23:28:45] [API] request success agent=Evidence Agent attempt=1/8 elapsed=3.6s raw_chars=1336
[2026-07-03 23:28:46] [API] request success agent=Evidence Agent attempt=1/8 elapsed=5.0s raw_chars=2140
[2026-07-03 23:28:47] [API] request start agent=Review Manager Agent attempt=1/8 prompt_chars=9284[2026-07-03 23:28:47] [API] request start agent=Review Manager Agent attempt=1/8 prompt_chars=9285

[2026-07-03 23:28:47] [API] request start agent=Review Manager Agent attempt=1/8 prompt_chars=9285
[2026-07-03 23:28:47] [API] request start agent=Review Manager Agent attempt=1/8 prompt_chars=9285
[2026-07-03 23:28:55] [API] request success agent=Review Manager Agent attempt=1/8 elapsed=8.2s raw_chars=3763
[2026-07-03 23:28:56] [API] request success agent=Review Manager Agent attempt=1/8 elapsed=9.1s raw_chars=4024
[2026-07-03 23:28:57] [API] request success agent=Review Manager Agent attempt=1/8 elapsed=9.4s raw_chars=4188
[2026-07-03 23:28:57] [API] request success agent=Review Manager Agent attempt=1/8 elapsed=9.7s raw_chars=4190
[2026-07-03 23:28:58] [API] request start agent=Evidence Agent attempt=1/8 prompt_chars=7826
[2026-07-03 23:29:06] [API] request success agent=Evidence Agent attempt=1/8 elapsed=8.3s raw_chars=3583
[2026-07-03 23:29:06] [API] request start agent=Critique Agent attempt=1/8 prompt_chars=11673[2026-07-03 23:29:06] [API] request start agent=Critique Agent attempt=1/8 prompt_chars=11667

[2026-07-03 23:29:06] [API] request start agent=Critique Agent attempt=1/8 prompt_chars=11672
[2026-07-03 23:29:08] [API] request success agent=Critique Agent attempt=1/8 elapsed=1.4s raw_chars=570
[2026-07-03 23:29:08] [API] request success agent=Critique Agent attempt=1/8 elapsed=2.0s raw_chars=431
[2026-07-03 23:29:08] [API] request success agent=Critique Agent attempt=1/8 elapsed=2.1s raw_chars=681
[2026-07-03 23:29:09] [API] request start agent=Review Manager Agent attempt=1/8 prompt_chars=9283[2026-07-03 23:29:09] [API] request start agent=Review Manager Agent attempt=1/8 prompt_chars=9285
[2026-07-03 23:29:09] [API] request start agent=Review Manager Agent attempt=1/8 prompt_chars=9285
[2026-07-03 23:29:09] [API] request start agent=Review Manager Agent attempt=1/8 prompt_chars=9285

[2026-07-03 23:29:17] [API] request success agent=Review Manager Agent attempt=1/8 elapsed=8.2s raw_chars=3622
[2026-07-03 23:29:19] [API] request success agent=Review Manager Agent attempt=1/8 elapsed=9.7s raw_chars=4507
[2026-07-03 23:29:19] [API] request success agent=Review Manager Agent attempt=1/8 elapsed=9.8s raw_chars=4072
[2026-07-03 23:29:19] [API] request success agent=Review Manager Agent attempt=1/8 elapsed=9.9s raw_chars=4475
[2026-07-03 23:29:20] [API] request start agent=Critique Agent attempt=1/8 prompt_chars=11673
[2026-07-03 23:29:21] [API] request success agent=Critique Agent attempt=1/8 elapsed=1.6s raw_chars=475
[2026-07-03 23:29:21] [API] request start agent=Evidence Agent attempt=1/8 prompt_chars=7821[2026-07-03 23:29:21] [API] request start agent=Evidence Agent attempt=1/8 prompt_chars=7819

[2026-07-03 23:29:21] [API] request start agent=Evidence Agent attempt=1/8 prompt_chars=7826
[2026-07-03 23:29:25] [API] request success agent=Evidence Agent attempt=1/8 elapsed=4.1s raw_chars=1479
[2026-07-03 23:29:25] [API] request success agent=Evidence Agent attempt=1/8 elapsed=4.3s raw_chars=1749
[2026-07-03 23:29:27] [API] request success agent=Evidence Agent attempt=1/8 elapsed=6.4s raw_chars=2824
{"paper_id": "xUe1YqEgd6", "mode": "s4", "reward": 0.5165009900851754, "final_decision": "reject", "model_adapter_mode": "small_model"}
{"paper_id": "YXn76HMetm", "mode": "s4", "reward": 0.5094250955329411, "final_decision": "reject", "model_adapter_mode": "small_model"}
{"paper_id": "KOUAayk5Kx", "mode": "s4", "reward": 0.5814734282191901, "final_decision": "reject", "model_adapter_mode": "small_model"}
{"paper_id": "XH3OiIhtvf", "mode": "s4", "reward": 0.6059965759283371, "final_decision": "reject", "model_adapter_mode": "small_model"}
