[API] Initialized: model=mimo-v2.5, provider=mimo, base_url=https://api.xiaomimimo.com/v1, max_tokens=2048
[MAIN] Using API backend: model=mimo-v2.5
[MAIN] model_adapter_mode=small_model (requested=small_model)
[DEBUG] paper_id: ye3NrNrYOY, paper_text length: 34961
[DEBUG] paper_text snippet: \title{Temporal Causal Mechanism Transfer for Few-shot Action Recognition}  \begin{abstract} The goa...
[DEBUG] paper_id: WNxlJJIEVj, paper_text length: 48238
[DEBUG] paper_text snippet: \title{Contrastive Diffuser: Planning Towards High Return States via Contrastive Learning}  \begin{a...
[DEBUG] paper_id: uOrfve3prk, paper_text length: 44055
[DEBUG] paper_text snippet: \title{Towards Unifying Interpretability and Control: Evaluation via Intervention}  \begin{abstract}...
[DEBUG] paper_id: 7Dub7UXTXN, paper_text length: 17618
[DEBUG] paper_text snippet: \title{When Are Bias-Free ReLU Networks Effectively Linear Networks?}  \begin{abstract}  We investig...
[DEBUG] paper_id: 9zEBK3E9bX, paper_text length: 35496
[DEBUG] paper_text snippet: \title{SPOT: Scalable 3D Pre-training via Occupancy Prediction for Autonomous Driving}  \begin{abstr...
[DEBUG] paper_id: XyB4VvF01X, paper_text length: 32345
[DEBUG] paper_text snippet: \title{Graph2Tac: Learning hierarchical representations of math concepts in theorem proving}  \begin...
[DEBUG] paper_id: GE6iywJtsV, paper_text length: 30553
[DEBUG] paper_text snippet: \title{Diff-Shape: A Novel Constrained Diffusion Model for Shape-based De Novo Drug Design}  \begin{...
[DEBUG] paper_id: WpXq5n8yLb, paper_text length: 55540
[DEBUG] paper_text snippet: \title{Recurrent Drafter for Fast Speculative Decoding in Large Language Models}  \begin{abstract} W...
[DEBUG] paper_id: NnExMNiTHw, paper_text length: 37839
[DEBUG] paper_text snippet: \title{SpecDec++: Boosting Speculative Decoding via Adaptive Candidate Lengths}  \begin{abstract} Sp...
[DEBUG] paper_id: a6SntIisgg, paper_text length: 64928
[DEBUG] paper_text snippet: \title{LogoRA: Local-Global Representation Alignment for Robust Time Series Classification}  \begin{...
[DEBUG] paper_id: cklg91aPGk, paper_text length: 32511
[DEBUG] paper_text snippet: \title{Propagation Alone is Enough for Graph Contrastive Learning}  \begin{abstract} Graph contrasti...
[DEBUG] paper_id: HPuLU6q7xq, paper_text length: 38828
[DEBUG] paper_text snippet: \title{Orca: Enhancing Role-Playing Abilities of Large Language Models by Integrating Personality Tr...
[DEBUG] paper_id: fGXyvmWpw6, paper_text length: 47400
[DEBUG] paper_text snippet: \title{Federated Virtual Learning on Heterogeneous Data with Local-global Distillation}  \begin{abst...
[DEBUG] paper_id: QAgwFiIY4p, paper_text length: 49197
[DEBUG] paper_text snippet: \title{Graph as Point Set}  \begin{abstract} Graph is a fundamental data structure to model intercon...
[DEBUG] paper_id: TPAj63ax4Y, paper_text length: 49027
[DEBUG] paper_text snippet: \title{Segment, Select, Correct: A Framework for Weakly-Supervised Referring Segmentation}  \begin{a...
[DEBUG] paper_id: mHv6wcBb0z, paper_text length: 35109
[DEBUG] paper_text snippet: \title{Preventing Model Collapse in Deep Canonical Correlation Analysis by Noise Regularization}  \b...
[DEBUG] paper_id: xUe1YqEgd6, paper_text length: 34518
[DEBUG] paper_text snippet: \title{Unsupervised motion segmentation in one go: Smooth long-term model over a video}  \begin{abst...
[DEBUG] paper_id: YXn76HMetm, paper_text length: 36915
[DEBUG] paper_text snippet: \title{Hyperbolic Active Learning for Semantic Segmentation under Domain Shift}  \begin{abstract}  W...
[DEBUG] paper_id: KOUAayk5Kx, paper_text length: 32732
[DEBUG] paper_text snippet: \title{Defying Multi-model Forgetting: Orthogonal Gradient Learning to One-shot Neural Architecture ...
[DEBUG] paper_id: XH3OiIhtvf, paper_text length: 22365
[DEBUG] paper_text snippet: \title{Unsupervised Federated Learning for Privacy Preserving in Face Recognition System}  \begin{ab...
[2026-07-05 23:25:31] [API] request start agent=Review Manager Agent attempt=1/8 prompt_chars=7533[2026-07-05 23:25:31] [API] request start agent=Review Manager Agent attempt=1/8 prompt_chars=7533

[2026-07-05 23:25:31] [API] request start agent=Review Manager Agent attempt=1/8 prompt_chars=7533[2026-07-05 23:25:31] [API] request start agent=Review Manager Agent attempt=1/8 prompt_chars=7533

[2026-07-05 23:25:35] [API] request success agent=Review Manager Agent attempt=1/8 elapsed=3.9s raw_chars=1403
[2026-07-05 23:25:35] [API] request success agent=Review Manager Agent attempt=1/8 elapsed=3.9s raw_chars=1263
[2026-07-05 23:25:36] [API] request success agent=Review Manager Agent attempt=1/8 elapsed=4.3s raw_chars=1501
[2026-07-05 23:25:37] [API] request success agent=Review Manager Agent attempt=1/8 elapsed=6.3s raw_chars=1530
[2026-07-05 23:25:38] [API] request start agent=Claim Agent attempt=1/8 prompt_chars=8712[2026-07-05 23:25:38] [API] request start agent=Claim Agent attempt=1/8 prompt_chars=8712

[2026-07-05 23:25:38] [API] request start agent=Claim Agent attempt=1/8 prompt_chars=8712
[2026-07-05 23:25:38] [API] request start agent=Claim Agent attempt=1/8 prompt_chars=8711
[2026-07-05 23:25:43] [API] request success agent=Claim Agent attempt=1/8 elapsed=5.7s raw_chars=2549
[2026-07-05 23:25:44] [API] request success agent=Claim Agent attempt=1/8 elapsed=6.5s raw_chars=2943
[2026-07-05 23:25:44] [API] request success agent=Claim Agent attempt=1/8 elapsed=6.5s raw_chars=2495
[2026-07-05 23:25:44] [API] request success agent=Claim Agent attempt=1/8 elapsed=6.7s raw_chars=2862
[2026-07-05 23:25:45] [API] request start agent=Review Manager Agent attempt=1/8 prompt_chars=9285[2026-07-05 23:25:45] [API] request start agent=Review Manager Agent attempt=1/8 prompt_chars=9285

[2026-07-05 23:25:45] [API] request start agent=Review Manager Agent attempt=1/8 prompt_chars=9285
[2026-07-05 23:25:45] [API] request start agent=Review Manager Agent attempt=1/8 prompt_chars=9285
[2026-07-05 23:25:52] [API] request success agent=Review Manager Agent attempt=1/8 elapsed=7.4s raw_chars=3550
[2026-07-05 23:25:53] [API] request success agent=Review Manager Agent attempt=1/8 elapsed=7.6s raw_chars=3673
[2026-07-05 23:25:53] [API] request success agent=Review Manager Agent attempt=1/8 elapsed=7.9s raw_chars=3983
[2026-07-05 23:25:53] [API] request success agent=Review Manager Agent attempt=1/8 elapsed=8.4s raw_chars=4228
[2026-07-05 23:25:54] [API] request start agent=Critique Agent attempt=1/8 prompt_chars=10909[2026-07-05 23:25:54] [API] request start agent=Critique Agent attempt=1/8 prompt_chars=10909
[2026-07-05 23:25:54] [API] request start agent=Critique Agent attempt=1/8 prompt_chars=10909

[2026-07-05 23:25:56] [API] request success agent=Critique Agent attempt=1/8 elapsed=2.0s raw_chars=809
[2026-07-05 23:25:57] [API] request success agent=Critique Agent attempt=1/8 elapsed=2.8s raw_chars=1016
[2026-07-05 23:25:58] [API] request success agent=Critique Agent attempt=1/8 elapsed=3.5s raw_chars=1226
[2026-07-05 23:25:58] [API] request start agent=Evidence Agent attempt=1/8 prompt_chars=7826
[2026-07-05 23:26:02] [API] request success agent=Evidence Agent attempt=1/8 elapsed=4.1s raw_chars=2004
[2026-07-05 23:26:03] [API] request start agent=Review Manager Agent attempt=1/8 prompt_chars=9285[2026-07-05 23:26:03] [API] request start agent=Review Manager Agent attempt=1/8 prompt_chars=9278
[2026-07-05 23:26:03] [API] request start agent=Review Manager Agent attempt=1/8 prompt_chars=9283
[2026-07-05 23:26:03] [API] request start agent=Review Manager Agent attempt=1/8 prompt_chars=9285

[2026-07-05 23:26:10] [API] request success agent=Review Manager Agent attempt=1/8 elapsed=7.3s raw_chars=3207
[2026-07-05 23:26:10] [API] request success agent=Review Manager Agent attempt=1/8 elapsed=7.6s raw_chars=3596
[2026-07-05 23:26:11] [API] request success agent=Review Manager Agent attempt=1/8 elapsed=8.0s raw_chars=3892
[2026-07-05 23:26:14] [API] request success agent=Review Manager Agent attempt=1/8 elapsed=11.0s raw_chars=4794
[2026-07-05 23:26:14] [API] request start agent=Evidence Agent attempt=1/8 prompt_chars=7826[2026-07-05 23:26:14] [API] request start agent=Evidence Agent attempt=1/8 prompt_chars=7826
[2026-07-05 23:26:14] [API] request start agent=Evidence Agent attempt=1/8 prompt_chars=7825
[2026-07-05 23:26:14] [API] request start agent=Evidence Agent attempt=1/8 prompt_chars=7826

[2026-07-05 23:26:20] [API] request success agent=Evidence Agent attempt=1/8 elapsed=5.4s raw_chars=2462
[2026-07-05 23:26:20] [API] request success agent=Evidence Agent attempt=1/8 elapsed=5.6s raw_chars=2439
[2026-07-05 23:26:21] [API] request success agent=Evidence Agent attempt=1/8 elapsed=7.0s raw_chars=2750
[2026-07-05 23:26:25] [API] request success agent=Evidence Agent attempt=1/8 elapsed=10.4s raw_chars=4802
[2026-07-05 23:26:25] [API] request start agent=Review Manager Agent attempt=1/8 prompt_chars=9285[2026-07-05 23:26:25] [API] request start agent=Review Manager Agent attempt=1/8 prompt_chars=9285
[2026-07-05 23:26:25] [API] request start agent=Review Manager Agent attempt=1/8 prompt_chars=9285
[2026-07-05 23:26:25] [API] request start agent=Review Manager Agent attempt=1/8 prompt_chars=9285

[2026-07-05 23:26:33] [API] request success agent=Review Manager Agent attempt=1/8 elapsed=7.6s raw_chars=3974
[2026-07-05 23:26:33] [API] request success agent=Review Manager Agent attempt=1/8 elapsed=7.9s raw_chars=3880
[2026-07-05 23:26:33] [API] request success agent=Review Manager Agent attempt=1/8 elapsed=8.0s raw_chars=3482
[2026-07-05 23:26:35] [API] request success agent=Review Manager Agent attempt=1/8 elapsed=9.1s raw_chars=3975
[2026-07-05 23:26:35] [API] request start agent=Evidence Agent attempt=1/8 prompt_chars=8593[2026-07-05 23:26:35] [API] request start agent=Evidence Agent attempt=1/8 prompt_chars=7826

[2026-07-05 23:26:37] [API] request success agent=Evidence Agent attempt=1/8 elapsed=1.4s raw_chars=475
[2026-07-05 23:26:41] [API] request success agent=Evidence Agent attempt=1/8 elapsed=5.4s raw_chars=2799
[2026-07-05 23:26:41] [API] request start agent=Critique Agent attempt=1/8 prompt_chars=11673[2026-07-05 23:26:41] [API] request start agent=Critique Agent attempt=1/8 prompt_chars=8030

[2026-07-05 23:26:42] [API] request success agent=Critique Agent attempt=1/8 elapsed=1.6s raw_chars=413
[2026-07-05 23:26:45] [API] request success agent=Critique Agent attempt=1/8 elapsed=4.4s raw_chars=1564
[2026-07-05 23:26:45] [API] request start agent=Evidence Agent attempt=1/8 prompt_chars=8593
[2026-07-05 23:26:47] [API] request success agent=Evidence Agent attempt=1/8 elapsed=1.6s raw_chars=480
[2026-07-05 23:26:48] [API] request start agent=Review Manager Agent attempt=1/8 prompt_chars=9285[2026-07-05 23:26:48] [API] request start agent=Review Manager Agent attempt=1/8 prompt_chars=9285
[2026-07-05 23:26:48] [API] request start agent=Review Manager Agent attempt=1/8 prompt_chars=9285[2026-07-05 23:26:48] [API] request start agent=Review Manager Agent attempt=1/8 prompt_chars=9285


[2026-07-05 23:26:56] [API] request success agent=Review Manager Agent attempt=1/8 elapsed=7.5s raw_chars=3508
[2026-07-05 23:26:57] [API] request success agent=Review Manager Agent attempt=1/8 elapsed=8.6s raw_chars=4120
[2026-07-05 23:26:57] [API] request success agent=Review Manager Agent attempt=1/8 elapsed=8.6s raw_chars=4514
[2026-07-05 23:26:57] [API] request success agent=Review Manager Agent attempt=1/8 elapsed=8.9s raw_chars=4316
[2026-07-05 23:26:58] [API] request start agent=Evidence Agent attempt=1/8 prompt_chars=7826[2026-07-05 23:26:58] [API] request start agent=Evidence Agent attempt=1/8 prompt_chars=7825

[2026-07-05 23:26:58] [API] request start agent=Evidence Agent attempt=1/8 prompt_chars=7826
[2026-07-05 23:26:58] [API] request start agent=Evidence Agent attempt=1/8 prompt_chars=7825
[2026-07-05 23:27:01] [API] request success agent=Evidence Agent attempt=1/8 elapsed=3.4s raw_chars=1473
[2026-07-05 23:27:03] [API] request success agent=Evidence Agent attempt=1/8 elapsed=4.8s raw_chars=1703
[2026-07-05 23:27:03] [API] request success agent=Evidence Agent attempt=1/8 elapsed=4.9s raw_chars=2274
[2026-07-05 23:27:03] [API] request success agent=Evidence Agent attempt=1/8 elapsed=5.3s raw_chars=2400
[2026-07-05 23:27:04] [API] request start agent=Review Manager Agent attempt=1/8 prompt_chars=9281[2026-07-05 23:27:04] [API] request start agent=Review Manager Agent attempt=1/8 prompt_chars=9285

[2026-07-05 23:27:04] [API] request start agent=Review Manager Agent attempt=1/8 prompt_chars=9281[2026-07-05 23:27:04] [API] request start agent=Review Manager Agent attempt=1/8 prompt_chars=9285

[2026-07-05 23:27:10] [API] request success agent=Review Manager Agent attempt=1/8 elapsed=6.3s raw_chars=3313
[2026-07-05 23:27:11] [API] request success agent=Review Manager Agent attempt=1/8 elapsed=7.0s raw_chars=3456
[2026-07-05 23:27:11] [API] request success agent=Review Manager Agent attempt=1/8 elapsed=7.3s raw_chars=3602
[2026-07-05 23:27:16] [API] request success agent=Review Manager Agent attempt=1/8 elapsed=11.6s raw_chars=5779
[2026-07-05 23:27:17] [API] request start agent=Critique Agent attempt=1/8 prompt_chars=11673[2026-07-05 23:27:17] [API] request start agent=Critique Agent attempt=1/8 prompt_chars=11673

[2026-07-05 23:27:17] [API] request start agent=Critique Agent attempt=1/8 prompt_chars=8030
[2026-07-05 23:27:17] [API] request start agent=Critique Agent attempt=1/8 prompt_chars=8030
[2026-07-05 23:27:19] [API] request success agent=Critique Agent attempt=1/8 elapsed=1.8s raw_chars=535
[2026-07-05 23:27:19] [API] request success agent=Critique Agent attempt=1/8 elapsed=2.0s raw_chars=471
[2026-07-05 23:27:21] [API] request success agent=Critique Agent attempt=1/8 elapsed=3.7s raw_chars=1620
[2026-07-05 23:27:21] [API] request success agent=Critique Agent attempt=1/8 elapsed=4.3s raw_chars=1417
[2026-07-05 23:27:22] [API] request start agent=Evidence Agent attempt=1/8 prompt_chars=8754
[2026-07-05 23:27:22] [API] request start agent=Evidence Agent attempt=1/8 prompt_chars=8593
[2026-07-05 23:27:23] [API] request success agent=Evidence Agent attempt=1/8 elapsed=1.5s raw_chars=482
[2026-07-05 23:27:25] [API] request success agent=Evidence Agent attempt=1/8 elapsed=2.6s raw_chars=1023
[2026-07-05 23:27:26] [API] request start agent=Review Manager Agent attempt=1/8 prompt_chars=9284
[2026-07-05 23:27:26] [API] request start agent=Review Manager Agent attempt=1/8 prompt_chars=9285[2026-07-05 23:27:26] [API] request start agent=Review Manager Agent attempt=1/8 prompt_chars=9285
[2026-07-05 23:27:26] [API] request start agent=Review Manager Agent attempt=1/8 prompt_chars=9285

[2026-07-05 23:27:34] [API] request success agent=Review Manager Agent attempt=1/8 elapsed=7.5s raw_chars=3915
[2026-07-05 23:27:34] [API] request success agent=Review Manager Agent attempt=1/8 elapsed=8.2s raw_chars=4082
[2026-07-05 23:27:35] [API] request success agent=Review Manager Agent attempt=1/8 elapsed=8.6s raw_chars=4249
[2026-07-05 23:27:36] [API] request success agent=Review Manager Agent attempt=1/8 elapsed=10.3s raw_chars=4856
[2026-07-05 23:27:38] [API] request start agent=Evidence Agent attempt=1/8 prompt_chars=7826[2026-07-05 23:27:38] [API] request start agent=Evidence Agent attempt=1/8 prompt_chars=7826

[2026-07-05 23:27:39] [API] request success agent=Evidence Agent attempt=1/8 elapsed=1.8s raw_chars=539
[2026-07-05 23:27:43] [API] request success agent=Evidence Agent attempt=1/8 elapsed=5.2s raw_chars=2423
[2026-07-05 23:27:43] [API] request start agent=Critique Agent attempt=1/8 prompt_chars=11673[2026-07-05 23:27:43] [API] request start agent=Critique Agent attempt=1/8 prompt_chars=11673

[2026-07-05 23:27:48] [API] request success agent=Critique Agent attempt=1/8 elapsed=4.7s raw_chars=2127
[2026-07-05 23:27:49] [API] request success agent=Critique Agent attempt=1/8 elapsed=6.3s raw_chars=2769
[review_reward][unknown][ye3NrNrYOY] reward=0.5703 breakdown={'decision': 0.0, 'section_presence': 1.0, 'length_score': 1.0, 'summary_align': 0.4904, 'strength_align': 0.364, 'weakness_align': 0.3899, 'suggestion_align': 0.3981, 'global_align': 0.3661, 'critique': 1.0, 'stance_align': 0.8039, 'rating_align': 0.0, 'decision_line_bonus': 0.0, 'audit_id_leak_penalty': 0.0, 'penalty': 0.0, 'total': 0.5703, 'es_coverage': 0.5, 'es_depth': 0.5, 'es_empirical': 0.5, 'es_independent': 0.5, 'es_flaw_density': 0.0, 'es_support_volume': 0.5, 'evidence_support_score': 0.425}
[review_reward][unknown][WNxlJJIEVj] reward=0.6933 breakdown={'decision': 0.0, 'section_presence': 1.0, 'length_score': 1.0, 'summary_align': 0.3129, 'strength_align': 0.2976, 'weakness_align': 0.2276, 'suggestion_align': 0.2164, 'global_align': 0.2168, 'critique': 1.0, 'stance_align': 0.7833, 'rating_align': 0.0, 'decision_line_bonus': 0.0, 'audit_id_leak_penalty': 0.0, 'penalty': 0.0, 'total': 0.6933, 'es_coverage': 1.0, 'es_depth': 1.0, 'es_empirical': 1.0, 'es_independent': 1.0, 'es_flaw_density': 0.0, 'es_support_volume': 1.0, 'evidence_support_score': 0.85}
[review_reward][unknown][uOrfve3prk] reward=0.5687 breakdown={'decision': 0.0, 'section_presence': 1.0, 'length_score': 1.0, 'summary_align': 0.3522, 'strength_align': 0.3369, 'weakness_align': 0.2003, 'suggestion_align': 0.3935, 'global_align': 0.2189, 'critique': 1.0, 'stance_align': 0.7361, 'rating_align': 0.0, 'decision_line_bonus': 0.0, 'audit_id_leak_penalty': 0.0, 'penalty': 0.0, 'total': 0.5687, 'es_coverage': 0.75, 'es_depth': 0.75, 'es_empirical': 0.75, 'es_independent': 0.0, 'es_flaw_density': 0.0, 'es_support_volume': 0.375, 'evidence_support_score': 0.525}
[review_reward][unknown][7Dub7UXTXN] reward=0.6516 breakdown={'decision': 0.0, 'section_presence': 1.0, 'length_score': 1.0, 'summary_align': 0.4734, 'strength_align': 0.3383, 'weakness_align': 0.183, 'suggestion_align': 0.3318, 'global_align': 0.318, 'critique': 1.0, 'stance_align': 0.6023, 'rating_align': 0.0, 'decision_line_bonus': 0.0, 'audit_id_leak_penalty': 0.0, 'penalty': 0.0, 'total': 0.6516, 'es_coverage': 1.0, 'es_depth': 1.0, 'es_empirical': 1.0, 'es_independent': 0.25, 'es_flaw_density': 0.0, 'es_support_volume': 0.75, 'evidence_support_score': 0.75}
{"paper_id": "ye3NrNrYOY", "mode": "s4", "reward": 0.5703105321358904, "final_decision": "reject", "model_adapter_mode": "small_model"}
{"paper_id": "WNxlJJIEVj", "mode": "s4", "reward": 0.6932755197358066, "final_decision": "reject", "model_adapter_mode": "small_model"}
{"paper_id": "uOrfve3prk", "mode": "s4", "reward": 0.568710833410154, "final_decision": "reject", "model_adapter_mode": "small_model"}
{"paper_id": "7Dub7UXTXN", "mode": "s4", "reward": 0.6516039001875926, "final_decision": "reject", "model_adapter_mode": "small_model"}
[2026-07-05 23:27:51] [API] request start agent=Review Manager Agent attempt=1/8 prompt_chars=7533[2026-07-05 23:27:51] [API] request start agent=Review Manager Agent attempt=1/8 prompt_chars=7533

[2026-07-05 23:27:51] [API] request start agent=Review Manager Agent attempt=1/8 prompt_chars=7533
[2026-07-05 23:27:51] [API] request start agent=Review Manager Agent attempt=1/8 prompt_chars=7533
[2026-07-05 23:27:54] [API] request success agent=Review Manager Agent attempt=1/8 elapsed=3.5s raw_chars=1327
[2026-07-05 23:27:54] [API] request success agent=Review Manager Agent attempt=1/8 elapsed=3.6s raw_chars=1190
[2026-07-05 23:27:55] [API] request success agent=Review Manager Agent attempt=1/8 elapsed=4.8s raw_chars=1433
[2026-07-05 23:27:58] [API] request success agent=Review Manager Agent attempt=1/8 elapsed=7.4s raw_chars=2895
[2026-07-05 23:27:58] [API] request start agent=Claim Agent attempt=1/8 prompt_chars=8711[2026-07-05 23:27:58] [API] request start agent=Claim Agent attempt=1/8 prompt_chars=8712

[2026-07-05 23:27:58] [API] request start agent=Claim Agent attempt=1/8 prompt_chars=8712[2026-07-05 23:27:58] [API] request start agent=Claim Agent attempt=1/8 prompt_chars=8712

[2026-07-05 23:28:02] [API] request success agent=Claim Agent attempt=1/8 elapsed=3.4s raw_chars=1279
[2026-07-05 23:28:04] [API] request success agent=Claim Agent attempt=1/8 elapsed=5.4s raw_chars=2389
[2026-07-05 23:28:05] [API] request success agent=Claim Agent attempt=1/8 elapsed=6.6s raw_chars=2810
[2026-07-05 23:28:05] [API] request success agent=Claim Agent attempt=1/8 elapsed=6.6s raw_chars=2618
[2026-07-05 23:28:06] [API] request start agent=Review Manager Agent attempt=1/8 prompt_chars=9285[2026-07-05 23:28:06] [API] request start agent=Review Manager Agent attempt=1/8 prompt_chars=9285
[2026-07-05 23:28:06] [API] request start agent=Review Manager Agent attempt=1/8 prompt_chars=9285
[2026-07-05 23:28:06] [API] request start agent=Review Manager Agent attempt=1/8 prompt_chars=9285

[2026-07-05 23:28:12] [API] request success agent=Review Manager Agent attempt=1/8 elapsed=6.5s raw_chars=2410
[2026-07-05 23:28:14] [API] request success agent=Review Manager Agent attempt=1/8 elapsed=8.6s raw_chars=3557
[2026-07-05 23:28:15] [API] request success agent=Review Manager Agent attempt=1/8 elapsed=8.9s raw_chars=3889
[2026-07-05 23:28:16] [API] request success agent=Review Manager Agent attempt=1/8 elapsed=10.3s raw_chars=4065
[2026-07-05 23:28:18] [API] request start agent=Claim Agent attempt=1/8 prompt_chars=8712
[2026-07-05 23:28:23] [API] request success agent=Claim Agent attempt=1/8 elapsed=5.1s raw_chars=2331
[2026-07-05 23:28:23] [API] request start agent=Evidence Agent attempt=1/8 prompt_chars=7826
[2026-07-05 23:28:28] [API] request success agent=Evidence Agent attempt=1/8 elapsed=4.9s raw_chars=2370
[2026-07-05 23:28:28] [API] request start agent=Critique Agent attempt=1/8 prompt_chars=10909[2026-07-05 23:28:28] [API] request start agent=Critique Agent attempt=1/8 prompt_chars=10905

[2026-07-05 23:28:31] [API] request success agent=Critique Agent attempt=1/8 elapsed=3.7s raw_chars=870
[2026-07-05 23:28:31] [API] request success agent=Critique Agent attempt=1/8 elapsed=3.7s raw_chars=870
[2026-07-05 23:28:33] [API] request start agent=Review Manager Agent attempt=1/8 prompt_chars=9285
[2026-07-05 23:28:33] [API] request start agent=Review Manager Agent attempt=1/8 prompt_chars=9285
[2026-07-05 23:28:33] [API] request start agent=Review Manager Agent attempt=1/8 prompt_chars=9285
[2026-07-05 23:28:33] [API] request start agent=Review Manager Agent attempt=1/8 prompt_chars=9283
[2026-07-05 23:28:40] [API] request success agent=Review Manager Agent attempt=1/8 elapsed=6.9s raw_chars=3310
[2026-07-05 23:28:41] [API] request success agent=Review Manager Agent attempt=1/8 elapsed=7.3s raw_chars=3592
[2026-07-05 23:28:41] [API] request success agent=Review Manager Agent attempt=1/8 elapsed=7.5s raw_chars=3803
[2026-07-05 23:28:41] [API] request success agent=Review Manager Agent attempt=1/8 elapsed=7.8s raw_chars=3621
[2026-07-05 23:28:43] [API] request start agent=Evidence Agent attempt=1/8 prompt_chars=7826
[2026-07-05 23:28:43] [API] request start agent=Evidence Agent attempt=1/8 prompt_chars=7826
[2026-07-05 23:28:50] [API] request success agent=Evidence Agent attempt=1/8 elapsed=6.8s raw_chars=2530
[2026-07-05 23:28:51] [API] request success agent=Evidence Agent attempt=1/8 elapsed=7.8s raw_chars=2943
[2026-07-05 23:28:51] [API] request start agent=Critique Agent attempt=1/8 prompt_chars=8030[2026-07-05 23:28:51] [API] request start agent=Critique Agent attempt=1/8 prompt_chars=8030

[2026-07-05 23:28:54] [API] request success agent=Critique Agent attempt=1/8 elapsed=2.4s raw_chars=423
[2026-07-05 23:28:54] [API] request success agent=Critique Agent attempt=1/8 elapsed=2.6s raw_chars=520
[2026-07-05 23:28:56] [API] request start agent=Evidence Agent attempt=1/8 prompt_chars=8754
[2026-07-05 23:28:56] [API] request start agent=Evidence Agent attempt=1/8 prompt_chars=8754
[2026-07-05 23:28:58] [API] request success agent=Evidence Agent attempt=1/8 elapsed=1.8s raw_chars=577
[2026-07-05 23:28:58] [API] request success agent=Evidence Agent attempt=1/8 elapsed=2.2s raw_chars=562
[2026-07-05 23:29:03] [API] request start agent=Review Manager Agent attempt=1/8 prompt_chars=9285
[2026-07-05 23:29:03] [API] request start agent=Review Manager Agent attempt=1/8 prompt_chars=9283[2026-07-05 23:29:03] [API] request start agent=Review Manager Agent attempt=1/8 prompt_chars=9284

[2026-07-05 23:29:03] [API] request start agent=Review Manager Agent attempt=1/8 prompt_chars=9284
[2026-07-05 23:29:11] [API] request success agent=Review Manager Agent attempt=1/8 elapsed=7.5s raw_chars=3456
[2026-07-05 23:29:12] [API] request success agent=Review Manager Agent attempt=1/8 elapsed=8.3s raw_chars=3698
[2026-07-05 23:29:12] [API] request success agent=Review Manager Agent attempt=1/8 elapsed=9.0s raw_chars=4357
[2026-07-05 23:29:13] [API] request success agent=Review Manager Agent attempt=1/8 elapsed=10.0s raw_chars=3701
[2026-07-05 23:29:16] [API] request start agent=Critique Agent attempt=1/8 prompt_chars=10909
[2026-07-05 23:29:16] [API] request start agent=Critique Agent attempt=1/8 prompt_chars=11672[2026-07-05 23:29:16] [API] request start agent=Critique Agent attempt=1/8 prompt_chars=8029

[2026-07-05 23:29:18] [API] request success agent=Critique Agent attempt=1/8 elapsed=1.6s raw_chars=530
[2026-07-05 23:29:18] [API] request success agent=Critique Agent attempt=1/8 elapsed=1.7s raw_chars=603
[2026-07-05 23:29:19] [API] request success agent=Critique Agent attempt=1/8 elapsed=2.7s raw_chars=1019
[2026-07-05 23:29:19] [API] request start agent=Evidence Agent attempt=1/8 prompt_chars=7826
[2026-07-05 23:29:24] [API] request success agent=Evidence Agent attempt=1/8 elapsed=4.7s raw_chars=1501
[2026-07-05 23:29:24] [API] request start agent=Evidence Agent attempt=1/8 prompt_chars=8754
[2026-07-05 23:29:27] [API] request success agent=Evidence Agent attempt=1/8 elapsed=2.5s raw_chars=633
[review_reward][unknown][XyB4VvF01X] reward=0.6068 breakdown={'decision': 0.0, 'section_presence': 1.0, 'length_score': 1.0, 'summary_align': 0.4199, 'strength_align': 0.2705, 'weakness_align': 0.2267, 'suggestion_align': 0.4611, 'global_align': 0.3018, 'critique': 1.0, 'stance_align': 0.6477, 'rating_align': 0.0, 'decision_line_bonus': 0.0, 'audit_id_leak_penalty': 0.0, 'penalty': 0.0, 'total': 0.6068, 'es_coverage': 0.6667, 'es_depth': 0.6667, 'es_empirical': 0.6667, 'es_independent': 0.6667, 'es_flaw_density': 0.3333, 'es_support_volume': 0.6667, 'evidence_support_score': 0.6167}
[2026-07-05 23:29:33] [API] request start agent=Review Manager Agent attempt=1/8 prompt_chars=9282[2026-07-05 23:29:33] [API] request start agent=Review Manager Agent attempt=1/8 prompt_chars=9285
[2026-07-05 23:29:33] [API] request start agent=Review Manager Agent attempt=1/8 prompt_chars=9284

[2026-07-05 23:29:41] [API] request success agent=Review Manager Agent attempt=1/8 elapsed=7.8s raw_chars=3499
[2026-07-05 23:29:41] [API] request success agent=Review Manager Agent attempt=1/8 elapsed=8.6s raw_chars=3850
[2026-07-05 23:29:46] [API] request success agent=Review Manager Agent attempt=1/8 elapsed=13.0s raw_chars=5734
[2026-07-05 23:29:48] [API] request start agent=Evidence Agent attempt=1/8 prompt_chars=7825
[2026-07-05 23:29:50] [API] request success agent=Evidence Agent attempt=1/8 elapsed=2.0s raw_chars=806
[2026-07-05 23:29:50] [API] request start agent=Critique Agent attempt=1/8 prompt_chars=8030
[2026-07-05 23:29:50] [API] request start agent=Critique Agent attempt=1/8 prompt_chars=11672
[2026-07-05 23:29:52] [API] request success agent=Critique Agent attempt=1/8 elapsed=1.7s raw_chars=595
[2026-07-05 23:29:54] [API] request success agent=Critique Agent attempt=1/8 elapsed=4.6s raw_chars=1626
[2026-07-05 23:29:55] [API] request start agent=Evidence Agent attempt=1/8 prompt_chars=8754
[2026-07-05 23:29:58] [API] request success agent=Evidence Agent attempt=1/8 elapsed=2.4s raw_chars=534
[2026-07-05 23:30:04] [API] request start agent=Review Manager Agent attempt=1/8 prompt_chars=9285
[2026-07-05 23:30:04] [API] request start agent=Review Manager Agent attempt=1/8 prompt_chars=9284[2026-07-05 23:30:04] [API] request start agent=Review Manager Agent attempt=1/8 prompt_chars=9285

[2026-07-05 23:30:12] [API] request success agent=Review Manager Agent attempt=1/8 elapsed=7.6s raw_chars=3436
[2026-07-05 23:30:14] [API] request success agent=Review Manager Agent attempt=1/8 elapsed=9.6s raw_chars=4260
[2026-07-05 23:30:16] [API] request success agent=Review Manager Agent attempt=1/8 elapsed=11.8s raw_chars=4551
[2026-07-05 23:30:18] [API] request start agent=Critique Agent attempt=1/8 prompt_chars=8030[2026-07-05 23:30:18] [API] request start agent=Critique Agent attempt=1/8 prompt_chars=11672
[2026-07-05 23:30:18] [API] request start agent=Critique Agent attempt=1/8 prompt_chars=8030

[2026-07-05 23:30:21] [API] request success agent=Critique Agent attempt=1/8 elapsed=2.1s raw_chars=393
[2026-07-05 23:30:21] [API] request success agent=Critique Agent attempt=1/8 elapsed=2.7s raw_chars=554
[2026-07-05 23:30:22] [API] request success agent=Critique Agent attempt=1/8 elapsed=3.7s raw_chars=1600
[2026-07-05 23:30:23] [API] request start agent=Evidence Agent attempt=1/8 prompt_chars=8754
[2026-07-05 23:30:23] [API] request start agent=Evidence Agent attempt=1/8 prompt_chars=8754
[2026-07-05 23:30:25] [API] request success agent=Evidence Agent attempt=1/8 elapsed=1.7s raw_chars=425
[2026-07-05 23:30:26] [API] request success agent=Evidence Agent attempt=1/8 elapsed=2.3s raw_chars=663
[2026-07-05 23:30:36] [API] request start agent=Review Manager Agent attempt=1/8 prompt_chars=9285[2026-07-05 23:30:36] [API] request start agent=Review Manager Agent attempt=1/8 prompt_chars=9285
[2026-07-05 23:30:36] [API] request start agent=Review Manager Agent attempt=1/8 prompt_chars=9285

[2026-07-05 23:30:45] [API] request success agent=Review Manager Agent attempt=1/8 elapsed=8.5s raw_chars=3735
[2026-07-05 23:30:49] [API] request success agent=Review Manager Agent attempt=1/8 elapsed=12.6s raw_chars=5411
[2026-07-05 23:30:55] [API] request success agent=Review Manager Agent attempt=1/8 elapsed=18.6s raw_chars=8264
[2026-07-05 23:30:59] [API] request start agent=Evidence Agent attempt=1/8 prompt_chars=7826
[2026-07-05 23:30:59] [API] request start agent=Evidence Agent attempt=1/8 prompt_chars=7826
[2026-07-05 23:31:03] [API] request success agent=Evidence Agent attempt=1/8 elapsed=4.1s raw_chars=1489
[2026-07-05 23:31:06] [API] request success agent=Evidence Agent attempt=1/8 elapsed=7.6s raw_chars=2306
[2026-07-05 23:31:06] [API] request start agent=Critique Agent attempt=1/8 prompt_chars=11673
[2026-07-05 23:31:10] [API] request success agent=Critique Agent attempt=1/8 elapsed=3.9s raw_chars=1715
[review_reward][unknown][9zEBK3E9bX] reward=0.5536 breakdown={'decision': 0.0, 'section_presence': 1.0, 'length_score': 0.92, 'summary_align': 0.5695, 'strength_align': 0.4396, 'weakness_align': 0.2684, 'suggestion_align': 0.3562, 'global_align': 0.3933, 'critique': 1.0, 'stance_align': 0.6707, 'rating_align': 0.0, 'decision_line_bonus': 0.0, 'audit_id_leak_penalty': 0.0, 'penalty': 0.0, 'total': 0.5536, 'es_coverage': 0.5, 'es_depth': 0.5, 'es_empirical': 0.5, 'es_independent': 0.25, 'es_flaw_density': 0.3333, 'es_support_volume': 0.375, 'evidence_support_score': 0.4375}
[review_reward][unknown][GE6iywJtsV] reward=0.6754 breakdown={'decision': 0.0, 'section_presence': 1.0, 'length_score': 1.0, 'summary_align': 0.2612, 'strength_align': 0.4487, 'weakness_align': 0.3485, 'suggestion_align': 0.6569, 'global_align': 0.4515, 'critique': 1.0, 'stance_align': 0.763, 'rating_align': 0.0, 'decision_line_bonus': 0.0, 'audit_id_leak_penalty': 0.0, 'penalty': 0.0, 'total': 0.6754, 'es_coverage': 1.0, 'es_depth': 0.6667, 'es_empirical': 0.3333, 'es_independent': 0.0, 'es_flaw_density': 1.0, 'es_support_volume': 0.5, 'evidence_support_score': 0.6833}
[review_reward][unknown][WpXq5n8yLb] reward=0.5178 breakdown={'decision': 0.0, 'section_presence': 1.0, 'length_score': 0.9575, 'summary_align': 0.4349, 'strength_align': 0.3466, 'weakness_align': 0.2358, 'suggestion_align': 0.4738, 'global_align': 0.2227, 'critique': 1.0, 'stance_align': 0.7707, 'rating_align': 0.0, 'decision_line_bonus': 0.0, 'audit_id_leak_penalty': 0.0, 'penalty': 0.0, 'total': 0.5178, 'es_coverage': 0.25, 'es_depth': 0.25, 'es_empirical': 0.25, 'es_independent': 0.25, 'es_flaw_density': 1.0, 'es_support_volume': 0.25, 'evidence_support_score': 0.3625}
{"paper_id": "9zEBK3E9bX", "mode": "s4", "reward": 0.553648328540996, "final_decision": "reject", "model_adapter_mode": "small_model"}
{"paper_id": "XyB4VvF01X", "mode": "s4", "reward": 0.6067757491440302, "final_decision": "reject", "model_adapter_mode": "small_model"}
{"paper_id": "GE6iywJtsV", "mode": "s4", "reward": 0.675404102488971, "final_decision": "reject", "model_adapter_mode": "small_model"}
{"paper_id": "WpXq5n8yLb", "mode": "s4", "reward": 0.5178462480592916, "final_decision": "reject", "model_adapter_mode": "small_model"}
[2026-07-05 23:31:20] [API] request start agent=Review Manager Agent attempt=1/8 prompt_chars=7533[2026-07-05 23:31:20] [API] request start agent=Review Manager Agent attempt=1/8 prompt_chars=7533

[2026-07-05 23:31:20] [API] request start agent=Review Manager Agent attempt=1/8 prompt_chars=7533[2026-07-05 23:31:20] [API] request start agent=Review Manager Agent attempt=1/8 prompt_chars=7533

[2026-07-05 23:31:23] [API] request success agent=Review Manager Agent attempt=1/8 elapsed=3.6s raw_chars=1138
[2026-07-05 23:31:23] [API] request success agent=Review Manager Agent attempt=1/8 elapsed=3.8s raw_chars=1202
[2026-07-05 23:31:23] [API] request success agent=Review Manager Agent attempt=1/8 elapsed=3.9s raw_chars=1379
[2026-07-05 23:31:26] [API] request success agent=Review Manager Agent attempt=1/8 elapsed=6.0s raw_chars=1813
[2026-07-05 23:31:26] [API] request start agent=Claim Agent attempt=1/8 prompt_chars=8710
[2026-07-05 23:31:26] [API] request start agent=Claim Agent attempt=1/8 prompt_chars=8712[2026-07-05 23:31:26] [API] request start agent=Claim Agent attempt=1/8 prompt_chars=8711

[2026-07-05 23:31:26] [API] request start agent=Claim Agent attempt=1/8 prompt_chars=8712
[2026-07-05 23:31:30] [API] request success agent=Claim Agent attempt=1/8 elapsed=4.5s raw_chars=2020
[2026-07-05 23:31:31] [API] request success agent=Claim Agent attempt=1/8 elapsed=5.5s raw_chars=2411
[2026-07-05 23:31:32] [API] request success agent=Claim Agent attempt=1/8 elapsed=5.8s raw_chars=2399
[2026-07-05 23:31:32] [API] request success agent=Claim Agent attempt=1/8 elapsed=6.1s raw_chars=2715
[2026-07-05 23:31:33] [API] request start agent=Review Manager Agent attempt=1/8 prompt_chars=9285[2026-07-05 23:31:33] [API] request start agent=Review Manager Agent attempt=1/8 prompt_chars=9285
[2026-07-05 23:31:33] [API] request start agent=Review Manager Agent attempt=1/8 prompt_chars=9278

[2026-07-05 23:31:33] [API] request start agent=Review Manager Agent attempt=1/8 prompt_chars=9285
[2026-07-05 23:31:39] [API] request success agent=Review Manager Agent attempt=1/8 elapsed=6.3s raw_chars=2893
[2026-07-05 23:31:41] [API] request success agent=Review Manager Agent attempt=1/8 elapsed=8.4s raw_chars=4142
[2026-07-05 23:31:41] [API] request success agent=Review Manager Agent attempt=1/8 elapsed=8.5s raw_chars=3789
[2026-07-05 23:31:42] [API] request success agent=Review Manager Agent attempt=1/8 elapsed=9.0s raw_chars=3898
[2026-07-05 23:31:44] [API] request start agent=Critique Agent attempt=1/8 prompt_chars=10909[2026-07-05 23:31:44] [API] request start agent=Critique Agent attempt=1/8 prompt_chars=10909

[2026-07-05 23:31:44] [API] request start agent=Critique Agent attempt=1/8 prompt_chars=10909
[2026-07-05 23:31:46] [API] request success agent=Critique Agent attempt=1/8 elapsed=2.2s raw_chars=665
[2026-07-05 23:31:46] [API] request success agent=Critique Agent attempt=1/8 elapsed=2.3s raw_chars=807
[2026-07-05 23:31:46] [API] request success agent=Critique Agent attempt=1/8 elapsed=2.5s raw_chars=958
[2026-07-05 23:31:46] [API] request start agent=Evidence Agent attempt=1/8 prompt_chars=7826
[2026-07-05 23:31:55] [API] request success agent=Evidence Agent attempt=1/8 elapsed=8.6s raw_chars=4027
[2026-07-05 23:31:59] [API] request start agent=Review Manager Agent attempt=1/8 prompt_chars=9285
[2026-07-05 23:31:59] [API] request start agent=Review Manager Agent attempt=1/8 prompt_chars=9285[2026-07-05 23:31:59] [API] request start agent=Review Manager Agent attempt=1/8 prompt_chars=9285
[2026-07-05 23:31:59] [API] request start agent=Review Manager Agent attempt=1/8 prompt_chars=9284

[2026-07-05 23:32:07] [API] request success agent=Review Manager Agent attempt=1/8 elapsed=8.0s raw_chars=3324
[2026-07-05 23:32:08] [API] request success agent=Review Manager Agent attempt=1/8 elapsed=8.8s raw_chars=3877
[2026-07-05 23:32:08] [API] request success agent=Review Manager Agent attempt=1/8 elapsed=8.9s raw_chars=3809
[2026-07-05 23:32:08] [API] request success agent=Review Manager Agent attempt=1/8 elapsed=9.5s raw_chars=3853
[2026-07-05 23:32:13] [API] request start agent=Evidence Agent attempt=1/8 prompt_chars=7826[2026-07-05 23:32:13] [API] request start agent=Evidence Agent attempt=1/8 prompt_chars=7826

[2026-07-05 23:32:13] [API] request start agent=Evidence Agent attempt=1/8 prompt_chars=8589
[2026-07-05 23:32:13] [API] request start agent=Evidence Agent attempt=1/8 prompt_chars=7826
[2026-07-05 23:32:15] [API] request success agent=Evidence Agent attempt=1/8 elapsed=2.5s raw_chars=845
[2026-07-05 23:32:17] [API] request success agent=Evidence Agent attempt=1/8 elapsed=4.1s raw_chars=1182
[2026-07-05 23:32:18] [API] request success agent=Evidence Agent attempt=1/8 elapsed=4.6s raw_chars=1312
[2026-07-05 23:32:19] [API] request success agent=Evidence Agent attempt=1/8 elapsed=6.4s raw_chars=2283
[2026-07-05 23:32:30] [API] request start agent=Review Manager Agent attempt=1/8 prompt_chars=9285[2026-07-05 23:32:30] [API] request start agent=Review Manager Agent attempt=1/8 prompt_chars=9285

[2026-07-05 23:32:30] [API] request start agent=Review Manager Agent attempt=1/8 prompt_chars=9284
[2026-07-05 23:32:30] [API] request start agent=Review Manager Agent attempt=1/8 prompt_chars=9285
[2026-07-05 23:32:37] [API] request success agent=Review Manager Agent attempt=1/8 elapsed=7.1s raw_chars=3434
[2026-07-05 23:32:38] [API] request success agent=Review Manager Agent attempt=1/8 elapsed=8.1s raw_chars=3851
[2026-07-05 23:32:38] [API] request success agent=Review Manager Agent attempt=1/8 elapsed=8.4s raw_chars=3867
[2026-07-05 23:32:38] [API] request success agent=Review Manager Agent attempt=1/8 elapsed=8.8s raw_chars=4039
[2026-07-05 23:32:42] [API] request start agent=Critique Agent attempt=1/8 prompt_chars=8030[2026-07-05 23:32:42] [API] request start agent=Critique Agent attempt=1/8 prompt_chars=8029

[2026-07-05 23:32:42] [API] request start agent=Critique Agent attempt=1/8 prompt_chars=8030
[2026-07-05 23:32:44] [API] request success agent=Critique Agent attempt=1/8 elapsed=1.5s raw_chars=499
[2026-07-05 23:32:44] [API] request success agent=Critique Agent attempt=1/8 elapsed=1.7s raw_chars=483
[2026-07-05 23:32:44] [API] request success agent=Critique Agent attempt=1/8 elapsed=1.7s raw_chars=460
[2026-07-05 23:32:50] [API] request start agent=Evidence Agent attempt=1/8 prompt_chars=7826
[2026-07-05 23:32:57] [API] request success agent=Evidence Agent attempt=1/8 elapsed=6.9s raw_chars=3001
[2026-07-05 23:33:05] [API] request start agent=Evidence Agent attempt=1/8 prompt_chars=8754[2026-07-05 23:33:05] [API] request start agent=Evidence Agent attempt=1/8 prompt_chars=8753

[2026-07-05 23:33:05] [API] request start agent=Evidence Agent attempt=1/8 prompt_chars=8754
[2026-07-05 23:33:07] [API] request success agent=Evidence Agent attempt=1/8 elapsed=1.8s raw_chars=376
[2026-07-05 23:33:07] [API] request success agent=Evidence Agent attempt=1/8 elapsed=2.1s raw_chars=534
[2026-07-05 23:33:07] [API] request success agent=Evidence Agent attempt=1/8 elapsed=2.5s raw_chars=515
[2026-07-05 23:34:00] [API] request start agent=Review Manager Agent attempt=1/8 prompt_chars=9279
[2026-07-05 23:34:00] [API] request start agent=Review Manager Agent attempt=1/8 prompt_chars=9285[2026-07-05 23:34:00] [API] request start agent=Review Manager Agent attempt=1/8 prompt_chars=9285

[2026-07-05 23:34:00] [API] request start agent=Review Manager Agent attempt=1/8 prompt_chars=9285
[2026-07-05 23:34:08] [API] request success agent=Review Manager Agent attempt=1/8 elapsed=7.9s raw_chars=3514
[2026-07-05 23:34:09] [API] request success agent=Review Manager Agent attempt=1/8 elapsed=9.1s raw_chars=3717
[2026-07-05 23:34:09] [API] request success agent=Review Manager Agent attempt=1/8 elapsed=9.1s raw_chars=4296
[2026-07-05 23:34:13] [API] request success agent=Review Manager Agent attempt=1/8 elapsed=13.0s raw_chars=6013
[2026-07-05 23:34:23] [API] request start agent=Critique Agent attempt=1/8 prompt_chars=8030[2026-07-05 23:34:23] [API] request start agent=Critique Agent attempt=1/8 prompt_chars=11672

[2026-07-05 23:34:23] [API] request start agent=Critique Agent attempt=1/8 prompt_chars=11673
[2026-07-05 23:34:25] [API] request success agent=Critique Agent attempt=1/8 elapsed=2.2s raw_chars=511
[2026-07-05 23:34:25] [API] request success agent=Critique Agent attempt=1/8 elapsed=2.2s raw_chars=515
[2026-07-05 23:34:26] [API] request success agent=Critique Agent attempt=1/8 elapsed=3.0s raw_chars=736
[2026-07-05 23:34:29] [API] request start agent=Evidence Agent attempt=1/8 prompt_chars=7826
[2026-07-05 23:34:32] [API] request success agent=Evidence Agent attempt=1/8 elapsed=3.2s raw_chars=1246
[2026-07-05 23:34:36] [API] request start agent=Evidence Agent attempt=1/8 prompt_chars=8754
[2026-07-05 23:34:38] [API] request success agent=Evidence Agent attempt=1/8 elapsed=1.9s raw_chars=701
[2026-07-05 23:35:16] [API] request start agent=Review Manager Agent attempt=1/8 prompt_chars=9285[2026-07-05 23:35:16] [API] request start agent=Review Manager Agent attempt=1/8 prompt_chars=9285[2026-07-05 23:35:16] [API] request start agent=Review Manager Agent attempt=1/8 prompt_chars=9285


[2026-07-05 23:35:24] [API] request success agent=Review Manager Agent attempt=1/8 elapsed=7.6s raw_chars=3011
[2026-07-05 23:35:25] [API] request success agent=Review Manager Agent attempt=1/8 elapsed=8.5s raw_chars=3863
[2026-07-05 23:35:27] [API] request success agent=Review Manager Agent attempt=1/8 elapsed=11.1s raw_chars=4616
[2026-07-05 23:35:35] [API] request start agent=Evidence Agent attempt=1/8 prompt_chars=7826
[2026-07-05 23:35:38] [API] request success agent=Evidence Agent attempt=1/8 elapsed=3.1s raw_chars=1209
[2026-07-05 23:35:38] [API] request start agent=Critique Agent attempt=1/8 prompt_chars=8030[2026-07-05 23:35:38] [API] request start agent=Critique Agent attempt=1/8 prompt_chars=8029

[2026-07-05 23:35:40] [API] request success agent=Critique Agent attempt=1/8 elapsed=1.8s raw_chars=431
[2026-07-05 23:35:41] [API] request success agent=Critique Agent attempt=1/8 elapsed=2.5s raw_chars=692
[2026-07-05 23:35:49] [API] request start agent=Evidence Agent attempt=1/8 prompt_chars=8754[2026-07-05 23:35:49] [API] request start agent=Evidence Agent attempt=1/8 prompt_chars=8754

[2026-07-05 23:35:52] [API] request success agent=Evidence Agent attempt=1/8 elapsed=2.2s raw_chars=465
[2026-07-05 23:35:52] [API] request success agent=Evidence Agent attempt=1/8 elapsed=2.3s raw_chars=518
[2026-07-05 23:36:31] [API] request start agent=Review Manager Agent attempt=1/8 prompt_chars=9285[2026-07-05 23:36:31] [API] request start agent=Review Manager Agent attempt=1/8 prompt_chars=9285[2026-07-05 23:36:31] [API] request start agent=Review Manager Agent attempt=1/8 prompt_chars=9285


[2026-07-05 23:36:37] [API] request success agent=Review Manager Agent attempt=1/8 elapsed=6.2s raw_chars=2824
[2026-07-05 23:36:39] [API] request success agent=Review Manager Agent attempt=1/8 elapsed=8.0s raw_chars=3868
[2026-07-05 23:36:42] [API] request success agent=Review Manager Agent attempt=1/8 elapsed=11.0s raw_chars=5258
[2026-07-05 23:37:02] [API] request start agent=Critique Agent attempt=1/8 prompt_chars=8030[2026-07-05 23:37:02] [API] request start agent=Critique Agent attempt=1/8 prompt_chars=11673

[2026-07-05 23:37:03] [API] request success agent=Critique Agent attempt=1/8 elapsed=1.6s raw_chars=424
[2026-07-05 23:37:04] [API] request success agent=Critique Agent attempt=1/8 elapsed=1.7s raw_chars=442
[2026-07-05 23:37:04] [API] request start agent=Evidence Agent attempt=1/8 prompt_chars=7826
[2026-07-05 23:37:09] [API] request success agent=Evidence Agent attempt=1/8 elapsed=5.2s raw_chars=2576
[2026-07-05 23:37:16] [API] request start agent=Evidence Agent attempt=1/8 prompt_chars=8749
[2026-07-05 23:37:19] [API] request success agent=Evidence Agent attempt=1/8 elapsed=2.3s raw_chars=695
{"paper_id": "NnExMNiTHw", "mode": "s4", "reward": 0.592362179829284, "final_decision": "reject", "model_adapter_mode": "small_model"}
{"paper_id": "a6SntIisgg", "mode": "s4", "reward": 0.5769752471828222, "final_decision": "reject", "model_adapter_mode": "small_model"}
{"paper_id": "cklg91aPGk", "mode": "s4", "reward": 0.645992164694964, "final_decision": "reject", "model_adapter_mode": "small_model"}
{"paper_id": "HPuLU6q7xq", "mode": "s4", "reward": 0.47010572071116197, "final_decision": "reject", "model_adapter_mode": "small_model"}
[2026-07-05 23:38:02] [API] request start agent=Review Manager Agent attempt=1/8 prompt_chars=7533[2026-07-05 23:38:02] [API] request start agent=Review Manager Agent attempt=1/8 prompt_chars=7533

[2026-07-05 23:38:02] [API] request start agent=Review Manager Agent attempt=1/8 prompt_chars=7533
[2026-07-05 23:38:02] [API] request start agent=Review Manager Agent attempt=1/8 prompt_chars=7533
[2026-07-05 23:38:06] [API] request success agent=Review Manager Agent attempt=1/8 elapsed=3.9s raw_chars=1145
[2026-07-05 23:38:06] [API] request success agent=Review Manager Agent attempt=1/8 elapsed=4.1s raw_chars=1218
[2026-07-05 23:38:07] [API] request success agent=Review Manager Agent attempt=1/8 elapsed=4.7s raw_chars=1255
[2026-07-05 23:38:07] [API] request success agent=Review Manager Agent attempt=1/8 elapsed=4.8s raw_chars=1365
[2026-07-05 23:38:07] [API] request start agent=Claim Agent attempt=1/8 prompt_chars=8712
[2026-07-05 23:38:07] [API] request start agent=Claim Agent attempt=1/8 prompt_chars=8712[2026-07-05 23:38:07] [API] request start agent=Claim Agent attempt=1/8 prompt_chars=8712

[2026-07-05 23:38:07] [API] request start agent=Claim Agent attempt=1/8 prompt_chars=8712
[2026-07-05 23:38:12] [API] request success agent=Claim Agent attempt=1/8 elapsed=5.1s raw_chars=2288
[2026-07-05 23:38:12] [API] request success agent=Claim Agent attempt=1/8 elapsed=5.4s raw_chars=2325
[2026-07-05 23:38:13] [API] request success agent=Claim Agent attempt=1/8 elapsed=5.9s raw_chars=2564
[2026-07-05 23:38:14] [API] request success agent=Claim Agent attempt=1/8 elapsed=6.9s raw_chars=3284
[2026-07-05 23:38:15] [API] request start agent=Review Manager Agent attempt=1/8 prompt_chars=9280[2026-07-05 23:38:15] [API] request start agent=Review Manager Agent attempt=1/8 prompt_chars=9285

[2026-07-05 23:38:15] [API] request start agent=Review Manager Agent attempt=1/8 prompt_chars=9285[2026-07-05 23:38:15] [API] request start agent=Review Manager Agent attempt=1/8 prompt_chars=9278

[2026-07-05 23:38:22] [API] request success agent=Review Manager Agent attempt=1/8 elapsed=7.2s raw_chars=3242
[2026-07-05 23:38:23] [API] request success agent=Review Manager Agent attempt=1/8 elapsed=7.6s raw_chars=3462
[2026-07-05 23:38:23] [API] request success agent=Review Manager Agent attempt=1/8 elapsed=7.8s raw_chars=3328
[2026-07-05 23:38:24] [API] request success agent=Review Manager Agent attempt=1/8 elapsed=9.0s raw_chars=4445
[2026-07-05 23:38:27] [API] request start agent=Critique Agent attempt=1/8 prompt_chars=10907[2026-07-05 23:38:27] [API] request start agent=Critique Agent attempt=1/8 prompt_chars=10908

[2026-07-05 23:38:27] [API] request start agent=Critique Agent attempt=1/8 prompt_chars=10902[2026-07-05 23:38:27] [API] request start agent=Critique Agent attempt=1/8 prompt_chars=10909

[2026-07-05 23:38:30] [API] request success agent=Critique Agent attempt=1/8 elapsed=2.4s raw_chars=864
[2026-07-05 23:38:30] [API] request success agent=Critique Agent attempt=1/8 elapsed=2.6s raw_chars=773
[2026-07-05 23:38:30] [API] request success agent=Critique Agent attempt=1/8 elapsed=2.8s raw_chars=959
[2026-07-05 23:38:32] [API] request success agent=Critique Agent attempt=1/8 elapsed=4.4s raw_chars=1712
[2026-07-05 23:38:36] [API] request start agent=Review Manager Agent attempt=1/8 prompt_chars=9284[2026-07-05 23:38:36] [API] request start agent=Review Manager Agent attempt=1/8 prompt_chars=9285
[2026-07-05 23:38:36] [API] request start agent=Review Manager Agent attempt=1/8 prompt_chars=9285
[2026-07-05 23:38:36] [API] request start agent=Review Manager Agent attempt=1/8 prompt_chars=9285

[2026-07-05 23:38:42] [API] request success agent=Review Manager Agent attempt=1/8 elapsed=6.4s raw_chars=2688
[2026-07-05 23:38:43] [API] request success agent=Review Manager Agent attempt=1/8 elapsed=6.9s raw_chars=3804
[2026-07-05 23:38:44] [API] request success agent=Review Manager Agent attempt=1/8 elapsed=7.6s raw_chars=3526
[2026-07-05 23:38:47] [API] request success agent=Review Manager Agent attempt=1/8 elapsed=10.5s raw_chars=4881
[2026-07-05 23:38:50] [API] request start agent=Evidence Agent attempt=1/8 prompt_chars=7826[2026-07-05 23:38:50] [API] request start agent=Evidence Agent attempt=1/8 prompt_chars=7825

[2026-07-05 23:38:50] [API] request start agent=Evidence Agent attempt=1/8 prompt_chars=7821
[2026-07-05 23:38:50] [API] request start agent=Evidence Agent attempt=1/8 prompt_chars=7826
[2026-07-05 23:38:53] [API] request success agent=Evidence Agent attempt=1/8 elapsed=3.0s raw_chars=1188
[2026-07-05 23:38:53] [API] request success agent=Evidence Agent attempt=1/8 elapsed=3.1s raw_chars=1284
[2026-07-05 23:38:55] [API] request success agent=Evidence Agent attempt=1/8 elapsed=5.5s raw_chars=1419
[2026-07-05 23:38:58] [API] request success agent=Evidence Agent attempt=1/8 elapsed=8.6s raw_chars=3934
[2026-07-05 23:39:03] [API] request start agent=Review Manager Agent attempt=1/8 prompt_chars=9285[2026-07-05 23:39:03] [API] request start agent=Review Manager Agent attempt=1/8 prompt_chars=9285

[2026-07-05 23:39:03] [API] request start agent=Review Manager Agent attempt=1/8 prompt_chars=9285[2026-07-05 23:39:03] [API] request start agent=Review Manager Agent attempt=1/8 prompt_chars=9285

[2026-07-05 23:39:11] [API] request success agent=Review Manager Agent attempt=1/8 elapsed=7.2s raw_chars=3640
[2026-07-05 23:39:11] [API] request success agent=Review Manager Agent attempt=1/8 elapsed=7.4s raw_chars=3896
[2026-07-05 23:39:12] [API] request success agent=Review Manager Agent attempt=1/8 elapsed=8.4s raw_chars=4012
[2026-07-05 23:39:12] [API] request success agent=Review Manager Agent attempt=1/8 elapsed=8.7s raw_chars=4241
[2026-07-05 23:39:14] [API] request start agent=Critique Agent attempt=1/8 prompt_chars=8030
[2026-07-05 23:39:14] [API] request start agent=Critique Agent attempt=1/8 prompt_chars=8029[2026-07-05 23:39:14] [API] request start agent=Critique Agent attempt=1/8 prompt_chars=8030

[2026-07-05 23:39:16] [API] request success agent=Critique Agent attempt=1/8 elapsed=1.7s raw_chars=419
[2026-07-05 23:39:16] [API] request success agent=Critique Agent attempt=1/8 elapsed=1.9s raw_chars=543
[2026-07-05 23:39:17] [API] request success agent=Critique Agent attempt=1/8 elapsed=2.1s raw_chars=467
[2026-07-05 23:39:20] [API] request start agent=Evidence Agent attempt=1/8 prompt_chars=8593
[2026-07-05 23:39:21] [API] request success agent=Evidence Agent attempt=1/8 elapsed=1.4s raw_chars=628
[2026-07-05 23:39:24] [API] request start agent=Evidence Agent attempt=1/8 prompt_chars=8754[2026-07-05 23:39:24] [API] request start agent=Evidence Agent attempt=1/8 prompt_chars=8549
[2026-07-05 23:39:24] [API] request start agent=Evidence Agent attempt=1/8 prompt_chars=8593

[2026-07-05 23:39:26] [API] request success agent=Evidence Agent attempt=1/8 elapsed=1.8s raw_chars=533
[2026-07-05 23:39:26] [API] request success agent=Evidence Agent attempt=1/8 elapsed=2.2s raw_chars=522
[2026-07-05 23:39:28] [API] request success agent=Evidence Agent attempt=1/8 elapsed=3.3s raw_chars=1135
[2026-07-05 23:39:33] [API] request start agent=Review Manager Agent attempt=1/8 prompt_chars=9285
[2026-07-05 23:39:33] [API] request start agent=Review Manager Agent attempt=1/8 prompt_chars=9285
[2026-07-05 23:39:33] [API] request start agent=Review Manager Agent attempt=1/8 prompt_chars=9282
[2026-07-05 23:39:33] [API] request start agent=Review Manager Agent attempt=1/8 prompt_chars=9281
[2026-07-05 23:39:41] [API] request success agent=Review Manager Agent attempt=1/8 elapsed=7.4s raw_chars=3457
[2026-07-05 23:39:41] [API] request success agent=Review Manager Agent attempt=1/8 elapsed=7.9s raw_chars=3618
[2026-07-05 23:39:41] [API] request success agent=Review Manager Agent attempt=1/8 elapsed=8.0s raw_chars=3864
[2026-07-05 23:39:46] [API] request success agent=Review Manager Agent attempt=1/8 elapsed=12.8s raw_chars=5840
[2026-07-05 23:39:49] [API] request start agent=Evidence Agent attempt=1/8 prompt_chars=7826[2026-07-05 23:39:49] [API] request start agent=Evidence Agent attempt=1/8 prompt_chars=8593

[2026-07-05 23:39:51] [API] request success agent=Evidence Agent attempt=1/8 elapsed=2.2s raw_chars=591
[2026-07-05 23:39:53] [API] request success agent=Evidence Agent attempt=1/8 elapsed=3.7s raw_chars=1427
[2026-07-05 23:39:53] [API] request start agent=Critique Agent attempt=1/8 prompt_chars=8030[2026-07-05 23:39:53] [API] request start agent=Critique Agent attempt=1/8 prompt_chars=11673

[2026-07-05 23:39:54] [API] request success agent=Critique Agent attempt=1/8 elapsed=1.4s raw_chars=367
[2026-07-05 23:39:56] [API] request success agent=Critique Agent attempt=1/8 elapsed=3.7s raw_chars=1423
[2026-07-05 23:39:59] [API] request start agent=Evidence Agent attempt=1/8 prompt_chars=8550
[2026-07-05 23:40:02] [API] request success agent=Evidence Agent attempt=1/8 elapsed=3.1s raw_chars=1283
[2026-07-05 23:40:17] [API] request start agent=Review Manager Agent attempt=1/8 prompt_chars=9285
[2026-07-05 23:40:17] [API] request start agent=Review Manager Agent attempt=1/8 prompt_chars=9280[2026-07-05 23:40:17] [API] request start agent=Review Manager Agent attempt=1/8 prompt_chars=9284

[2026-07-05 23:40:17] [API] request start agent=Review Manager Agent attempt=1/8 prompt_chars=9285
[2026-07-05 23:40:25] [API] request success agent=Review Manager Agent attempt=1/8 elapsed=7.3s raw_chars=3588
[2026-07-05 23:40:26] [API] request success agent=Review Manager Agent attempt=1/8 elapsed=8.3s raw_chars=3828
[2026-07-05 23:40:26] [API] request success agent=Review Manager Agent attempt=1/8 elapsed=8.9s raw_chars=3974
[2026-07-05 23:40:27] [API] request success agent=Review Manager Agent attempt=1/8 elapsed=9.5s raw_chars=4311
[2026-07-05 23:40:31] [API] request start agent=Critique Agent attempt=1/8 prompt_chars=8030[2026-07-05 23:40:31] [API] request start agent=Critique Agent attempt=1/8 prompt_chars=8027

[2026-07-05 23:40:33] [API] request success agent=Critique Agent attempt=1/8 elapsed=2.4s raw_chars=672
[2026-07-05 23:40:35] [API] request success agent=Critique Agent attempt=1/8 elapsed=3.5s raw_chars=679
[2026-07-05 23:40:35] [API] request start agent=Evidence Agent attempt=1/8 prompt_chars=7826[2026-07-05 23:40:35] [API] request start agent=Evidence Agent attempt=1/8 prompt_chars=7826

[2026-07-05 23:40:38] [API] request success agent=Evidence Agent attempt=1/8 elapsed=3.1s raw_chars=1325
[2026-07-05 23:40:40] [API] request success agent=Evidence Agent attempt=1/8 elapsed=4.8s raw_chars=2338
[2026-07-05 23:40:41] [API] request start agent=Evidence Agent attempt=1/8 prompt_chars=8754[2026-07-05 23:40:41] [API] request start agent=Evidence Agent attempt=1/8 prompt_chars=8748

[2026-07-05 23:40:42] [API] request success agent=Evidence Agent attempt=1/8 elapsed=1.5s raw_chars=447
[2026-07-05 23:40:43] [API] request success agent=Evidence Agent attempt=1/8 elapsed=1.6s raw_chars=508
[2026-07-05 23:40:51] [API] request start agent=Review Manager Agent attempt=1/8 prompt_chars=9285[2026-07-05 23:40:51] [API] request start agent=Review Manager Agent attempt=1/8 prompt_chars=9285

[2026-07-05 23:40:51] [API] request start agent=Review Manager Agent attempt=1/8 prompt_chars=9285[2026-07-05 23:40:51] [API] request start agent=Review Manager Agent attempt=1/8 prompt_chars=9285

[2026-07-05 23:40:57] [API] request success agent=Review Manager Agent attempt=1/8 elapsed=6.2s raw_chars=2277
[2026-07-05 23:40:58] [API] request success agent=Review Manager Agent attempt=1/8 elapsed=7.6s raw_chars=3925
[2026-07-05 23:41:00] [API] request success agent=Review Manager Agent attempt=1/8 elapsed=9.5s raw_chars=4296
[2026-07-05 23:41:01] [API] request success agent=Review Manager Agent attempt=1/8 elapsed=10.5s raw_chars=4767
[2026-07-05 23:41:09] [API] request start agent=Critique Agent attempt=1/8 prompt_chars=11673[2026-07-05 23:41:09] [API] request start agent=Critique Agent attempt=1/8 prompt_chars=11673
[2026-07-05 23:41:09] [API] request start agent=Critique Agent attempt=1/8 prompt_chars=11673

[2026-07-05 23:41:12] [API] request success agent=Critique Agent attempt=1/8 elapsed=2.2s raw_chars=580
[2026-07-05 23:41:12] [API] request success agent=Critique Agent attempt=1/8 elapsed=2.6s raw_chars=647
[2026-07-05 23:41:13] [API] request success agent=Critique Agent attempt=1/8 elapsed=4.0s raw_chars=1429
[2026-07-05 23:41:13] [API] request start agent=Evidence Agent attempt=1/8 prompt_chars=7826
[2026-07-05 23:41:17] [API] request success agent=Evidence Agent attempt=1/8 elapsed=3.9s raw_chars=1580
{"paper_id": "fGXyvmWpw6", "mode": "s4", "reward": 0.4979885582095066, "final_decision": "reject", "model_adapter_mode": "small_model"}
{"paper_id": "QAgwFiIY4p", "mode": "s4", "reward": 0.49176559097750655, "final_decision": "reject", "model_adapter_mode": "small_model"}
{"paper_id": "TPAj63ax4Y", "mode": "s4", "reward": 0.5899301467329126, "final_decision": "reject", "model_adapter_mode": "small_model"}
{"paper_id": "mHv6wcBb0z", "mode": "s4", "reward": 0.5607317794013009, "final_decision": "reject", "model_adapter_mode": "small_model"}
[2026-07-05 23:41:31] [API] request start agent=Review Manager Agent attempt=1/8 prompt_chars=7533[2026-07-05 23:41:31] [API] request start agent=Review Manager Agent attempt=1/8 prompt_chars=7533

[2026-07-05 23:41:31] [API] request start agent=Review Manager Agent attempt=1/8 prompt_chars=7533[2026-07-05 23:41:31] [API] request start agent=Review Manager Agent attempt=1/8 prompt_chars=7533

[2026-07-05 23:41:35] [API] request success agent=Review Manager Agent attempt=1/8 elapsed=3.8s raw_chars=1330
[2026-07-05 23:41:35] [API] request success agent=Review Manager Agent attempt=1/8 elapsed=4.0s raw_chars=1106
[2026-07-05 23:41:37] [API] request success agent=Review Manager Agent attempt=1/8 elapsed=6.1s raw_chars=2576
[2026-07-05 23:41:38] [API] request success agent=Review Manager Agent attempt=1/8 elapsed=6.6s raw_chars=2548
[2026-07-05 23:41:38] [API] request start agent=Claim Agent attempt=1/8 prompt_chars=8712[2026-07-05 23:41:38] [API] request start agent=Claim Agent attempt=1/8 prompt_chars=8711
[2026-07-05 23:41:38] [API] request start agent=Claim Agent attempt=1/8 prompt_chars=8712[2026-07-05 23:41:38] [API] request start agent=Claim Agent attempt=1/8 prompt_chars=8712


[2026-07-05 23:41:44] [API] request success agent=Claim Agent attempt=1/8 elapsed=5.3s raw_chars=2185
[2026-07-05 23:41:44] [API] request success agent=Claim Agent attempt=1/8 elapsed=5.9s raw_chars=2758
[2026-07-05 23:41:44] [API] request success agent=Claim Agent attempt=1/8 elapsed=6.0s raw_chars=2542
[2026-07-05 23:41:44] [API] request success agent=Claim Agent attempt=1/8 elapsed=6.1s raw_chars=2846
[2026-07-05 23:41:45] [API] request start agent=Review Manager Agent attempt=1/8 prompt_chars=9285
[2026-07-05 23:41:45] [API] request start agent=Review Manager Agent attempt=1/8 prompt_chars=9284
[2026-07-05 23:41:45] [API] request start agent=Review Manager Agent attempt=1/8 prompt_chars=9285[2026-07-05 23:41:45] [API] request start agent=Review Manager Agent attempt=1/8 prompt_chars=9285

[2026-07-05 23:41:52] [API] request success agent=Review Manager Agent attempt=1/8 elapsed=7.1s raw_chars=3644
[2026-07-05 23:41:52] [API] request success agent=Review Manager Agent attempt=1/8 elapsed=7.1s raw_chars=3412
[2026-07-05 23:41:52] [API] request success agent=Review Manager Agent attempt=1/8 elapsed=7.4s raw_chars=3637
[2026-07-05 23:41:53] [API] request success agent=Review Manager Agent attempt=1/8 elapsed=8.0s raw_chars=3718
[2026-07-05 23:41:54] [API] request start agent=Critique Agent attempt=1/8 prompt_chars=10909[2026-07-05 23:41:54] [API] request start agent=Critique Agent attempt=1/8 prompt_chars=10909

[2026-07-05 23:41:56] [API] request success agent=Critique Agent attempt=1/8 elapsed=2.3s raw_chars=857
[2026-07-05 23:41:56] [API] request success agent=Critique Agent attempt=1/8 elapsed=2.6s raw_chars=895
[2026-07-05 23:41:56] [API] request start agent=Evidence Agent attempt=1/8 prompt_chars=7826
[2026-07-05 23:41:56] [API] request start agent=Evidence Agent attempt=1/8 prompt_chars=7826
[2026-07-05 23:42:02] [API] request success agent=Evidence Agent attempt=1/8 elapsed=5.3s raw_chars=2442
[2026-07-05 23:42:03] [API] request success agent=Evidence Agent attempt=1/8 elapsed=6.4s raw_chars=2595
[2026-07-05 23:42:04] [API] request start agent=Review Manager Agent attempt=1/8 prompt_chars=9285[2026-07-05 23:42:04] [API] request start agent=Review Manager Agent attempt=1/8 prompt_chars=9285
[2026-07-05 23:42:04] [API] request start agent=Review Manager Agent attempt=1/8 prompt_chars=9285

[2026-07-05 23:42:04] [API] request start agent=Review Manager Agent attempt=1/8 prompt_chars=9284
[2026-07-05 23:42:11] [API] request success agent=Review Manager Agent attempt=1/8 elapsed=6.9s raw_chars=3631
[2026-07-05 23:42:11] [API] request success agent=Review Manager Agent attempt=1/8 elapsed=7.4s raw_chars=3431
[2026-07-05 23:42:12] [API] request success agent=Review Manager Agent attempt=1/8 elapsed=8.3s raw_chars=3812
[2026-07-05 23:42:13] [API] request success agent=Review Manager Agent attempt=1/8 elapsed=9.4s raw_chars=4559
[2026-07-05 23:42:14] [API] request start agent=Evidence Agent attempt=1/8 prompt_chars=7826[2026-07-05 23:42:14] [API] request start agent=Evidence Agent attempt=1/8 prompt_chars=7826

[2026-07-05 23:42:20] [API] request success agent=Evidence Agent attempt=1/8 elapsed=5.4s raw_chars=2081
[2026-07-05 23:42:21] [API] request success agent=Evidence Agent attempt=1/8 elapsed=6.3s raw_chars=2388
[2026-07-05 23:42:21] [API] request start agent=Critique Agent attempt=1/8 prompt_chars=8030
[2026-07-05 23:42:22] [API] request success agent=Critique Agent attempt=1/8 elapsed=1.5s raw_chars=425
[2026-07-05 23:42:23] [API] request start agent=Evidence Agent attempt=1/8 prompt_chars=8754
[2026-07-05 23:42:25] [API] request success agent=Evidence Agent attempt=1/8 elapsed=2.1s raw_chars=585
[2026-07-05 23:42:29] [API] request start agent=Review Manager Agent attempt=1/8 prompt_chars=9285
[2026-07-05 23:42:29] [API] request start agent=Review Manager Agent attempt=1/8 prompt_chars=9285
[2026-07-05 23:42:29] [API] request start agent=Review Manager Agent attempt=1/8 prompt_chars=9285
[2026-07-05 23:42:29] [API] request start agent=Review Manager Agent attempt=1/8 prompt_chars=9285
[2026-07-05 23:42:36] [API] request success agent=Review Manager Agent attempt=1/8 elapsed=7.2s raw_chars=3974
[2026-07-05 23:42:38] [API] request success agent=Review Manager Agent attempt=1/8 elapsed=9.5s raw_chars=4589
[2026-07-05 23:42:38] [API] request success agent=Review Manager Agent attempt=1/8 elapsed=9.6s raw_chars=4413
[2026-07-05 23:42:38] [API] request success agent=Review Manager Agent attempt=1/8 elapsed=9.6s raw_chars=4510
[2026-07-05 23:42:42] [API] request start agent=Critique Agent attempt=1/8 prompt_chars=8030
[2026-07-05 23:42:42] [API] request start agent=Critique Agent attempt=1/8 prompt_chars=10909
[2026-07-05 23:42:44] [API] request success agent=Critique Agent attempt=1/8 elapsed=1.5s raw_chars=443
[2026-07-05 23:42:44] [API] request success agent=Critique Agent attempt=1/8 elapsed=2.2s raw_chars=728
[2026-07-05 23:42:46] [API] request start agent=Evidence Agent attempt=1/8 prompt_chars=7824
[2026-07-05 23:42:51] [API] request success agent=Evidence Agent attempt=1/8 elapsed=5.2s raw_chars=2409
[2026-07-05 23:42:53] [API] request start agent=Evidence Agent attempt=1/8 prompt_chars=8753
[2026-07-05 23:42:54] [API] request success agent=Evidence Agent attempt=1/8 elapsed=1.7s raw_chars=464
[2026-07-05 23:43:13] [API] request start agent=Review Manager Agent attempt=1/8 prompt_chars=9284[2026-07-05 23:43:13] [API] request start agent=Review Manager Agent attempt=1/8 prompt_chars=9285

[2026-07-05 23:43:13] [API] request start agent=Review Manager Agent attempt=1/8 prompt_chars=9278[2026-07-05 23:43:13] [API] request start agent=Review Manager Agent attempt=1/8 prompt_chars=9285

[2026-07-05 23:43:20] [API] request success agent=Review Manager Agent attempt=1/8 elapsed=6.8s raw_chars=3574
[2026-07-05 23:43:21] [API] request success agent=Review Manager Agent attempt=1/8 elapsed=7.5s raw_chars=3565
[2026-07-05 23:43:22] [API] request success agent=Review Manager Agent attempt=1/8 elapsed=8.7s raw_chars=3907
[2026-07-05 23:43:22] [API] request success agent=Review Manager Agent attempt=1/8 elapsed=8.8s raw_chars=4536
[2026-07-05 23:43:32] [API] request start agent=Critique Agent attempt=1/8 prompt_chars=8030[2026-07-05 23:43:32] [API] request start agent=Critique Agent attempt=1/8 prompt_chars=8030
[2026-07-05 23:43:32] [API] request start agent=Critique Agent attempt=1/8 prompt_chars=11673[2026-07-05 23:43:32] [API] request start agent=Critique Agent attempt=1/8 prompt_chars=11672


[2026-07-05 23:43:34] [API] request success agent=Critique Agent attempt=1/8 elapsed=1.7s raw_chars=423
[2026-07-05 23:43:34] [API] request success agent=Critique Agent attempt=1/8 elapsed=1.8s raw_chars=445
[2026-07-05 23:43:34] [API] request success agent=Critique Agent attempt=1/8 elapsed=1.9s raw_chars=330
[2026-07-05 23:43:36] [API] request success agent=Critique Agent attempt=1/8 elapsed=4.5s raw_chars=1463
[2026-07-05 23:43:50] [API] request start agent=Evidence Agent attempt=1/8 prompt_chars=8593[2026-07-05 23:43:50] [API] request start agent=Evidence Agent attempt=1/8 prompt_chars=8754

[2026-07-05 23:43:52] [API] request success agent=Evidence Agent attempt=1/8 elapsed=1.6s raw_chars=480
[2026-07-05 23:43:52] [API] request success agent=Evidence Agent attempt=1/8 elapsed=1.7s raw_chars=349
[2026-07-05 23:44:28] [API] request start agent=Review Manager Agent attempt=1/8 prompt_chars=9285[2026-07-05 23:44:28] [API] request start agent=Review Manager Agent attempt=1/8 prompt_chars=9285

[2026-07-05 23:44:28] [API] request start agent=Review Manager Agent attempt=1/8 prompt_chars=9282
[2026-07-05 23:44:28] [API] request start agent=Review Manager Agent attempt=1/8 prompt_chars=9285
[2026-07-05 23:44:36] [API] request success agent=Review Manager Agent attempt=1/8 elapsed=8.2s raw_chars=4076
[2026-07-05 23:44:37] [API] request success agent=Review Manager Agent attempt=1/8 elapsed=9.6s raw_chars=4686
[2026-07-05 23:44:38] [API] request success agent=Review Manager Agent attempt=1/8 elapsed=10.5s raw_chars=4563
[2026-07-05 23:44:41] [API] request success agent=Review Manager Agent attempt=1/8 elapsed=13.2s raw_chars=6537
[2026-07-05 23:45:02] [API] request start agent=Critique Agent attempt=1/8 prompt_chars=11673[2026-07-05 23:45:02] [API] request start agent=Critique Agent attempt=1/8 prompt_chars=11668
[2026-07-05 23:45:02] [API] request start agent=Critique Agent attempt=1/8 prompt_chars=8030

[2026-07-05 23:45:04] [API] request success agent=Critique Agent attempt=1/8 elapsed=1.9s raw_chars=481
[2026-07-05 23:45:05] [API] request success agent=Critique Agent attempt=1/8 elapsed=2.4s raw_chars=403
[2026-07-05 23:45:05] [API] request success agent=Critique Agent attempt=1/8 elapsed=2.4s raw_chars=440
[2026-07-05 23:45:05] [API] request start agent=Evidence Agent attempt=1/8 prompt_chars=8754
[2026-07-05 23:45:07] [API] request success agent=Evidence Agent attempt=1/8 elapsed=2.1s raw_chars=482
[2026-07-05 23:45:29] [API] request start agent=Review Manager Agent attempt=1/8 prompt_chars=9285[2026-07-05 23:45:29] [API] request start agent=Review Manager Agent attempt=1/8 prompt_chars=9285[2026-07-05 23:45:29] [API] request start agent=Review Manager Agent attempt=1/8 prompt_chars=9284[2026-07-05 23:45:29] [API] request start agent=Review Manager Agent attempt=1/8 prompt_chars=9280



[2026-07-05 23:45:36] [API] request success agent=Review Manager Agent attempt=1/8 elapsed=6.9s raw_chars=3310
[2026-07-05 23:45:39] [API] request success agent=Review Manager Agent attempt=1/8 elapsed=9.5s raw_chars=4923
[2026-07-05 23:45:40] [API] request success agent=Review Manager Agent attempt=1/8 elapsed=10.5s raw_chars=4469
[2026-07-05 23:45:41] [API] request success agent=Review Manager Agent attempt=1/8 elapsed=11.4s raw_chars=5044
[2026-07-05 23:45:49] [API] request start agent=Critique Agent attempt=1/8 prompt_chars=11671
[2026-07-05 23:45:52] [API] request success agent=Critique Agent attempt=1/8 elapsed=3.6s raw_chars=1313
[2026-07-05 23:45:52] [API] request start agent=Evidence Agent attempt=1/8 prompt_chars=7826[2026-07-05 23:45:52] [API] request start agent=Evidence Agent attempt=1/8 prompt_chars=7826

[2026-07-05 23:45:52] [API] request start agent=Evidence Agent attempt=1/8 prompt_chars=7826
[2026-07-05 23:45:56] [API] request success agent=Evidence Agent attempt=1/8 elapsed=3.8s raw_chars=1659
[2026-07-05 23:45:57] [API] request success agent=Evidence Agent attempt=1/8 elapsed=4.4s raw_chars=2078
[2026-07-05 23:45:59] [API] request success agent=Evidence Agent attempt=1/8 elapsed=6.3s raw_chars=2770
{"paper_id": "xUe1YqEgd6", "mode": "s4", "reward": 0.45156372066725764, "final_decision": "reject", "model_adapter_mode": "small_model"}
{"paper_id": "YXn76HMetm", "mode": "s4", "reward": 0.4800794532700662, "final_decision": "reject", "model_adapter_mode": "small_model"}
{"paper_id": "KOUAayk5Kx", "mode": "s4", "reward": 0.5701090466565274, "final_decision": "reject", "model_adapter_mode": "small_model"}
{"paper_id": "XH3OiIhtvf", "mode": "s4", "reward": 0.7148663381111837, "final_decision": "reject", "model_adapter_mode": "small_model"}
